 Engine

 Timestamp is 669cabdc (Sun Jul 21 13:34:04 2024)

 Preferred load address is 10000000

 Start         Length     Name                   Class
 0001:00000000 00039c54H .text                   CODE
 0001:00039c60 00001145H .text$x                 CODE
 0002:00000000 000002b8H .idata$5                DATA
 0002:000002b8 00003fdcH .rdata                  DATA
 0002:00004298 00001658H .xdata$x                DATA
 0002:000058f0 000000dcH .idata$2                DATA
 0002:000059cc 00000014H .idata$3                DATA
 0002:000059e0 000002b8H .idata$4                DATA
 0002:00005c98 00000b0cH .idata$6                DATA
 0002:000067b0 0000c530H .edata                  DATA
 0003:00000000 00000004H .CRT$XCA                DATA
 0003:00000004 00000010H .CRT$XCU                DATA
 0003:00000014 00000004H .CRT$XCZ                DATA
 0003:00000018 00000004H .CRT$XIA                DATA
 0003:0000001c 00000004H .CRT$XIZ                DATA
 0003:00000020 00007ee0H .data                   DATA
 0003:00007f00 00009200H .bss                    DATA

  Address         Publics by Value              Rva+Base     Lib:Object

 0001:00000000       ?GetScreenMode@KDirectDraw@@QAEKXZ 10001000 f i KAutoMutex.obj
 0001:00000010       ?GetScreenWidth@KDirectDraw@@QAEKXZ 10001010 f i KAutoMutex.obj
 0001:00000020       ?GetScreenHeight@KDirectDraw@@QAEKXZ 10001020 f i KAutoMutex.obj
 0001:00000030       ?GetScreenPitch@KDirectDraw@@QAEKXZ 10001030 f i KAutoMutex.obj
 0001:00000040       ?GetRGBBitCount@KDirectDraw@@QAEKXZ 10001040 f i KAutoMutex.obj
 0001:00000050       ?GetRGBBitMask16@KDirectDraw@@QAEKXZ 10001050 f i KAutoMutex.obj
 0001:00000060       ?GetRGBBitMask32@KDirectDraw@@QAEKXZ 10001060 f i KAutoMutex.obj
 0001:00000070       ??4KDirectDraw@@QAEAAV0@ABV0@@Z 10001070 f i KAutoMutex.obj
 0001:00000090       ?LockPrimaryBuffer@KDirectDraw@@QAEPAXXZ 10001090 f i KAutoMutex.obj
 0001:000000e0       ?UnLockPrimaryBuffer@KDirectDraw@@QAEXXZ 100010e0 f i KAutoMutex.obj
 0001:00000100       ?LockBackBuffer@KDirectDraw@@QAEPAXXZ 10001100 f i KAutoMutex.obj
 0001:00000150       ?UnLockBackBuffer@KDirectDraw@@QAEXXZ 10001150 f i KAutoMutex.obj
 0001:00000170       ?UpdateScreen@KDirectDraw@@QAEXPAUtagRECT@@@Z 10001170 f i KAutoMutex.obj
 0001:000001a0       ?GetDirectSound@KDirectSound@@QAEPAUIDirectSound@@XZ 100011a0 f i KAutoMutex.obj
 0001:000001b0       ??4KDirectSound@@QAEAAV0@ABV0@@Z 100011b0 f i KAutoMutex.obj
 0001:000001d0       ??4KDirectInput@@QAEAAV0@ABV0@@Z 100011d0 f i KAutoMutex.obj
 0001:000001f0       ??4KFile@@QAEAAV0@ABV0@@Z  100011f0 f i KAutoMutex.obj
 0001:00000210       ?GetFilePath@KFileDialog@@QAEPADXZ 10001210 f i KAutoMutex.obj
 0001:00000220       ?GetFileName@KFileDialog@@QAEPADXZ 10001220 f i KAutoMutex.obj
 0001:00000230       ?GetFileTitleA@KFileDialog@@QAEPADXZ 10001230 f i KAutoMutex.obj
 0001:00000240       ??4KFileDialog@@QAEAAV0@ABV0@@Z 10001240 f i KAutoMutex.obj
 0001:00000260       ??4KTimer@@QAEAAV0@ABV0@@Z 10001260 f i KAutoMutex.obj
 0001:00000280       ?GetMemPtr@KMemClass@@QAEPAXXZ 10001280 f i KAutoMutex.obj
 0001:00000290       ?GetMemLen@KMemClass@@QAEKXZ 10001290 f i KAutoMutex.obj
 0001:000002a0       ??4KMemClass@@QAEAAV0@ABV0@@Z 100012a0 f i KAutoMutex.obj
 0001:000002c0       ?GetWidth@KSprite@@QAEHXZ  100012c0 f i KAutoMutex.obj
 0001:000002d0       ?GetHeight@KSprite@@QAEHXZ 100012d0 f i KAutoMutex.obj
 0001:000002e0       ?GetCenterX@KSprite@@QAEHXZ 100012e0 f i KAutoMutex.obj
 0001:000002f0       ?GetCenterY@KSprite@@QAEHXZ 100012f0 f i KAutoMutex.obj
 0001:00000300       ?GetFrames@KSprite@@QAEHXZ 10001300 f i KAutoMutex.obj
 0001:00000310       ?GetDirections@KSprite@@QAEHXZ 10001310 f i KAutoMutex.obj
 0001:00000320       ?GetInterval@KSprite@@QAEHXZ 10001320 f i KAutoMutex.obj
 0001:00000330       ?GetPalette@KSprite@@QAEPAXXZ 10001330 f i KAutoMutex.obj
 0001:00000340       ?Get24Palette@KSprite@@QAEPAXXZ 10001340 f i KAutoMutex.obj
 0001:00000350       ??4KSprite@@QAEAAV0@ABV0@@Z 10001350 f i KAutoMutex.obj
 0001:00000370       ??1KSprite@@QAE@XZ         10001370 f i KAutoMutex.obj
 0001:000003c0       ??4KPakFile@@QAEAAV0@ABV0@@Z 100013c0 f i KAutoMutex.obj
 0001:000003e0       ??4KMemStack@@QAEAAV0@ABV0@@Z 100013e0 f i KAutoMutex.obj
 0001:00000400       ??4KIniFile@@QAEAAV0@ABV0@@Z 10001400 f i KAutoMutex.obj
 0001:00000420       ?Changed@KCanvas@@QAEXH@Z  10001420 f i KAutoMutex.obj
 0001:00000430       ?GetWidth@KCanvas@@QAEHXZ  10001430 f i KAutoMutex.obj
 0001:00000440       ?GetHeight@KCanvas@@QAEHXZ 10001440 f i KAutoMutex.obj
 0001:00000450       ?SetClipRect@KCanvas@@QAEXPAUtagRECT@@@Z 10001450 f i KAutoMutex.obj
 0001:00000470       ?GetClipRect@KCanvas@@QAEXPAUtagRECT@@@Z 10001470 f i KAutoMutex.obj
 0001:00000490       ??4KCanvas@@QAEAAV0@ABV0@@Z 10001490 f i KAutoMutex.obj
 0001:000004b0       ?GetBitmap@KBitmap@@QAEPAXXZ 100014b0 f i KAutoMutex.obj
 0001:000004c0       ?GetPal32@KBitmap@@QAEPAUKPAL32@@XZ 100014c0 f i KAutoMutex.obj
 0001:000004d0       ?GetPal16@KBitmap@@QAEPAGXZ 100014d0 f i KAutoMutex.obj
 0001:000004e0       ?GetWidth@KBitmap@@QAEHXZ  100014e0 f i KAutoMutex.obj
 0001:000004f0       ?GetHeight@KBitmap@@QAEHXZ 100014f0 f i KAutoMutex.obj
 0001:00000500       ?GetColors@KBitmap@@QAEHXZ 10001500 f i KAutoMutex.obj
 0001:00000510       ??4KBitmap@@QAEAAV0@ABV0@@Z 10001510 f i KAutoMutex.obj
 0001:00000530       ??1KBitmap@@QAE@XZ         10001530 f i KAutoMutex.obj
 0001:00000540       ?GetWidth@KFont@@QAEHXZ    10001540 f i KAutoMutex.obj
 0001:00000550       ?GetHeight@KFont@@QAEHXZ   10001550 f i KAutoMutex.obj
 0001:00000560       ?SetTextStyle@KFont@@QAEXH@Z 10001560 f i KAutoMutex.obj
 0001:00000570       ??4KFont@@QAEAAV0@ABV0@@Z  10001570 f i KAutoMutex.obj
 0001:00000590       ?HandleInput@KWin32App@@MAEHIIJ@Z 10001590 f i KAutoMutex.obj
 0001:000005a0       ??0KWin32App@@QAE@ABV0@@Z  100015a0 f i KAutoMutex.obj
 0001:00000600       ??4KWin32App@@QAEAAV0@ABV0@@Z 10001600 f i KAutoMutex.obj
 0001:00000670       ??4KMutex@@QAEAAV0@ABV0@@Z 10001670 f i KAutoMutex.obj
 0001:00000690       ??4KAutoMutex@@QAEAAV0@ABV0@@Z 10001690 f i KAutoMutex.obj
 0001:000006a0       ??0KAutoMutex@@QAE@PAVKMutex@@@Z 100016a0 f   KAutoMutex.obj
 0001:000006c0       ??1KAutoMutex@@QAE@XZ      100016c0 f   KAutoMutex.obj
 0001:000006e0       ??4KAviFile@@QAEAAV0@ABV0@@Z 100016e0 f i KAviFile.obj
 0001:00000700       ??0KAviFile@@QAE@XZ        10001700 f   KAviFile.obj
 0001:00000730       ??1KAviFile@@QAE@XZ        10001730 f   KAviFile.obj
 0001:00000780       ?Open@KAviFile@@QAEHPAD@Z  10001780 f   KAviFile.obj
 0001:00000800       ?FillHeader@KAviFile@@QAEHXZ 10001800 f   KAviFile.obj
 0001:00000ce0       ?GetAudioIndex@KAviFile@@QAEHXZ 10001ce0 f   KAviFile.obj
 0001:00000e10       ?GetVideoIndex@KAviFile@@QAEHXZ 10001e10 f   KAviFile.obj
 0001:00000f60       ?VideoStreams@KAviFile@@QAEHXZ 10001f60 f   KAviFile.obj
 0001:00000f70       ?AudioStreams@KAviFile@@QAEHXZ 10001f70 f   KAviFile.obj
 0001:00000f80       ?GetBitmapInfoHeader@KAviFile@@QAEXPAUtagBITMAPINFOHEADER@@@Z 10001f80 f   KAviFile.obj
 0001:00000fa0       ?GetWaveFormat@KAviFile@@QAEXPAUtWAVEFORMATEX@@@Z 10001fa0 f   KAviFile.obj
 0001:00000fd0       ?GetCompressMethod@KAviFile@@QAEXPAD@Z 10001fd0 f   KAviFile.obj
 0001:00000ff0       ?NextFrame@KAviFile@@QAEHPAE@Z 10001ff0 f   KAviFile.obj
 0001:00001050       ?ReadAudio@KAviFile@@QAEHPAEH@Z 10002050 f   KAviFile.obj
 0001:000010f0       ?FrameRate@KAviFile@@QAEHXZ 100020f0 f   KAviFile.obj
 0001:00001110       ?CurrentFrame@KAviFile@@QAEHXZ 10002110 f   KAviFile.obj
 0001:00001120       ?TotalFrames@KAviFile@@QAEHXZ 10002120 f   KAviFile.obj
 0001:00001130       ?VideoSeek@KAviFile@@QAEHH@Z 10002130 f   KAviFile.obj
 0001:00001190       ?AudioSeek@KAviFile@@QAEHH@Z 10002190 f   KAviFile.obj
 0001:00001260       ?IsKeyframe@KAviFile@@QAEHH@Z 10002260 f   KAviFile.obj
 0001:00001290       ?NextKeyFrame@KAviFile@@QAEHXZ 10002290 f   KAviFile.obj
 0001:000012d0       ?PreviousKeyFrame@KAviFile@@QAEHXZ 100022d0 f   KAviFile.obj
 0001:00001310       ?Rewind@KAviFile@@QAEHXZ   10002310 f   KAviFile.obj
 0001:00001330       ?Close@KAviFile@@QAEXXZ    10002330 f   KAviFile.obj
 0001:00001370       ??0KBitmap@@QAE@XZ         10002370 f   KBitmap.obj
 0001:00001390       ?Init@KBitmap@@QAEHHHH@Z   10002390 f   KBitmap.obj
 0001:000013d0       ?Draw@KBitmap@@QAEXHH@Z    100023d0 f   KBitmap.obj
 0001:00001410       ?Clear@KBitmap@@QAEXE@Z    10002410 f   KBitmap.obj
 0001:00001420       ?MakePalette@KBitmap@@QAEXXZ 10002420 f   KBitmap.obj
 0001:00001440       ?PutPixel@KBitmap@@QAEXHHE@Z 10002440 f   KBitmap.obj
 0001:00001460       ?GetPixel@KBitmap@@QAEEHH@Z 10002460 f   KBitmap.obj
 0001:00001480       ?Load@KBitmap@@QAEHPAD@Z   10002480 f   KBitmap.obj
 0001:000015a0       ?Save@KBitmap@@QAEHPAD@Z   100025a0 f   KBitmap.obj
 0001:00001690       ?GetBitmap@KBitmap16@@QAEPAXXZ 10002690 f i KBitmap16.obj
 0001:000016a0       ?GetWidth@KBitmap16@@QAEHXZ 100026a0 f i KBitmap16.obj
 0001:000016b0       ?GetHeight@KBitmap16@@QAEHXZ 100026b0 f i KBitmap16.obj
 0001:000016c0       ??4KBitmap16@@QAEAAV0@ABV0@@Z 100026c0 f i KBitmap16.obj
 0001:000016f0       ??1KBitmap16@@QAE@XZ       100026f0 f i KBitmap16.obj
 0001:00001700       ??0KBitmap16@@QAE@XZ       10002700 f   KBitmap16.obj
 0001:00001720       ?Init@KBitmap16@@QAEHHH@Z  10002720 f   KBitmap16.obj
 0001:00001750       ?Free@KBitmap16@@QAEXXZ    10002750 f   KBitmap16.obj
 0001:00001760       ?Clear@KBitmap16@@QAEXXZ   10002760 f   KBitmap16.obj
 0001:00001770       ?Draw@KBitmap16@@QAEXHH@Z  10002770 f   KBitmap16.obj
 0001:00001780       ?DrawLum@KBitmap16@@QAEXHHH@Z 10002780 f   KBitmap16.obj
 0001:00001790       ?PutPixel@KBitmap16@@QAEXHHG@Z 10002790 f   KBitmap16.obj
 0001:000017d0       ?GetPixel@KBitmap16@@QAEGHH@Z 100027d0 f   KBitmap16.obj
 0001:00001810       ?GetPointer@KBitmap16@@QAEPAGHH@Z 10002810 f   KBitmap16.obj
 0001:00001830       ?Load@KBitmap16@@QAEHPAD@Z 10002830 f   KBitmap16.obj
 0001:00001970       ?Save@KBitmap16@@QAEHPAD@Z 10002970 f   KBitmap16.obj
 0001:00001a40       _g_CreateAlphaFromRGB      10002a40 f   KBitmapConvert.obj
 0001:00001aa0       ?GetSprite@KBmp2Spr@@QAEPAXXZ 10002aa0 f i KBmp2Spr.obj
 0001:00001ab0       ?GetLength@KBmp2Spr@@QAEJXZ 10002ab0 f i KBmp2Spr.obj
 0001:00001ac0       ??4KBmp2Spr@@QAEAAV0@ABV0@@Z 10002ac0 f i KBmp2Spr.obj
 0001:00001ae0       ??1KBmp2Spr@@QAE@XZ        10002ae0 f i KBmp2Spr.obj
 0001:00001af0       ??0KBmp2Spr@@QAE@XZ        10002af0 f   KBmp2Spr.obj
 0001:00001b10       ?Convert@KBmp2Spr@@QAEHPAVKBitmap@@H@Z 10002b10 f   KBmp2Spr.obj
 0001:00001bb0       ?ConvertRect@KBmp2Spr@@IAEJPAUtagRECT@@PAE@Z 10002bb0 f   KBmp2Spr.obj
 0001:00001c30       ?ConvertLine@KBmp2Spr@@IAEJHHHPAE@Z 10002c30 f   KBmp2Spr.obj
 0001:00001cc0       ?GetTransCount@KBmp2Spr@@IAEJHHH@Z 10002cc0 f   KBmp2Spr.obj
 0001:00001d10       ?GetPixelCount@KBmp2Spr@@IAEJHHH@Z 10002d10 f   KBmp2Spr.obj
 0001:00001d60       ?GetMiniRect@KBmp2Spr@@IAEXPAUtagRECT@@@Z 10002d60 f   KBmp2Spr.obj
 0001:00001e80       ??4KBmpFile@@QAEAAV0@ABV0@@Z 10002e80 f i KBmpFile.obj
 0001:00001eb0       ?Load@KBmpFile@@QAEHPADPAVKBitmap@@@Z 10002eb0 f   KBmpFile.obj
 0001:00002070       ?Save@KBmpFile@@QAEHPADPAVKBitmap@@@Z 10003070 f   KBmpFile.obj
 0001:00002240       ?Decode@KBmpFile@@AAEXPAX0@Z 10003240 f   KBmpFile.obj
 0001:00002290       ?Encode@KBmpFile@@AAEXPAX0@Z 10003290 f   KBmpFile.obj
 0001:000022e0       ??4KBmpFile24@@QAEAAV0@ABV0@@Z 100032e0 f i KBmpFile24.obj
 0001:00002300       ?Load@KBmpFile24@@QAEHPADPAVKBitmap16@@@Z 10003300 f   KBmpFile24.obj
 0001:00002490       ?Save@KBmpFile24@@QAEHPADPAVKBitmap16@@@Z 10003490 f   KBmpFile24.obj
 0001:00002640       ?Decode@KBmpFile24@@AAEHPAX0@Z 10003640 f   KBmpFile24.obj
 0001:000026f0       ?Encode@KBmpFile24@@AAEHPAX0@Z 100036f0 f   KBmpFile24.obj
 0001:000027b0       ?SaveBuffer24@KBmpFile24@@SAHPADPAXHHH@Z 100037b0 f   KBmpFile24.obj
 0001:000027e0       ?SaveBuffer32@KBmpFile24@@SAHPADPAXHHH@Z 100037e0 f   KBmpFile24.obj
 0001:00002810       ?SaveBuffer@KBmpFile24@@CAHPADPAXHHH_N@Z 10003810 f   KBmpFile24.obj
 0001:00002a40       ??0KMemManager@@QAE@ABV0@@Z 10003a40 f i KCache.obj
 0001:00002a90       ??_GKNode@@UAEPAXI@Z       10003a90 f i KCache.obj
 0001:00002a90       ??_EKNode@@UAEPAXI@Z       10003a90 f i KCache.obj
 0001:00002ab0       ??4KMemManager@@QAEAAV0@ABV0@@Z 10003ab0 f i KCache.obj
 0001:00002b00       ?GetName@KStrNode@@UAEPADXZ 10003b00 f i KCache.obj
 0001:00002b10       ?SetName@KStrNode@@UAEXPAD@Z 10003b10 f i KCache.obj
 0001:00002b30       ??0KStrNode@@QAE@ABV0@@Z   10003b30 f i KCache.obj
 0001:00002b70       ??4KStrNode@@QAEAAV0@ABV0@@Z 10003b70 f i KCache.obj
 0001:00002bb0       ??1KStrNode@@UAE@XZ        10003bb0 f i KCache.obj
 0001:00002bc0       ??_GKStrNode@@UAEPAXI@Z    10003bc0 f i KCache.obj
 0001:00002be0       ??_EKStrNode@@UAEPAXI@Z    10003be0 f i KCache.obj
 0001:00002c40       ??0KStrList@@QAE@XZ        10003c40 f i KCache.obj
 0001:00002c70       ??0KStrList@@QAE@ABV0@@Z   10003c70 f i KCache.obj
 0001:00002ca0       ??4KStrList@@QAEAAV0@ABV0@@Z 10003ca0 f i KCache.obj
 0001:00002cd0       ??1KStrList@@QAE@XZ        10003cd0 f i KCache.obj
 0001:00002ce0       ?LoadNode@KCache@@UAEHPAVKCacheNode@@@Z 10003ce0 f i KCache.obj
 0001:00002cf0       ?FreeNode@KCache@@UAEXPAVKCacheNode@@@Z 10003cf0 f i KCache.obj
 0001:00002d00       ??0KCache@@QAE@ABV0@@Z     10003d00 f i KCache.obj
 0001:00002d40       ??4KCache@@QAEAAV0@ABV0@@Z 10003d40 f i KCache.obj
 0001:00002d70       ??0KCache@@QAE@XZ          10003d70 f   KCache.obj
 0001:00002dc0       ?Release@KCache@@UAEXXZ    10003dc0 f   KCache.obj
 0001:00002e10       ??1KCache@@QAE@XZ          10003e10 f   KCache.obj
 0001:00002e30       ?Init@KCache@@UAEXH@Z      10003e30 f   KCache.obj
 0001:00002e40       ?NewNode@KCache@@UAEPAVKCacheNode@@PAD@Z 10003e40 f   KCache.obj
 0001:00003020       ??_EKCacheNode@@UAEPAXI@Z  10004020 f i KCache.obj
 0001:00003020       ??_GKCacheNode@@UAEPAXI@Z  10004020 f i KCache.obj
 0001:00003040       ??1KCacheNode@@UAE@XZ      10004040 f i KCache.obj
 0001:00003050       ?GetNode@KCache@@UAEPAVKCacheNode@@PADPAV2@@Z 10004050 f   KCache.obj
 0001:000030e0       ?Prepare@KCache@@QAEXXZ    100040e0 f   KCache.obj
 0001:00003150       ?ClearNode@KCache@@QAEXPAD@Z 10004150 f   KCache.obj
 0001:000031b0       ??0KCanvas@@QAE@XZ         100041b0 f   KCanvas.obj
 0001:000031d0       ??1KCanvas@@QAE@XZ         100041d0 f   KCanvas.obj
 0001:000031e0       ?Init@KCanvas@@QAE_NHH@Z   100041e0 f   KCanvas.obj
 0001:00003290       ?Terminate@KCanvas@@QAEXXZ 10004290 f   KCanvas.obj
 0001:000032b0       ?GetUpdateRect@KCanvas@@AAE_NPAUtagRECT@@0@Z 100042b0 f   KCanvas.obj
 0001:000033a0       ?RectClip@KCanvas@@QAEHPAUtagRECT@@@Z 100043a0 f   KCanvas.obj
 0001:00003400       ?MakeClip@KCanvas@@QAEHJJJJPAUKClipper@@@Z 10004400 f   KCanvas.obj
 0001:000034d0       ?FillCanvas@KCanvas@@QAEXG@Z 100044d0 f   KCanvas.obj
 0001:00003510       ?UpdateCanvas@KCanvas@@QAEXXZ 10004510 f   KCanvas.obj
 0001:00003520       ?BltSurface@KCanvas@@QAEXPAUIDirectDrawSurface@@PAUtagRECT@@@Z 10004520 f   KCanvas.obj
 0001:00003550       ?UpdateBackBuffer@KCanvas@@AAEXPAUtagRECT@@@Z 10004550 f i KCanvas.obj
 0001:000035f0       ?UpdateFrontBuffer@KCanvas@@AAEXPAUtagRECT@@@Z 100045f0 f i KCanvas.obj
 0001:00003690       ?UpdateScreen@KCanvas@@QAEXXZ 10004690 f   KCanvas.obj
 0001:00003710       ?DrawPixel@KCanvas@@QAEXHHH@Z 10004710 f   KCanvas.obj
 0001:00003780       ??1KDrawNode@@UAE@XZ       10004780 f i KCanvas.obj
 0001:00003790       ??_GKDrawNode@@UAEPAXI@Z   10004790 f i KCanvas.obj
 0001:00003790       ??_EKDrawNode@@UAEPAXI@Z   10004790 f i KCanvas.obj
 0001:000037b0       ?DrawPixelAlpha@KCanvas@@QAEXHHHH@Z 100047b0 f   KCanvas.obj
 0001:00003830       ?DrawLine@KCanvas@@QAEXHHHHH@Z 10004830 f   KCanvas.obj
 0001:000038b0       ?DrawLineAlpha@KCanvas@@QAEXHHHHHH@Z 100048b0 f   KCanvas.obj
 0001:00003940       ?DrawSprite@KCanvas@@QAEXHHHHPAX0@Z 10004940 f   KCanvas.obj
 0001:000039e0       ?DrawSpriteMixColor@KCanvas@@QAEXHHHHPAX0HH@Z 100049e0 f   KCanvas.obj
 0001:00003a90       ?DrawSpriteWithColor@KCanvas@@QAEXHHHHPAX0HH@Z 10004a90 f   KCanvas.obj
 0001:00003b40       ?DrawSpriteAlpha@KCanvas@@QAEXHHHHPAX0H@Z 10004b40 f   KCanvas.obj
 0001:00003c00       ?DrawSpriteBorder@KCanvas@@QAEXHHHHHPAX@Z 10004c00 f   KCanvas.obj
 0001:00003c80       ?DrawSprite3LevelAlpha@KCanvas@@QAEXHHHHPAX0@Z 10004c80 f   KCanvas.obj
 0001:00003d10       ?DrawFont@KCanvas@@QAEXHHHHHHPAX@Z 10004d10 f   KCanvas.obj
 0001:00003da0       ?DrawFontWithBorder@KCanvas@@QAEXHHHHHHPAXH@Z 10004da0 f   KCanvas.obj
 0001:00003e30       ?DrawFontSolid@KCanvas@@QAEXHHHHHHPAX@Z 10004e30 f   KCanvas.obj
 0001:00003ec0       ?DrawBitmap@KCanvas@@QAEXHHHHPAX0@Z 10004ec0 f   KCanvas.obj
 0001:00003f50       ?DrawFade@KCanvas@@QAEXHHHHH@Z 10004f50 f   KCanvas.obj
 0001:00003fd0       ?DrawBitmap16@KCanvas@@QAEXHHHHPAX@Z 10004fd0 f   KCanvas.obj
 0001:00004050       ?DrawBitmap16mmx@KCanvas@@QAEXHHHHPAX@Z 10005050 f   KCanvas.obj
 0001:000040d0       ?DrawBitmap16win@KCanvas@@QAEXHHHHPAX@Z 100050d0 f   KCanvas.obj
 0001:00004150       ?Clear@KCanvas@@QAEXHHHHH@Z 10005150 f   KCanvas.obj
 0001:00004190       ?DotClear@KCanvas@@QAEXHHHHH@Z 10005190 f   KCanvas.obj
 0001:00004210       ?ClearAlpha@KCanvas@@QAEXHHHHHH@Z 10005210 f   KCanvas.obj
 0001:000042a0       ?LockCanvas@KCanvas@@QAEPAXAAH@Z 100052a0 f   KCanvas.obj
 0001:000042f0       ?UnlockCanvas@KCanvas@@QAEXXZ 100052f0 f   KCanvas.obj
 0001:00004310       ??0KCodec@@QAE@XZ          10005310 f i KCodec.obj
 0001:00004320       ??0KCodec@@QAE@ABV0@@Z     10005320 f i KCodec.obj
 0001:00004330       ??4KCodec@@QAEAAV0@ABV0@@Z 10005330 f i KCodec.obj
 0001:00004340       ??0KCodecLzo@@QAE@XZ       10005340 f i KCodec.obj
 0001:00004360       ??0KCodecLzo@@QAE@ABV0@@Z  10005360 f i KCodec.obj
 0001:00004390       ??4KCodecLzo@@QAEAAV0@ABV0@@Z 10005390 f i KCodec.obj
 0001:000043b0       ??1KCodecLzo@@QAE@XZ       100053b0 f i KCodec.obj
 0001:000043c0       ?GetPackLen@KCodec@@UAEKK@Z 100053c0 f   KCodec.obj
 0001:000043e0       ?Encode@KCodec@@UAEHPAUTCodeInfo@@@Z 100053e0 f   KCodec.obj
 0001:00004410       ?Decode@KCodec@@UAEHPAUTCodeInfo@@@Z 10005410 f   KCodec.obj
 0001:00004440       ?g_InitCodec@@YAXPAPAVKCodec@@H@Z 10005440 f   KCodec.obj
 0001:00004510       ?g_FreeCodec@@YAXPAPAVKCodec@@H@Z 10005510 f   KCodec.obj
 0001:00004550       ?Compress@KCodecLzo@@AAEKPAEK0PAK@Z 10005550 f   KCodecLzo.obj
 0001:000048c0       ?Encode@KCodecLzo@@UAEHPAUTCodeInfo@@@Z 100058c0 f   KCodecLzo.obj
 0001:000049d0       ?Decode@KCodecLzo@@UAEHPAUTCodeInfo@@@Z 100059d0 f   KCodecLzo.obj
 0001:00004c10       ?g_Red@@YAEG@Z             10005c10 f   KColors.obj
 0001:00004c30       ?g_Green@@YAEG@Z           10005c30 f   KColors.obj
 0001:00004c70       ?g_Blue@@YAEG@Z            10005c70 f   KColors.obj
 0001:00004cb0       ?g_RGB555@@YAGHHH@Z        10005cb0 f   KColors.obj
 0001:00004cf0       ?g_RGB565@@YAGHHH@Z        10005cf0 f   KColors.obj
 0001:00004d30       ?g_555To565@@YAXHHPAX@Z    10005d30 f   KColors.obj
 0001:00004d70       ?g_565To555@@YAXHHPAX@Z    10005d70 f   KColors.obj
 0001:00004db0       ??0KDirectDraw@@QAE@XZ     10005db0 f   KDDraw.obj
 0001:00004df0       ??1KDirectDraw@@QAE@XZ     10005df0 f   KDDraw.obj
 0001:00004e00       ?Mode@KDirectDraw@@QAEXHHH@Z 10005e00 f   KDDraw.obj
 0001:00004e20       ?Init@KDirectDraw@@QAEHXZ  10005e20 f   KDDraw.obj
 0001:00004ef0       ?Exit@KDirectDraw@@QAEXXZ  10005ef0 f   KDDraw.obj
 0001:00004f50       ?CreateDirectDraw@KDirectDraw@@AAEHXZ 10005f50 f   KDDraw.obj
 0001:00004fe0       ?SetDisplayMode@KDirectDraw@@AAEHXZ 10005fe0 f   KDDraw.obj
 0001:00005050       ?GetDisplayMode@KDirectDraw@@AAEHXZ 10006050 f   KDDraw.obj
 0001:00005100       ?CreateSurface@KDirectDraw@@AAEHXZ 10006100 f   KDDraw.obj
 0001:00005220       ?CreateSurface@KDirectDraw@@QAEPAUIDirectDrawSurface@@HH@Z 10006220 f   KDDraw.obj
 0001:00005290       ?RestoreSurface@KDirectDraw@@QAEHXZ 10006290 f   KDDraw.obj
 0001:000052d0       ?GetSurfaceDesc@KDirectDraw@@AAEHXZ 100062d0 f   KDDraw.obj
 0001:000053f0       ?CreateClipper@KDirectDraw@@AAEHXZ 100063f0 f   KDDraw.obj
 0001:00005460       ?SetClipperHWnd@KDirectDraw@@QAEXPAUHWND__@@@Z 10006460 f   KDDraw.obj
 0001:00005490       ?WaitForVerticalBlankBegin@KDirectDraw@@QAEXXZ 10006490 f   KDDraw.obj
 0001:000054b0       ?WaitForVerticalBlankEnd@KDirectDraw@@QAEXXZ 100064b0 f   KDDraw.obj
 0001:000054d0       ?FillBackBuffer@KDirectDraw@@QAEXK@Z 100064d0 f   KDDraw.obj
 0001:00005510       ?UpdateScreenZoom@KDirectDraw@@QAEXPAUtagRECT@@@Z 10006510 f   KDDraw.obj
 0001:00005540       ?SetWindowStyle@KDirectDraw@@AAEXXZ 10006540 f   KDDraw.obj
 0001:000055f0       ?BltToFrontBuffer@KDirectDraw@@QAEXPAUIDirectDrawSurface@@PAUtagRECT@@1@Z 100065f0 f   KDDraw.obj
 0001:00005620       ?BltToBackBuffer@KDirectDraw@@QAEXPAUIDirectDrawSurface@@PAUtagRECT@@1@Z 10006620 f   KDDraw.obj
 0001:00005650       ?g_FindDebugWindow@@YAPAUHWND__@@PAD0@Z 10006650 f   KDebug.obj
 0001:00005670       ?g_DebugLog@@YAXPADZZ      10006670 f   KDebug.obj
 0001:000056d0       ?g_MessageBox@@YAXPADZZ    100066d0 f   KDebug.obj
 0001:00005720       ?g_AssertFailed@@YAXPADH@Z 10006720 f   KDebug.obj
 0001:00005760       ?g_DebugLogTxt@@YAXPBD@Z   10006760 f   KDebug.obj
 0001:000057e0       ?g_DDError@@YAXH@Z         100067e0 f   KDError.obj
 0001:00005820       ?g_DSError@@YAXH@Z         10006820 f   KDError.obj
 0001:00005860       ?g_DIError@@YAXH@Z         10006860 f   KDError.obj
 0001:000058a0       ??0KDirectInput@@QAE@XZ    100068a0 f   KDInput.obj
 0001:000058c0       ??1KDirectInput@@QAE@XZ    100068c0 f   KDInput.obj
 0001:000058d0       ?Init@KDirectInput@@QAEHXZ 100068d0 f   KDInput.obj
 0001:00005950       ?Exit@KDirectInput@@QAEXXZ 10006950 f   KDInput.obj
 0001:000059b0       ?CreateDirectInput@KDirectInput@@AAEHXZ 100069b0 f   KDInput.obj
 0001:000059f0       ?CreateMouseDevice@KDirectInput@@AAEHXZ 100069f0 f   KDInput.obj
 0001:00005a80       ?CreateKeyboardDevice@KDirectInput@@AAEHXZ 10006a80 f   KDInput.obj
 0001:00005b10       ?SetMouseBehavior@KDirectInput@@QAEHH@Z 10006b10 f   KDInput.obj
 0001:00005b50       ?GetMouseState@KDirectInput@@QAEHPAH0PAE1@Z 10006b50 f   KDInput.obj
 0001:00005bb0       ?GetKeyboardState@KDirectInput@@QAEHPAE@Z 10006bb0 f   KDInput.obj
 0001:00005bf0       ?g_DrawPixel@@YAXPAX0@Z    10006bf0 f   KDrawBase.obj
 0001:00005c80       ?g_DrawPixelAlpha@@YAXPAX0@Z 10006c80 f   KDrawBase.obj
 0001:00005d60       ?g_DrawLine@@YAXPAX0@Z     10006d60 f   KDrawBase.obj
 0001:00005ed0       ?g_DrawLineAlpha@@YAXPAX0@Z 10006ed0 f   KDrawBase.obj
 0001:00006040       ?g_Clear@@YAXPAX0@Z        10007040 f   KDrawBase.obj
 0001:000060f0       ?g_DotClear@@YAXPAX0@Z     100070f0 f   KDrawBase.obj
 0001:000061a0       ?g_ClearAlpha@@YAXPAX0@Z   100071a0 f   KDrawBase.obj
 0001:000062a0       ?g_DrawBitmap@@YAXPAX0@Z   100072a0 f   KDrawBitmap.obj
 0001:00006360       ?g_DrawBitmap16@@YAXPAX0@Z 10007360 f   KDrawBitmap16.obj
 0001:00006450       ?g_DrawBitmap16mmx@@YAXPAX0@Z 10007450 f   KDrawBitmap16.obj
 0001:00006520       ?g_DrawBitmap16win@@YAXPAX0@Z 10007520 f   KDrawBitmap16.obj
 0001:00006600       ?g_DrawFade@@YAXPAX0@Z     10007600 f   KDrawFade.obj
 0001:00006700       ?g_DrawFont@@YAXPAX0@Z     10007700 f   KDrawFont.obj
 0001:00006870       ?g_DrawFontWithBorder@@YAXPAX0@Z 10007870 f   KDrawFont.obj
 0001:00006990       ?g_DrawFontSolid@@YAXPAX0@Z 10007990 f   KDrawFont.obj
 0001:00006ae0       ?g_DrawSprite@@YAXPAX0@Z   10007ae0 f   KDrawSprite.obj
 0001:00006dd0       ?g_DrawSpriteMixColor@@YAXPAX0@Z 10007dd0 f   KDrawSprite.obj
 0001:000071e0       ?g_DrawSpriteWithColor@@YAXPAX0@Z 100081e0 f   KDrawSprite.obj
 0001:00007620       ?g_DrawSpriteBorder@@YAXPAX0@Z 10008620 f   KDrawSprite.obj
 0001:00007850       ?g_DrawSpriteAlpha@@YAXPAX0@Z 10008850 f   KDrawSpriteAlpha.obj
 0001:00007ea0       ?g_DrawSpriteAlpha@@YAXPAX0H@Z 10008ea0 f   KDrawSpriteAlpha.obj
 0001:00008790       ?g_DrawSprite3LevelAlpha@@YAXPAX0@Z 10009790 f   KDrawSpriteAlpha.obj
 0001:00008ad0       ??0KDirectSound@@QAE@XZ    10009ad0 f   KDSound.obj
 0001:00008af0       ??1KDirectSound@@QAE@XZ    10009af0 f   KDSound.obj
 0001:00008b00       ?Init@KDirectSound@@QAEHXZ 10009b00 f   KDSound.obj
 0001:00008b40       ?Exit@KDirectSound@@QAEXXZ 10009b40 f   KDSound.obj
 0001:00008b80       ?CreateDirectSound@KDirectSound@@AAEHXZ 10009b80 f   KDSound.obj
 0001:00008bd0       ?CreatePrimarySoundBuffer@KDirectSound@@AAEHXZ 10009bd0 f   KDSound.obj
 0001:00008c90       ??0KScript@@QAE@ABV0@@Z    10009c90 f i KEicScript.obj
 0001:00008ca0       ??4KScript@@QAEAAV0@ABV0@@Z 10009ca0 f i KEicScript.obj
 0001:00008cb0       ??_GKScript@@UAEPAXI@Z     10009cb0 f i KEicScript.obj
 0001:00008cd0       ??_EKScript@@UAEPAXI@Z     10009cd0 f i KEicScript.obj
 0001:00008d30       ??0KEicScript@@QAE@XZ      10009d30 f i KEicScript.obj
 0001:00008d50       ??0KEicScript@@QAE@ABV0@@Z 10009d50 f i KEicScript.obj
 0001:00008d80       ??4KEicScript@@QAEAAV0@ABV0@@Z 10009d80 f i KEicScript.obj
 0001:00008db0       ??1KEicScript@@UAE@XZ      10009db0 f i KEicScript.obj
 0001:00008dc0       ??_GKEicScript@@UAEPAXI@Z  10009dc0 f i KEicScript.obj
 0001:00008de0       ??_EKEicScript@@UAEPAXI@Z  10009de0 f i KEicScript.obj
 0001:00008e40       ?Init@KEicScript@@UAEHXZ   10009e40 f   KEicScript.obj
 0001:00008f60       ?Exit@KEicScript@@UAEXXZ   10009f60 f   KEicScript.obj
 0001:00008f70       ?Load@KEicScript@@UAEHPAD@Z 10009f70 f   KEicScript.obj
 0001:00008fa0       ?Compile@KEicScript@@UAEHPAD@Z 10009fa0 f   KEicScript.obj
 0001:00008fb0       ?Execute@KEicScript@@UAEHHPAPAD@Z 10009fb0 f   KEicScript.obj
 0001:00008fe0       ?RegisterFunction@KEicScript@@UAEHPADPAX@Z 10009fe0 f   KEicScript.obj
 0001:00008ff0       ?Activate@KLuaScript@@QAEHXZ 10009ff0 f i KEicScriptSet.obj
 0001:00009000       ?SetScriptName@KLuaScript@@UAEXPAD@Z 1000a000 f i KEicScriptSet.obj
 0001:00009030       ?GetUserTag@KLuaScript@@QAEHXZ 1000a030 f i KEicScriptSet.obj
 0001:00009040       ?SetTableMember@KLuaScript@@QAEXHHPBD@Z 1000a040 f i KEicScriptSet.obj
 0001:00009060       ?SetTableMember@KLuaScript@@QAEXHHN@Z 1000a060 f i KEicScriptSet.obj
 0001:00009090       ?SetTableMember@KLuaScript@@QAEXHHH@Z 1000a090 f i KEicScriptSet.obj
 0001:000090b0       ?SetTableMember@KLuaScript@@QAEXHPBDP6AHPAUlua_State@@@Z@Z 1000a0b0 f i KEicScriptSet.obj
 0001:000090d0       ?SetTableMember@KLuaScript@@QAEXHHP6AHPAUlua_State@@@Z@Z 1000a0d0 f i KEicScriptSet.obj
 0001:000090f0       ?SetTableMember@KLuaScript@@QAEXHPBDPAD@Z 1000a0f0 f i KEicScriptSet.obj
 0001:00009110       ?SetTableMember@KLuaScript@@QAEXHPBDH@Z 1000a110 f i KEicScriptSet.obj
 0001:00009130       ?SetTableMember@KLuaScript@@QAEXHPBDN@Z 1000a130 f i KEicScriptSet.obj
 0001:00009160       ??0KLuaScript@@QAE@ABV0@@Z 1000a160 f i KEicScriptSet.obj
 0001:000091a0       ??4KLuaScript@@QAEAAV0@ABV0@@Z 1000a1a0 f i KEicScriptSet.obj
 0001:000091e0       ??_GKLuaScript@@UAEPAXI@Z  1000a1e0 f i KEicScriptSet.obj
 0001:00009200       ??_EKLuaScript@@UAEPAXI@Z  1000a200 f i KEicScriptSet.obj
 0001:00009260       ?GetCount@KScriptSet@@QAEKXZ 1000a260 f i KEicScriptSet.obj
 0001:00009270       ?GetKeyStyle@KScriptSet@@QAEHXZ 1000a270 f i KEicScriptSet.obj
 0001:00009280       ?GetScriptFileNameFromKey@KScriptSet@@UAEPADPAD@Z 1000a280 f i KEicScriptSet.obj
 0001:00009290       ?GetScriptFileNameFromKey@KScriptSet@@UAEPADK@Z 1000a290 f i KEicScriptSet.obj
 0001:000092a0       ??0KScriptSet@@QAE@ABV0@@Z 1000a2a0 f i KEicScriptSet.obj
 0001:000092d0       ??4KScriptSet@@QAEAAV0@ABV0@@Z 1000a2d0 f i KEicScriptSet.obj
 0001:00009300       ??0KEicScriptSet@@QAE@ABV0@@Z 1000a300 f i KEicScriptSet.obj
 0001:00009330       ??4KEicScriptSet@@QAEAAV0@ABV0@@Z 1000a330 f i KEicScriptSet.obj
 0001:00009360       ??0KEicScriptSet@@QAE@XZ   1000a360 f   KEicScriptSet.obj
 0001:00009380       ??1KEicScriptSet@@QAE@XZ   1000a380 f   KEicScriptSet.obj
 0001:00009390       ?g_InitEngine@@YAHXZ       1000a390 f   KEngine.obj
 0001:000093f0       ?g_ExitEngine@@YAXXZ       1000a3f0 f   KEngine.obj
 0001:00009420       ??4KEvent@@QAEAAV0@ABV0@@Z 1000a420 f i KEvent.obj
 0001:00009430       ??0KEvent@@QAE@XZ          1000a430 f   KEvent.obj
 0001:00009460       ??1KEvent@@QAE@XZ          1000a460 f   KEvent.obj
 0001:00009470       ?Signal@KEvent@@QAEXXZ     1000a470 f i KEvent.obj
 0001:00009480       ?Wait@KEvent@@QAEXXZ       1000a480 f i KEvent.obj
 0001:00009490       ?TimedWait@KEvent@@QAE_NJ@Z 1000a490 f i KEvent.obj
 0001:000094b0       ??0KFile@@QAE@XZ           1000a4b0 f   KFile.obj
 0001:000094c0       ??1KFile@@QAE@XZ           1000a4c0 f   KFile.obj
 0001:000094d0       ?Open@KFile@@QAEHPAD@Z     1000a4d0 f   KFile.obj
 0001:00009520       ?Create@KFile@@QAEHPAD@Z   1000a520 f   KFile.obj
 0001:00009570       ?Append@KFile@@QAEHPAD@Z   1000a570 f   KFile.obj
 0001:000095e0       ?Close@KFile@@QAEXXZ       1000a5e0 f   KFile.obj
 0001:00009610       ?Read@KFile@@QAEKPAXK@Z    1000a610 f   KFile.obj
 0001:00009640       ?Write@KFile@@QAEKPAXK@Z   1000a640 f   KFile.obj
 0001:00009670       ?Seek@KFile@@QAEKJK@Z      1000a670 f   KFile.obj
 0001:000096b0       ?Tell@KFile@@QAEKXZ        1000a6b0 f   KFile.obj
 0001:000096c0       ?Size@KFile@@QAEKXZ        1000a6c0 f   KFile.obj
 0001:00009700       ?g_DeleteFiles@@YAXPAD0@Z  1000a700 f   KFileCopy.obj
 0001:00009830       ?g_UpdateFiles@@YAXPAD0@Z  1000a830 f   KFileCopy.obj
 0001:000099b0       ??0KFileDialog@@QAE@XZ     1000a9b0 f   KFileDialog.obj
 0001:00009a40       ?SetTitle@KFileDialog@@QAEXPAD@Z 1000aa40 f   KFileDialog.obj
 0001:00009a60       ?SetFlags@KFileDialog@@QAEXK@Z 1000aa60 f   KFileDialog.obj
 0001:00009a70       ?SetFilter@KFileDialog@@QAEXPAD@Z 1000aa70 f   KFileDialog.obj
 0001:00009ab0       ?SetDefExt@KFileDialog@@QAEXPAD@Z 1000aab0 f   KFileDialog.obj
 0001:00009ad0       ?SetFilePath@KFileDialog@@QAEXPAD@Z 1000aad0 f   KFileDialog.obj
 0001:00009b10       ?SetFileName@KFileDialog@@QAEXPAD@Z 1000ab10 f   KFileDialog.obj
 0001:00009b30       ?SetFileTitle@KFileDialog@@QAEXPAD@Z 1000ab30 f   KFileDialog.obj
 0001:00009b50       ?Open@KFileDialog@@QAEHXZ  1000ab50 f   KFileDialog.obj
 0001:00009b90       ?Save@KFileDialog@@QAEHXZ  1000ab90 f   KFileDialog.obj
 0001:00009bd0       ??4KPakList@@QAEAAV0@ABV0@@Z 1000abd0 f i KFilePath.obj
 0001:00009bf0       ?RemoveTwoPointPath@@YAHPADH@Z 1000abf0 f   KFilePath.obj
 0001:00009c60       ?RemoveOnePointPath@@YAHPADH@Z 1000ac60 f   KFilePath.obj
 0001:00009cc0       ?RemoveAllPointPath@@YAHPADH@Z 1000acc0 f   KFilePath.obj
 0001:00009ce0       ?g_SetRootPath@@YAXPAD@Z   1000ace0 f   KFilePath.obj
 0001:00009d70       ?g_GetRootPath@@YAXPAD@Z   1000ad70 f   KFilePath.obj
 0001:00009d90       ?g_SetFilePath@@YAXPAD@Z   1000ad90 f   KFilePath.obj
 0001:00009df0       ?g_GetFilePath@@YAXPAD@Z   1000adf0 f   KFilePath.obj
 0001:00009e10       ?g_GetFullPath@@YAXPAD0@Z  1000ae10 f   KFilePath.obj
 0001:00009ec0       ?g_GetHalfPath@@YAXPAD0@Z  1000aec0 f   KFilePath.obj
 0001:00009f10       ?g_GetPackPath@@YAXPAD0@Z  1000af10 f   KFilePath.obj
 0001:00009f70       ?g_GetDiskPath@@YAXPAD0@Z  1000af70 f   KFilePath.obj
 0001:00009fe0       ?g_CreatePath@@YAXPAD@Z    1000afe0 f   KFilePath.obj
 0001:0000a0f0       ?g_UnitePathAndName@@YAXPAD00@Z 1000b0f0 f   KFilePath.obj
 0001:0000a180       ?g_FileExists@@YAHPAD@Z    1000b180 f   KFilePath.obj
 0001:0000a1e0       ?g_FileName2Id@@YAKPAD@Z   1000b1e0 f   KFilePath.obj
 0001:0000a230       ?g_ChangeFileExt@@YAXPAD0@Z 1000b230 f   KFilePath.obj
 0001:0000a280       ?g_ExtractFileName@@YAXPAD0@Z 1000b280 f   KFilePath.obj
 0001:0000a2c0       ?g_ExtractFilePath@@YAXPAD0@Z 1000b2c0 f   KFilePath.obj
 0001:0000a300       ??0KFindBinTreeNode@@QAE@XZ 1000b300 f i KFindBinTree.obj
 0001:0000a320       ??1KFindBinTreeNode@@QAE@XZ 1000b320 f i KFindBinTree.obj
 0001:0000a360       ?CanInsert@KFindBinTreeNode@@QAEHXZ 1000b360 f i KFindBinTree.obj
 0001:0000a380       ?GetRef@KFindBinTreeNode@@QBEHXZ 1000b380 f i KFindBinTree.obj
 0001:0000a390       ??4KFindBinTreeNode@@QAEAAV0@ABV0@@Z 1000b390 f i KFindBinTree.obj
 0001:0000a3b0       ??0KFindBinTree@@QAE@XZ    1000b3b0 f i KFindBinTree.obj
 0001:0000a3c0       ??1KFindBinTree@@QAE@XZ    1000b3c0 f i KFindBinTree.obj
 0001:0000a3f0       ??_GKFindBinTreeNode@@QAEPAXI@Z 1000b3f0 f i KFindBinTree.obj
 0001:0000a430       ?GetCount@KFindBinTree@@QAEHXZ 1000b430 f i KFindBinTree.obj
 0001:0000a440       ??4KFindBinTree@@QAEAAV0@ABV0@@Z 1000b440 f i KFindBinTree.obj
 0001:0000a460       ?Init@KFindBinTreeNode@@QAEXH@Z 1000b460 f   KFindBinTree.obj
 0001:0000a4f0       ?Insert@KFindBinTreeNode@@QAEHH@Z 1000b4f0 f   KFindBinTree.obj
 0001:0000a540       ?Remove@KFindBinTreeNode@@QAEXHH@Z 1000b540 f   KFindBinTree.obj
 0001:0000a580       ?Init@KFindBinTree@@QAEXH@Z 1000b580 f   KFindBinTree.obj
 0001:0000a5d0       ?FindFree@KFindBinTree@@QAEHXZ 1000b5d0 f   KFindBinTree.obj
 0001:0000a5f0       ?Remove@KFindBinTree@@QAEXH@Z 1000b5f0 f   KFindBinTree.obj
 0001:0000a610       ??0KFont@@QAE@XZ           1000b610 f   KFont.obj
 0001:0000a660       ??1KFont@@QAE@XZ           1000b660 f   KFont.obj
 0001:0000a6b0       ?Clear@KFont@@QAEXXZ       1000b6b0 f   KFont.obj
 0001:0000a6e0       ?SetCharaset@KFont@@QAEXW4CHARASET@@@Z 1000b6e0 f   KFont.obj
 0001:0000a6f0       ?Load@KFont@@QAEHPADW4CHARASET@@@Z 1000b6f0 f   KFont.obj
 0001:0000a850       ?Save@KFont@@QAEHPAD@Z     1000b850 f   KFont.obj
 0001:0000a970       ?DrawFont@KFont@@IAEXHHH@Z 1000b970 f   KFont.obj
 0001:0000a9d0       ?DrawFontAlpha@KFont@@IAEXHHHH@Z 1000b9d0 f   KFont.obj
 0001:0000aa50       ?DrawWord@KFont@@QAEXHHHH@Z 1000ba50 f   KFont.obj
 0001:0000ab50       ?DrawTextA@KFont@@QAEXHHPAD@Z 1000bb50 f   KFont.obj
 0001:0000acd0       ?DrawTextAlpha@KFont@@QAEXHHHPAD@Z 1000bcd0 f   KFont.obj
 0001:0000ae60       ?SetColor@KFont@@QAEXEEE@Z 1000be60 f   KFont.obj
 0001:0000aea0       ?SetLine@KFont@@QAEXHH@Z   1000bea0 f   KFont.obj
 0001:0000aec0       ?MakeText@KFont@@QAEXPAD@Z 1000bec0 f   KFont.obj
 0001:0000b000       ?MakeFont@KFont@@QAEHPADHH@Z 1000c000 f   KFont.obj
 0001:0000b1c0       ?AddWord@KFont@@IAEHHPAE@Z 1000c1c0 f   KFont.obj
 0001:0000b260       ?GetFontRect@KFont@@IAEHHHPAVKBitmap@@PAE@Z 1000c260 f   KFont.obj
 0001:0000b2b0       ?GetFontLine@KFont@@IAEHHHPAVKBitmap@@PAE@Z 1000c2b0 f   KFont.obj
 0001:0000b330       ??4KGifFile@@QAEAAV0@ABV0@@Z 1000c330 f i KGifFile.obj
 0001:0000b350       ??1KGifFile@@QAE@XZ        1000c350 f i KGifFile.obj
 0001:0000b360       ??0KGifFile@@QAE@XZ        1000c360 f   KGifFile.obj
 0001:0000b380       ?read_byte@KGifFile@@AAEEXZ 1000c380 f   KGifFile.obj
 0001:0000b3a0       ?read_word@KGifFile@@AAEGXZ 1000c3a0 f   KGifFile.obj
 0001:0000b3c0       ?read_header@KGifFile@@AAEHXZ 1000c3c0 f   KGifFile.obj
 0001:0000b4c0       ?read_color_table@KGifFile@@AAEHXZ 1000c4c0 f   KGifFile.obj
 0001:0000b510       ?read_image_desc@KGifFile@@AAEHXZ 1000c510 f   KGifFile.obj
 0001:0000b5a0       ?read_extension@KGifFile@@AAEHXZ 1000c5a0 f   KGifFile.obj
 0001:0000b630       ?Open@KGifFile@@QAEHPADPAVKBitmap@@@Z 1000c630 f   KGifFile.obj
 0001:0000b7c0       ?FirstImage@KGifFile@@QAEHXZ 1000c7c0 f   KGifFile.obj
 0001:0000b7d0       ?NextImage@KGifFile@@QAEHXZ 1000c7d0 f   KGifFile.obj
 0001:0000b880       ?lzw_decode@KGifFile@@AAEXXZ 1000c880 f   KGifFile.obj
 0001:0000bb20       ?clear_table@KGifFile@@AAEXXZ 1000cb20 f   KGifFile.obj
 0001:0000bb50       ?get_code@KGifFile@@AAEXXZ 1000cb50 f   KGifFile.obj
 0001:0000bcd0       ?get_string@KGifFile@@AAEXH@Z 1000ccd0 f   KGifFile.obj
 0001:0000bd30       ?output_string@KGifFile@@AAEXXZ 1000cd30 f   KGifFile.obj
 0001:0000be30       ?g_RemoveSamePixel@@YAHPAVKBitmap@@0@Z 1000ce30 f   KGraphics.obj
 0001:0000beb0       ?g_RemoveDiffPixel@@YAHPAVKBitmap@@0@Z 1000ceb0 f   KGraphics.obj
 0001:0000bf30       ?g_RemoveNoneZeroPixel@@YAHPAVKBitmap@@0@Z 1000cf30 f   KGraphics.obj
 0001:0000bfc0       ?g_RemoveZeroPixel@@YAHPAVKBitmap@@0@Z 1000cfc0 f   KGraphics.obj
 0001:0000c050       ??0KHashList@@QAE@ABV0@@Z  1000d050 f i KHashList.obj
 0001:0000c080       ??4KHashList@@QAEAAV0@ABV0@@Z 1000d080 f i KHashList.obj
 0001:0000c0b0       ??1KHashList@@QAE@XZ       1000d0b0 f i KHashList.obj
 0001:0000c0c0       ??0KHashList@@QAE@XZ       1000d0c0 f   KHashList.obj
 0001:0000c0f0       ??0KHashTable@@QAE@XZ      1000d0f0 f i KHashNode.obj
 0001:0000c150       ??0KHashTable@@QAE@ABV0@@Z 1000d150 f i KHashNode.obj
 0001:0000c1b0       ??4KHashTable@@QAEAAV0@ABV0@@Z 1000d1b0 f i KHashNode.obj
 0001:0000c200       ??1KHashTable@@QAE@XZ      1000d200 f i KHashNode.obj
 0001:0000c260       ?SetHashTable@KHashNode@@QAEXPAVKHashTable@@@Z 1000d260 f i KHashNode.obj
 0001:0000c270       ??0KHashNode@@QAE@ABV0@@Z  1000d270 f i KHashNode.obj
 0001:0000c2b0       ??4KHashNode@@QAEAAV0@ABV0@@Z 1000d2b0 f i KHashNode.obj
 0001:0000c2f0       ??1KHashNode@@UAE@XZ       1000d2f0 f i KHashNode.obj
 0001:0000c300       ??_GKHashNode@@UAEPAXI@Z   1000d300 f i KHashNode.obj
 0001:0000c320       ??_EKHashNode@@UAEPAXI@Z   1000d320 f i KHashNode.obj
 0001:0000c380       ??0KHashNode@@QAE@XZ       1000d380 f   KHashNode.obj
 0001:0000c3a0       ?SetName@KHashNode@@UAEXPAD@Z 1000d3a0 f   KHashNode.obj
 0001:0000c400       ?g_Hash@@YAKPAD@Z          1000d400 f   KHashTable.obj
 0001:0000c430       ?Add@KHashTable@@QAEXPAVKStrNode@@@Z 1000d430 f   KHashTable.obj
 0001:0000c4e0       ?Delete@KHashTable@@QAEXPAD@Z 1000d4e0 f   KHashTable.obj
 0001:0000c520       ?Find@KHashTable@@QAEPAVKStrNode@@PAD@Z 1000d520 f   KHashTable.obj
 0001:0000c550       ??4KIme@@QAEAAV0@ABV0@@Z   1000d550 f i Kime.obj
 0001:0000c570       ??0KIme@@QAE@XZ            1000d570 f   Kime.obj
 0001:0000c5a0       ??1KIme@@QAE@XZ            1000d5a0 f   Kime.obj
 0001:0000c5b0       ?ResetIme@KIme@@QAEXXZ     1000d5b0 f   Kime.obj
 0001:0000c5c0       ?IsIme@KIme@@QAEHXZ        1000d5c0 f   Kime.obj
 0001:0000c5f0       ?OpenIME@KIme@@QAEXXZ      1000d5f0 f   Kime.obj
 0001:0000c6a0       ?CloseIME@KIme@@QAEXXZ     1000d6a0 f   Kime.obj
 0001:0000c710       ?TurnOff@KIme@@QAEXXZ      1000d710 f   Kime.obj
 0001:0000c720       ?TurnOn@KIme@@QAEXXZ       1000d720 f   Kime.obj
 0001:0000c730       ?EnableLanguageChange@KIme@@QAEXXZ 1000d730 f   Kime.obj
 0001:0000c740       ?DisableLanguageChange@KIme@@QAEXXZ 1000d740 f   Kime.obj
 0001:0000c750       ?SetCaretPos@KIme@@QAEXHH@Z 1000d750 f   Kime.obj
 0001:0000c7b0       ?WndMsg@KIme@@QAEHPAUHWND__@@IIJ@Z 1000d7b0 f   Kime.obj
 0001:0000c8a0       ?g_SetIniCodec@@YAXH@Z     1000d8a0 f   KIniFile.obj
 0001:0000c8b0       ??0KIniFile@@QAE@XZ        1000d8b0 f   KIniFile.obj
 0001:0000c900       ??1KIniFile@@QAE@XZ        1000d900 f   KIniFile.obj
 0001:0000c950       ?Load@KIniFile@@QAEHPBD@Z  1000d950 f   KIniFile.obj
 0001:0000ca70       ?LoadPack@KIniFile@@QAEHPBD@Z 1000da70 f   KIniFile.obj
 0001:0000cc80       ?Save@KIniFile@@QAEHPBD@Z  1000dc80 f   KIniFile.obj
 0001:0000cdd0       ?SavePack@KIniFile@@QAEHPBD@Z 1000ddd0 f   KIniFile.obj
 0001:0000cfb0       ?Clear@KIniFile@@QAEXXZ    1000dfb0 f   KIniFile.obj
 0001:0000cfc0       ?ReadLine@KIniFile@@AAEHPADJ@Z 1000dfc0 f   KIniFile.obj
 0001:0000d030       ?IsKeyChar@KIniFile@@AAEHD@Z 1000e030 f   KIniFile.obj
 0001:0000d070       ?CreateIniLink@KIniFile@@AAEXPAXJ@Z 1000e070 f   KIniFile.obj
 0001:0000d120       ?ReleaseIniLink@KIniFile@@AAEXXZ 1000e120 f   KIniFile.obj
 0001:0000d1b0       ?SplitKeyValue@KIniFile@@AAEPADPAD@Z 1000e1b0 f   KIniFile.obj
 0001:0000d1d0       ?String2Id@KIniFile@@AAEKPBD@Z 1000e1d0 f   KIniFile.obj
 0001:0000d220       ?IsSectionExist@KIniFile@@QAEHPBD@Z 1000e220 f   KIniFile.obj
 0001:0000d2b0       ?EraseSection@KIniFile@@QAEXPBD@Z 1000e2b0 f   KIniFile.obj
 0001:0000d380       ?EraseKey@KIniFile@@QAEXPBD0@Z 1000e380 f   KIniFile.obj
 0001:0000d460       ?SetKeyValue@KIniFile@@AAEHPBD00@Z 1000e460 f   KIniFile.obj
 0001:0000d620       ?GetKeyValue@KIniFile@@AAEHPBD0PADK@Z 1000e620 f   KIniFile.obj
 0001:0000d710       ?GetString@KIniFile@@QAEHPBD00PADK@Z 1000e710 f   KIniFile.obj
 0001:0000d750       ?GetInteger@KIniFile@@QAEHPBD0HPAH@Z 1000e750 f   KIniFile.obj
 0001:0000d7a0       ?GetInteger2@KIniFile@@QAEXPBD0PAH1@Z 1000e7a0 f   KIniFile.obj
 0001:0000d810       ?GetInteger3@KIniFile@@QAEXPBD0PAH11@Z 1000e810 f   KIniFile.obj
 0001:0000d8d0       ?GetFloat@KIniFile@@QAEHPBD0MPAM@Z 1000e8d0 f   KIniFile.obj
 0001:0000d920       ?GetFloat2@KIniFile@@QAEXPBD0PAM1@Z 1000e920 f   KIniFile.obj
 0001:0000d990       ?GetStruct@KIniFile@@QAEXPBD0PAXK@Z 1000e990 f   KIniFile.obj
 0001:0000da30       ?WriteString@KIniFile@@QAEXPBD00@Z 1000ea30 f   KIniFile.obj
 0001:0000da50       ?WriteInteger@KIniFile@@QAEXPBD0H@Z 1000ea50 f   KIniFile.obj
 0001:0000da90       ?WriteInteger2@KIniFile@@QAEXPBD0HH@Z 1000ea90 f   KIniFile.obj
 0001:0000dad0       ?WriteInteger3@KIniFile@@QAEXPBD0HHH@Z 1000ead0 f   KIniFile.obj
 0001:0000db20       ?WriteDword@KIniFile@@QAEXPBD0K@Z 1000eb20 f   KIniFile.obj
 0001:0000db60       ?WriteFloat@KIniFile@@QAEXPBD0M@Z 1000eb60 f   KIniFile.obj
 0001:0000dba0       ?WriteFloat2@KIniFile@@QAEXPBD0MM@Z 1000eba0 f   KIniFile.obj
 0001:0000dbf0       ?WriteStruct@KIniFile@@QAEXPBD0PAXK@Z 1000ebf0 f   KIniFile.obj
 0001:0000dc80       ?GetNextSection@KIniFile@@QAEHPBDPAD@Z 1000ec80 f   KIniFile.obj
 0001:0000dd70       ?GetNextKey@KIniFile@@QAEHPBD0PAD@Z 1000ed70 f   KIniFile.obj
 0001:0000de90       ?GetSectionCount@KIniFile@@QAEHXZ 1000ee90 f   KIniFile.obj
 0001:0000df10       ?GetRect@KIniFile@@QAEXPBD0PAUtagRECT@@@Z 1000ef10 f   KIniFile.obj
 0001:0000dfc0       ?GetFloat3@KIniFile@@QAEXPBD0PAM@Z 1000efc0 f   KIniFile.obj
 0001:0000e020       ?GetFloat4@KIniFile@@QAEXPBD0PAM@Z 1000f020 f   KIniFile.obj
 0001:0000e080       ?GetBool@KIniFile@@QAEXPBD0PAH@Z 1000f080 f   KIniFile.obj
 0001:0000e0b0       ??0KJpgFile@@QAE@XZ        1000f0b0 f i KJpgFile.obj
 0001:0000e0c0       ??4KJpgFile@@QAEAAV0@ABV0@@Z 1000f0c0 f i KJpgFile.obj
 0001:0000e0e0       ??1KJpgFile@@QAE@XZ        1000f0e0 f i KJpgFile.obj
 0001:0000e0f0       ?Load@KJpgFile@@QAEHPADPAVKBitmap16@@I@Z 1000f0f0 f   KJpgFile.obj
 0001:0000e290       ?GetFuncKey@KKeyboard@@QAEEXZ 1000f290 f i KKeyboard.obj
 0001:0000e2a0       ??4KKeyboard@@QAEAAV0@ABV0@@Z 1000f2a0 f i KKeyboard.obj
 0001:0000e2c0       ??0KKeyboard@@QAE@XZ       1000f2c0 f   KKeyboard.obj
 0001:0000e2f0       ?UpdateState@KKeyboard@@QAEXXZ 1000f2f0 f   KKeyboard.obj
 0001:0000e340       ?IsDown@KKeyboard@@QAEHE@Z 1000f340 f   KKeyboard.obj
 0001:0000e360       ?MakeFuncKey@KKeyboard@@IAEXXZ 1000f360 f   KKeyboard.obj
 0001:0000e3b0       ?MakeMessage@KKeyboard@@IAEXH@Z 1000f3b0 f   KKeyboard.obj
 0001:0000e420       ??0KLinkArray@@QAE@XZ      1000f420 f i KLinkArray.obj
 0001:0000e430       ?GetCount@KLinkArray@@QAEHXZ 1000f430 f i KLinkArray.obj
 0001:0000e440       ?GetNode@KLinkArray@@QAEPAVKLinkNode@@H@Z 1000f440 f i KLinkArray.obj
 0001:0000e450       ?GetNext@KLinkArray@@QBEHH@Z 1000f450 f i KLinkArray.obj
 0001:0000e470       ?GetPrev@KLinkArray@@QBEHH@Z 1000f470 f i KLinkArray.obj
 0001:0000e490       ??4KLinkArray@@QAEAAV0@ABV0@@Z 1000f490 f i KLinkArray.obj
 0001:0000e4b0       ??1KLinkArray@@QAE@XZ      1000f4b0 f   KLinkArray.obj
 0001:0000e4d0       ?Init@KLinkArray@@QAEXH@Z  1000f4d0 f   KLinkArray.obj
 0001:0000e540       ??_H@YGXPAXIHP6EX0@Z@Z     1000f540 f i KLinkArray.obj
 0001:0000e570       ?Remove@KLinkArray@@QAEXH@Z 1000f570 f   KLinkArray.obj
 0001:0000e5d0       ?Insert@KLinkArray@@QAEXH@Z 1000f5d0 f   KLinkArray.obj
 0001:0000e620       ??0KLuaScript@@QAE@XZ      1000f620 f   KLuaScript.obj
 0001:0000e6b0       ??0KLuaScript@@QAE@H@Z     1000f6b0 f   KLuaScript.obj
 0001:0000e740       ??1KLuaScript@@UAE@XZ      1000f740 f   KLuaScript.obj
 0001:0000e790       ?LoadBuffer@KLuaScript@@QAEHPAEK@Z 1000f790 f   KLuaScript.obj
 0001:0000e7d0       ?Load@KLuaScript@@UAEHPAD@Z 1000f7d0 f   KLuaScript.obj
 0001:0000e920       ?Execute@KLuaScript@@UAEHXZ 1000f920 f   KLuaScript.obj
 0001:0000e950       ?ExecuteCode@KLuaScript@@QAEHXZ 1000f950 f   KLuaScript.obj
 0001:0000e9a0       ?CallFunction@KLuaScript@@AAEHPADH00@Z 1000f9a0 f   KLuaScript.obj
 0001:0000eb80       ?CallFunction@KLuaScript@@UAAHPADH0ZZ 1000fb80 f   KLuaScript.obj
 0001:0000eba0       ?GetValuesFromStack@KLuaScript@@QAAHPADZZ 1000fba0 f   KLuaScript.obj
 0001:0000ecf0       ?Init@KLuaScript@@UAEHXZ   1000fcf0 f   KLuaScript.obj
 0001:0000ed50       ?RegisterFunction@KLuaScript@@UAEHPADPAX@Z 1000fd50 f   KLuaScript.obj
 0001:0000ed90       ?Compile@KLuaScript@@UAEHPAD@Z 1000fd90 f   KLuaScript.obj
 0001:0000eda0       ?RegisterFunctions@KLuaScript@@QAEHQAUTLua_Funcs@@H@Z 1000fda0 f   KLuaScript.obj
 0001:0000ee00       ?RegisterStandardFunctions@KLuaScript@@QAEXXZ 1000fe00 f   KLuaScript.obj
 0001:0000ee40       ?Exit@KLuaScript@@UAEXXZ   1000fe40 f   KLuaScript.obj
 0001:0000ee70       ?ScriptError@KLuaScript@@QAEXH@Z 1000fe70 f   KLuaScript.obj
 0001:0000eeb0       ?ScriptError@KLuaScript@@QAEXHH@Z 1000feb0 f   KLuaScript.obj
 0001:0000eef0       ?SafeCallBegin@KLuaScript@@QAEXPAH@Z 1000fef0 f   KLuaScript.obj
 0001:0000ef10       ?SafeCallEnd@KLuaScript@@QAEXH@Z 1000ff10 f   KLuaScript.obj
 0001:0000ef30       ?Stop@KLuaScript@@QAEHXZ   1000ff30 f   KLuaScript.obj
 0001:0000ef50       ?Resume@KLuaScript@@QAEHXZ 1000ff50 f   KLuaScript.obj
 0001:0000ef70       ?CreateTable@KLuaScript@@QAEKXZ 1000ff70 f   KLuaScript.obj
 0001:0000efb0       ?SetGlobalName@KLuaScript@@QAEXPAD@Z 1000ffb0 f   KLuaScript.obj
 0001:0000efd0       ?ModifyTable@KLuaScript@@QAEKPAD@Z 1000ffd0 f   KLuaScript.obj
 0001:0000f030       ?GetMemPtr@KMemClass1@@QAEPAXXZ 10010030 f i KLubCmpl_Blocker.obj
 0001:0000f040       ?GetMemLen@KMemClass1@@QAEKXZ 10010040 f i KLubCmpl_Blocker.obj
 0001:0000f050       ??4KMemClass1@@QAEAAV0@ABV0@@Z 10010050 f i KLubCmpl_Blocker.obj
 0001:0000f070       ?ScanIf@KLubCmpl_Blocker@@QAEXPAVKLineNode@@@Z 10010070 f   KLubCmpl_Blocker.obj
 0001:0000f340       ??_EKStackNode@@UAEPAXI@Z  10010340 f i KLubCmpl_Blocker.obj
 0001:0000f340       ??_GKStackNode@@UAEPAXI@Z  10010340 f i KLubCmpl_Blocker.obj
 0001:0000f360       ??1KStackNode@@UAE@XZ      10010360 f i KLubCmpl_Blocker.obj
 0001:0000f370       ?ExchangeCurLines@KLubCmpl_Blocker@@QAEHXZ 10010370 f   KLubCmpl_Blocker.obj
 0001:0000ff80       ?Remove@KNode@@QAEXXZ      10010f80 f i KLubCmpl_Blocker.obj
 0001:0000ffb0       ??_EKLineNode@@UAEPAXI@Z   10010fb0 f i KLubCmpl_Blocker.obj
 0001:0000ffb0       ??_GKLineNode@@UAEPAXI@Z   10010fb0 f i KLubCmpl_Blocker.obj
 0001:0000ffd0       ??1KLineNode@@UAE@XZ       10010fd0 f i KLubCmpl_Blocker.obj
 0001:0000ffe0       ?Load@KLubCmpl_Blocker@@QAEPAVKLineNode@@PAD@Z 10010fe0 f   KLubCmpl_Blocker.obj
 0001:000101f0       ?PushKey@KLubCmpl_Blocker@@QAEXPAVKStackNode@@@Z 100111f0 f   KLubCmpl_Blocker.obj
 0001:00010240       ?PopKey@KLubCmpl_Blocker@@QAEPAVKStackNode@@XZ 10011240 f   KLubCmpl_Blocker.obj
 0001:000102b0       ?GetBuffer@KLubCmpl_Blocker@@QAEHAAPAVKMemClass1@@@Z 100112b0 f   KLubCmpl_Blocker.obj
 0001:00010400       ?Write@KLubCmpl_Blocker@@QAEHPAD@Z 10011400 f   KLubCmpl_Blocker.obj
 0001:00010530       ?Print@KLubCmpl_Blocker@@QAEXXZ 10011530 f   KLubCmpl_Blocker.obj
 0001:000105c0       ??1KMemList@@QAE@XZ        100115c0 f i KMemBase.obj
 0001:00010640       ??1KList@@QAE@XZ           10011640 f i KMemBase.obj
 0001:00010650       ??0KMemList@@QAE@XZ        10011650 f i KMemBase.obj
 0001:00010680       ?g_MemInfo@@YAXXZ          10011680 f   KMemBase.obj
 0001:00010690       ?g_MemAlloc@@YAPAXK@Z      10011690 f   KMemBase.obj
 0001:00010700       ?g_MemFree@@YAXPAX@Z       10011700 f   KMemBase.obj
 0001:00010760       ?g_MemCopy@@YAXPAX0K@Z     10011760 f   KMemBase.obj
 0001:00010790       ?g_MemCopyMmx@@YAXPAX0K@Z  10011790 f   KMemBase.obj
 0001:000107d0       ?g_MemComp@@YAHPAX0K@Z     100117d0 f   KMemBase.obj
 0001:00010800       ?g_MemFill@@YAXPAXKE@Z     10011800 f   KMemBase.obj
 0001:00010830       ?g_MemFill@@YAXPAXKG@Z     10011830 f   KMemBase.obj
 0001:00010860       ?g_MemFill@@YAXPAXKK@Z     10011860 f   KMemBase.obj
 0001:00010880       ?g_MemZero@@YAXPAXK@Z      10011880 f   KMemBase.obj
 0001:000108a0       ?g_MemXore@@YAXPAXKK@Z     100118a0 f   KMemBase.obj
 0001:000108c0       ??0KMemClass@@QAE@XZ       100118c0 f   KMemClass.obj
 0001:000108d0       ??1KMemClass@@QAE@XZ       100118d0 f   KMemClass.obj
 0001:000108e0       ?Alloc@KMemClass@@QAEPAXK@Z 100118e0 f   KMemClass.obj
 0001:00010920       ?Free@KMemClass@@QAEXXZ    10011920 f   KMemClass.obj
 0001:00010950       ?Zero@KMemClass@@QAEXXZ    10011950 f   KMemClass.obj
 0001:00010970       ?Fill@KMemClass@@QAEXE@Z   10011970 f   KMemClass.obj
 0001:00010990       ?Fill@KMemClass@@QAEXG@Z   10011990 f   KMemClass.obj
 0001:000109b0       ?Fill@KMemClass@@QAEXK@Z   100119b0 f   KMemClass.obj
 0001:000109d0       ?Alloc@KMemClass1@@QAEPAXK@Z 100119d0 f   KMemClass1.obj
 0001:000109f0       ?Free@KMemClass1@@QAEXXZ   100119f0 f   KMemClass1.obj
 0001:00010a40       ??0KMemManager@@QAE@XZ     10011a40 f   KMemManager.obj
 0001:00010ac0       ??1KMemManager@@QAE@XZ     10011ac0 f   KMemManager.obj
 0001:00010b50       ?NewChunk@KMemManager@@AAEPAXHH@Z 10011b50 f   KMemManager.obj
 0001:00010be0       ?FreeChunk@KMemManager@@AAEXPAUKChunkHeader@1@@Z 10011be0 f   KMemManager.obj
 0001:00010c20       ?Malloc@KMemManager@@QAEPAXH@Z 10011c20 f   KMemManager.obj
 0001:00010cc0       ?Calloc@KMemManager@@QAEPAXH@Z 10011cc0 f   KMemManager.obj
 0001:00010ce0       ?Free@KMemManager@@QAEXPAX@Z 10011ce0 f   KMemManager.obj
 0001:00010d60       ??0KMemStack@@QAE@XZ       10011d60 f   KMemStack.obj
 0001:00010d90       ??1KMemStack@@QAE@XZ       10011d90 f   KMemStack.obj
 0001:00010da0       ?Init@KMemStack@@QAEXH@Z   10011da0 f   KMemStack.obj
 0001:00010dc0       ?Push@KMemStack@@QAEPAXH@Z 10011dc0 f   KMemStack.obj
 0001:00010e10       ?Free@KMemStack@@QAEXPAX@Z 10011e10 f   KMemStack.obj
 0001:00010e20       ?AllocNewChunk@KMemStack@@QAEHXZ 10011e20 f   KMemStack.obj
 0001:00010e80       ?FreeAllChunks@KMemStack@@QAEXXZ 10011e80 f   KMemStack.obj
 0001:00010ed0       ?GetChunkSize@KMemStack@@QAEHXZ 10011ed0 f   KMemStack.obj
 0001:00010ee0       ?GetStackSize@KMemStack@@QAEHXZ 10011ee0 f   KMemStack.obj
 0001:00010f10       ??0KList@@QAE@XZ           10011f10 f i KMessage.obj
 0001:00010f60       ?g_SendMessage@@YAXHHHH@Z  10011f60 f   KMessage.obj
 0001:00010fd0       ?g_PeekMessage@@YAHPAUKMessage@@@Z 10011fd0 f   KMessage.obj
 0001:00011010       ?g_GetMessage@@YAHPAUKMessage@@@Z 10012010 f   KMessage.obj
 0001:00011090       ?g_ClearMessage@@YAXXZ     10012090 f   KMessage.obj
 0001:000110c0       ?SetWorkingMode@KMouse@@QAEXE@Z 100120c0 f i KMouse.obj
 0001:000110d0       ?SetKeyState@KMouse@@QAEXE@Z 100120d0 f i KMouse.obj
 0001:000110e0       ??4KMouse@@QAEAAV0@ABV0@@Z 100120e0 f i KMouse.obj
 0001:00011100       ??0KMouse@@QAE@XZ          10012100 f   KMouse.obj
 0001:00011140       ?SetWorkingRect@KMouse@@QAEXPAUtagRECT@@@Z 10012140 f   KMouse.obj
 0001:00011160       ?SetPos@KMouse@@QAEXPAUtagPOINT@@@Z 10012160 f   KMouse.obj
 0001:00011180       ?GetPos@KMouse@@QAEXPAUtagPOINT@@@Z 10012180 f   KMouse.obj
 0001:000111a0       ?UpdateState@KMouse@@QAEXXZ 100121a0 f   KMouse.obj
 0001:00011270       ?MakeMessage@KMouse@@IAEXHHEE@Z 10012270 f   KMouse.obj
 0001:000113c0       ??4KThread@@QAEAAV0@ABV0@@Z 100123c0 f i KMp3Music.obj
 0001:000113f0       ??0KMusic@@QAE@ABV0@@Z     100123f0 f i KMp3Music.obj
 0001:00011480       ??4KMusic@@QAEAAV0@ABV0@@Z 10012480 f i KMp3Music.obj
 0001:00011520       ??_GKMusic@@UAEPAXI@Z      10012520 f i KMp3Music.obj
 0001:00011540       ??_EKMusic@@UAEPAXI@Z      10012540 f i KMp3Music.obj
 0001:000115a0       ??0KMp3Music@@QAE@XZ       100125a0 f i KMp3Music.obj
 0001:00011600       ??0KMp3Music@@QAE@ABV0@@Z  10012600 f i KMp3Music.obj
 0001:000116f0       ??4KMp3Music@@QAEAAV0@ABV0@@Z 100126f0 f i KMp3Music.obj
 0001:000117e0       ??1KMp3Music@@UAE@XZ       100127e0 f i KMp3Music.obj
 0001:00011840       ??_GKMp3Music@@UAEPAXI@Z   10012840 f i KMp3Music.obj
 0001:00011860       ??_EKMp3Music@@UAEPAXI@Z   10012860 f i KMp3Music.obj
 0001:000118c0       ?Open@KMp3Music@@UAEHPAD@Z 100128c0 f   KMp3Music.obj
 0001:00011900       ?InitSoundFormat@KMp3Music@@MAEXXZ 10012900 f   KMp3Music.obj
 0001:00011920       ?ReadWaveData@KMp3Music@@MAEKPAEK@Z 10012920 f   KMp3Music.obj
 0001:00011940       ?Seek@KMp3Music@@UAEXH@Z   10012940 f   KMp3Music.obj
 0001:00011950       ?Rewind@KMp3Music@@UAEXXZ  10012950 f   KMp3Music.obj
 0001:00011970       ?Mp3FileOpen@KMp3Music@@MAEHPAD@Z 10012970 f   KMp3Music.obj
 0001:00011980       ?Mp3FileRead@KMp3Music@@MAEKPAEK@Z 10012980 f   KMp3Music.obj
 0001:000119a0       ?Mp3FileSeek@KMp3Music@@MAEKJ@Z 100129a0 f   KMp3Music.obj
 0001:000119c0       ?Mp3Init@KMp3Music@@MAEHXZ 100129c0 f   KMp3Music.obj
 0001:00011af0       ?Mp3Decode@KMp3Music@@MAEKPAEK@Z 10012af0 f   KMp3Music.obj
 0001:00011b70       ?Mp3FillBuffer@KMp3Music@@MAEHXZ 10012b70 f   KMp3Music.obj
 0001:00011bf0       ??0KMp4Audio@@QAE@XZ       10012bf0 f i KMp4Audio.obj
 0001:00011c70       ??0KMp4Audio@@QAE@ABV0@@Z  10012c70 f i KMp4Audio.obj
 0001:00011d80       ??4KMp4Audio@@QAEAAV0@ABV0@@Z 10012d80 f i KMp4Audio.obj
 0001:00011e90       ??1KMp4Audio@@UAE@XZ       10012e90 f i KMp4Audio.obj
 0001:00011f00       ??_GKMp4Audio@@UAEPAXI@Z   10012f00 f i KMp4Audio.obj
 0001:00011f20       ??_EKMp4Audio@@UAEPAXI@Z   10012f20 f i KMp4Audio.obj
 0001:00011f80       ?Seek@KMp4Audio@@UAEXH@Z   10012f80 f   KMp4Audio.obj
 0001:00011fb0       ?Rewind@KMp4Audio@@UAEXXZ  10012fb0 f   KMp4Audio.obj
 0001:00011fd0       ?Mp3FileOpen@KMp4Audio@@MAEHPAD@Z 10012fd0 f   KMp4Audio.obj
 0001:00012020       ?Mp3FileRead@KMp4Audio@@MAEKPAEK@Z 10013020 f   KMp4Audio.obj
 0001:00012040       ?Mp3FileSeek@KMp4Audio@@MAEKJ@Z 10013040 f   KMp4Audio.obj
 0001:00012060       ??0KVideo@@QAE@ABV0@@Z     10013060 f i KMp4Movie.obj
 0001:00012110       ??4KVideo@@QAEAAV0@ABV0@@Z 10013110 f i KMp4Movie.obj
 0001:000121c0       ??0KMp4Video@@QAE@ABV0@@Z  100131c0 f i KMp4Movie.obj
 0001:00012290       ??4KMp4Video@@QAEAAV0@ABV0@@Z 10013290 f i KMp4Movie.obj
 0001:00012360       ??0KMp4Movie@@QAE@XZ       10013360 f i KMp4Movie.obj
 0001:000123f0       ??0KMp4Movie@@QAE@ABV0@@Z  100133f0 f i KMp4Movie.obj
 0001:00012630       ??4KMp4Movie@@QAEAAV0@ABV0@@Z 10013630 f i KMp4Movie.obj
 0001:00012800       ??1KMp4Movie@@QAE@XZ       10013800 f i KMp4Movie.obj
 0001:00012890       ?Open@KMp4Movie@@QAEHPAD@Z 10013890 f   KMp4Movie.obj
 0001:000128c0       ?Close@KMp4Movie@@QAEXXZ   100138c0 f   KMp4Movie.obj
 0001:000128e0       ?Play@KMp4Movie@@QAEXHHH@Z 100138e0 f   KMp4Movie.obj
 0001:00012920       ?Stop@KMp4Movie@@QAEXXZ    10013920 f   KMp4Movie.obj
 0001:00012940       ?Seek@KMp4Movie@@QAEXH@Z   10013940 f   KMp4Movie.obj
 0001:00012970       ?Rewind@KMp4Movie@@QAEXXZ  10013970 f   KMp4Movie.obj
 0001:00012990       ?WaitForEnd@KMp4Movie@@QAEXXZ 10013990 f   KMp4Movie.obj
 0001:00012a20       ??0KMp4Video@@QAE@XZ       10013a20 f   KMp4Video.obj
 0001:00012a80       ??1KMp4Video@@QAE@XZ       10013a80 f   KMp4Video.obj
 0001:00012ae0       ?Open@KMp4Video@@UAEHPAD@Z 10013ae0 f   KMp4Video.obj
 0001:00012b50       ?Close@KMp4Video@@UAEXXZ   10013b50 f   KMp4Video.obj
 0001:00012b80       ?Seek@KMp4Video@@UAEXH@Z   10013b80 f   KMp4Video.obj
 0001:00012ba0       ?Rewind@KMp4Video@@UAEXXZ  10013ba0 f   KMp4Video.obj
 0001:00012bb0       ?NextFrame@KMp4Video@@MAEHXZ 10013bb0 f   KMp4Video.obj
 0001:00012c40       ?DrawFrame@KMp4Video@@IAEXXZ 10013c40 f   KMp4Video.obj
 0001:00012c90       ?DivXInit@KMp4Video@@AAEHXZ 10013c90 f   KMp4Video.obj
 0001:00012ec0       ?DivXDecode@KMp4Video@@AAEXH@Z 10013ec0 f   KMp4Video.obj
 0001:00012f10       ?DivXExit@KMp4Video@@AAEXXZ 10013f10 f   KMp4Video.obj
 0001:00012f40       ??0KMpgMusic@@QAE@XZ       10013f40 f i KMpgMusic.obj
 0001:00012fb0       ??0KMpgMusic@@QAE@ABV0@@Z  10013fb0 f i KMpgMusic.obj
 0001:000130b0       ??4KMpgMusic@@QAEAAV0@ABV0@@Z 100140b0 f i KMpgMusic.obj
 0001:000131b0       ??1KMpgMusic@@UAE@XZ       100141b0 f i KMpgMusic.obj
 0001:00013220       ??_GKMpgMusic@@UAEPAXI@Z   10014220 f i KMpgMusic.obj
 0001:00013240       ??_EKMpgMusic@@UAEPAXI@Z   10014240 f i KMpgMusic.obj
 0001:000132a0       ?Open@KMpgMusic@@UAEHPAD@Z 100142a0 f   KMpgMusic.obj
 0001:000132e0       ?InitSoundFormat@KMpgMusic@@MAEXXZ 100142e0 f   KMpgMusic.obj
 0001:00013300       ?ReadWaveData@KMpgMusic@@MAEKPAEK@Z 10014300 f   KMpgMusic.obj
 0001:00013320       ?Seek@KMpgMusic@@UAEXH@Z   10014320 f   KMpgMusic.obj
 0001:00013330       ?Rewind@KMpgMusic@@UAEXXZ  10014330 f   KMpgMusic.obj
 0001:00013350       ?Mp3FileOpen@KMpgMusic@@MAEHPAD@Z 10014350 f   KMpgMusic.obj
 0001:00013360       ?Mp3FileRead@KMpgMusic@@MAEKPAEK@Z 10014360 f   KMpgMusic.obj
 0001:00013380       ?Mp3FileSeek@KMpgMusic@@MAEKJ@Z 10014380 f   KMpgMusic.obj
 0001:000133a0       ?Mp3Init@KMpgMusic@@AAEHXZ 100143a0 f   KMpgMusic.obj
 0001:000135a0       ?Mp3Decode@KMpgMusic@@AAEKPAEK@Z 100145a0 f   KMpgMusic.obj
 0001:00013630       ?Mp3FillBuffer@KMpgMusic@@AAEHXZ 10014630 f   KMpgMusic.obj
 0001:000136b0       ?GetMsgBuf@KMsgNode@@QAEPAXXZ 100146b0 f i KMsgNode.obj
 0001:000136c0       ?GetMsgLen@KMsgNode@@QAEKXZ 100146c0 f i KMsgNode.obj
 0001:000136d0       ?SetPtr@KMsgNode@@QAEXPAX@Z 100146d0 f i KMsgNode.obj
 0001:000136e0       ?GetPtr@KMsgNode@@QAEPAXXZ 100146e0 f i KMsgNode.obj
 0001:000136f0       ??0KMsgNode@@QAE@ABV0@@Z   100146f0 f i KMsgNode.obj
 0001:00013730       ??4KMsgNode@@QAEAAV0@ABV0@@Z 10014730 f i KMsgNode.obj
 0001:00013760       ??_GKMsgNode@@UAEPAXI@Z    10014760 f i KMsgNode.obj
 0001:00013780       ??_EKMsgNode@@UAEPAXI@Z    10014780 f i KMsgNode.obj
 0001:000137e0       ??0KMsgNode@@QAE@XZ        100147e0 f   KMsgNode.obj
 0001:00013800       ??1KMsgNode@@UAE@XZ        10014800 f   KMsgNode.obj
 0001:00013860       ??1KNode@@UAE@XZ           10014860 f i KMsgNode.obj
 0001:00013870       ?SetMsg@KMsgNode@@QAEXPAXK@Z 10014870 f   KMsgNode.obj
 0001:000138b0       ??0KMusic@@QAE@XZ          100148b0 f   KMusic.obj
 0001:000138e0       ??1KMusic@@UAE@XZ          100148e0 f   KMusic.obj
 0001:00013930       ?ThreadFunction@KMusic@@KAXPAX@Z 10014930 f   KMusic.obj
 0001:00013950       ?Open@KMusic@@UAEHPAD@Z    10014950 f   KMusic.obj
 0001:00013960       ?Init@KMusic@@MAEHXZ       10014960 f   KMusic.obj
 0001:000139c0       ?Close@KMusic@@UAEXXZ      100149c0 f   KMusic.obj
 0001:00013a00       ?InitSoundFormat@KMusic@@MAEXXZ 10014a00 f   KMusic.obj
 0001:00013a10       ?InitSoundBuffer@KMusic@@MAEHXZ 10014a10 f   KMusic.obj
 0001:00013aa0       ?FreeSoundBuffer@KMusic@@MAEXXZ 10014aa0 f   KMusic.obj
 0001:00013ad0       ?InitEventHandle@KMusic@@MAEHXZ 10014ad0 f   KMusic.obj
 0001:00013b20       ?FreeEventHandle@KMusic@@MAEXXZ 10014b20 f   KMusic.obj
 0001:00013b50       ?InitSoundNotify@KMusic@@MAEHXZ 10014b50 f   KMusic.obj
 0001:00013bd0       ?FreeSoundNotify@KMusic@@MAEXXZ 10014bd0 f   KMusic.obj
 0001:00013c00       ?HandleNotify@KMusic@@UAEHXZ 10014c00 f   KMusic.obj
 0001:00013c40       ?FillBufferWithSound@KMusic@@MAEHK@Z 10014c40 f   KMusic.obj
 0001:00013d20       ?FillBufferWithSilence@KMusic@@MAEHXZ 10014d20 f   KMusic.obj
 0001:00013da0       ?ReadWaveData@KMusic@@MAEKPAEK@Z 10014da0 f   KMusic.obj
 0001:00013db0       ?Play@KMusic@@UAEXH@Z      10014db0 f   KMusic.obj
 0001:00013de0       ?Stop@KMusic@@UAEXXZ       10014de0 f   KMusic.obj
 0001:00013df0       ?IsPlaying@KMusic@@UAEHXZ  10014df0 f   KMusic.obj
 0001:00013e30       ?SetVolume@KMusic@@UAEXJ@Z 10014e30 f   KMusic.obj
 0001:00013e50       ?Rewind@KMusic@@UAEXXZ     10014e50 f   KMusic.obj
 0001:00013e60       ??0KMutex@@QAE@XZ          10014e60 f   KMutex.obj
 0001:00013e70       ??1KMutex@@QAE@XZ          10014e70 f   KMutex.obj
 0001:00013e80       ?Lock@KMutex@@QAEXXZ       10014e80 f   KMutex.obj
 0001:00013e90       ?Unlock@KMutex@@QAEXXZ     10014e90 f   KMutex.obj
 0001:00013ea0       ??0KOctreeNode@@QAE@ABV0@@Z 10014ea0 f i KOctree.obj
 0001:00013ee0       ??4KOctreeNode@@QAEAAV0@ABV0@@Z 10014ee0 f i KOctree.obj
 0001:00013f20       ??_GKOctreeNode@@UAEPAXI@Z 10014f20 f i KOctree.obj
 0001:00013f40       ??_EKOctreeNode@@UAEPAXI@Z 10014f40 f i KOctree.obj
 0001:00013fa0       ??0KOctree@@QAE@ABV0@@Z    10014fa0 f i KOctree.obj
 0001:00014010       ??4KOctree@@QAEAAV0@ABV0@@Z 10015010 f i KOctree.obj
 0001:00014080       ??_GKOctree@@UAEPAXI@Z     10015080 f i KOctree.obj
 0001:000140a0       ??_EKOctree@@UAEPAXI@Z     100150a0 f i KOctree.obj
 0001:00014100       ??0KOctree@@QAE@XZ         10015100 f   KOctree.obj
 0001:00014130       ??1KOctree@@UAE@XZ         10015130 f   KOctree.obj
 0001:000141a0       ?Insert@KOctree@@QAEXEEE@Z 100151a0 f   KOctree.obj
 0001:000141d0       ?ReduceNode@KOctree@@QAEXXZ 100151d0 f   KOctree.obj
 0001:00014210       ?GetMinSumNode@KOctree@@QAEXPAVKOctreeNode@@@Z 10015210 f   KOctree.obj
 0001:00014270       ?InitPalette@KOctree@@QAEXXZ 10015270 f   KOctree.obj
 0001:000142a0       ?MakePalette@KOctree@@QAEXPAVKOctreeNode@@@Z 100152a0 f   KOctree.obj
 0001:00014330       ?QueryIndex@KOctree@@QAEHEEE@Z 10015330 f   KOctree.obj
 0001:00014350       ??0KOctreeNode@@QAE@XZ     10015350 f   KOctreeNode.obj
 0001:00014380       ??1KOctreeNode@@UAE@XZ     10015380 f   KOctreeNode.obj
 0001:00014390       ?Free@KOctreeNode@@QAEXXZ  10015390 f   KOctreeNode.obj
 0001:000143c0       ?Insert@KOctreeNode@@QAEHEEEHH@Z 100153c0 f   KOctreeNode.obj
 0001:000144a0       ?QueryIndex@KOctreeNode@@QAEHEEEH@Z 100154a0 f   KOctreeNode.obj
 0001:00014520       ?Merge@KOctreeNode@@QAEHXZ 10015520 f   KOctreeNode.obj
 0001:00014590       ?IsLeaf@KOctreeNode@@QAEHXZ 10015590 f   KOctreeNode.obj
 0001:000145b0       ?IsFather@KOctreeNode@@QAEHXZ 100155b0 f   KOctreeNode.obj
 0001:000145f0       ?RefenceSum@KOctreeNode@@QAEHXZ 100155f0 f   KOctreeNode.obj
 0001:00014610       ??4KPakData@@QAEAAV0@ABV0@@Z 10015610 f i KPakData.obj
 0001:00014630       ??0KPakData@@QAE@XZ        10015630 f   KPakData.obj
 0001:00014680       ??1KPakData@@QAE@XZ        10015680 f   KPakData.obj
 0001:000146e0       ?Open@KPakData@@QAEHPAD@Z  100156e0 f   KPakData.obj
 0001:000147a0       ?Read@KPakData@@QAEKPAXK@Z 100157a0 f   KPakData.obj
 0001:000147c0       ?Seek@KPakData@@QAEKJK@Z   100157c0 f   KPakData.obj
 0001:000147e0       ?Tell@KPakData@@QAEKXZ     100157e0 f   KPakData.obj
 0001:000147f0       ?Close@KPakData@@QAEXXZ    100157f0 f   KPakData.obj
 0001:00014820       ?Search@KPakData@@QAEHPADPAK1@Z 10015820 f   KPakData.obj
 0001:000148d0       ?Decode@KPakData@@QAEHPAUTCodeInfo@@@Z 100158d0 f   KPakData.obj
 0001:000148e0       ?g_SetPakFileMode@@YAXH@Z  100158e0 f   KPakFile.obj
 0001:000148f0       ?SprGetHeader@@YAPAUSPRHEAD@@PBDAAPAUSPROFFS@@@Z 100158f0 f   KPakFile.obj
 0001:00014a70       ?SprReleaseHeader@@YAXPAUSPRHEAD@@@Z 10015a70 f   KPakFile.obj
 0001:00014a90       ?SprGetFrame@@YAPAUSPRFRAME@@PAUSPRHEAD@@H@Z 10015a90 f   KPakFile.obj
 0001:00014ac0       ?SprReleaseFrame@@YAXPAUSPRFRAME@@@Z 10015ac0 f   KPakFile.obj
 0001:00014ae0       ?get_jpg_image@@YAPAUKSGImageContent@@QBDI@Z 10015ae0 f   KPakFile.obj
 0001:00014c50       ?release_image@@YAXPAUKSGImageContent@@@Z 10015c50 f   KPakFile.obj
 0001:00014c70       ??0KPakFile@@QAE@XZ        10015c70 f   KPakFile.obj
 0001:00014c90       ??1KPakFile@@QAE@XZ        10015c90 f   KPakFile.obj
 0001:00014ce0       ?IsFileInPak@KPakFile@@QAE_NXZ 10015ce0 f   KPakFile.obj
 0001:00014d00       ?Open@KPakFile@@QAEHPBD@Z  10015d00 f   KPakFile.obj
 0001:00014db0       ?Read@KPakFile@@QAEKPAXI@Z 10015db0 f   KPakFile.obj
 0001:00014e00       ?Seek@KPakFile@@QAEKHI@Z   10015e00 f   KPakFile.obj
 0001:00014e70       ?Tell@KPakFile@@QAEKXZ     10015e70 f   KPakFile.obj
 0001:00014e80       ?Size@KPakFile@@QAEKXZ     10015e80 f   KPakFile.obj
 0001:00014e90       ?Close@KPakFile@@QAEXXZ    10015e90 f   KPakFile.obj
 0001:00014eb0       ?Save@KPakFile@@QAEHPBD@Z  10015eb0 f   KPakFile.obj
 0001:00014ec0       ??0KPakList@@QAE@XZ        10015ec0 f   KPakList.obj
 0001:00014ee0       ??1KPakList@@QAE@XZ        10015ee0 f   KPakList.obj
 0001:00014ef0       ?Close@KPakList@@QAEXXZ    10015ef0 f   KPakList.obj
 0001:00014f40       ?FindElemFile@KPakList@@QAE_NKAAUXPackElemFileRef@@@Z 10015f40 f   KPakList.obj
 0001:00014f90       ?FileNameToId@KPakList@@AAEKPBD@Z 10015f90 f   KPakList.obj
 0001:00014ff0       ?FindElemFile@KPakList@@QAE_NPBDAAUXPackElemFileRef@@@Z 10015ff0 f   KPakList.obj
 0001:00015050       ?Open@KPakList@@QAE_NPBD@Z 10016050 f   KPakList.obj
 0001:00015250       ?ElemFileRead@KPakList@@QAEHAAUXPackElemFileRef@@PAXI@Z 10016250 f   KPakList.obj
 0001:00015290       ?GetSprHeader@KPakList@@QAEPAUSPRHEAD@@AAUXPackElemFileRef@@AAPAUSPROFFS@@@Z 10016290 f   KPakList.obj
 0001:000152c0       ?GetSprFrame@KPakList@@QAEPAUSPRFRAME@@HPAUSPRHEAD@@H@Z 100162c0 f   KPakList.obj
 0001:000152f0       ??4KPakTool@@QAEAAV0@ABV0@@Z 100162f0 f i KPakTool.obj
 0001:00015310       ??0KPakTool@@QAE@XZ        10016310 f   KPakTool.obj
 0001:00015320       ??1KPakTool@@QAE@XZ        10016320 f   KPakTool.obj
 0001:00015330       ?Pack@KPakTool@@QAEHPAD0H@Z 10016330 f   KPakTool.obj
 0001:00015570       ?UnPack@KPakTool@@QAEHPAD0@Z 10016570 f   KPakTool.obj
 0001:00015780       ?g_SetColorStyle@@YAXEEE@Z 10016780 f   KPalette.obj
 0001:000157a0       ?g_Pal24ToPal16@@YAXPAUKPAL24@@PAGH@Z 100167a0 f   KPalette.obj
 0001:00015850       ?g_Pal16ToPal24@@YAXPAGPAUKPAL24@@H@Z 10016850 f   KPalette.obj
 0001:00015900       ?g_Pal32ToPal16@@YAXPAUKPAL32@@PAGH@Z 10016900 f   KPalette.obj
 0001:00015950       ?g_Pal24ToPal16Style@@YAXPAUKPAL24@@PAGH@Z 10016950 f   KPalette.obj
 0001:00015a00       ?g_Pal32ToPal16Style@@YAXPAUKPAL32@@PAGH@Z 10016a00 f   KPalette.obj
 0001:00015ab0       ?g_Pal24ToPal16Gray@@YAXPAUKPAL24@@PAGH@Z 10016ab0 f   KPalette.obj
 0001:00015b20       ?g_Pal32ToPal16Gray@@YAXPAUKPAL32@@PAGH@Z 10016b20 f   KPalette.obj
 0001:00015b90       ?g_Pal24ToPal16Lum@@YAXPAUKPAL24@@PAGH@Z 10016b90 f   KPalette.obj
 0001:00015c10       ?g_Pal32ToPal16Lum@@YAXPAUKPAL32@@PAGH@Z 10016c10 f   KPalette.obj
 0001:00015c90       ?g_Pal24ToPal32@@YAXPAUKPAL24@@PAUKPAL32@@H@Z 10016c90 f   KPalette.obj
 0001:00015cd0       ?g_Pal32ToPal24@@YAXPAUKPAL32@@PAUKPAL24@@H@Z 10016cd0 f   KPalette.obj
 0001:00015d10       ??4KPcxFile@@QAEAAV0@ABV0@@Z 10016d10 f i KPcxFile.obj
 0001:00015d30       ?Load@KPcxFile@@QAEHPADPAVKBitmap@@@Z 10016d30 f   KPcxFile.obj
 0001:00015f00       ?Save@KPcxFile@@QAEHPADPAVKBitmap@@@Z 10016f00 f   KPcxFile.obj
 0001:00015f10       ?Decode@KPcxFile@@AAEXPAX0@Z 10016f10 f   KPcxFile.obj
 0001:00015f90       ?Encode@KPcxFile@@AAEXPAX0@Z 10016f90 f   KPcxFile.obj
 0001:00015fa0       ?GetVertexNumber@KPolygon@@QAEHXZ 10016fa0 f i KPolygon.obj
 0001:00015fb0       ?GetPolygonPtr@KPolygon@@QAEPAUTPolygon@@XZ 10016fb0 f i KPolygon.obj
 0001:00015fc0       ??4KPolygon@@QAEAAV0@ABV0@@Z 10016fc0 f i KPolygon.obj
 0001:00015fe0       ??0KPolygon@@QAE@XZ        10016fe0 f   KPolygon.obj
 0001:00016000       ?IsPointInPolygon@KPolygon@@QAEHUtagPOINT@@@Z 10017000 f   KPolygon.obj
 0001:000160c0       ?IsPointInPolygon@KPolygon@@QAEHHH@Z 100170c0 f   KPolygon.obj
 0001:00016180       ?GetNearVertex@KPolygon@@QAEHUtagPOINT@@@Z 10017180 f   KPolygon.obj
 0001:000161f0       ?GetIndexVertex@KPolygon@@QAEHHPAUtagPOINT@@@Z 100171f0 f   KPolygon.obj
 0001:00016220       ?RemoveIndexVertex@KPolygon@@QAEHH@Z 10017220 f   KPolygon.obj
 0001:00016260       ?AddPointToVertex@KPolygon@@QAEHUtagPOINT@@@Z 10017260 f   KPolygon.obj
 0001:000163a0       ?AddPointToVertex@KPolygon@@QAEHHH@Z 100173a0 f   KPolygon.obj
 0001:000164e0       ?LoopVertex@KPolygon@@QAEXH@Z 100174e0 f   KPolygon.obj
 0001:00016540       ?Clear@KPolygon@@QAEXXZ    10017540 f   KPolygon.obj
 0001:00016560       ?GetCenterPos@KPolygon@@QAEXPAUtagPOINT@@@Z 10017560 f   KPolygon.obj
 0001:000165b0       ?ShiftVertex@KPolygon@@QAEHHH@Z 100175b0 f   KPolygon.obj
 0001:00016780       ?GetLeftVertex@KPolygon@@QAEHXZ 10017780 f   KPolygon.obj
 0001:000167b0       ?GetRightVertex@KPolygon@@QAEHXZ 100177b0 f   KPolygon.obj
 0001:000167e0       ?g_ColliSion@@YAHVKPolygon@@0@Z 100177e0 f   KPolyRelation.obj
 0001:00016830       ?g_SpaceRelation@@YAHVKPolygon@@0@Z 10017830 f   KPolyRelation.obj
 0001:000169f0       ?IntersectionX2Y@@YAHUtagPOINT@@0HPAH@Z 100179f0 f   KPolyRelation.obj
 0001:00016a40       ?g_RandomSeed@@YAXI@Z      10017a40 f   KRandom.obj
 0001:00016a50       ?g_Random@@YAII@Z          10017a50 f   KRandom.obj
 0001:00016a90       ?g_GetRandomSeed@@YAIXZ    10017a90 f   KRandom.obj
 0001:00016aa0       ?SignalEvent@KSafeList@@QAEXXZ 10017aa0 f i KSafeList.obj
 0001:00016ab0       ?WaitEvent@KSafeList@@QAEXXZ 10017ab0 f i KSafeList.obj
 0001:00016ac0       ?TimedWaitEvent@KSafeList@@QAEXJ@Z 10017ac0 f i KSafeList.obj
 0001:00016ad0       ?Lock@KSafeList@@QAEXXZ    10017ad0 f i KSafeList.obj
 0001:00016ae0       ?Unlock@KSafeList@@QAEXXZ  10017ae0 f i KSafeList.obj
 0001:00016af0       ??0KSafeList@@QAE@XZ       10017af0 f i KSafeList.obj
 0001:00016b60       ??0KSafeList@@QAE@ABV0@@Z  10017b60 f i KSafeList.obj
 0001:00016bb0       ??4KSafeList@@QAEAAV0@ABV0@@Z 10017bb0 f i KSafeList.obj
 0001:00016bf0       ??1KSafeList@@QAE@XZ       10017bf0 f i KSafeList.obj
 0001:00016c50       ??4KScanFile@@QAEAAV0@ABV0@@Z 10017c50 f i KScanDir.obj
 0001:00016c80       ??0KScanFile@@QAE@XZ       10017c80 f   KScanDir.obj
 0001:00016ca0       ?DiscardFileExt@KScanFile@@QAEXPAD@Z 10017ca0 f   KScanDir.obj
 0001:00016cc0       ?RunSearch@KScanFile@@QAEHPAD00@Z 10017cc0 f   KScanDir.obj
 0001:00016d40       ?SearchDirectory@KScanFile@@AAEXXZ 10017d40 f   KScanDir.obj
 0001:00016e20       ?CheckFileExt@KScanFile@@AAEHPAD@Z 10017e20 f   KScanDir.obj
 0001:00016e50       ?OutputFileName@KScanFile@@AAEXPAD@Z 10017e50 f   KScanDir.obj
 0001:00016f20       ??0KScript@@QAE@XZ         10017f20 f   KScript.obj
 0001:00016f30       ??1KScript@@UAE@XZ         10017f30 f   KScript.obj
 0001:00016f40       ?Init@KScript@@UAEHXZ      10017f40 f   KScript.obj
 0001:00016f50       ?Exit@KScript@@UAEXXZ      10017f50 f   KScript.obj
 0001:00016f60       ?Load@KScript@@UAEHPAD@Z   10017f60 f   KScript.obj
 0001:00016f70       ?Compile@KScript@@UAEHPAD@Z 10017f70 f   KScript.obj
 0001:00016f80       ?Execute@KScript@@UAEHXZ   10017f80 f   KScript.obj
 0001:00016f90       ?CallFunction@KScript@@UAAHPADH0ZZ 10017f90 f   KScript.obj
 0001:00016fa0       ?RegisterFunction@KScript@@UAEHPADPAX@Z 10017fa0 f   KScript.obj
 0001:00016fb0       ??0KScriptCache@@QAE@ABV0@@Z 10017fb0 f i KScriptCache.obj
 0001:00016ff0       ??4KScriptCache@@QAEAAV0@ABV0@@Z 10017ff0 f i KScriptCache.obj
 0001:00017020       ??0KScriptCache@@QAE@XZ    10018020 f   KScriptCache.obj
 0001:00017040       ??1KScriptCache@@QAE@XZ    10018040 f   KScriptCache.obj
 0001:00017090       ?LoadNode@KScriptCache@@UAEHPAVKCacheNode@@@Z 10018090 f   KScriptCache.obj
 0001:00017120       ?FreeNode@KScriptCache@@UAEXPAVKCacheNode@@@Z 10018120 f   KScriptCache.obj
 0001:00017150       ?SeekBegin@KStepLuaScript@@QAEXXZ 10018150 f i KScriptList.obj
 0001:00017160       ?SeekToExeBegin@KStepLuaScript@@QAEXXZ 10018160 f i KScriptList.obj
 0001:00017170       ?RunMain@KStepLuaScript@@QAEXXZ 10018170 f i KScriptList.obj
 0001:00017180       ?RunFunc@KStepLuaScript@@QAEXXZ 10018180 f i KScriptList.obj
 0001:00017190       ?RunIdle@KStepLuaScript@@QAEXXZ 10018190 f i KScriptList.obj
 0001:000171a0       ?RunResume@KStepLuaScript@@QAEXXZ 100181a0 f i KScriptList.obj
 0001:000171b0       ?RunWaitMsg@KStepLuaScript@@QAEXXZ 100181b0 f i KScriptList.obj
 0001:000171c0       ?IsRunMain@KStepLuaScript@@QAEHXZ 100181c0 f i KScriptList.obj
 0001:000171d0       ?IsRunFunc@KStepLuaScript@@QAEHXZ 100181d0 f i KScriptList.obj
 0001:000171e0       ?IsRunIdle@KStepLuaScript@@QAEHXZ 100181e0 f i KScriptList.obj
 0001:000171f0       ?IsRunResume@KStepLuaScript@@QAEHXZ 100181f0 f i KScriptList.obj
 0001:00017200       ?IsRunWaitMsg@KStepLuaScript@@QAEHXZ 10018200 f i KScriptList.obj
 0001:00017210       ?GetWaitingMsg@KStepLuaScript@@QAEPADXZ 10018210 f i KScriptList.obj
 0001:00017220       ?GetStatus@KStepLuaScript@@QAEHXZ 10018220 f i KScriptList.obj
 0001:00017230       ??0KStepLuaScript@@QAE@ABV0@@Z 10018230 f i KScriptList.obj
 0001:00017300       ??4KStepLuaScript@@QAEAAV0@ABV0@@Z 10018300 f i KScriptList.obj
 0001:000173e0       ??_GKStepLuaScript@@UAEPAXI@Z 100183e0 f i KScriptList.obj
 0001:00017400       ??_EKStepLuaScript@@UAEPAXI@Z 10018400 f i KScriptList.obj
 0001:00017460       ??1KScriptNode@@UAE@XZ     10018460 f i KScriptList.obj
 0001:000174b0       ??0KScriptNode@@QAE@XZ     100184b0 f i KScriptList.obj
 0001:000174d0       ??0KScriptNode@@QAE@ABV0@@Z 100184d0 f i KScriptList.obj
 0001:00017500       ??4KScriptNode@@QAEAAV0@ABV0@@Z 10018500 f i KScriptList.obj
 0001:00017530       ??_GKScriptNode@@UAEPAXI@Z 10018530 f i KScriptList.obj
 0001:00017550       ??_EKScriptNode@@UAEPAXI@Z 10018550 f i KScriptList.obj
 0001:000175b0       ??0KScriptList@@QAE@XZ     100185b0 f i KScriptList.obj
 0001:000175e0       ??0KScriptList@@QAE@ABV0@@Z 100185e0 f i KScriptList.obj
 0001:00017610       ??4KScriptList@@QAEAAV0@ABV0@@Z 10018610 f i KScriptList.obj
 0001:00017640       ??1KScriptList@@QAE@XZ     10018640 f i KScriptList.obj
 0001:00017650       ?GetScript@KScriptList@@QAEPAVKLuaScript@@PAUlua_State@@@Z 10018650 f   KScriptList.obj
 0001:00017690       ?Activate@KScriptList@@QAEXXZ 10018690 f   KScriptList.obj
 0001:00017750       ?SendMessageA@KScriptList@@QAEXPAD0@Z 10018750 f   KScriptList.obj
 0001:000177b0       ??0KScriptSet@@QAE@XZ      100187b0 f   KScriptSet.obj
 0001:000177d0       ??0KScriptSet@@QAE@H@Z     100187d0 f   KScriptSet.obj
 0001:00017820       ??1KScriptSet@@QAE@XZ      10018820 f   KScriptSet.obj
 0001:00017850       ?GetScript@KScriptSet@@QAEPAVKScript@@PADHH@Z 10018850 f   KScriptSet.obj
 0001:000179b0       ?GetScript@KScriptSet@@QAEPAVKScript@@KHH@Z 100189b0 f   KScriptSet.obj
 0001:00017b10       ?UpdateRecent@KScriptSet@@QAEXHPAUTScript@@@Z 10018b10 f   KScriptSet.obj
 0001:00017bc0       ?SearchScript@KScriptSet@@QAEPAUTScript@@PADPAH@Z 10018bc0 f   KScriptSet.obj
 0001:00017bf0       ?SearchScript@KScriptSet@@QAEPAUTScript@@KPAH@Z 10018bf0 f   KScriptSet.obj
 0001:00017c20       ?CreateScript@KScriptSet@@UAEPAVKScript@@PADH@Z 10018c20 f   KScriptSet.obj
 0001:00017c30       ?CreateScript@KScriptSet@@UAEPAVKScript@@KH@Z 10018c30 f   KScriptSet.obj
 0001:00017c40       ?DeleteScript@KScriptSet@@QAEHPAD@Z 10018c40 f   KScriptSet.obj
 0001:00017d30       ?DeleteScript@KScriptSet@@QAEHK@Z 10018d30 f   KScriptSet.obj
 0001:00017e20       ?DeleteScript@KScriptSet@@QAEHPAUTScript@@@Z 10018e20 f   KScriptSet.obj
 0001:00017e50       ?InsertScript@KScriptSet@@QAEPAUTScript@@PAD@Z 10018e50 f   KScriptSet.obj
 0001:00017eb0       ?InsertScript@KScriptSet@@QAEPAUTScript@@K@Z 10018eb0 f   KScriptSet.obj
 0001:00017f10       ?GetInitStackSize@KScriptSet@@UAEHPAD@Z 10018f10 f   KScriptSet.obj
 0001:00017f20       ?GetInitStackSize@KScriptSet@@UAEHK@Z 10018f20 f   KScriptSet.obj
 0001:00017f30       ?ListScriptsKey@KScriptSet@@QAEKXZ 10018f30 f   KScriptSet.obj
 0001:00017f40       ?ListRecent@KScriptSet@@QAEKH@Z 10018f40 f   KScriptSet.obj
 0001:00017f70       ?Run@KScriptSet@@UAEHPAD@Z 10018f70 f   KScriptSet.obj
 0001:00017f80       ?Run@KScriptSet@@UAEHK@Z   10018f80 f   KScriptSet.obj
 0001:00017f90       ?RunFunction@KScriptSet@@UAAHPAD00ZZ 10018f90 f   KScriptSet.obj
 0001:00017fa0       ?RunFunction@KScriptSet@@UAAHKPAD0ZZ 10018fa0 f   KScriptSet.obj
 0001:00017fb0       ?BTSearch@@YAPAUTScript@@PAU1@0PADPAH@Z 10018fb0 f   KScriptSet.obj
 0001:00018040       ?BTSearch@@YAPAUTScript@@PAU1@0KPAH@Z 10019040 f   KScriptSet.obj
 0001:000180a0       ?BTInsert@@YAPAUTScript@@PAU1@PAD@Z 100190a0 f   KScriptSet.obj
 0001:00018140       ?BTInsert@@YAPAUTScript@@PAU1@K@Z 10019140 f   KScriptSet.obj
 0001:00018190       ?BTDelete@@YAPAUTScript@@PAU1@PAPAU1@H@Z 10019190 f   KScriptSet.obj
 0001:00018420       ?BTFindLess@@YAPAUTScript@@PAU1@@Z 10019420 f   KScriptSet.obj
 0001:00018440       ?BTPreorder@@YAKPAUTScript@@@Z 10019440 f   KScriptSet.obj
 0001:00018470       ?KSG_StringToMD5String@@YAHQADQBD@Z 10019470 f   KSG_MD5_String.obj
 0001:000185a0       ?KSG_StringGetInt@@YAHPAPBDH@Z 100195a0 f   KSG_StringProcess.obj
 0001:00018690       ?KSG_StringSkipSymbol@@YA_NPAPBDH@Z 10019690 f   KSG_StringProcess.obj
 0001:000186f0       ?KSG_GetCurSec@@YAHXZ      100196f0 f   KSG_StringProcess.obj
 0001:00018710       ?KSG_StringSetValue@@YAHHHHH@Z 10019710 f   KSG_StringProcess.obj
 0001:00018860       ?KSG_StringGetValue@@YAHHHH@Z 10019860 f   KSG_StringProcess.obj
 0001:00018940       ??0TBinTreeNode@@AAE@XZ    10019940 f i KSortBinTree.obj
 0001:00018960       ??0TBinTreeNode@@QAE@ABV0@@Z 10019960 f i KSortBinTree.obj
 0001:00018990       ??4TBinTreeNode@@QAEAAV0@ABV0@@Z 10019990 f i KSortBinTree.obj
 0001:000189b0       ?GetCount@KSortBinTree@@QAEKXZ 100199b0 f i KSortBinTree.obj
 0001:000189c0       ?GetRoot@KSortBinTree@@QAEPAVTBinTreeNode@@XZ 100199c0 f i KSortBinTree.obj
 0001:000189d0       ??4KSortBinTree@@QAEAAV0@ABV0@@Z 100199d0 f i KSortBinTree.obj
 0001:000189f0       ??0KSortBinTree@@QAE@XZ    100199f0 f   KSortBinTree.obj
 0001:00018a00       ?Search@KSortBinTree@@AAEPAVTBinTreeNode@@PAV2@00PAH@Z 10019a00 f   KSortBinTree.obj
 0001:00018a70       ?AddNode@KSortBinTree@@AAEPAVTBinTreeNode@@PAV2@0@Z 10019a70 f   KSortBinTree.obj
 0001:00018ad0       ?RemoveNode@KSortBinTree@@AAEPAVTBinTreeNode@@PAV2@PAPAV2@@Z 10019ad0 f   KSortBinTree.obj
 0001:00018c90       ?FindLess@KSortBinTree@@AAEPAVTBinTreeNode@@PAV2@@Z 10019c90 f   KSortBinTree.obj
 0001:00018cb0       ?InOrder@KSortBinTree@@AAEKPAVTBinTreeNode@@@Z 10019cb0 f   KSortBinTree.obj
 0001:00018d00       ?Insert@KSortBinTree@@QAEPAVTBinTreeNode@@PAV2@@Z 10019d00 f   KSortBinTree.obj
 0001:00018d70       ?RemoveKeyNode@KSortBinTree@@QAEHPAVTBinTreeNode@@@Z 10019d70 f   KSortBinTree.obj
 0001:00018dc0       ?RemoveThisNode@KSortBinTree@@QAEHPAVTBinTreeNode@@@Z 10019dc0 f   KSortBinTree.obj
 0001:00018e10       ?Search@KSortBinTree@@QAEPAVTBinTreeNode@@PAV2@PAH@Z 10019e10 f   KSortBinTree.obj
 0001:00018e30       ??4KSortList@@QAEAAV0@ABV0@@Z 10019e30 f i KSortList.obj
 0001:00018e50       ??0KSortList@@QAE@XZ       10019e50 f   KSortList.obj
 0001:00018ea0       ??1KSortList@@QAE@XZ       10019ea0 f   KSortList.obj
 0001:00018ef0       ?Init@KSortList@@QAEHHH@Z  10019ef0 f   KSortList.obj
 0001:00018f40       ?Free@KSortList@@QAEXXZ    10019f40 f   KSortList.obj
 0001:00018f60       ?Insert@KSortList@@QAEHKPAX@Z 10019f60 f   KSortList.obj
 0001:00019020       ?Search@KSortList@@QAEHKPAX@Z 1001a020 f   KSortList.obj
 0001:00019080       ??4KWavSound@@QAEAAV0@ABV0@@Z 1001a080 f i KSoundCache.obj
 0001:000190a0       ??0KSoundCache@@QAE@ABV0@@Z 1001a0a0 f i KSoundCache.obj
 0001:000190e0       ??4KSoundCache@@QAEAAV0@ABV0@@Z 1001a0e0 f i KSoundCache.obj
 0001:00019110       ??0KSoundCache@@QAE@XZ     1001a110 f   KSoundCache.obj
 0001:00019130       ??1KSoundCache@@QAE@XZ     1001a130 f   KSoundCache.obj
 0001:00019180       ?LoadNode@KSoundCache@@UAEHPAVKCacheNode@@@Z 1001a180 f   KSoundCache.obj
 0001:00019240       ?FreeNode@KSoundCache@@UAEXPAVKCacheNode@@@Z 1001a240 f   KSoundCache.obj
 0001:00019270       ??0KSprite@@QAE@XZ         1001a270 f   KSprite.obj
 0001:000192e0       ?Load@KSprite@@QAEHPAD@Z   1001a2e0 f   KSprite.obj
[...]
 0003:000012c8       ??_C@_0CG@PFAC@KMemManager?3?3Leak?5Detected?0?5Size@ 100502c8     KMemManager.obj
 0003:000012f0       ??_C@_0BN@DDNO@Memory?5Corrupted?5?3?5Size?5?$DN?5?$CFd?$AA@ 100502f0     KMemManager.obj
 0003:00001310       ??_C@_0CA@EONL@KMemManager?3?3Free?$CIp?$CJ?$DL?5p?5?$DN?5NULL?$CB?$AA@ 10050310     KMemManager.obj
 0003:00001330       ??_C@_0BM@FGOO@KMemStack?5?3?5Chunk?5over?5flow?$AA@ 10050330     KMemStack.obj
 0003:00001350       ??_C@_0CA@KFJB@KMp3Music?3?5mp3?5decode?5init?5fail?$AA@ 10050350     KMp3Music.obj
 0003:00001370       ??_C@_0CA@NAHB@KMp3Music?3?5mp3?5decode?5head?5fail?$AA@ 10050370     KMp3Music.obj
 0003:00001390       ??_C@_0CA@BCFE@KMp3Music?3?5bad?5sync?5in?5mp3?5file?$AA@ 10050390     KMp3Music.obj
 0003:000013b0       ??_C@_0CE@GBGK@KMp4Video?3?5MPEG?94?5decoder?5init?5f@ 100503b0     KMp4Video.obj
 0003:000013d4       ??_C@_04GJDP@DIVX?$AA@     100503d4     KMp4Video.obj
 0003:000013dc       ??_C@_0CM@PAFF@KMp4Video?3?5Not?5a?5MPEG?94?5compress@ 100503dc     KMp4Video.obj
 0003:00001408       ??_C@_04GBK@divx?$AA@      10050408     KMp4Video.obj
 0003:00001410       ??_C@_0BE@NLFD@mp4lib?4dll?5load?5Ok?$CB?$AA@ 10050410     KMp4Video.obj
 0003:00001424       ??_C@_0CA@JNNL@There?5are?5errors?5in?5mp4lib?4dll?$CB?$AA@ 10050424     KMp4Video.obj
 0003:00001444       ??_C@_06BALJ@decore?$AA@   10050444     KMp4Video.obj
 0003:0000144c       ??_C@_0BH@GMAJ@Can?8t?5load?5mp4lib?4dll?$CB?$AA@ 1005044c     KMp4Video.obj
 0003:00001464       ??_C@_0M@DCKL@?2mp4lib?4dll?$AA@ 10050464     KMp4Video.obj
 0003:00001470       ??_C@_0CA@EAPP@KMpgMusic?3?5mp3?5decode?5head?5fail?$AA@ 10050470     KMpgMusic.obj
 0003:00001490       ??_C@_0CA@DMHC@There?5are?5errors?5in?5Mpglib?4dll?$CB?$AA@ 10050490     KMpgMusic.obj
 0003:000014b0       ??_C@_0BE@EPOD@Mpglib?4dll?5load?5Ok?$CB?$AA@ 100504b0     KMpgMusic.obj
 0003:000014c4       ??_C@_0BA@KGKK@mp3_decode_data?$AA@ 100504c4     KMpgMusic.obj
 0003:000014d4       ??_C@_0BA@HHEK@mp3_decode_head?$AA@ 100504d4     KMpgMusic.obj
 0003:000014e4       ??_C@_0BA@CILC@mp3_decode_init?$AA@ 100504e4     KMpgMusic.obj
 0003:000014f4       ??_C@_0BH@JMFI@Can?8t?5load?5mpglib?4dll?$CB?$AA@ 100504f4     KMpgMusic.obj
 0003:0000150c       ??_C@_0M@GDJE@?2mpglib?4dll?$AA@ 1005050c     KMpgMusic.obj
 0003:00001518       ??_C@_0CA@ICNK@KMpgMusic?3?5bad?5sync?5in?5mp3?5file?$AA@ 10050518     KMpgMusic.obj
 0003:00001538       ??_C@_0CH@GHKG@KWavMusic?5?3?5Create?5sound?5buffer?5@ 10050538     KMusic.obj
 0003:00001560       ??_C@_0BN@NBJE@KMusic?5?3?5Create?5event?5failed?$AA@ 10050560     KMusic.obj
 0003:00001580       ??_C@_0CL@CDDC@KMusic?5?3?5Set?5notification?5positi@ 10050580     KMusic.obj
 0003:000015ac       ??_C@_0BP@CGNP@KMusic?5?3?5QueryInterface?5failed?$AA@ 100505ac     KMusic.obj
 0003:000015cc       ??_C@_07PAAE@PACKAGE?$AA@  100505cc     KPakData.obj
 0003:000015d4       ??_C@_0BJ@JOBP@PakList?5Open?5?3?5?$CFs?5?4?4?4?5Ok?$AA@ 100505d4     KPakList.obj
 0003:000015f0       ??_C@_07CPIP@Package?$AA@  100505f0     KPakList.obj
 0003:000015f8       ??_C@_04HIKB@Path?$AA@     100505f8     KPakList.obj
 0003:00001600       ??_C@_0BE@DANF@Encode?5time?5?$DN?5?$CFd?5ms?$AA@ 10050600     KPakTool.obj
 0003:00001614       ??_C@_04EJID@PACK?$AA@     10050614     KPakTool.obj
 0003:0000161c       ??_C@_0BE@FPHN@Decode?5time?5?$DN?5?$CFd?5ms?$AA@ 1005061c     KPakTool.obj
 0003:00001638       ??_C@_02NGAF@wb?$AA@       10050638     KScanDir.obj
 0003:0000163c       ??_C@_02OOND@?4?4?$AA@     1005063c     KScanDir.obj
 0003:00001640       ??_C@_01FDHG@?$CK?$AA@     10050640     KScanDir.obj
 0003:00001644       ??_C@_0EN@CDIM@UnKnown?5ScriptSet?5KeyStyle?3?$FL?$CFd?$FN?4@ 10050644     KScriptSet.obj
 0003:00001694       ??_C@_0DD@JEAP@Can?5not?5Create?5Script?5Instance?5?0@ 10050694     KScriptSet.obj
 0003:000016c8       ??_C@_0EM@NHKC@The?5ScriptSet?8s?5Key?5Is?5Not?5a?5Str@ 100506c8     KScriptSet.obj
 0003:00001714       ??_C@_0EM@JPB@The?5ScriptSet?8s?5Key?5Is?5Not?5a?5Num@ 10050714     KScriptSet.obj
 0003:00001760       ??_C@_0CF@EKEM@Have?5Exist?5This?5Key?5In?5TScript?5S@ 10050760     KScriptSet.obj
 0003:00001788       ??_C@_0EB@KDON@?$CF02X?$CF02X?$CF02X?$CF02X?$CF02X?$CF02X?$CF02X?$CF02X@ 10050788     KSG_MD5_String.obj
 0003:000017cc       ??_C@_03MLGJ@SPR?$AA@      100507cc     KSprite.obj
 0003:000017d0       ??_C@_04CHML@SPR?$AA?$AA@  100507d0     KSpriteMaker.obj
 0003:000017d8       ??_C@_08NCOK@Exit?$CI?$CJ?$DL?6?$AA@ 100507d8     KStepLuaScript.obj
 0003:000017e4       ??_C@_02IELE@ds?$AA@       100507e4     KStepLuaScript.obj
 0003:000017e8       ??_C@_04HKN@On?$CFs?$AA@   100507e8     KStepLuaScript.obj
 0003:000017f0       ??_C@_0BL@LOEJ@?$LN?E?$LB?$LO?$LE?m?N?s?3?5GotoLabel?$CI?$CJ?5?$DN?5?$CFs?$AA@ 100507f0     KStepLuaScript.obj
 0003:0000180c       ??_C@_0M@FJKJ@Label?$CI?$CC?$CFs?$CC?$CJ?$AA@ 1005080c     KStepLuaScript.obj
 0003:00001818       ??_C@_01POCP@?7?$AA@       10050818     KTabFileCtrl.obj
 0003:0000181c       ??_C@_01BJG@?6?$AA@        1005081c     KTabFileCtrl.obj
 0003:00001820       ??_C@_01FEHD@?$AN?$AA@     10050820     KTabFileCtrl.obj
 0003:00001824       ??_C@_03IIBH@?$CFs?7?$AA@  10050824     KTabFileCtrl.obj
 0003:00001828       ??_C@_0BB@IGFF@start?5thread?5?$CFd?6?$AA@ 10050828     KThread.obj
 0003:0000183c       ??_C@_0BN@BPPG@KVideo?5?3?5Create?5event?5failed?$AA@ 1005083c     KVideo.obj
 0003:0000185c       ??_C@_0CO@DJJJ@KWavFile?3?5Unsuport?5one?5channel?5I@ 1005085c     KWavFile.obj
 0003:0000188c       ??_C@_06GAB@?5Class?$AA@   1005088c     KWin32App.obj
 0003:00001b0c       ??_C@_0CE@DOGP@KZipCodec?3?5Unsuport?5compress?5met@ 10050b0c     KZipCodec.obj
 0003:00001b30       ??_C@_0CE@OABB@KZipCodec?3?5The?5Zip?5File?5is?5Encry@ 10050b30     KZipCodec.obj
 0003:00001b54       ??_C@_0BP@PCPD@KZipCodec?3?3lookat_code?$CI?$CJ?5error?$AA@ 10050b54     KZipCodec.obj
 0003:00001b74       ??_C@_0CD@CMOF@KZipCodec?3?3extract_inflate?$CI?$CJ?5err@ 10050b74     KZipCodec.obj
 0003:00001b98       ??_C@_0BL@FFAH@PakList?5Open?5?3?5?$CFs?5?4?4?4?5Fail?$AA@ 10050b98     KZipList.obj
 0003:00001bb4       ?s_NotAllowAtLineHeadA1Characters@@3PAEA 10050bb4     Text.obj
 0003:00001bc0       ?s_NotAllowAtLineHeadA3Characters@@3PAEA 10050bc0     Text.obj
 0003:00001bcc       ?s_NotAllowAtLineHead00Characters@@3PAEA 10050bcc     Text.obj
 0003:00001bd4       _ucl_alloc_hook            10050bd4     alloc.obj
 0003:00001bd8       _ucl_free_hook             10050bd8     alloc.obj
 0003:00001be0       ??_C@_04KNK@1?401?$AA@     10050be0     ucl_util.obj
 0003:00001be8       ??_C@_0M@NJJK@Jan?502?52002?$AA@ 10050be8     ucl_util.obj
 0003:00001c10       _jpeg_zigzag               10050c10     JpgLib:KJpegDecode.obj
 0003:00001f40       _band_limit_nsb            10050f40     mp3lib:KMp3Decode.obj
 0003:000064c8       _wincoef                   100554c8     mp3lib:KMp3Win.obj
 0003:00007f00       ?g_pCanvas@@3PAVKCanvas@@A 10056f00     KCanvas.obj
 0003:00007f08       ?g_pDirectDraw@@3PAVKDirectDraw@@A 10056f08     KDDraw.obj
 0003:00007f10       ?g_pDirectInput@@3PAVKDirectInput@@A 10056f10     KDInput.obj
 0003:00007f20       ?g_pDirectSound@@3PAVKDirectSound@@A 10056f20     KDSound.obj
 0003:00007f34       ?g_pIme@@3PAVKIme@@A       10056f34     Kime.obj
 0003:00007f40       ??_C@_00A@?$AA@            10056f40     KIniFile.obj
 0003:00007f44       ?g_pKeyboard@@3PAVKKeyboard@@A 10056f44     KKeyboard.obj
 0003:00007f68       ?g_MemManager@@3VKMemManager@@A 10056f68     KMemManager.obj
 0003:00007fd4       ?g_pMouse@@3PAVKMouse@@A   10056fd4     KMouse.obj
 0003:00007ff4       ?g_pPakList@@3PAVKPakList@@A 10056ff4     KPakList.obj
 0003:00008364       ?sout@@3PAU_iobuf@@A       10057364     KWin32App.obj
 0003:00008368       ?serr@@3PAU_iobuf@@A       10057368     KWin32App.obj
 0003:0000837c       ?g_pZipList@@3PAVKZipList@@A 1005737c     KZipList.obj
 0003:00008380       ?ms_ElemFileCache@XPackFile@@0PAUXPackElemFileCache@1@A 10057380     XPackFile.obj
 0003:00008470       ?ms_nNumElemFileCache@XPackFile@@0HA 10057470     XPackFile.obj
 0003:0000848c       ?g_pIInlinePicSink@@3PAUIInlinePicEngineSink@@A 1005748c     Text.obj
 0003:0000849c       ___ucl_init_done           1005749c     ucl_init.obj
 0003:000084a0       _jpeg_stream               100574a0     JpgLib:KJpegLib.obj
 0003:000084a4       _jpeg_IDCT                 100574a4     JpgLib:KJpegLib.obj
 0003:000084a8       _jpeg_Y2RGB                100574a8     JpgLib:KJpegLib.obj
 0003:000084ac       _jpeg_YCbCr411             100574ac     JpgLib:KJpegLib.obj
 0003:000084b0       _jpeg_YCbCr111             100574b0     JpgLib:KJpegLib.obj
 0003:00010760       _jpeg_qtable               1005f760     <common>
 0003:00010780       _jpeg_ybuf                 1005f780     <common>
 0003:00010980       _jpeg_crbuf                1005f980     <common>
 0003:00010a00       _jpeg_htable               1005fa00     <common>
 0003:00010a40       _jpeg_cbbuf                1005fa40     <common>
 0003:00010ac0       _jpeg_head                 1005fac0     <common>
 0003:00010ad8       _jpeg_DC                   1005fad8     <common>
 0003:00010ade       _jpeg_bit                  1005fade     <common>
 0003:00010ae0       _mdct6_3v                  1005fae0     <common>
 0003:00010b00       _mdct6_3v2                 1005fb00     <common>
 0003:00010b20       _mdct18w                   1005fb20     <common>
 0003:00010b80       _mdct18w2                  1005fb80     <common>
 0003:00010bc0       _coef                      1005fbc0     <common>
 0003:00010c50       _coef87                    1005fc50     <common>
 0003:00010c60       _coef32                    1005fc60     <common>
 0003:00010ce0       _csa                       1005fce0     <common>
 0003:00010d20       _win                       1005fd20     <common>
 0003:00010f60       _sfBandIndex               1005ff60     <common>
 0003:00011020       _bitdat                    10060020     <common>
 0003:00011040       _nBand                     10060040     <common>
 0003:000110f0       __adjust_fdiv              100600f0     <common>
 0003:000110f4       __pRawDllMain              100600f4     <common>
 0003:000110f8       ___onexitend               100600f8     <common>
 0003:000110fc       ___onexitbegin             100600fc     <common>

 entry point at        0001:00039b1f

 Static symbols

 0001:0002c5d0       _basic_integral_check      1002d5d0 f   ucl_init.obj
 0001:0002c5e0       _basic_ptr_check           1002d5e0 f   ucl_init.obj
 0001:0002c5f0       _ptr_check                 1002d5f0 f   ucl_init.obj
 0001:0002c740       _schedule_insns_bug        1002d740 f   ucl_init.obj
 0001:0002c750       _strength_reduce_bug       1002d750 f   ucl_init.obj
 0001:00029950       _swd_exit                  1002a950 f   n2e_99.obj
 0001:000299b0       _init_match                1002a9b0 f   n2e_99.obj
 0001:00029a30       _swd_init                  1002aa30 f   n2e_99.obj
 0001:00029c10       _swd_initdict              1002ac10 f   n2e_99.obj
 0001:00029c70       _swd_insertdict            1002ac70 f   n2e_99.obj
 0001:00029d10       _find_match                1002ad10 f   n2e_99.obj
 0001:00029de0       _swd_getbyte               1002ade0 f   n2e_99.obj
 0001:00029e70       _swd_accept                1002ae70 f   n2e_99.obj
 0001:00029f20       _swd_remove_node           1002af20 f   n2e_99.obj
 0001:00029fa0       _swd_findbest              1002afa0 f   n2e_99.obj
 0001:0002a0c0       _swd_search                1002b0c0 f   n2e_99.obj
 0001:0002a180       _swd_search2               1002b180 f   n2e_99.obj
 0001:0002a1c0       _bbConfig                  1002b1c0 f   n2e_99.obj
 0001:0002a220       _bbPutBit                  1002b220 f   n2e_99.obj
 0001:0002a280       _bbWriteBits               1002b280 f   n2e_99.obj
 0001:0002a2c0       _bbPutByte                 1002b2c0 f   n2e_99.obj
 0001:0002a2e0       _bbFlushBits               1002b2e0 f   n2e_99.obj
 0001:0002a330       _code_prefix_ss12          1002b330 f   n2e_99.obj
 0001:0002a3a0       _code_match                1002b3a0 f   n2e_99.obj
 0001:0002a4d0       _code_prefix_ss11          1002b4d0 f   n2e_99.obj
 0001:0002a530       _code_run                  1002b530 f   n2e_99.obj
 0001:0002a580       _len_of_coded_match        1002b580 f   n2e_99.obj
 0001:00026e80       _swd_exit                  10027e80 f   n2d_99.obj
 0001:00026ee0       _init_match                10027ee0 f   n2d_99.obj
 0001:00026f60       _swd_init                  10027f60 f   n2d_99.obj
 0001:00027140       _swd_initdict              10028140 f   n2d_99.obj
 0001:000271a0       _swd_insertdict            100281a0 f   n2d_99.obj
 0001:00027240       _find_match                10028240 f   n2d_99.obj
 0001:00027310       _swd_getbyte               10028310 f   n2d_99.obj
 0001:000273a0       _swd_accept                100283a0 f   n2d_99.obj
 0001:00027450       _swd_remove_node           10028450 f   n2d_99.obj
 0001:000274d0       _swd_findbest              100284d0 f   n2d_99.obj
 0001:000275f0       _swd_search                100285f0 f   n2d_99.obj
 0001:000276b0       _swd_search2               100286b0 f   n2d_99.obj
 0001:000276f0       _bbConfig                  100286f0 f   n2d_99.obj
 0001:00027750       _bbPutBit                  10028750 f   n2d_99.obj
 0001:000277b0       _bbWriteBits               100287b0 f   n2d_99.obj
 0001:000277f0       _bbPutByte                 100287f0 f   n2d_99.obj
 0001:00027810       _bbFlushBits               10028810 f   n2d_99.obj
 0001:00027860       _code_prefix_ss12          10028860 f   n2d_99.obj
 0001:000278d0       _code_match                100288d0 f   n2d_99.obj
 0001:000279e0       _code_prefix_ss11          100289e0 f   n2d_99.obj
 0001:00027a40       _code_run                  10028a40 f   n2d_99.obj
 0001:00027a90       _len_of_coded_match        10028a90 f   n2d_99.obj
 0001:000246e0       _swd_exit                  100256e0 f   n2b_99.obj
 0001:00024740       _init_match                10025740 f   n2b_99.obj
 0001:000247c0       _swd_init                  100257c0 f   n2b_99.obj
 0001:000249a0       _swd_initdict              100259a0 f   n2b_99.obj
 0001:00024a00       _swd_insertdict            10025a00 f   n2b_99.obj
 0001:00024aa0       _find_match                10025aa0 f   n2b_99.obj
 0001:00024b70       _swd_getbyte               10025b70 f   n2b_99.obj
 0001:00024c00       _swd_accept                10025c00 f   n2b_99.obj
 0001:00024cb0       _swd_remove_node           10025cb0 f   n2b_99.obj
 0001:00024d30       _swd_findbest              10025d30 f   n2b_99.obj
 0001:00024e50       _swd_search                10025e50 f   n2b_99.obj
 0001:00024f10       _swd_search2               10025f10 f   n2b_99.obj
 0001:00024f50       _bbConfig                  10025f50 f   n2b_99.obj
 0001:00024fb0       _bbPutBit                  10025fb0 f   n2b_99.obj
 0001:00025010       _bbWriteBits               10026010 f   n2b_99.obj
 0001:00025050       _bbPutByte                 10026050 f   n2b_99.obj
 0001:00025070       _bbFlushBits               10026070 f   n2b_99.obj
 0001:000250c0       _code_prefix_ss11          100260c0 f   n2b_99.obj
 0001:00025120       _code_match                10026120 f   n2b_99.obj
 0001:00025220       _code_run                  10026220 f   n2b_99.obj
 0001:00025270       _len_of_coded_match        10026270 f   n2b_99.obj
 0001:000240f0       _ucl_alloc_internal        100250f0 f   alloc.obj
 0001:00024130       _ucl_free_internal         10025130 f   alloc.obj
 0001:00022e70       ?TEncodeCtrl@@YA_NPADHAAH1@Z 10023e70 f   Text.obj
 0001:00022fb0       ?TEncodeCtrl@@YAHHPADH0@Z  10023fb0 f   Text.obj
 0001:00021300       ?md5_process@@YAXPAUmd5_state_s@@PBE@Z 10022300 f   md5.obj
 0001:0001f2b0       ?WndProc@@YGJPAUHWND__@@IIJ@Z 100202b0 f   KWin32App.obj
 0001:0001e570       ?ImaInitTable@@YAXXZ       1001f570 f   KWavCodec.obj
 0001:0001e5d0       ?ImaDecodeBlock@@YAXPAEPAFH@Z 1001f5d0 f   KWavCodec.obj
 0001:0001e610       ?ImaDecodeSample@@YAXHHPAEPAFHH@Z 1001f610 f   KWavCodec.obj
 0001:000134a0       ?LoadMpgLib@@YAHXZ         100144a0 f   KMpgMusic.obj
 0001:00013580       ?FreeMpgLib@@YAXXZ         10014580 f   KMpgMusic.obj
 0001:00012e00       ?LoadMp4Lib@@YAHXZ         10013e00 f   KMp4Video.obj
 0001:00012ea0       ?FreeMp4Lib@@YAXXZ         10013ea0 f   KMp4Video.obj
 0001:00010ef0       _$E6                       10011ef0 f   KMessage.obj
 0001:00010f00       _$E3                       10011f00 f   KMessage.obj
 0001:00010f40       _$E5                       10011f40 f   KMessage.obj
 0001:00010f50       _$E4                       10011f50 f   KMessage.obj
 0001:00010a00       _$E6                       10011a00 f   KMemManager.obj
 0001:00010a10       _$E3                       10011a10 f   KMemManager.obj
 0001:00010a20       _$E5                       10011a20 f   KMemManager.obj
 0001:00010a30       _$E4                       10011a30 f   KMemManager.obj
 0001:00010580       _$E4                       10011580 f   KMemBase.obj
 0001:00010590       _$E1                       10011590 f   KMemBase.obj
 0001:000105a0       _$E3                       100115a0 f   KMemBase.obj
 0001:000105b0       _$E2                       100115b0 f   KMemBase.obj
 0001:00008e60       ?LoadEicLib@@YAHXZ         10009e60 f   KEicScript.obj
 0001:00008f40       ?FreeEicLib@@YAXXZ         10009f40 f   KEicScript.obj
 0001:000075e0       _$E4                       100085e0 f   KDrawSprite.obj
 0001:000075f0       _$E1                       100085f0 f   KDrawSprite.obj
 0001:00007600       _$E3                       10008600 f   KDrawSprite.obj
 0001:00007610       _$E2                       10008610 f   KDrawSprite.obj
 0001:00000ca0       ?str2ulong@@YAKPAD@Z       10001ca0 f   KAviFile.obj
 0001:0002e5b0       _Y2RGB                     1002f5b0 f   JpgLib:KJpegColor.obj
 0001:0002e600       _YCbCr411_565              1002f600 f   JpgLib:KJpegColor.obj
 0001:0002e8b0       _YCbCr411_555              1002f8b0 f   JpgLib:KJpegColor.obj
 0001:0002eb50       _RGB16_555                 1002fb50 f   JpgLib:KJpegColor.obj
 0001:0002ebe0       _RGB16_565                 1002fbe0 f   JpgLib:KJpegColor.obj
 0001:0002ec70       _YCbCr411_nommx            1002fc70 f   JpgLib:KJpegColor.obj
 0001:0002ee20       _YCbCr111                  1002fe20 f   JpgLib:KJpegColor.obj
 0001:000344e0       _forward_bf                100354e0 f   mp3lib:KMp3Fdct.obj
 0001:000345a0       _back_bf                   100355a0 f   mp3lib:KMp3Fdct.obj
 0001:00032f70       _bitget_lb                 10033f70 f   mp3lib:KMp3Huf.obj
 0001:00032fe0       _bitget2                   10033fe0 f   mp3lib:KMp3Huf.obj
 0001:00031810       _gencoef                   10032810 f   mp3lib:KMp3Sbt.obj
 0001:00030130       _Xform_mono                10031130 f   mp3lib:KMp3Decode.obj
 0001:000301e0       _Xform_dual_right          100311e0 f   mp3lib:KMp3Decode.obj
 0001:00030290       _Xform_dual                10031290 f   mp3lib:KMp3Decode.obj
 0001:000303b0       _Xform_dual_mono           100313b0 f   mp3lib:KMp3Decode.obj
 0001:00030570       _L3audio_decode_MPEG1      10031570 f   mp3lib:KMp3Decode.obj
 0001:000306f0       _bitget_init               100316f0 f   mp3lib:KMp3Decode.obj
 0001:00030710       _unpack_side_MPEG1         10031710 f   mp3lib:KMp3Decode.obj
 0001:000309e0       _unpack_main               100319e0 f   mp3lib:KMp3Decode.obj
 0001:00030f30       _bitget_init_end           10031f30 f   mp3lib:KMp3Decode.obj
 0001:00030f40       _bitget_bits_used          10031f40 f   mp3lib:KMp3Decode.obj
 0001:00031330       _L3audio_decode_MPEG2      10032330 f   mp3lib:KMp3Decode.obj
 0001:000314c0       _unpack_side_MPEG2         100324c0 f   mp3lib:KMp3Decode.obj
 0001:000397d4       ?ArrayUnwindFilter@@YAHPAU_EXCEPTION_POINTERS@@@Z 1003a7d4 f   MSVCRT:ehvecdtr.obj
