 LuaLibDll

 Timestamp is 669cabf2 (Sun Jul 21 13:34:26 2024)

 Preferred load address is 10000000

 Start         Length     Name                   Class
 0001:00000000 0000fed0H .text                   CODE
 0002:00000000 00000118H .idata$5                DATA
 0002:00000118 00000698H .rdata                  DATA
 0002:000007b0 00000028H .idata$2                DATA
 0002:000007d8 00000014H .idata$3                DATA
 0002:000007ec 00000118H .idata$4                DATA
 0002:00000904 000002ceH .idata$6                DATA
 0002:00000be0 00000a45H .edata                  DATA
 0003:00000000 00000004H .CRT$XCA                DATA
 0003:00000004 00000004H .CRT$XCZ                DATA
 0003:00000008 00000004H .CRT$XIA                DATA
 0003:0000000c 00000004H .CRT$XIZ                DATA
 0003:00000010 00001a20H .data                   DATA
 0003:00001a30 00000030H .bss                    DATA

  Address         Publics by Value              Rva+Base     Lib:Object

 0001:00000000       _luaA_index                10001000 f   lapi.obj
 0001:00000030       _luaA_pushobject           10001030 f   lapi.obj
 0001:00000070       _lua_stackspace            10001070 f   lapi.obj
 0001:00000080       _lua_gettop                10001080 f   lapi.obj
 0001:00000090       _lua_gettopindex           10001090 f   lapi.obj
 0001:000000b0       _lua_settop                100010b0 f   lapi.obj
 0001:000000e0       _lua_remove                100010e0 f   lapi.obj
 0001:00000140       _lua_insert                10001140 f   lapi.obj
 0001:000001a0       _lua_pushvalue             100011a0 f   lapi.obj
 0001:000001f0       _lua_type                  100011f0 f   lapi.obj
 0001:00000240       _lua_typename              10001240 f   lapi.obj
 0001:00000260       _lua_iscfunction           10001260 f   lapi.obj
 0001:00000290       _lua_isnumber              10001290 f   lapi.obj
 0001:000002e0       _lua_isstring              100012e0 f   lapi.obj
 0001:00000310       _lua_tag                   10001310 f   lapi.obj
 0001:00000340       _lua_equal                 10001340 f   lapi.obj
 0001:00000380       _lua_lessthan              10001380 f   lapi.obj
 0001:000003c0       _lua_tonumber              100013c0 f   lapi.obj
 0001:00000400       _lua_tostring              10001400 f   lapi.obj
 0001:00000440       _lua_strlen                10001440 f   lapi.obj
 0001:00000480       _lua_tocfunction           10001480 f   lapi.obj
 0001:000004b0       _lua_touserdata            100014b0 f   lapi.obj
 0001:000004e0       _lua_topointer             100014e0 f   lapi.obj
 0001:00000510       _lua_pushnil               10001510 f   lapi.obj
 0001:00000540       _lua_pushnumber            10001540 f   lapi.obj
 0001:00000580       _lua_pushlstring           10001580 f   lapi.obj
 0001:000005c0       _lua_pushstring            100015c0 f   lapi.obj
 0001:00000600       _lua_pushcclosure          10001600 f   lapi.obj
 0001:00000620       _lua_pushusertag           10001620 f   lapi.obj
 0001:00000690       _lua_getglobal             10001690 f   lapi.obj
 0001:000006f0       _lua_gettable              100016f0 f   lapi.obj
 0001:00000740       _lua_rawget                10001740 f   lapi.obj
 0001:000007a0       _lua_rawgeti               100017a0 f   lapi.obj
 0001:00000810       _lua_getglobals            10001810 f   lapi.obj
 0001:00000840       _lua_getref                10001840 f   lapi.obj
 0001:000008c0       _lua_newtable              100018c0 f   lapi.obj
 0001:00000900       _lua_setglobal             10001900 f   lapi.obj
 0001:00000930       _lua_settable              10001930 f   lapi.obj
 0001:00000970       _lua_rawset                10001970 f   lapi.obj
 0001:000009d0       _lua_rawseti               100019d0 f   lapi.obj
 0001:00000a30       _lua_setglobals            10001a30 f   lapi.obj
 0001:00000a50       _lua_ref                   10001a50 f   lapi.obj
 0001:00000b00       _lua_rawcall               10001b00 f   lapi.obj
 0001:00000b20       _lua_getgcthreshold        10001b20 f   lapi.obj
 0001:00000b30       _lua_getgccount            10001b30 f   lapi.obj
 0001:00000b40       _lua_setgcthreshold        10001b40 f   lapi.obj
 0001:00000b70       _lua_settag                10001b70 f   lapi.obj
 0001:00000bc0       _lua_unref                 10001bc0 f   lapi.obj
 0001:00000bf0       _lua_next                  10001bf0 f   lapi.obj
 0001:00000c90       _lua_getn                  10001c90 f   lapi.obj
 0001:00000d10       _lua_concat                10001d10 f   lapi.obj
 0001:00000d40       _lua_newuserdata           10001d40 f   lapi.obj
 0001:00000d90       _luaK_error                10001d90 f   lcode.obj
 0001:00000db0       _luaK_jump                 10001db0 f   lcode.obj
 0001:00000df0       _luaK_getlabel             10001df0 f   lcode.obj
 0001:00000e20       _luaK_deltastack           10001e20 f   lcode.obj
 0001:00000e60       _luaK_kstr                 10001e60 f   lcode.obj
 0001:00000e80       _luaK_number               10001e80 f   lcode.obj
 0001:00000f70       _luaK_adjuststack          10001f70 f   lcode.obj
 0001:00000fa0       _luaK_lastisopen           10001fa0 f   lcode.obj
 0001:00000ff0       _luaK_setcallreturns       10001ff0 f   lcode.obj
 0001:00001040       _luaK_storevar             10002040 f   lcode.obj
 0001:00001090       _luaK_patchlist            10002090 f   lcode.obj
 0001:00001200       _luaK_concat               10002200 f   lcode.obj
 0001:00001250       _luaK_goiftrue             10002250 f   lcode.obj
 0001:00001450       _luaK_tostack              10002450 f   lcode.obj
 0001:000015f0       _luaK_prefix               100025f0 f   lcode.obj
 0001:00001690       _luaK_infix                10002690 f   lcode.obj
 0001:00001710       _luaK_posfix               10002710 f   lcode.obj
 0001:000017b0       _luaK_code0                100027b0 f   lcode.obj
 0001:000017d0       _luaK_code1                100027d0 f   lcode.obj
 0001:000017f0       _luaK_code2                100027f0 f   lcode.obj
 0001:00001c30       _lua_setcallhook           10002c30 f   ldebug.obj
 0001:00001c40       _lua_setlinehook           10002c40 f   ldebug.obj
 0001:00001c50       _lua_getstack              10002c50 f   ldebug.obj
 0001:00001cc0       _luaG_getline              10002cc0 f   ldebug.obj
 0001:00001d50       _lua_getlocal              10002d50 f   ldebug.obj
 0001:00001e20       _lua_setlocal              10002e20 f   ldebug.obj
 0001:00001e90       _lua_getinfo               10002e90 f   ldebug.obj
 0001:000025a0       _luaG_typeerror            100035a0 f   ldebug.obj
 0001:00002600       _luaG_binerror             10003600 f   ldebug.obj
 0001:00002630       _luaG_ordererror           10003630 f   ldebug.obj
 0001:00002680       _luaD_init                 10003680 f   ldo.obj
 0001:000026c0       _luaD_checkstack           100036c0 f   ldo.obj
 0001:00002720       _luaD_adjusttop            10003720 f   ldo.obj
 0001:00002770       _luaD_lineHook             10003770 f   ldo.obj
 0001:000027f0       _luaD_callTM               100037f0 f   ldo.obj
 0001:000028a0       _luaD_call                 100038a0 f   ldo.obj
 0001:00002ac0       _lua_call                  10003ac0 f   ldo.obj
 0001:00002b20       _lua_dofile                10003b20 f   ldo.obj
 0001:00002d10       _lua_dobuffer              10003d10 f   ldo.obj
 0001:00002da0       _lua_compilebuffer         10003da0 f   ldo.obj
 0001:00002dc0       _lua_compilefile           10003dc0 f   ldo.obj
 0001:00002de0       _lua_execute               10003de0 f   ldo.obj
 0001:00002e00       _lua_dostring              10003e00 f   ldo.obj
 0001:00002e30       _lua_error                 10003e30 f   ldo.obj
 0001:00002ed0       _luaD_breakrun             10003ed0 f   ldo.obj
 0001:00002f70       _luaD_runprotected         10003f70 f   ldo.obj
 0001:00003030       _luaF_newclosure           10004030 f   lfunc.obj
 0001:00003070       _luaF_newproto             10004070 f   lfunc.obj
 0001:000030d0       _luaF_protook              100040d0 f   lfunc.obj
 0001:00003130       _luaF_freeproto            10004130 f   lfunc.obj
 0001:000031b0       _luaF_freeclosure          100041b0 f   lfunc.obj
 0001:000031e0       _luaF_getlocalname         100041e0 f   lfunc.obj
 0001:00003230       _luaC_collect              10004230 f   lgc.obj
 0001:00003590       _luaC_checkGC              10004590 f   lgc.obj
 0001:000039c0       _luaX_init                 100049c0 f   llex.obj
 0001:00003a10       _luaX_checklimit           10004a10 f   llex.obj
 0001:00003a50       _luaX_syntaxerror          10004a50 f   llex.obj
 0001:00003aa0       _luaX_error                10004aa0 f   llex.obj
 0001:00003b00       _luaX_token2str            10004b00 f   llex.obj
 0001:00003b50       _luaX_setinput             10004b50 f   llex.obj
 0001:00003bf0       _luaX_lex                  10004bf0 f   llex.obj
 0001:00004cb0       _luaM_growaux              10005cb0 f   lmem.obj
 0001:00004d20       _luaM_realloc              10005d20 f   lmem.obj
 0001:00004d80       _luaO_power2               10005d80 f   lobject.obj
 0001:00004da0       _luaO_equalObj             10005da0 f   lobject.obj
 0001:00004e00       _luaO_openspace            10005e00 f   lobject.obj
 0001:00004e40       _luaO_str2d                10005e40 f   lobject.obj
 0001:00004ed0       _luaO_verror               10005ed0 f   lobject.obj
 0001:00004f10       _luaO_chunkid              10005f10 f   lobject.obj
 0001:00005020       _luaY_parser               10006020 f   lparser.obj
 0001:00007160       _lua_open                  10008160 f   lstate.obj
 0001:000072c0       _lua_close                 100082c0 f   lstate.obj
 0001:00007370       _luaS_init                 10008370 f   lstring.obj
 0001:000073d0       _luaS_freeall              100083d0 f   lstring.obj
 0001:00007410       _luaS_resize               10008410 f   lstring.obj
 0001:000074d0       _luaS_newlstr              100084d0 f   lstring.obj
 0001:00007620       _luaS_newudata             10008620 f   lstring.obj
 0001:00007690       _luaS_createudata          10008690 f   lstring.obj
 0001:000076e0       _luaS_new                  100086e0 f   lstring.obj
 0001:00007710       _luaS_newfixed             10008710 f   lstring.obj
 0001:00007740       _luaH_mainposition         10008740 f   ltable.obj
 0001:000077a0       _luaH_getnum               100087a0 f   ltable.obj
 0001:000077f0       _luaH_getstr               100087f0 f   ltable.obj
 0001:00007830       _luaH_get                  10008830 f   ltable.obj
 0001:000078e0       _luaH_next                 100088e0 f   ltable.obj
 0001:00007950       _luaH_remove               10008950 f   ltable.obj
 0001:00007a00       _luaH_new                  10008a00 f   ltable.obj
 0001:00007af0       _luaH_free                 10008af0 f   ltable.obj
 0001:00007b30       _luaH_set                  10008b30 f   ltable.obj
 0001:00007cf0       _luaH_setint               10008cf0 f   ltable.obj
 0001:00007d20       _luaH_setstrnum            10008d20 f   ltable.obj
 0001:00007d60       _luaH_getglobal            10008d60 f   ltable.obj
 0001:00007d80       _luaT_validevent           10008d80 f   ltm.obj
 0001:00007db0       _luaT_init                 10008db0 f   ltm.obj
 0001:00007e40       _lua_newtag                10008e40 f   ltm.obj
 0001:00007e90       _luaT_realtag              10008e90 f   ltm.obj
 0001:00007ec0       _lua_copytagmethods        10008ec0 f   ltm.obj
 0001:00007f50       _luaT_tag                  10008f50 f   ltm.obj
 0001:00007f70       _lua_gettagmethod          10008f70 f   ltm.obj
 0001:000080d0       _lua_settagmethod          100090d0 f   ltm.obj
 0001:00008190       _ldo                       10009190 f   lua.obj
 0001:000082c0       _lua_setdebugout           100092c0 f   lua.obj
 0001:000082d0       _lua_outerrmsg             100092d0 f   lua.obj
 0001:000082f0       _lua_outoutmsg             100092f0 f   lua.obj
 0001:00008310       _main                      10009310 f   lua.obj
 0001:00008a00       _Lua_SetTable_DoubleFromName 10009a00 f   LuaExtend.obj
 0001:00008a50       _Lua_SetTable_IntFromName  10009a50 f   LuaExtend.obj
 0001:00008aa0       _Lua_SetTable_StringFromName 10009aa0 f   LuaExtend.obj
 0001:00008af0       _Lua_SetTable_StringFromId 10009af0 f   LuaExtend.obj
 0001:00008b40       _Lua_SetTable_DoubleFromId 10009b40 f   LuaExtend.obj
 0001:00008b90       _Lua_SetTable_IntFromId    10009b90 f   LuaExtend.obj
 0001:00008be0       _Lua_SetTable_CFunFromName 10009be0 f   LuaExtend.obj
 0001:00008c30       _Lua_SetTable_CFunFromId   10009c30 f   LuaExtend.obj
 0001:00008c80       _Lua_GetValuesFromStack    10009c80 f   LuaExtend.obj
 0001:00008d50       _luaU_undump               10009d50 f   lundump.obj
 0001:00009550       _luaU_endianess            1000a550 f   lundump.obj
 0001:00009560       _luaV_tonumber             1000a560 f   lvm.obj
 0001:000095a0       _luaV_tostring             1000a5a0 f   lvm.obj
 0001:00009600       _luaV_Cclosure             1000a600 f   lvm.obj
 0001:000096c0       _luaV_Lclosure             1000a6c0 f   lvm.obj
 0001:000096e0       _luaV_gettable             1000a6e0 f   lvm.obj
 0001:000097d0       _luaV_settable             1000a7d0 f   lvm.obj
 0001:000098e0       _luaV_getglobal            1000a8e0 f   lvm.obj
 0001:00009980       _luaV_setglobal            1000a980 f   lvm.obj
 0001:00009aa0       _luaV_lessthan             1000aaa0 f   lvm.obj
 0001:00009c90       _luaV_strconc              1000ac90 f   lvm.obj
 0001:00009e20       _luaV_execute              1000ae20 f   lvm.obj
 0001:0000ab90       _luaZ_mopen                1000bb90 f   lzio.obj
 0001:0000abd0       _luaZ_sopen                1000bbd0 f   lzio.obj
 0001:0000ac00       _luaZ_Fopen                1000bc00 f   lzio.obj
 0001:0000ac80       _luaZ_read                 1000bc80 f   lzio.obj
 0001:0000ad00       _luaL_findstring           1000bd00 f   lauxlib.obj
 0001:0000ad60       _luaL_argerror             1000bd60 f   lauxlib.obj
 0001:0000adc0       _luaL_checkstack           1000bdc0 f   lauxlib.obj
 0001:0000adf0       _luaL_checktype            1000bdf0 f   lauxlib.obj
 0001:0000ae80       _luaL_checkany             1000be80 f   lauxlib.obj
 0001:0000aeb0       _luaL_check_lstr           1000beb0 f   lauxlib.obj
 0001:0000af00       _luaL_opt_lstr             1000bf00 f   lauxlib.obj
 0001:0000af60       _luaL_check_number         1000bf60 f   lauxlib.obj
 0001:0000afb0       _luaL_opt_number           1000bfb0 f   lauxlib.obj
 0001:0000afe0       _luaL_openlib              1000bfe0 f   lauxlib.obj
 0001:0000b020       _luaL_verror               1000c020 f   lauxlib.obj
 0001:0000b060       _luaL_prepbuffer           1000c060 f   lauxlib.obj
 0001:0000b140       _luaL_addlstring           1000c140 f   lauxlib.obj
 0001:0000b190       _luaL_addstring            1000c190 f   lauxlib.obj
 0001:0000b1c0       _luaL_pushresult           1000c1c0 f   lauxlib.obj
 0001:0000b210       _luaL_addvalue             1000c210 f   lauxlib.obj
 0001:0000b2a0       _luaL_buffinit             1000c2a0 f   lauxlib.obj
 0001:0000c3f0       _lua_baselibopen           1000d3f0 f   lbaselib.obj
 0001:0000c9d0       _lua_dblibopen             1000d9d0 f   ldblib.obj
 0001:0000db80       _lua_iolibopen             1000eb80 f   liolib.obj
 0001:0000e370       _lua_mathlibopen           1000f370 f   lmathlib.obj
 0001:0000e830       _luaI_classend             1000f830 f   lstrlib.obj
 0001:0000e8a0       _luaI_singlematch          1000f8a0 f   lstrlib.obj
 0001:0000fb90       _lua_strlibopen            10010b90 f   lstrlib.obj
 0001:0000fbb0       __ftol                     10010bb0 f   MSVCRT:MSVCRT.dll
 0001:0000fbb6       _fclose                    10010bb6 f   MSVCRT:MSVCRT.dll
 0001:0000fbbc       _freopen                   10010bbc f   MSVCRT:MSVCRT.dll
 0001:0000fbc2       _ungetc                    10010bc2 f   MSVCRT:MSVCRT.dll
 0001:0000fbc8       _fgetc                     10010bc8 f   MSVCRT:MSVCRT.dll
 0001:0000fbce       _fopen                     10010bce f   MSVCRT:MSVCRT.dll
 0001:0000fbd4       _fwrite                    10010bd4 f   MSVCRT:MSVCRT.dll
 0001:0000fbda       _printf                    10010bda f   MSVCRT:MSVCRT.dll
 0001:0000fbe0       _longjmp                   10010be0 f   MSVCRT:MSVCRT.dll
 0001:0000fbe6       __setjmp3                  10010be6 f   MSVCRT:MSVCRT.dll
 0001:0000fbec       _sprintf                   10010bec f   MSVCRT:MSVCRT.dll
 0001:0000fbf2       __isctype                  10010bf2 f   MSVCRT:MSVCRT.dll
 0001:0000fbf8       _realloc                   10010bf8 f   MSVCRT:MSVCRT.dll
 0001:0000fbfe       _free                      10010bfe f   MSVCRT:MSVCRT.dll
 0001:0000fc04       _strtod                    10010c04 f   MSVCRT:MSVCRT.dll
 0001:0000fc0a       _vsprintf                  10010c0a f   MSVCRT:MSVCRT.dll
 0001:0000fc10       _strcspn                   10010c10 f   MSVCRT:MSVCRT.dll
 0001:0000fc16       _strncpy                   10010c16 f   MSVCRT:MSVCRT.dll
 0001:0000fc1c       _fprintf                   10010c1c f   MSVCRT:MSVCRT.dll
 0001:0000fc22       _signal                    10010c22 f   MSVCRT:MSVCRT.dll
 0001:0000fc28       _strchr                    10010c28 f   MSVCRT:MSVCRT.dll
 0001:0000fc2e       _perror                    10010c2e f   MSVCRT:MSVCRT.dll
 0001:0000fc34       _fputs                     10010c34 f   MSVCRT:MSVCRT.dll
 0001:0000fc3a       _getchar                   10010c3a f   MSVCRT:MSVCRT.dll
 0001:0000fc40       _atoi                      10010c40 f   MSVCRT:MSVCRT.dll
 0001:0000fc46       _strcoll                   10010c46 f   MSVCRT:MSVCRT.dll
 0001:0000fc4c       _fread                     10010c4c f   MSVCRT:MSVCRT.dll
 0001:0000fc52       _strtoul                   10010c52 f   MSVCRT:MSVCRT.dll
 0001:0000fc58       _strerror                  10010c58 f   MSVCRT:MSVCRT.dll
 0001:0000fc5e       __errno                    10010c5e f   MSVCRT:MSVCRT.dll
 0001:0000fc64       _fscanf                    10010c64 f   MSVCRT:MSVCRT.dll
 0001:0000fc6a       _fgets                     10010c6a f   MSVCRT:MSVCRT.dll
 0001:0000fc70       _malloc                    10010c70 f   MSVCRT:MSVCRT.dll
 0001:0000fc76       _ftell                     10010c76 f   MSVCRT:MSVCRT.dll
 0001:0000fc7c       _fseek                     10010c7c f   MSVCRT:MSVCRT.dll
 0001:0000fc82       _fflush                    10010c82 f   MSVCRT:MSVCRT.dll
 0001:0000fc88       _system                    10010c88 f   MSVCRT:MSVCRT.dll
 0001:0000fc8e       _remove                    10010c8e f   MSVCRT:MSVCRT.dll
 0001:0000fc94       _rename                    10010c94 f   MSVCRT:MSVCRT.dll
 0001:0000fc9a       _tmpnam                    10010c9a f   MSVCRT:MSVCRT.dll
 0001:0000fca0       _getenv                    10010ca0 f   MSVCRT:MSVCRT.dll
 0001:0000fca6       _clock                     10010ca6 f   MSVCRT:MSVCRT.dll
 0001:0000fcac       _strftime                  10010cac f   MSVCRT:MSVCRT.dll
 0001:0000fcb2       _localtime                 10010cb2 f   MSVCRT:MSVCRT.dll
 0001:0000fcb8       _time                      10010cb8 f   MSVCRT:MSVCRT.dll
 0001:0000fcbe       _setlocale                 10010cbe f   MSVCRT:MSVCRT.dll
 0001:0000fcc4       __CIasin                   10010cc4 f   MSVCRT:MSVCRT.dll
 0001:0000fcca       __CIacos                   10010cca f   MSVCRT:MSVCRT.dll
 0001:0000fcd0       _ceil                      10010cd0 f   MSVCRT:MSVCRT.dll
 0001:0000fcd6       _floor                     10010cd6 f   MSVCRT:MSVCRT.dll
 0001:0000fcdc       __CIfmod                   10010cdc f   MSVCRT:MSVCRT.dll
 0001:0000fce2       _frexp                     10010ce2 f   MSVCRT:MSVCRT.dll
 0001:0000fce8       _ldexp                     10010ce8 f   MSVCRT:MSVCRT.dll
 0001:0000fcee       _rand                      10010cee f   MSVCRT:MSVCRT.dll
 0001:0000fcf4       _srand                     10010cf4 f   MSVCRT:MSVCRT.dll
 0001:0000fcfa       __CIpow                    10010cfa f   MSVCRT:MSVCRT.dll
 0001:0000fd00       _tolower                   10010d00 f   MSVCRT:MSVCRT.dll
 0001:0000fd06       _toupper                   10010d06 f   MSVCRT:MSVCRT.dll
 0001:0000fd0c       _strpbrk                   10010d0c f   MSVCRT:MSVCRT.dll
 0001:0000fd12       _memchr                    10010d12 f   MSVCRT:MSVCRT.dll
 0001:0000fd18       __CRT_INIT@12              10010d18 f   MSVCRT:crtdll.obj
 0001:0000fdc3       __DllMainCRTStartup@12     10010dc3 f   MSVCRT:crtdll.obj
 0001:0000fe60       __initterm                 10010e60 f   MSVCRT:MSVCRT.dll
 0001:0000fe66       __onexit                   10010e66 f   MSVCRT:atonexit.obj
 0001:0000fe92       _atexit                    10010e92 f   MSVCRT:atonexit.obj
 0001:0000fea4       _DllMain@12                10010ea4 f   MSVCRT:dllmain.obj
 0001:0000fec4       ___dllonexit               10010ec4 f   MSVCRT:MSVCRT.dll
 0001:0000feca       _DisableThreadLibraryCalls@4 10010eca f   kernel32:KERNEL32.dll
 0002:00000000       __imp__DisableThreadLibraryCalls@4 10011000     kernel32:KERNEL32.dll
 0002:00000004       \177KERNEL32_NULL_THUNK_DATA 10011004     kernel32:KERNEL32.dll
 0002:00000008       __imp__freopen             10011008     MSVCRT:MSVCRT.dll
 0002:0000000c       __imp__ungetc              1001100c     MSVCRT:MSVCRT.dll
 0002:00000010       __imp__fgetc               10011010     MSVCRT:MSVCRT.dll
 0002:00000014       __imp__fopen               10011014     MSVCRT:MSVCRT.dll
 0002:00000018       __imp___iob                10011018     MSVCRT:MSVCRT.dll
 0002:0000001c       __imp__fwrite              1001101c     MSVCRT:MSVCRT.dll
 0002:00000020       __imp__printf              10011020     MSVCRT:MSVCRT.dll
 0002:00000024       __imp__longjmp             10011024     MSVCRT:MSVCRT.dll
 0002:00000028       __imp___setjmp3            10011028     MSVCRT:MSVCRT.dll
 0002:0000002c       __imp__sprintf             1001102c     MSVCRT:MSVCRT.dll
 0002:00000030       __imp___pctype             10011030     MSVCRT:MSVCRT.dll
 0002:00000034       __imp___isctype            10011034     MSVCRT:MSVCRT.dll
 0002:00000038       __imp____mb_cur_max        10011038     MSVCRT:MSVCRT.dll
 0002:0000003c       __imp__realloc             1001103c     MSVCRT:MSVCRT.dll
 0002:00000040       __imp__free                10011040     MSVCRT:MSVCRT.dll
 0002:00000044       __imp__strtod              10011044     MSVCRT:MSVCRT.dll
 0002:00000048       __imp__vsprintf            10011048     MSVCRT:MSVCRT.dll
 0002:0000004c       __imp__strcspn             1001104c     MSVCRT:MSVCRT.dll
 0002:00000050       __imp__strncpy             10011050     MSVCRT:MSVCRT.dll
 0002:00000054       __imp__fprintf             10011054     MSVCRT:MSVCRT.dll
 0002:00000058       __imp__signal              10011058     MSVCRT:MSVCRT.dll
 0002:0000005c       __imp__strchr              1001105c     MSVCRT:MSVCRT.dll
 0002:00000060       __imp__perror              10011060     MSVCRT:MSVCRT.dll
 0002:00000064       __imp__fputs               10011064     MSVCRT:MSVCRT.dll
 0002:00000068       __imp__getchar             10011068     MSVCRT:MSVCRT.dll
 0002:0000006c       __imp__atoi                1001106c     MSVCRT:MSVCRT.dll
 0002:00000070       __imp__strcoll             10011070     MSVCRT:MSVCRT.dll
 0002:00000074       __imp__fread               10011074     MSVCRT:MSVCRT.dll
 0002:00000078       __imp__strtoul             10011078     MSVCRT:MSVCRT.dll
 0002:0000007c       __imp__strerror            1001107c     MSVCRT:MSVCRT.dll
 0002:00000080       __imp___errno              10011080     MSVCRT:MSVCRT.dll
 0002:00000084       __imp__fscanf              10011084     MSVCRT:MSVCRT.dll
 0002:00000088       __imp__fclose              10011088     MSVCRT:MSVCRT.dll
 0002:0000008c       __imp__malloc              1001108c     MSVCRT:MSVCRT.dll
 0002:00000090       __imp__ftell               10011090     MSVCRT:MSVCRT.dll
 0002:00000094       __imp__fseek               10011094     MSVCRT:MSVCRT.dll
 0002:00000098       __imp__fflush              10011098     MSVCRT:MSVCRT.dll
 0002:0000009c       __imp__system              1001109c     MSVCRT:MSVCRT.dll
 0002:000000a0       __imp__remove              100110a0     MSVCRT:MSVCRT.dll
 0002:000000a4       __imp__rename              100110a4     MSVCRT:MSVCRT.dll
 0002:000000a8       __imp__tmpnam              100110a8     MSVCRT:MSVCRT.dll
 0002:000000ac       __imp__getenv              100110ac     MSVCRT:MSVCRT.dll
 0002:000000b0       __imp__clock               100110b0     MSVCRT:MSVCRT.dll
 0002:000000b4       __imp__strftime            100110b4     MSVCRT:MSVCRT.dll
 0002:000000b8       __imp__localtime           100110b8     MSVCRT:MSVCRT.dll
 0002:000000bc       __imp__time                100110bc     MSVCRT:MSVCRT.dll
 0002:000000c0       __imp__setlocale           100110c0     MSVCRT:MSVCRT.dll
 0002:000000c4       __imp___CIasin             100110c4     MSVCRT:MSVCRT.dll
 0002:000000c8       __imp___CIacos             100110c8     MSVCRT:MSVCRT.dll
 0002:000000cc       __imp__ceil                100110cc     MSVCRT:MSVCRT.dll
 0002:000000d0       __imp__floor               100110d0     MSVCRT:MSVCRT.dll
 0002:000000d4       __imp___CIfmod             100110d4     MSVCRT:MSVCRT.dll
 0002:000000d8       __imp__frexp               100110d8     MSVCRT:MSVCRT.dll
 0002:000000dc       __imp__ldexp               100110dc     MSVCRT:MSVCRT.dll
 0002:000000e0       __imp__rand                100110e0     MSVCRT:MSVCRT.dll
 0002:000000e4       __imp__srand               100110e4     MSVCRT:MSVCRT.dll
 0002:000000e8       __imp___CIpow              100110e8     MSVCRT:MSVCRT.dll
 0002:000000ec       __imp__tolower             100110ec     MSVCRT:MSVCRT.dll
 0002:000000f0       __imp__toupper             100110f0     MSVCRT:MSVCRT.dll
 0002:000000f4       __imp__strpbrk             100110f4     MSVCRT:MSVCRT.dll
 0002:000000f8       __imp__memchr              100110f8     MSVCRT:MSVCRT.dll
 0002:000000fc       __imp___initterm           100110fc     MSVCRT:MSVCRT.dll
 0002:00000100       __imp___adjust_fdiv        10011100     MSVCRT:MSVCRT.dll
 0002:00000104       __imp____dllonexit         10011104     MSVCRT:MSVCRT.dll
 0002:00000108       __imp___onexit             10011108     MSVCRT:MSVCRT.dll
 0002:0000010c       __imp__fgets               1001110c     MSVCRT:MSVCRT.dll
 0002:00000110       __imp___ftol               10011110     MSVCRT:MSVCRT.dll
 0002:00000114       \177MSVCRT_NULL_THUNK_DATA 10011114     MSVCRT:MSVCRT.dll
 0002:0000013c       _lua_ident                 1001113c     lapi.obj
 0002:000001b8       __real@8@00000000000000000000 100111b8     lapi.obj
 0002:00000220       _luaK_opproperties         10011220     lcode.obj
 0002:000002b8       __real@8@4017ffffff8000000000 100112b8     lcode.obj
 0002:00000330       _luaO_nilobject            10011330     lobject.obj
 0002:00000340       _luaO_typenames            10011340     lobject.obj
 0002:00000374       _luaT_eventname            10011374     ltm.obj
 0002:00000680       __real@8@3ff583126e978d4fe000 10011680     liolib.obj
 0002:00000740       __real@8@3ff98efa351294e9c800 10011740     lmathlib.obj
 0002:00000748       __real@8@4004e52ee0d31e0fc000 10011748     lmathlib.obj
 0002:00000750       __real@8@3ff08001000200040000 10011750     lmathlib.obj
 0002:000007b0       __IMPORT_DESCRIPTOR_MSVCRT 100117b0     MSVCRT:MSVCRT.dll
 0002:000007c4       __IMPORT_DESCRIPTOR_KERNEL32 100117c4     kernel32:KERNEL32.dll
 0002:000007d8       __NULL_IMPORT_DESCRIPTOR   100117d8     MSVCRT:MSVCRT.dll
 0003:00000000       ___xc_a                    10013000     MSVCRT:cinitexe.obj
 0003:00000004       ___xc_z                    10013004     MSVCRT:cinitexe.obj
 0003:00000008       ___xi_a                    10013008     MSVCRT:cinitexe.obj
 0003:0000000c       ___xi_z                    1001300c     MSVCRT:cinitexe.obj
 0003:00000010       ??_C@_08CELN@no?5value?$AA@ 10013010     lapi.obj
 0003:0000001c       ??_C@_0CA@JMAN@invalid?5tag?5for?5a?5userdata?5?$CI?$CFd?$CJ?$AA@ 1001301c     lapi.obj
 0003:0000003c       ??_C@_0BJ@PBKP@reference?5table?5overflow?$AA@ 1001303c     lapi.obj
 0003:00000058       ??_C@_0CB@CAKI@cannot?5change?5the?5tag?5of?5a?5?$CF?420s@ 10013058     lapi.obj
 0003:0000007c       ??_C@_01FMOK@n?$AA@        1001307c     lapi.obj
 0003:00000080       ??_C@_0CD@CABA@function?5or?5expression?5too?5compl@ 10013080     lcode.obj
 0003:000000a4       ??_C@_0BI@EIFH@constant?5table?5overflow?$AA@ 100130a4     lcode.obj
 0003:000000bc       ??_C@_0BL@EOJM@control?5structure?5too?5long?$AA@ 100130bc     lcode.obj
 0003:000000d8       ??_C@_0BD@JBLB@code?5size?5overflow?$AA@ 100130d8     lcode.obj
 0003:000000ec       ??_C@_0BD@CLFM@line?5info?5overflow?$AA@ 100130ec     lcode.obj
 0003:00000100       ??_C@_04HBMH@main?$AA@     10013100     ldebug.obj
 0003:00000108       ??_C@_01FKHJ@C?$AA@        10013108     ldebug.obj
 0003:0000010c       ??_C@_02BMNG@?$DNC?$AA@    1001310c     ldebug.obj
 0003:00000110       ??_C@_0CK@KGLN@value?5for?5?$GAlua_getinfo?8?5is?5not?5a@ 10013110     ldebug.obj
 0003:0000013c       ??_C@_03FJKM@Lua?$AA@      1001313c     ldebug.obj
 0003:00000140       ??_C@_0L@BGFI@tag?9method?$AA@ 10013140     ldebug.obj
 0003:0000014c       ??_C@_06JFAO@global?$AA@   1001314c     ldebug.obj
 0003:00000154       ??_C@_05CMGC@field?$AA@    10013154     ldebug.obj
 0003:0000015c       ??_C@_05PDHF@local?$AA@    1001315c     ldebug.obj
 0003:00000164       ??_C@_0BP@HFCF@attempt?5to?5?$CF?430s?5a?5?$CF?410s?5value?$AA@ 10013164     ldebug.obj
 0003:00000184       ??_C@_0CP@EDJK@attempt?5to?5?$CF?430s?5?$CF?420s?5?$GA?$CF?440s?8?5?$CI@ 10013184     ldebug.obj
 0003:000001b4       ??_C@_0CE@PMAA@attempt?5to?5compare?5?$CF?410s?5with?5?$CF?4@ 100131b4     ldebug.obj
 0003:000001d8       ??_C@_0CE@MFGC@attempt?5to?5compare?5two?5?$CF?410s?5val@ 100131d8     ldebug.obj
 0003:000001fc       ??_C@_0P@BGDC@stack?5overflow?$AA@ 100131fc     ldo.obj
 0003:0000020c       ??_C@_04OHE@line?$AA@      1001320c     ldo.obj
 0003:00000214       ??_C@_06CGBH@return?$AA@   10013214     ldo.obj
 0003:0000021c       ??_C@_04JNJF@call?$AA@     1001321c     ldo.obj
 0003:00000224       ??_C@_07GOAI@?$CIstdin?$CJ?$AA@ 10013224     ldo.obj
 0003:0000022c       ??_C@_01KFMA@?$EA?$AA@     1001322c     ldo.obj
 0003:00000230       ??_C@_02JKAF@rb?$AA@       10013230     ldo.obj
 0003:00000234       ??_C@_01LHO@r?$AA@         10013234     ldo.obj
 0003:00000238       ??_C@_01PKMN@?$DP?$AA@     10013238     ldo.obj
 0003:0000023c       ??_C@_0O@BJPP@_ERRORMESSAGE?$AA@ 1001323c     ldo.obj
 0003:0000024c       ??_C@_0CO@DFLE@LUA?5ERROR?$CB?$CB?$CB?$CB?$CB?$CB?$CB?$CB?$CB?$CB?$CB?$CB?$CB?$CB?$CB?$CB?$CB?$CB?$CB?$CB?$CB?$CB?$CB@ 1001324c     ldo.obj
 0003:0000027c       ??_C@_0BA@ELDD@c?3?2luaerror?4txt?$AA@ 1001327c     ldo.obj
 0003:0000028c       ??_C@_02CJLM@wa?$AA@       1001328c     ldo.obj
 0003:00000290       ??_C@_0BM@LAGJ@unable?5to?5recover?$DL?5exiting?6?$AA@ 10013290     ldo.obj
 0003:000002ac       ??_C@_05HIGE@?$DMeof?$DO?$AA@ 100132ac     llex.obj
 0003:000002b4       ??_C@_02HIBG@?$HO?$DN?$AA@ 100132b4     llex.obj
 0003:000002b8       ??_C@_02PPOG@?$DM?$DN?$AA@ 100132b8     llex.obj
 0003:000002bc       ??_C@_02NCLD@?$DO?$DN?$AA@ 100132bc     llex.obj
 0003:000002c0       ??_C@_02OJEM@?$DN?$DN?$AA@ 100132c0     llex.obj
 0003:000002c4       ??_C@_03NAME@?4?4?4?$AA@   100132c4     llex.obj
 0003:000002c8       ??_C@_02OOND@?4?4?$AA@     100132c8     llex.obj
 0003:000002cc       ??_C@_05NJDI@while?$AA@    100132cc     llex.obj
 0003:000002d4       ??_C@_05FPCC@until?$AA@    100132d4     llex.obj
 0003:000002dc       ??_C@_04GHJ@then?$AA@      100132dc     llex.obj
 0003:000002e4       ??_C@_06GLIF@repeat?$AA@   100132e4     llex.obj
 0003:000002ec       ??_C@_02KAII@or?$AA@       100132ec     llex.obj
 0003:000002f0       ??_C@_03OEEH@not?$AA@      100132f0     llex.obj
 0003:000002f4       ??_C@_03GOHA@nil?$AA@      100132f4     llex.obj
 0003:000002f8       ??_C@_02NEFL@if?$AA@       100132f8     llex.obj
 0003:000002fc       ??_C@_08JJOG@function?$AA@ 100132fc     llex.obj
 0003:00000308       ??_C@_03ILIA@for?$AA@      10013308     llex.obj
 0003:0000030c       ??_C@_03DNBD@end?$AA@      1001330c     llex.obj
 0003:00000310       ??_C@_06FOBE@elseif?$AA@   10013310     llex.obj
 0003:00000318       ??_C@_04IIAH@else?$AA@     10013318     llex.obj
 0003:00000320       ??_C@_02NDCA@do?$AA@       10013320     llex.obj
 0003:00000324       ??_C@_05EELJ@break?$AA@    10013324     llex.obj
 0003:0000032c       ??_C@_03HFEJ@and?$AA@      1001332c     llex.obj
 0003:00000330       ??_C@_0BK@CLBA@too?5many?5?$CF?450s?5?$CIlimit?$DN?$CFd?$CJ?$AA@ 10013330     llex.obj
 0003:0000034c       ??_C@_0DG@HFO@?$CF?499s?$DL?6?5?5last?5token?5read?3?5?$GA?$CF?430s@ 1001334c     llex.obj
 0003:00000384       ??_C@_0DB@BFDH@unexpected?5?$GA$?8?5?$CIpragmas?5are?5no?5l@ 10013384     llex.obj
 0003:000003b8       ??_C@_0BF@BMEP@invalid?5control?5char?$AA@ 100133b8     llex.obj
 0003:000003d0       ??_C@_06FDMG@0x?$CF02X?$AA@ 100133d0     llex.obj
 0003:000003d8       ??_C@_0BB@NKEM@lines?5in?5a?5chunk?$AA@ 100133d8     llex.obj
 0003:000003ec       ??_C@_0BB@MCAI@malformed?5number?$AA@ 100133ec     llex.obj
 0003:00000400       ??_C@_0DI@IMPE@ambiguous?5syntax?5?$CIdecimal?5point?5@ 10013400     llex.obj
 0003:00000438       ??_C@_0BH@LLA@unfinished?5long?5string?$AA@ 10013438     llex.obj
 0003:00000450       ??_C@_0BC@MLAL@unfinished?5string?$AA@ 10013450     llex.obj
 0003:00000464       ??_C@_0BK@ECO@escape?5sequence?5too?5large?$AA@ 10013464     llex.obj
 0003:00000480       ??_C@_0CH@BPOK@memory?5allocation?5error?3?5block?5t@ 10013480     lmem.obj
 0003:000004a8       ??_C@_05FABL@table?$AA@    100134a8     lobject.obj
 0003:000004b0       ??_C@_06EMNG@string?$AA@   100134b0     lobject.obj
 0003:000004b8       ??_C@_06BMEB@number?$AA@   100134b8     lobject.obj
 0003:000004c0       ??_C@_08LFFL@userdata?$AA@ 100134c0     lobject.obj
 0003:000004cc       ??_C@_0P@NCBN@string?5?$CC?$CF?499s?$CC?$AA@ 100134cc     lobject.obj
 0003:000004dc       ??_C@_04HBBO@?4?4?4?$CC?$AA@ 100134dc     lobject.obj
 0003:000004e4       ??_C@_08NBLK@string?5?$CC?$AA@ 100134e4     lobject.obj
 0003:000004f0       ??_C@_01BJG@?6?$AA@        100134f0     lobject.obj
 0003:000004f4       ??_C@_0N@GLO@file?5?$GA?$CF?499s?8?$AA@ 100134f4     lobject.obj
 0003:00000504       ??_C@_0BA@JKEO@file?5?$GA?4?4?4?$CF?499s?8?$AA@ 10013504     lobject.obj
 0003:00000514       ??_C@_0P@KPHI@?$DMeof?$DO?5expected?$AA@ 10013514     lparser.obj
 0003:00000524       ??_C@_0BF@KOHA@?$DMstatement?$DO?5expected?$AA@ 10013524     lparser.obj
 0003:0000053c       ??_C@_0CP@OGIP@?$GA?$CF?420s?8?5expected?5?$CIto?5close?5?$GA?$CF?420@ 1001353c     lparser.obj
 0003:0000056c       ??_C@_0BB@OKMM@?$GA?$CF?420s?8?5expected?$AA@ 1001356c     lparser.obj
 0003:00000580       ??_C@_0BG@NCIM@?$DMexpression?$DO?5expected?$AA@ 10013580     lparser.obj
 0003:00000598       ??_C@_0BA@DOOJ@?$DMname?$DO?5expected?$AA@ 10013598     lparser.obj
 0003:000005a8       ??_C@_0CI@PHCK@cannot?5access?5a?5variable?5in?5oute@ 100135a8     lparser.obj
 0003:000005d0       ??_C@_0DL@HKDD@upvalue?5must?5be?5global?5or?5local?5@ 100135d0     lparser.obj
 0003:0000060c       ??_C@_0BO@BNFL@cannot?5access?5upvalue?5in?5main?$AA@ 1001360c     lparser.obj
 0003:0000062c       ??_C@_08DMA@upvalues?$AA@  1001362c     lparser.obj
 0003:00000638       ??_C@_0BM@IKNI@function?5arguments?5expected?$AA@ 10013638     lparser.obj
 0003:00000654       ??_C@_0CA@FFNC@elements?5in?5a?5table?5constructor?$AA@ 10013654     lparser.obj
 0003:00000674       ??_C@_0BL@KBOE@invalid?5constructor?5syntax?$AA@ 10013674     lparser.obj
 0003:00000690       ??_C@_0BH@DHDA@?$DMname?$DO?5or?5?$GA?$FL?8?5expected?$AA@ 10013690     lparser.obj
 0003:000006a8       ??_C@_0CE@DKHF@?$GAitem?5groups?8?5in?5a?5list?5initiali@ 100136a8     lparser.obj
 0003:000006cc       ??_C@_0BE@OJDP@?$GA?$DN?8?5or?5?$GA?0?8?5expected?$AA@ 100136cc     lparser.obj
 0003:000006e0       ??_C@_06KMMN@?$CIstep?$CJ?$AA@ 100136e0     lparser.obj
 0003:000006e8       ??_C@_07KPMO@?$CIlimit?$CJ?$AA@ 100136e8     lparser.obj
 0003:000006f0       ??_C@_0BA@MCON@local?5variables?$AA@ 100136f0     lparser.obj
 0003:00000700       ??_C@_07OPIG@?$CItable?$CJ?$AA@ 10013700     lparser.obj
 0003:00000708       ??_C@_0O@CKC@?$GAin?8?5expected?$AA@ 10013708     lparser.obj
 0003:00000718       ??_C@_02IAOD@in?$AA@       10013718     lparser.obj
 0003:0000071c       ??_C@_0N@NNEC@syntax?5error?$AA@ 1001371c     lparser.obj
 0003:0000072c       ??_C@_0CD@GBKF@variables?5in?5a?5multiple?5assignme@ 1001372c     lparser.obj
 0003:00000750       ??_C@_0BB@CFDJ@no?5loop?5to?5break?$AA@ 10013750     lparser.obj
 0003:00000764       ??_C@_04IBHI@self?$AA@     10013764     lparser.obj
 0003:0000076c       ??_C@_0BJ@OGBH@?$DMname?$DO?5or?5?$GA?4?4?4?8?5expected?$AA@ 1001376c     lparser.obj
 0003:00000788       ??_C@_03PKH@arg?$AA@       10013788     lparser.obj
 0003:0000078c       ??_C@_0L@ENCO@parameters?$AA@ 1001378c     lparser.obj
 0003:00000798       ??_C@_0L@CCGK@error?3?5?$CFs?6?$AA@ 10013798     lstate.obj
 0003:000007a4       ??_C@_0N@LFMA@?$CIno?5message?$CJ?$AA@ 100137a4     lstate.obj
 0003:000007b4       ??_C@_0BD@KCOG@table?5index?5is?5nil?$AA@ 100137b4     ltable.obj
 0003:000007c8       ??_C@_0BH@CABM@invalid?5key?5for?5?$GAnext?8?$AA@ 100137c8     ltable.obj
 0003:000007e0       ??_C@_0P@FMPB@table?5overflow?$AA@ 100137e0     ltable.obj
 0003:000007f0       ??_C@_02OJEJ@ge?$AA@       100137f0     ltm.obj
 0003:000007f4       ??_C@_02OKKO@gt?$AA@       100137f4     ltm.obj
 0003:000007f8       ??_C@_02GHOC@le?$AA@       100137f8     ltm.obj
 0003:000007fc       ??_C@_02BGDL@gc?$AA@       100137fc     ltm.obj
 0003:00000800       ??_C@_06KJGN@concat?$AA@   10013800     ltm.obj
 0003:00000808       ??_C@_02GEAF@lt?$AA@       10013808     ltm.obj
 0003:0000080c       ??_C@_03OCFG@unm?$AA@      1001380c     ltm.obj
 0003:00000810       ??_C@_03EGFG@pow?$AA@      10013810     ltm.obj
 0003:00000814       ??_C@_03PCAO@div?$AA@      10013814     ltm.obj
 0003:00000818       ??_C@_03BNBM@mul?$AA@      10013818     ltm.obj
 0003:0000081c       ??_C@_03OLHO@sub?$AA@      1001381c     ltm.obj
 0003:00000820       ??_C@_03ONEI@add?$AA@      10013820     ltm.obj
 0003:00000824       ??_C@_09GOGJ@setglobal?$AA@ 10013824     ltm.obj
 0003:00000830       ??_C@_09EDML@getglobal?$AA@ 10013830     ltm.obj
 0003:0000083c       ??_C@_05BBHA@index?$AA@    1001383c     ltm.obj
 0003:00000844       ??_C@_08DHGG@settable?$AA@ 10013844     ltm.obj
 0003:00000850       ??_C@_08JFDF@gettable?$AA@ 10013850     ltm.obj
 0003:0000085c       ??_C@_0BD@BGDN@tag?5table?5overflow?$AA@ 1001385c     ltm.obj
 0003:00000870       ??_C@_0CD@GKGF@tag?5?$CFd?5was?5not?5created?5by?5?$GAnewta@ 10013870     ltm.obj
 0003:00000894       ??_C@_0BG@EPDO@?$CFd?5is?5not?5a?5valid?5tag?$AA@ 10013894     ltm.obj
 0003:000008ac       ??_C@_0CC@KBMH@?$GA?$CF?450s?8?5is?5not?5a?5valid?5event?5nam@ 100138ac     ltm.obj
 0003:000008d0       ??_C@_0CE@MMC@event?5?$GAgc?8?5for?5tables?5is?5depreca@ 100138d0     ltm.obj
 0003:000008f4       ??_C@_0BM@PKDN@event?5?$GA?$CF?450s?8?5is?5deprecated?$AA@ 100138f4     ltm.obj
 0003:00000910       ??_C@_0CH@PLJC@tag?5method?5must?5be?5a?5function?5?$CIo@ 10013910     ltm.obj
 0003:00000938       ??_C@_0DH@GECP@cannot?5change?5?$GA?$CF?420s?8?5tag?5method@ 10013938     ltm.obj
 0003:00000970       ??_C@_0BC@FJGB@?5with?5default?5tag?$AA@ 10013970     ltm.obj
 0003:00000984       ??_C@_0BN@OBOD@lua?3?5error?5in?5error?5message?6?$AA@ 10013984     lua.obj
 0003:000009a4       ??_C@_0BO@BGLA@lua?3?5memory?5allocation?5error?6?$AA@ 100139a4     lua.obj
 0003:000009c4       ??_C@_0N@GMNH@interrupted?$CB?$AA@ 100139c4     lua.obj
 0003:000009d4       ??_C@_0DB@LFNA@lua?3?5stack?5size?5?$CI?$GA?9s?8?$CJ?5must?5be?5t@ 100139d4     lua.obj
 0003:00000a08       ??_C@_0CF@HDOE@lua?3?5error?5running?5argument?5?$GA?$CF?49@ 10013a08     lua.obj
 0003:00000a30       ??_C@_0BOD@OPEO@usage?3?5lua?5?$FLoptions?$FN?4?5?5Available@ 10013a30     lua.obj
 0003:00000c14       ??_C@_0O@GLDI@?$CF?480s?5?5?$CF?480s?6?$AA@ 10013c14     lua.obj
 0003:00000c24       ??_C@_07OOKJ@Lua?54?40?$AA@ 10013c24     lua.obj
 0003:00000c2c       ??_C@_0CJ@FPMM@Copyright?5?$CIC?$CJ?51994?92000?5TeCGraf?0@ 10013c2c     lua.obj
 0003:00000c58       ??_C@_0BK@CJEA@lua?3?5cannot?5execute?5file?5?$AA@ 10013c58     lua.obj
 0003:00000c74       ??_C@_0BK@PCF@lua?3?5input?5line?5too?5long?6?$AA@ 10013c74     lua.obj
 0003:00000c90       ??_C@_02CPLA@?$DO?5?$AA@   10013c90     lua.obj
 0003:00000c94       ??_C@_07GFCP@_PROMPT?$AA@  10013c94     lua.obj
 0003:00000c9c       ??_C@_0BB@IOED@c?3?2luaerror1?4txt?$AA@ 10013c9c     lua.obj
 0003:00000cb0       ??_C@_0DD@KI@LUA?5ERROR?$CB?$CB?$CB?$CB?$CB?$CB?$CB?$CB?$CB?$CB?$CB?$CB?$CB?$CB?$CB?$CB?$CB?$CB?$CB?$CB?$CB?$CB?$CB@ 10013cb0     lua.obj
 0003:00000ce4       ??_C@_0CD@KDF@lua?3?5invalid?5stack?5size?5?$CI?8?$CF?420s?8@ 10013ce4     lua.obj
 0003:00000d08       ??_C@_07IMB@getargs?$AA@   10013d08     lua.obj
 0003:00000d10       ??_C@_0DA@ONLO@?$GA?$CF?499s?8?5apparently?5contains?5more@ 10013d10     lundump.obj
 0003:00000d40       ??_C@_0CC@FNIG@unexpected?5end?5of?5file?5in?5?$GA?$CF?499s@ 10013d40     lundump.obj
 0003:00000d64       ??_C@_0BE@LFBM@bad?5code?5in?5?$GA?$CF?499s?8?$AA@ 10013d64     lundump.obj
 0003:00000d78       ??_C@_0DP@HHDA@unknown?5number?5format?5in?5?$GA?$CF?499s?8@ 10013d78     lundump.obj
 0003:00000db8       ??_C@_0P@CBMM@sizeof?$CINumber?$CJ?$AA@ 10013db8     lundump.obj
 0003:00000dc8       ??_C@_06DOCF@SIZE_B?$AA@   10013dc8     lundump.obj
 0003:00000dd0       ??_C@_07DJNK@SIZE_OP?$AA@  10013dd0     lundump.obj
 0003:00000dd8       ??_C@_0BB@OHJE@SIZE_INSTRUCTION?$AA@ 10013dd8     lundump.obj
 0003:00000dec       ??_C@_0BE@KIFO@sizeof?$CIInstruction?$CJ?$AA@ 10013dec     lundump.obj
 0003:00000e00       ??_C@_0P@ODAG@sizeof?$CIsize_t?$CJ?$AA@ 10013e00     lundump.obj
 0003:00000e10       ??_C@_0M@FEIG@sizeof?$CIint?$CJ?$AA@ 10013e10     lundump.obj
 0003:00000e1c       ??_C@_0DP@EGKB@?$GA?$CF?499s?8?5too?5old?3?6?5?5read?5version?5@ 10013e1c     lundump.obj
 0003:00000e5c       ??_C@_0DO@CKIC@?$GA?$CF?499s?8?5too?5new?3?6?5?5read?5version?5@ 10013e5c     lundump.obj
 0003:00000e9c       ??_C@_0BJ@LCJP@bad?5signature?5in?5?$GA?$CF?499s?8?$AA@ 10013e9c     lundump.obj
 0003:00000eb8       ??_C@_0DP@NCLK@virtual?5machine?5mismatch?5in?5?$GA?$CF?49@ 10013eb8     lundump.obj
 0003:00000ef8       ??_C@_05CAEM@?$CF?416g?$AA@ 10013ef8     lvm.obj
 0003:00000f00       ??_C@_0BF@OHM@string?5size?5overflow?$AA@ 10013f00     lvm.obj
 0003:00000f18       ??_C@_0BM@LLBP@?$GAfor?8?5table?5must?5be?5a?5table?$AA@ 10013f18     lvm.obj
 0003:00000f34       ??_C@_0BN@BDFA@?$GAfor?8?5index?5must?5be?5a?5number?$AA@ 10013f34     lvm.obj
 0003:00000f54       ??_C@_0CF@IMCG@?$GAfor?8?5initial?5value?5must?5be?5a?5nu@ 10013f54     lvm.obj
 0003:00000f7c       ??_C@_0BN@POMN@?$GAfor?8?5limit?5must?5be?5a?5number?$AA@ 10013f7c     lvm.obj
 0003:00000f9c       ??_C@_0BM@HLGB@?$GAfor?8?5step?5must?5be?5a?5number?$AA@ 10013f9c     lvm.obj
 0003:00000fb8       ??_C@_0BE@EPIH@undefined?5operation?$AA@ 10013fb8     lvm.obj
 0003:00000fcc       ??_C@_0BG@NPHG@perform?5arithmetic?5on?$AA@ 10013fcc     lvm.obj
 0003:00000fe4       ??_C@_0CF@KPFN@bad?5argument?5?$CD?$CFd?5to?5?$GA?$CF?450s?8?5?$CI?$CF?41@ 10013fe4     lauxlib.obj
 0003:0000100c       ??_C@_0BH@JEEN@stack?5overflow?5?$CI?$CF?430s?$CJ?$AA@ 1001400c     lauxlib.obj
 0003:00001024       ??_C@_0BI@POKF@?$CF?48s?5expected?0?5got?5?$CF?48s?$AA@ 10014024     lauxlib.obj
 0003:0000103c       ??_C@_0P@HPAM@value?5expected?$AA@ 1001403c     lauxlib.obj
 0003:0000104c       ??_C@_07LMHN@tremove?$AA@  1001404c     lbaselib.obj
 0003:00001054       ??_C@_07NJFD@tinsert?$AA@  10014054     lbaselib.obj
 0003:0000105c       ??_C@_04OBLM@sort?$AA@     1001405c     lbaselib.obj
 0003:00001064       ??_C@_04MKFE@getn?$AA@     10014064     lbaselib.obj
 0003:0000106c       ??_C@_06HDEN@assert?$AA@   1001406c     lbaselib.obj
 0003:00001074       ??_C@_04PIKN@type?$AA@     10014074     lbaselib.obj
 0003:0000107c       ??_C@_08CKGL@tostring?$AA@ 1001407c     lbaselib.obj
 0003:00001088       ??_C@_08HKPM@tonumber?$AA@ 10014088     lbaselib.obj
 0003:00001094       ??_C@_03GFNH@tag?$AA@      10014094     lbaselib.obj
 0003:00001098       ??_C@_0N@NIGG@settagmethod?$AA@ 10014098     lbaselib.obj
 0003:000010a8       ??_C@_06EONI@settag?$AA@   100140a8     lbaselib.obj
 0003:000010b0       ??_C@_0M@IPOA@rawsettable?$AA@ 100140b0     lbaselib.obj
 0003:000010bc       ??_C@_0M@CNLD@rawgettable?$AA@ 100140bc     lbaselib.obj
 0003:000010c8       ??_C@_06IGBJ@rawset?$AA@   100140c8     lbaselib.obj
 0003:000010d0       ??_C@_06OPCJ@rawget?$AA@   100140d0     lbaselib.obj
 0003:000010d8       ??_C@_05KCGF@print?$AA@    100140d8     lbaselib.obj
 0003:000010e0       ??_C@_04ICIO@next?$AA@     100140e0     lbaselib.obj
 0003:000010e8       ??_C@_06BFAN@newtag?$AA@   100140e8     lbaselib.obj
 0003:000010f0       ??_C@_07OFHM@globals?$AA@  100140f0     lbaselib.obj
 0003:000010f8       ??_C@_0N@LBGE@gettagmethod?$AA@ 100140f8     lbaselib.obj
 0003:00001108       ??_C@_06GNDB@gcinfo?$AA@   10014108     lbaselib.obj
 0003:00001110       ??_C@_08NNHF@foreachi?$AA@ 10014110     lbaselib.obj
 0003:0000111c       ??_C@_07HKAI@foreach?$AA@  1001411c     lbaselib.obj
 0003:00001124       ??_C@_05COLM@error?$AA@    10014124     lbaselib.obj
 0003:0000112c       ??_C@_08KIIC@dostring?$AA@ 1001412c     lbaselib.obj
 0003:00001138       ??_C@_06KFLG@dofile?$AA@   10014138     lbaselib.obj
 0003:00001140       ??_C@_0P@NCJE@copytagmethods?$AA@ 10014140     lbaselib.obj
 0003:00001150       ??_C@_0P@FPLA@collectgarbage?$AA@ 10014150     lbaselib.obj
 0003:00001160       ??_C@_06OBBF@_ALERT?$AA@   10014160     lbaselib.obj
 0003:00001168       ??_C@_0N@OPNB@rawsetglobal?$AA@ 10014168     lbaselib.obj
 0003:00001178       ??_C@_0N@MCHD@rawgetglobal?$AA@ 10014178     lbaselib.obj
 0003:00001188       ??_C@_07KDEP@nextvar?$AA@  10014188     lbaselib.obj
 0003:00001190       ??_C@_0L@EJBH@foreachvar?$AA@ 10014190     lbaselib.obj
 0003:0000119c       ??_C@_0BI@OKAI@error?5in?5error?5handling?$AA@ 1001419c     lbaselib.obj
 0003:000011b4       ??_C@_0N@MCCO@memory?5error?$AA@ 100141b4     lbaselib.obj
 0003:000011c4       ??_C@_0L@DFEP@file?5error?$AA@ 100141c4     lbaselib.obj
 0003:000011d0       ??_C@_0P@DACP@run?9time?5error?$AA@ 100141d0     lbaselib.obj
 0003:000011e0       ??_C@_02PHNH@ok?$AA@       100141e0     lbaselib.obj
 0003:000011e4       ??_C@_0BE@INDB@?6?5?5?$DM?$CF?470s?3?5line?5?$CFd?$DO?$AA@ 100141e4     lbaselib.obj
 0003:000011f8       ??_C@_02PCDH@Sl?$AA@       100141f8     lbaselib.obj
 0003:000011fc       ??_C@_07BIHK@error?3?5?$AA@ 100141fc     lbaselib.obj
 0003:00001204       ??_C@_01POCP@?7?$AA@       10014204     lbaselib.obj
 0003:00001208       ??_C@_0CL@FLDN@?$GAtostring?8?5must?5return?5a?5string?5@ 10014208     lbaselib.obj
 0003:00001234       ??_C@_0BC@OKHK@base?5out?5of?5range?$AA@ 10014234     lbaselib.obj
 0003:00001248       ??_C@_0DI@FPLM@deprecated?5use?3?5cannot?5set?5the?5?$GA@ 10014248     lbaselib.obj
 0003:00001280       ??_C@_0BJ@POBO@function?5or?5nil?5expected?$AA@ 10014280     lbaselib.obj
 0003:0000129c       ??_C@_0DI@NJCM@deprecated?5use?3?5cannot?5get?5the?5?$GA@ 1001429c     lbaselib.obj
 0003:000012d4       ??_C@_0CI@HBIP@?$GAdostring?8?5cannot?5run?5pre?9compil@ 100142d4     lbaselib.obj
 0003:000012fc       ??_C@_0CA@CHIA@deprecated?5option?5?$GAp?8?5in?5?$GAcall?8?$AA@ 100142fc     lbaselib.obj
 0003:0000131c       ??_C@_0BD@NGEC@too?5many?5arguments?$AA@ 1001431c     lbaselib.obj
 0003:00001330       ??_C@_0BB@BDFD@userdata?$CI?$CFd?$CJ?3?5?$CFp?$AA@ 10014330     lbaselib.obj
 0003:00001344       ??_C@_0N@LEHM@function?3?5?$CFp?$AA@ 10014344     lbaselib.obj
 0003:00001354       ??_C@_09IKEA@table?3?5?$CFp?$AA@ 10014354     lbaselib.obj
 0003:00001360       ??_C@_0BJ@IHNP@assertion?5failed?$CB?5?5?$CF?490s?$AA@ 10014360     lbaselib.obj
 0003:0000137c       ??_C@_0CD@GFGA@invalid?5order?5function?5for?5sorti@ 1001437c     lbaselib.obj
 0003:000013a0       ??_C@_08CCCJ@_VERSION?$AA@ 100143a0     lbaselib.obj
 0003:000013ac       ??_C@_0BP@KPAB@function?5?$GA?$CF?420s?8?5is?5deprecated?$AA@ 100143ac     lbaselib.obj
 0003:000013cc       ??_C@_08JEAI@setlocal?$AA@ 100143cc     ldblib.obj
 0003:000013d8       ??_C@_0M@ICCM@setlinehook?$AA@ 100143d8     ldblib.obj
 0003:000013e4       ??_C@_0M@MFHD@setcallhook?$AA@ 100143e4     ldblib.obj
 0003:000013f0       ??_C@_07JKOK@getinfo?$AA@  100143f0     ldblib.obj
 0003:000013f8       ??_C@_08DGFL@getlocal?$AA@ 100143f8     ldblib.obj
 0003:00001404       ??_C@_04GILH@func?$AA@     10014404     ldblib.obj
 0003:0000140c       ??_C@_08KCAM@namewhat?$AA@ 1001440c     ldblib.obj
 0003:00001418       ??_C@_04OPJK@name?$AA@     10014418     ldblib.obj
 0003:00001420       ??_C@_04EDFF@nups?$AA@     10014420     ldblib.obj
 0003:00001428       ??_C@_0M@IAOK@currentline?$AA@ 10014428     ldblib.obj
 0003:00001434       ??_C@_04JLMD@what?$AA@     10014434     ldblib.obj
 0003:0000143c       ??_C@_0M@OMOL@linedefined?$AA@ 1001443c     ldblib.obj
 0003:00001448       ??_C@_09OPIJ@short_src?$AA@ 10014448     ldblib.obj
 0003:00001454       ??_C@_06LOOG@source?$AA@   10014454     ldblib.obj
 0003:0000145c       ??_C@_0P@CPNN@invalid?5option?$AA@ 1001445c     ldblib.obj
 0003:0000146c       ??_C@_0BL@PGMD@function?5or?5level?5expected?$AA@ 1001446c     ldblib.obj
 0003:00001488       ??_C@_06GKFI@?$DO?$CF?410s?$AA@ 10014488     ldblib.obj
 0003:00001490       ??_C@_05JCOL@flnSu?$AA@    10014490     ldblib.obj
 0003:00001498       ??_C@_0BD@ODBL@level?5out?5of?5range?$AA@ 10014498     ldblib.obj
 0003:000014ac       ??_C@_0BC@GEMM@function?5expected?$AA@ 100144ac     ldblib.obj
 0003:000014c0       ??_C@_07MME@writeto?$AA@   100144c0     liolib.obj
 0003:000014c8       ??_C@_05DDNA@write?$AA@    100144c8     liolib.obj
 0003:000014d0       ??_C@_04HGPF@seek?$AA@     100144d0     liolib.obj
 0003:000014d8       ??_C@_08FAKM@readfrom?$AA@ 100144d8     liolib.obj
 0003:000014e4       ??_C@_04IFA@read?$AA@      100144e4     liolib.obj
 0003:000014ec       ??_C@_08LJHP@openfile?$AA@ 100144ec     liolib.obj
 0003:000014f8       ??_C@_05PNFO@flush?$AA@    100144f8     liolib.obj
 0003:00001500       ??_C@_09GOEC@closefile?$AA@ 10014500     liolib.obj
 0003:0000150c       ??_C@_08EOIJ@appendto?$AA@ 1001450c     liolib.obj
 0003:00001518       ??_C@_07HGMN@tmpname?$AA@  10014518     liolib.obj
 0003:00001520       ??_C@_09NDHP@setlocale?$AA@ 10014520     liolib.obj
 0003:0000152c       ??_C@_06GPJL@rename?$AA@   1001452c     liolib.obj
 0003:00001534       ??_C@_06JIKN@remove?$AA@   10014534     liolib.obj
 0003:0000153c       ??_C@_06OGMA@getenv?$AA@   1001453c     liolib.obj
 0003:00001544       ??_C@_04BAHI@exit?$AA@     10014544     liolib.obj
 0003:0000154c       ??_C@_07DACI@execute?$AA@  1001454c     liolib.obj
 0003:00001554       ??_C@_05FLHP@debug?$AA@    10014554     liolib.obj
 0003:0000155c       ??_C@_04EGPJ@date?$AA@     1001455c     liolib.obj
 0003:00001564       ??_C@_05FNAM@clock?$AA@    10014564     liolib.obj
 0003:0000156c       ??_C@_04EKDK@time?$AA@     1001456c     liolib.obj
 0003:00001574       ??_C@_07FFDC@numeric?$AA@  10014574     liolib.obj
 0003:0000157c       ??_C@_08PPDP@monetary?$AA@ 1001457c     liolib.obj
 0003:00001588       ??_C@_05BFDM@ctype?$AA@    10014588     liolib.obj
 0003:00001590       ??_C@_07HNCG@collate?$AA@  10014590     liolib.obj
 0003:00001598       ??_C@_03MKE@all?$AA@       10014598     liolib.obj
 0003:0000159c       ??_C@_03GDGE@cur?$AA@      1001459c     liolib.obj
 0003:000015a0       ??_C@_03NHNF@set?$AA@      100145a0     liolib.obj
 0003:000015a4       ??_C@_07ONGC@_OUTPUT?$AA@  100145a4     liolib.obj
 0003:000015ac       ??_C@_06PAOI@_INPUT?$AA@   100145ac     liolib.obj
 0003:000015b4       ??_C@_0BE@CIGC@invalid?5file?5handle?$AA@ 100145b4     liolib.obj
 0003:000015c8       ??_C@_0BM@HPHJ@cannot?5access?5a?5closed?5file?$AA@ 100145c8     liolib.obj
 0003:000015e4       ??_C@_0CN@DCFH@global?5variable?5?$GA?$CF?410s?8?5is?5not?5a@ 100145e4     liolib.obj
 0003:00001614       ??_C@_01LLF@w?$AA@         10014614     liolib.obj
 0003:00001618       ??_C@_01FNLH@a?$AA@        10014618     liolib.obj
 0003:0000161c       ??_C@_0P@IJAC@invalid?5format?$AA@ 1001461c     liolib.obj
 0003:0000162c       ??_C@_0BN@IINM@read?5patterns?5are?5deprecated?$AA@ 1001462c     liolib.obj
 0003:0000164c       ??_C@_02EEJH@?$CKl?$AA@    1001464c     liolib.obj
 0003:00001650       ??_C@_03MAMC@?$CFlf?$AA@   10014650     liolib.obj
 0003:00001654       ??_C@_0CB@BADC@not?5enough?5memory?5to?5read?5a?5file@ 10014654     liolib.obj
 0003:00001678       ??_C@_0N@ECAE@invalid?5mode?$AA@ 10014678     liolib.obj
 0003:00001688       ??_C@_0BG@BJPO@invalid?5?$GAdate?8?5format?$AA@ 10014688     liolib.obj
 0003:000016a0       ??_C@_02JBML@?$CFc?$AA@    100146a0     liolib.obj
 0003:000016a4       ??_C@_0CL@OGKM@LUASCRIPT_ERROR?$CB?$CB?$CB?$CB?$CBFROM?5io_exit@ 100146a4     liolib.obj
 0003:000016d0       ??_C@_05DGKH@cont?6?$AA@   100146d0     liolib.obj
 0003:000016d8       ??_C@_0M@LDIL@lua_debug?$DO?5?$AA@ 100146d8     liolib.obj
 0003:000016e4       ??_C@_08OMII@?5?$FL?$CF?470s?$FN?$AA@ 100146e4     liolib.obj
 0003:000016f0       ??_C@_0M@HMDJ@?5at?5line?5?$CFd?$AA@ 100146f0     liolib.obj
 0003:000016fc       ??_C@_0BE@ENIO@function?5?$DM?$CFd?3?$CF?470s?$DO?$AA@ 100146fc     liolib.obj
 0003:00001710       ??_C@_05LIOI@?$CF?470s?$AA@ 10014710     liolib.obj
 0003:00001718       ??_C@_0O@DLFF@main?5of?5?$CF?470s?$AA@ 10014718     liolib.obj
 0003:00001728       ??_C@_0BD@KAGM@?$GA?$CF?450s?8?5tag?5method?$AA@ 10014728     liolib.obj
 0003:0000173c       ??_C@_0P@JJMN@method?5?$GA?$CF?450s?8?$AA@ 1001473c     liolib.obj
 0003:0000174c       ??_C@_0M@PADK@?5?5?5?5?5?5?5?4?4?4?6?$AA@ 1001474c     liolib.obj
 0003:00001758       ??_C@_0BB@HAEF@function?5?$GA?$CF?450s?8?$AA@ 10014758     liolib.obj
 0003:0000176c       ??_C@_03OGGD@Snl?$AA@      1001476c     liolib.obj
 0003:00001770       ??_C@_06EKFE@?$CF4d?3?5?5?$AA@ 10014770     liolib.obj
 0003:00001778       ??_C@_0BC@JEJ@stack?5traceback?3?6?$AA@ 10014778     liolib.obj
 0003:0000178c       ??_C@_07BMOE@_STDERR?$AA@  1001478c     liolib.obj
 0003:00001794       ??_C@_07LGFL@_STDOUT?$AA@  10014794     liolib.obj
 0003:0000179c       ??_C@_06MCEJ@_STDIN?$AA@   1001479c     liolib.obj
 0003:000017a4       ??_C@_0L@CPD@randomseed?$AA@ 100147a4     lmathlib.obj
 0003:000017b0       ??_C@_06IMKP@random?$AA@   100147b0     lmathlib.obj
 0003:000017b8       ??_C@_03HGBJ@rad?$AA@      100147b8     lmathlib.obj
 0003:000017bc       ??_C@_03BOBH@deg?$AA@      100147bc     lmathlib.obj
 0003:000017c0       ??_C@_03CDGJ@exp?$AA@      100147c0     lmathlib.obj
 0003:000017c4       ??_C@_05IJHH@log10?$AA@    100147c4     lmathlib.obj
 0003:000017cc       ??_C@_03BGKD@log?$AA@      100147cc     lmathlib.obj
 0003:000017d0       ??_C@_03CODD@max?$AA@      100147d0     lmathlib.obj
 0003:000017d4       ??_C@_03MNGF@min?$AA@      100147d4     lmathlib.obj
 0003:000017d8       ??_C@_04LMBE@sqrt?$AA@     100147d8     lmathlib.obj
 0003:000017e0       ??_C@_05MEKH@ldexp?$AA@    100147e0     lmathlib.obj
 0003:000017e8       ??_C@_05PAK@frexp?$AA@     100147e8     lmathlib.obj
 0003:000017f0       ??_C@_03LLAM@mod?$AA@      100147f0     lmathlib.obj
 0003:000017f4       ??_C@_05MFBN@floor?$AA@    100147f4     lmathlib.obj
 0003:000017fc       ??_C@_04JJMP@ceil?$AA@     100147fc     lmathlib.obj
 0003:00001804       ??_C@_05BFPO@atan2?$AA@    10014804     lmathlib.obj
 0003:0000180c       ??_C@_04EAGN@atan?$AA@     1001480c     lmathlib.obj
 0003:00001814       ??_C@_04OAMO@acos?$AA@     10014814     lmathlib.obj
 0003:0000181c       ??_C@_04ELFI@asin?$AA@     1001481c     lmathlib.obj
 0003:00001824       ??_C@_03JLPI@tan?$AA@      10014824     lmathlib.obj
 0003:00001828       ??_C@_03DLFL@cos?$AA@      10014828     lmathlib.obj
 0003:0000182c       ??_C@_03JAMN@sin?$AA@      1001482c     lmathlib.obj
 0003:00001830       ??_C@_03GGCC@abs?$AA@      10014830     lmathlib.obj
 0003:00001834       ??_C@_0BC@JNA@interval?5is?5empty?$AA@ 10014834     lmathlib.obj
 0003:00001848       ??_C@_0BK@ICOC@wrong?5number?5of?5arguments?$AA@ 10014848     lmathlib.obj
 0003:00001864       ??_C@_02JLOD@PI?$AA@       10014864     lmathlib.obj
 0003:00001868       ??_C@_04OPAH@gsub?$AA@     10014868     lstrlib.obj
 0003:00001870       ??_C@_07LGIB@strfind?$AA@  10014870     lstrlib.obj
 0003:00001878       ??_C@_06PMHG@format?$AA@   10014878     lstrlib.obj
 0003:00001880       ??_C@_07FKJM@strbyte?$AA@  10014880     lstrlib.obj
 0003:00001888       ??_C@_05INIJ@ascii?$AA@    10014888     lstrlib.obj
 0003:00001890       ??_C@_06HJAM@strrep?$AA@   10014890     lstrlib.obj
 0003:00001898       ??_C@_07NGIO@strchar?$AA@  10014898     lstrlib.obj
 0003:000018a0       ??_C@_08IHBD@strupper?$AA@ 100148a0     lstrlib.obj
 0003:000018ac       ??_C@_08BPCH@strlower?$AA@ 100148ac     lstrlib.obj
 0003:000018b8       ??_C@_06LNON@strsub?$AA@   100148b8     lstrlib.obj
 0003:000018c0       ??_C@_06CGBO@strlen?$AA@   100148c0     lstrlib.obj
 0003:000018c8       ??_C@_0N@GEGL@out?5of?5range?$AA@ 100148c8     lstrlib.obj
 0003:000018d8       ??_C@_0O@NBNJ@invalid?5value?$AA@ 100148d8     lstrlib.obj
 0003:000018e8       ??_C@_0CC@CPKA@malformed?5pattern?5?$CIends?5with?5?$GA?$CF?8@ 100148e8     lstrlib.obj
 0003:0000190c       ??_C@_0CA@HGB@malformed?5pattern?5?$CImissing?5?$GA?$FN?8?$CJ?$AA@ 1001490c     lstrlib.obj
 0003:0000192c       ??_C@_0L@KADF@?$FO$?$CK?$CL?$DP?4?$CI?$FL?$CF?9?$AA@ 1001492c     lstrlib.obj
 0003:00001938       ??_C@_0BD@PNHJ@unbalanced?5pattern?$AA@ 10014938     lstrlib.obj
 0003:0000194c       ??_C@_0BC@IIJH@too?5many?5captures?$AA@ 1001494c     lstrlib.obj
 0003:00001960       ??_C@_0BI@NFAL@invalid?5pattern?5capture?$AA@ 10014960     lstrlib.obj
 0003:00001978       ??_C@_0BG@NPII@invalid?5capture?5index?$AA@ 10014978     lstrlib.obj
 0003:00001990       ??_C@_0BD@DEPE@unfinished?5capture?$AA@ 10014990     lstrlib.obj
 0003:000019a4       ??_C@_0BM@DPEN@string?5or?5function?5expected?$AA@ 100149a4     lstrlib.obj
 0003:000019c0       ??_C@_0BL@GACO@invalid?5option?5in?5?$GAformat?8?$AA@ 100149c0     lstrlib.obj
 0003:000019dc       ??_C@_0CN@PBKA@invalid?5format?5?$CIwidth?5or?5precisi@ 100149dc     lstrlib.obj
 0003:00001a0c       ??_C@_0BG@EAJF@?$FL?9?$CL?5?$CD0?$FN?$CK?$CI?$CFd?$CK?$CJ?$CF?4?$DP?$CI?$CFd?$CK?$CJ?$AA@ 10014a0c     lstrlib.obj
 0003:00001a24       ??_C@_04JJKI@?2000?$AA@    10014a24     lstrlib.obj
 0003:00001a30       ??_C@_00A@?$AA@            10014a30     ldebug.obj
 0003:00001a40       _sout                      10014a40     lua.obj
 0003:00001a44       _serr                      10014a44     lua.obj
 0003:00001a50       __adjust_fdiv              10014a50     <common>
 0003:00001a54       ___onexitend               10014a54     <common>
 0003:00001a58       ___onexitbegin             10014a58     <common>
 0003:00001a5c       __pRawDllMain              10014a5c     <common>

 entry point at        0001:0000fdc3

 Static symbols

 0001:0000e410       _str_len                   1000f410 f   lstrlib.obj
 0001:0000e460       _str_sub                   1000f460 f   lstrlib.obj
 0001:0000e510       _posrelat                  1000f510 f   lstrlib.obj
 0001:0000e530       _str_lower                 1000f530 f   lstrlib.obj
 0001:0000e5d0       _str_upper                 1000f5d0 f   lstrlib.obj
 0001:0000e670       _str_rep                   1000f670 f   lstrlib.obj
 0001:0000e6f0       _str_byte                  1000f6f0 f   lstrlib.obj
 0001:0000e780       _str_char                  1000f780 f   lstrlib.obj
 0001:0000e900       _match_class               1000f900 f   lstrlib.obj
 0001:0000eba0       _matchbracketclass         1000fba0 f   lstrlib.obj
 0001:0000ec40       _str_find                  1000fc40 f   lstrlib.obj
 0001:0000ee40       _match                     1000fe40 f   lstrlib.obj
 0001:0000f080       _matchbalance              10010080 f   lstrlib.obj
 0001:0000f0f0       _max_expand                100100f0 f   lstrlib.obj
 0001:0000f160       _min_expand                10010160 f   lstrlib.obj
 0001:0000f1d0       _start_capture             100101d0 f   lstrlib.obj
 0001:0000f230       _end_capture               10010230 f   lstrlib.obj
 0001:0000f280       _capture_to_close          10010280 f   lstrlib.obj
 0001:0000f2b0       _match_capture             100102b0 f   lstrlib.obj
 0001:0000f300       _check_capture             10010300 f   lstrlib.obj
 0001:0000f330       _lmemfind                  10010330 f   lstrlib.obj
 0001:0000f3a0       _push_captures             100103a0 f   lstrlib.obj
 0001:0000f410       _str_gsub                  10010410 f   lstrlib.obj
 0001:0000f5d0       _add_s                     100105d0 f   lstrlib.obj
 0001:0000f720       _str_format                10010720 f   lstrlib.obj
 0001:0000fa30       _luaI_addquoted            10010a30 f   lstrlib.obj
 0001:0000dd00       _math_abs                  1000ed00 f   lmathlib.obj
 0001:0000dd30       _math_sin                  1000ed30 f   lmathlib.obj
 0001:0000dd60       _math_cos                  1000ed60 f   lmathlib.obj
 0001:0000dd90       _math_tan                  1000ed90 f   lmathlib.obj
 0001:0000ddc0       _math_asin                 1000edc0 f   lmathlib.obj
 0001:0000ddf0       _math_acos                 1000edf0 f   lmathlib.obj
 0001:0000de20       _math_atan                 1000ee20 f   lmathlib.obj
 0001:0000de50       _math_atan2                1000ee50 f   lmathlib.obj
 0001:0000dea0       _math_ceil                 1000eea0 f   lmathlib.obj
 0001:0000ded0       _math_floor                1000eed0 f   lmathlib.obj
 0001:0000df00       _math_mod                  1000ef00 f   lmathlib.obj
 0001:0000df50       _math_sqrt                 1000ef50 f   lmathlib.obj
 0001:0000df80       _math_log                  1000ef80 f   lmathlib.obj
 0001:0000dfb0       _math_log10                1000efb0 f   lmathlib.obj
 0001:0000dfe0       _math_exp                  1000efe0 f   lmathlib.obj
 0001:0000e020       _math_deg                  1000f020 f   lmathlib.obj
 0001:0000e050       _math_rad                  1000f050 f   lmathlib.obj
 0001:0000e080       _math_frexp                1000f080 f   lmathlib.obj
 0001:0000e0d0       _math_ldexp                1000f0d0 f   lmathlib.obj
 0001:0000e110       _math_min                  1000f110 f   lmathlib.obj
 0001:0000e190       _math_max                  1000f190 f   lmathlib.obj
 0001:0000e200       _math_random               1000f200 f   lmathlib.obj
 0001:0000e350       _math_randomseed           1000f350 f   lmathlib.obj
 0001:0000e3c0       _math_pow                  1000f3c0 f   lmathlib.obj
 0001:0000c9f0       _io_close                  1000d9f0 f   liolib.obj
 0001:0000ca30       _pushresult                1000da30 f   liolib.obj
 0001:0000ca90       _getnonullfile             1000da90 f   liolib.obj
 0001:0000cad0       _gethandle                 1000dad0 f   liolib.obj
 0001:0000cb20       _closefile                 1000db20 f   liolib.obj
 0001:0000cb80       _io_open                   1000db80 f   liolib.obj
 0001:0000cbf0       _io_readfrom               1000dbf0 f   liolib.obj
 0001:0000cc10       _io_fromto                 1000dc10 f   liolib.obj
 0001:0000cce0       _getfilebyref              1000dce0 f   liolib.obj
 0001:0000cd40       _setreturn                 1000dd40 f   liolib.obj
 0001:0000cd90       _setfilebyname             1000dd90 f   liolib.obj
 0001:0000cdc0       _io_writeto                1000ddc0 f   liolib.obj
 0001:0000cde0       _io_appendto               1000dde0 f   liolib.obj
 0001:0000ce30       _io_read                   1000de30 f   liolib.obj
 0001:0000cfd0       _read_number               1000dfd0 f   liolib.obj
 0001:0000d020       _read_word                 1000e020 f   liolib.obj
 0001:0000d120       _read_line                 1000e120 f   liolib.obj
 0001:0000d1d0       _read_file                 1000e1d0 f   liolib.obj
 0001:0000d270       _read_chars                1000e270 f   liolib.obj
 0001:0000d310       _io_write                  1000e310 f   liolib.obj
 0001:0000d410       _io_seek                   1000e410 f   liolib.obj
 0001:0000d4d0       _io_flush                  1000e4d0 f   liolib.obj
 0001:0000d540       _io_execute                1000e540 f   liolib.obj
 0001:0000d580       _io_remove                 1000e580 f   liolib.obj
 0001:0000d5b0       _io_rename                 1000e5b0 f   liolib.obj
 0001:0000d5f0       _io_tmpname                1000e5f0 f   liolib.obj
 0001:0000d610       _io_getenv                 1000e610 f   liolib.obj
 0001:0000d640       _io_clock                  1000e640 f   liolib.obj
 0001:0000d670       _io_date                   1000e670 f   liolib.obj
 0001:0000d700       _setloc                    1000e700 f   liolib.obj
 0001:0000d770       _io_exit                   1000e770 f   liolib.obj
 0001:0000d7a0       _io_debug                  1000e7a0 f   liolib.obj
 0001:0000d870       _errorfb                   1000e870 f   liolib.obj
 0001:0000dba0       _openwithcontrol           1000eba0 f   liolib.obj
 0001:0000dcc0       _file_collect              1000ecc0 f   liolib.obj
 0001:0000c490       _getinfo                   1000d490 f   ldblib.obj
 0001:0000c6a0       _settabss                  1000d6a0 f   ldblib.obj
 0001:0000c6d0       _settabsi                  1000d6d0 f   ldblib.obj
 0001:0000c700       _getlocal                  1000d700 f   ldblib.obj
 0001:0000c790       _setlocal                  1000d790 f   ldblib.obj
 0001:0000c800       _setcallhook               1000d800 f   ldblib.obj
 0001:0000c830       _callf                     1000d830 f   ldblib.obj
 0001:0000c860       _hookf                     1000d860 f   ldblib.obj
 0001:0000c8d0       _sethook                   1000d8d0 f   ldblib.obj
 0001:0000c970       _setlinehook               1000d970 f   ldblib.obj
 0001:0000c9a0       _linef                     1000d9a0 f   ldblib.obj
 0001:0000b2c0       _luaB__ALERT               1000c2c0 f   lbaselib.obj
 0001:0000b2f0       _luaB__ERRORMESSAGE        1000c2f0 f   lbaselib.obj
 0001:0000b3d0       _luaB_print                1000c3d0 f   lbaselib.obj
 0001:0000b490       _luaB_tonumber             1000c490 f   lbaselib.obj
 0001:0000b5c0       _luaB_error                1000c5c0 f   lbaselib.obj
 0001:0000b5e0       _luaB_setglobal            1000c5e0 f   lbaselib.obj
 0001:0000b610       _luaB_getglobal            1000c610 f   lbaselib.obj
 0001:0000b630       _luaB_tag                  1000c630 f   lbaselib.obj
 0001:0000b670       _luaB_settag               1000c670 f   lbaselib.obj
 0001:0000b6b0       _luaB_newtag               1000c6b0 f   lbaselib.obj
 0001:0000b6e0       _luaB_copytagmethods       1000c6e0 f   lbaselib.obj
 0001:0000b730       _luaB_globals              1000c730 f   lbaselib.obj
 0001:0000b770       _luaB_rawget               1000c770 f   lbaselib.obj
 0001:0000b7a0       _luaB_rawset               1000c7a0 f   lbaselib.obj
 0001:0000b7e0       _luaB_settagmethod         1000c7e0 f   lbaselib.obj
 0001:0000b8a0       _luaB_gettagmethod         1000c8a0 f   lbaselib.obj
 0001:0000b920       _luaB_gcinfo               1000c920 f   lbaselib.obj
 0001:0000b970       _luaB_collectgarbage       1000c970 f   lbaselib.obj
 0001:0000b9a0       _luaB_type                 1000c9a0 f   lbaselib.obj
 0001:0000b9d0       _luaB_next                 1000c9d0 f   lbaselib.obj
 0001:0000ba10       _luaB_dostring             1000ca10 f   lbaselib.obj
 0001:0000ba70       _passresults               1000ca70 f   lbaselib.obj
 0001:0000bad0       _luaB_dofile               1000cad0 f   lbaselib.obj
 0001:0000bb10       _luaB_call                 1000cb10 f   lbaselib.obj
 0001:0000bc60       _luaB_tostring             1000cc60 f   lbaselib.obj
 0001:0000bd80       _luaB_foreachi             1000cd80 f   lbaselib.obj
 0001:0000be20       _luaB_foreach              1000ce20 f   lbaselib.obj
 0001:0000beb0       _luaB_assert               1000ceb0 f   lbaselib.obj
 0001:0000bef0       _luaB_getn                 1000cef0 f   lbaselib.obj
 0001:0000bf30       _luaB_tinsert              1000cf30 f   lbaselib.obj
 0001:0000bff0       _luaB_tremove              1000cff0 f   lbaselib.obj
 0001:0000c0b0       _luaB_sort                 1000d0b0 f   lbaselib.obj
 0001:0000c100       _auxsort                   1000d100 f   lbaselib.obj
 0001:0000c340       _set2                      1000d340 f   lbaselib.obj
 0001:0000c370       _sort_comp                 1000d370 f   lbaselib.obj
 0001:0000c430       _deprecated_funcs          1000d430 f   lbaselib.obj
 0001:0000c470       _deprecated_func           1000d470 f   lbaselib.obj
 0001:0000ae20       _type_error                1000be20 f   lauxlib.obj
 0001:0000b080       _emptybuffer               1000c080 f   lauxlib.obj
 0001:0000b0c0       _adjuststack               1000c0c0 f   lauxlib.obj
 0001:0000abc0       _zmfilbuf                  1000bbc0 f   lzio.obj
 0001:0000ac30       _zffilbuf                  1000bc30 f   lzio.obj
 0001:00009620       _luaV_closure              1000a620 f   lvm.obj
 0001:00009b80       _call_binTM                1000ab80 f   lvm.obj
 0001:00009c10       _luaV_strcomp              1000ac10 f   lvm.obj
 0001:0000a9c0       _traceexec                 1000b9c0 f   lvm.obj
 0001:0000aa40       _call_arith                1000ba40 f   lvm.obj
 0001:0000aa80       _adjust_varargs            1000ba80 f   lvm.obj
 0001:0000aac0       _luaV_pack                 1000bac0 f   lvm.obj
 0001:00008dd0       _ZNAME                     10009dd0 f   lundump.obj
 0001:00008de0       _LoadChunk                 10009de0 f   lundump.obj
 0001:00008e00       _LoadFunction              10009e00 f   lundump.obj
 0001:00008e90       _ezgetc                    10009e90 f   lundump.obj
 0001:00008ee0       _unexpectedEOZ             10009ee0 f   lundump.obj
 0001:00008f00       _LoadInt                   10009f00 f   lundump.obj
 0001:00008f30       _LoadBlock                 10009f30 f   lundump.obj
 0001:00008f90       _ezread                    10009f90 f   lundump.obj
 0001:00008fc0       _LoadString                10009fc0 f   lundump.obj
 0001:00009010       _LoadSize                  1000a010 f   lundump.obj
 0001:00009040       _LoadCode                  1000a040 f   lundump.obj
 0001:000090c0       _LoadVector                1000a0c0 f   lundump.obj
 0001:00009140       _LoadLocals                1000a140 f   lundump.obj
 0001:000091e0       _LoadLines                 1000a1e0 f   lundump.obj
 0001:00009230       _LoadConstants             1000a230 f   lundump.obj
 0001:00009320       _LoadHeader                1000a320 f   lundump.obj
 0001:00009490       _LoadNumber                1000a490 f   lundump.obj
 0001:000094c0       _LoadSignature             1000a4c0 f   lundump.obj
 0001:00009510       _TestSize                  1000a510 f   lundump.obj
 0001:00008220       _lreset                    10009220 f   lua.obj
 0001:00008240       _laction                   10009240 f   lua.obj
 0001:00008280       _lstop                     10009280 f   lua.obj
 0001:00008380       _userinit                  10009380 f   lua.obj
 0001:000083c0       _handle_argv               100093c0 f   lua.obj
 0001:00008620       _isatty                    10009620 f   lua.obj
 0001:00008630       _print_message             10009630 f   lua.obj
 0001:00008650       _print_version             10009650 f   lua.obj
 0001:00008670       _assign                    10009670 f   lua.obj
 0001:000086a0       _getargs                   100096a0 f   lua.obj
 0001:00008750       _file_input                10009750 f   lua.obj
 0001:000087a0       _manual_input              100097a0 f   lua.obj
 0001:000088b0       _getstacksize              100098b0 f   lua.obj
 0001:000089a0       _register_getargs          100099a0 f   lua.obj
 0001:000089e0       _l_getargs                 100099e0 f   lua.obj
 0001:00007e00       _init_entry                10008e00 f   ltm.obj
 0001:00007f20       _checktag                  10008f20 f   ltm.obj
 0001:00007ff0       _luaI_checkevent           10008ff0 f   ltm.obj
 0001:00008060       _findevent                 10009060 f   ltm.obj
 0001:00007880       _luaH_getany               10008880 f   ltable.obj
 0001:00007a60       _setnodevector             10008a60 f   ltable.obj
 0001:00007c20       _rehash                    10008c20 f   ltable.obj
 0001:00007cd0       _numuse                    10008cd0 f   ltable.obj
 0001:00007590       _hash_s                    10008590 f   lstring.obj
 0001:000075d0       _newentry                  100085d0 f   lstring.obj
 0001:00007210       _f_luaopen                 10008210 f   lstate.obj
 0001:00007280       _errormessage              10008280 f   lstate.obj
 0001:000050b0       _next                      100060b0 f   lparser.obj
 0001:00005100       _check_condition           10006100 f   lparser.obj
 0001:00005120       _open_func                 10006120 f   lparser.obj
 0001:00005190       _close_func                10006190 f   lparser.obj
 0001:00005270       _removelocalvars           10006270 f   lparser.obj
 0001:000052b0       _chunk                     100062b0 f   lparser.obj
 0001:000052e0       _optional                  100062e0 f   lparser.obj
 0001:00005310       _block_follow              10006310 f   lparser.obj
 0001:00005360       _stat                      10006360 f   lparser.obj
 0001:00005570       _check_match               10006570 f   lparser.obj
 0001:00005610       _error_expected            10006610 f   lparser.obj
 0001:00005650       _block                     10006650 f   lparser.obj
 0001:00005690       _whilestat                 10006690 f   lparser.obj
 0001:00005730       _check                     10006730 f   lparser.obj
 0001:00005760       _enterbreak                10006760 f   lparser.obj
 0001:00005780       _leavebreak                10006780 f   lparser.obj
 0001:000057b0       _cond                      100067b0 f   lparser.obj
 0001:000057e0       _expr                      100067e0 f   lparser.obj
 0001:00005800       _subexpr                   10006800 f   lparser.obj
 0001:000058c0       _simpleexp                 100068c0 f   lparser.obj
 0001:00005ae0       _code_string               10006ae0 f   lparser.obj
 0001:00005b00       _string_constant           10006b00 f   lparser.obj
 0001:00005b60       _var_or_func               10006b60 f   lparser.obj
 0001:00005bd0       _str_checkname             10006bd0 f   lparser.obj
 0001:00005c10       _singlevar                 10006c10 f   lparser.obj
 0001:00005c60       _search_local              10006c60 f   lparser.obj
 0001:00005cd0       _pushupvalue               10006cd0 f   lparser.obj
 0001:00005d60       _indexupvalue              10006d60 f   lparser.obj
 0001:00005de0       _var_or_func_tail          10006de0 f   lparser.obj
 0001:00005fd0       _checkname                 10006fd0 f   lparser.obj
 0001:00005ff0       _funcargs                  10006ff0 f   lparser.obj
 0001:00006090       _explist1                  10007090 f   lparser.obj
 0001:00006100       _constructor               10007100 f   lparser.obj
 0001:000061c0       _constructor_part          100071c0 f   lparser.obj
 0001:00006320       _lookahead                 10007320 f   lparser.obj
 0001:00006340       _recfields                 10007340 f   lparser.obj
 0001:000063c0       _recfield                  100073c0 f   lparser.obj
 0001:00006450       _listfields                10007450 f   lparser.obj
 0001:00006510       _exp1                      10007510 f   lparser.obj
 0001:00006540       _getunopr                  10007540 f   lparser.obj
 0001:00006560       _getbinopr                 10007560 f   lparser.obj
 0001:00006700       _repeatstat                10007700 f   lparser.obj
 0001:00006770       _forstat                   10007770 f   lparser.obj
 0001:000067f0       _fornum                    100077f0 f   lparser.obj
 0001:00006880       _new_localvar              10007880 f   lparser.obj
 0001:000068d0       _luaI_registerlocalvar     100078d0 f   lparser.obj
 0001:00006920       _new_localvarstr           10007920 f   lparser.obj
 0001:00006950       _forbody                   10007950 f   lparser.obj
 0001:000069d0       _adjustlocalvars           100079d0 f   lparser.obj
 0001:00006a10       _forlist                   10007a10 f   lparser.obj
 0001:00006ab0       _ifstat                    10007ab0 f   lparser.obj
 0001:00006ba0       _test_then_block           10007ba0 f   lparser.obj
 0001:00006bd0       _localstat                 10007bd0 f   lparser.obj
 0001:00006c40       _adjust_mult_assign        10007c40 f   lparser.obj
 0001:00006ca0       _funcstat                  10007ca0 f   lparser.obj
 0001:00006ce0       _funcname                  10007ce0 f   lparser.obj
 0001:00006d50       _namestat                  10007d50 f   lparser.obj
 0001:00006dc0       _assignment                10007dc0 f   lparser.obj
 0001:00006e90       _retstat                   10007e90 f   lparser.obj
 0001:00006ee0       _breakstat                 10007ee0 f   lparser.obj
 0001:00006f40       _body                      10007f40 f   lparser.obj
 0001:00006fe0       _pushclosure               10007fe0 f   lparser.obj
 0001:00007070       _parlist                   10008070 f   lparser.obj
 0001:000070f0       _code_params               100080f0 f   lparser.obj
 0001:000041b0       _luaX_invalidchar          100051b0 f   llex.obj
 0001:000041e0       _inclinenumber             100051e0 f   llex.obj
 0001:00004230       _readname                  10005230 f   llex.obj
 0001:000042f0       _read_number               100052f0 f   llex.obj
 0001:00004610       _read_long_string          10005610 f   llex.obj
 0001:000048f0       _read_string               100058f0 f   llex.obj
 0001:00003270       _collectproto              10004270 f   lgc.obj
 0001:000032b0       _collectclosure            100042b0 f   lgc.obj
 0001:000032f0       _collecttable              100042f0 f   lgc.obj
 0001:00003330       _collectstrings            10004330 f   lgc.obj
 0001:000033c0       _checktab                  100043c0 f   lgc.obj
 0001:00003400       _collectudata              10004400 f   lgc.obj
 0001:00003490       _callgcTMudata             10004490 f   lgc.obj
 0001:00003510       _callgcTM                  10004510 f   lgc.obj
 0001:000035b0       _luaC_collectgarbage       100045b0 f   lgc.obj
 0001:000035f0       _markall                   100045f0 f   lgc.obj
 0001:000036e0       _markstack                 100046e0 f   lgc.obj
 0001:00003710       _marklock                  10004710 f   lgc.obj
 0001:00003750       _marktagmethods            10004750 f   lgc.obj
 0001:000037a0       _markclosure               100047a0 f   lgc.obj
 0001:000037d0       _protomark                 100047d0 f   lgc.obj
 0001:00003860       _markobject                10004860 f   lgc.obj
 0001:000038e0       _invalidaterefs            100048e0 f   lgc.obj
 0001:00003920       _hasmark                   10004920 f   lgc.obj
 0001:00003980       _checkMbuffer              10004980 f   lgc.obj
 0001:00003100       _protosize                 10004100 f   lfunc.obj
 0001:000027b0       _dohook                    100037b0 f   ldo.obj
 0001:00002830       _luaD_openstack            10003830 f   ldo.obj
 0001:00002a00       _luaD_callHook             10003a00 f   ldo.obj
 0001:00002a40       _callCclosure              10003a40 f   ldo.obj
 0001:00002b00       _f_call                    10003b00 f   ldo.obj
 0001:00002b50       _parse_file                10003b50 f   ldo.obj
 0001:00002c60       _protectedparser           10003c60 f   ldo.obj
 0001:00002cc0       _f_parser                  10003cc0 f   ldo.obj
 0001:00002d40       _parse_buffer              10003d40 f   ldo.obj
 0001:00002e60       _message                   10003e60 f   ldo.obj
 0001:00003000       _restore_stack_limit       10004000 f   ldo.obj
 0001:00001c80       _aux_stackedfunction       10002c80 f   ldebug.obj
 0001:00001db0       _currentpc                 10002db0 f   ldebug.obj
 0001:00001dd0       _getluaproto               10002dd0 f   ldebug.obj
 0001:00001df0       _isLmark                   10002df0 f   ldebug.obj
 0001:00001fd0       _setnormalized             10002fd0 f   ldebug.obj
 0001:00002010       _nups                      10003010 f   ldebug.obj
 0001:00002040       _currentline               10003040 f   ldebug.obj
 0001:00002080       _funcinfo                  10003080 f   ldebug.obj
 0001:00002110       _infoLproto                10003110 f   ldebug.obj
 0001:00002130       _getname                   10003130 f   ldebug.obj
 0001:000021a0       _travtagmethods            100031a0 f   ldebug.obj
 0001:000021f0       _travglobals               100031f0 f   ldebug.obj
 0001:00002250       _getfuncname               10003250 f   ldebug.obj
 0001:000022c0       _getobjname                100032c0 f   ldebug.obj
 0001:000023a0       _luaG_symbexec             100033a0 f   ldebug.obj
 0001:00002570       _pushpc                    10003570 f   ldebug.obj
 0001:00000ef0       _number_constant           10001ef0 f   lcode.obj
 0001:00000fd0       _previous_instruction      10001fd0 f   lcode.obj
 0001:000010d0       _luaK_patchlistaux         100020d0 f   lcode.obj
 0001:00001160       _luaK_fixjump              10002160 f   lcode.obj
 0001:000011d0       _luaK_getjump              100021d0 f   lcode.obj
 0001:00001280       _luaK_testgo               10002280 f   lcode.obj
 0001:00001330       _discharge1                10002330 f   lcode.obj
 0001:00001370       _discharge                 10002370 f   lcode.obj
 0001:000013e0       _invertjump                100023e0 f   lcode.obj
 0001:00001590       _need_value                10002590 f   lcode.obj
 0001:000015d0       _code_label                100025d0 f   lcode.obj
 0001:000016e0       _luaK_goiffalse            100026e0 f   lcode.obj
 0001:00001bb0       _codelineinfo              10002bb0 f   lcode.obj
 0001:00000210       _luaA_indexAcceptable      10001210 f   lapi.obj
