 S3Relay

 Timestamp is 669cac2c (Sun Jul 21 13:35:24 2024)

 Preferred load address is 00400000

 Start         Length     Name                   Class
 0001:00000000 000b54f0H .text                   CODE
 0001:000b54f0 000036aaH .text$x                 CODE
 0002:00000000 0000028cH .idata$5                DATA
 0002:00000290 00003d74H .rdata                  DATA
 0002:00004008 0000017cH .rdata$r                DATA
 0002:00004188 00004600H .xdata$x                DATA
 0002:00008788 00000064H .idata$2                DATA
 0002:000087ec 00000014H .idata$3                DATA
 0002:00008800 0000028cH .idata$4                DATA
 0002:00008a8c 00000b94H .idata$6                DATA
 0002:00009620 00000000H .edata                  DATA
 0003:00000000 00000004H .CRT$XCA                DATA
 0003:00000004 00000110H .CRT$XCU                DATA
 0003:00000114 00000004H .CRT$XCZ                DATA
 0003:00000118 00000004H .CRT$XIA                DATA
 0003:0000011c 0000000cH .CRT$XIC                DATA
 0003:00000128 00000004H .CRT$XIY                DATA
 0003:0000012c 00000004H .CRT$XIZ                DATA
 0003:00000130 00000004H .CRT$XPA                DATA
 0003:00000134 00000004H .CRT$XPX                DATA
 0003:00000138 00000004H .CRT$XPZ                DATA
 0003:0000013c 00000004H .CRT$XTA                DATA
 0003:00000140 00000004H .CRT$XTB                DATA
 0003:00000144 00000004H .CRT$XTZ                DATA
 0003:00000150 0000adbcH .data                   DATA
 0003:0000af10 0025a6b8H .bss                    DATA
 0004:00000000 00000280H .rsrc$01                DATA
 0004:00000280 00000bc0H .rsrc$02                DATA

  Address         Publics by Value              Rva+Base     Lib:Object

 0001:00000000       ??0CChannelMgr@@QAE@XZ     00401000 f   ChannelMgr.obj
 0001:00000250       ??_GCChannelMgr@@UAEPAXI@Z 00401250 f i ChannelMgr.obj
 0001:00000250       ??_ECChannelMgr@@UAEPAXI@Z 00401250 f i ChannelMgr.obj
 0001:00000270       ??1?$map@KUCHANNINFO@CChannelMgr@@U?$less@K@std@@V?$allocator@UCHANNINFO@CChannelMgr@@@4@@std@@QAE@XZ 00401270 f i ChannelMgr.obj
 0001:000002e0       ??1?$map@V?$basic_string@DU?$char_traits@D@std@@V?$allocator@D@2@@std@@KU_tstring_less@@V?$allocator@K@2@@std@@QAE@XZ 004012e0 f i ChannelMgr.obj
 0001:00000350       ??1?$map@KV?$list@PAU_BLOCKCHANNELOP@CChannelMgr@@V?$allocator@PAU_BLOCKCHANNELOP@CChannelMgr@@@std@@@std@@U?$less@K@2@V?$allocator@V?$list@PAU_BLOCKCHANNELOP@CChannelMgr@@V?$allocator@PAU_BLOCKCHANNELOP@CChannelMgr@@@std@@@std@@@2@@std@@QAE@XZ 00401350 f i ChannelMgr.obj
 0001:000003c0       ??1CChannelMgr@@UAE@XZ     004013c0 f   ChannelMgr.obj
 0001:00000550       ?Initialize@CChannelMgr@@QAEHXZ 00401550 f   ChannelMgr.obj
 0001:00000ca0       ?Uninitialize@CChannelMgr@@QAEHXZ 00401ca0 f   ChannelMgr.obj
 0001:00000d20       ?GenChannID@CChannelMgr@@AAEKXZ 00401d20 f   ChannelMgr.obj
 0001:00000d70       ?GetChannelName@CChannelMgr@@QAE?AV?$basic_string@DU?$char_traits@D@std@@V?$allocator@D@2@@std@@KH@Z 00401d70 f   ChannelMgr.obj
 0001:00000f10       ?GetChannelID@CChannelMgr@@QAEKABV?$basic_string@DU?$char_traits@D@std@@V?$allocator@D@2@@std@@K@Z 00401f10 f   ChannelMgr.obj
 0001:000010b0       ?IsSubscribed@CChannelMgr@@QAEHKKK@Z 004020b0 f   ChannelMgr.obj
 0001:00001180       ?GmSubscribe@CChannelMgr@@QAEHK@Z 00402180 f   ChannelMgr.obj
 0001:00001210       ?GmUnsubscribe@CChannelMgr@@QAEHK@Z 00402210 f   ChannelMgr.obj
 0001:000012a0       ?IsGmSubscribed@CChannelMgr@@QAEHK@Z 004022a0 f   ChannelMgr.obj
 0001:00001310       ?GmQueryChannelID@CChannelMgr@@QAEHABV?$basic_string@DU?$char_traits@D@std@@V?$allocator@D@2@@std@@H@Z 00402310 f   ChannelMgr.obj
 0001:000014c0       ?GmFreeChannID@CChannelMgr@@QAEHK@Z 004024c0 f   ChannelMgr.obj
 0001:000015b0       ?IsUsed@CChannelMgr@@QAEHKKK@Z 004025b0 f   ChannelMgr.obj
 0001:00001690       ?IsGmUsed@CChannelMgr@@QAEHK@Z 00402690 f   ChannelMgr.obj
 0001:000016f0       ?MakeChannelName@CChannelMgr@@QAE?AV?$basic_string@DU?$char_traits@D@std@@V?$allocator@D@2@@std@@ABV23@K@Z 004026f0 f   ChannelMgr.obj
 0001:00001c80       ??R_tstring_less@@QBE_NABV?$basic_string@DU?$char_traits@D@std@@V?$allocator@D@2@@std@@0@Z 00402c80 f i ChannelMgr.obj
 0001:00001cd0       ?ReduceChannelName@CChannelMgr@@QAE?AV?$basic_string@DU?$char_traits@D@std@@V?$allocator@D@2@@std@@ABV23@@Z 00402cd0 f   ChannelMgr.obj
 0001:00001f90       ?ParseChannelName@CChannelMgr@@QAEKABV?$basic_string@DU?$char_traits@D@std@@V?$allocator@D@2@@std@@PAK@Z 00402f90 f   ChannelMgr.obj
 0001:000022d0       ?GainPreCost@CChannelMgr@@QAEEABV?$basic_string@DU?$char_traits@D@std@@V?$allocator@D@2@@std@@@Z 004032d0 f   ChannelMgr.obj
 0001:000023b0       ?GetGMChannID@CChannelMgr@@QAEKXZ 004033b0 f   ChannelMgr.obj
 0001:000023c0       ?IsGodChannel@CChannelMgr@@QAEHK@Z 004033c0 f   ChannelMgr.obj
 0001:00002420       ?IsStockChannel@CChannelMgr@@QAEHK@Z 00403420 f   ChannelMgr.obj
 0001:00002480       ?PassToSpecMan@CChannelMgr@@AAEHKKKPBXI@Z 00403480 f   ChannelMgr.obj
 0001:00002550       ??1CNetConnectDup@@UAE@XZ  00403550 f i ChannelMgr.obj
 0001:00002570       ??_GCNetConnectDup@@UAEPAXI@Z 00403570 f i ChannelMgr.obj
 0001:00002570       ??_ECNetConnectDup@@UAEPAXI@Z 00403570 f i ChannelMgr.obj
 0001:000025b0       ?PassToGroupMan@CChannelMgr@@AAEHKHABV?$list@UtagPlusSrcInfo@@V?$allocator@UtagPlusSrcInfo@@@std@@@std@@PBXI@Z 004035b0 f   ChannelMgr.obj
 0001:00002750       ?PassToGM@CChannelMgr@@AAEHPBXI@Z 00403750 f   ChannelMgr.obj
 0001:000027c0       ?IsValidTeamID@CChannelMgr@@AAEHK@Z 004037c0 f   ChannelMgr.obj
 0001:000027f0       ?IsValidKimID@CChannelMgr@@AAEHK@Z 004037f0 f   ChannelMgr.obj
 0001:00002820       ?IsValidFacID@CChannelMgr@@AAEHK@Z 00403820 f   ChannelMgr.obj
 0001:00002850       ?IsValidTongID@CChannelMgr@@AAEHK@Z 00403850 f   ChannelMgr.obj
 0001:00002880       ?SomeoneChat@CChannelMgr@@QAEHKABUtagPlusSrcInfo@@PBUCHAT_SOMEONECHAT_CMD@@@Z 00403880 f   ChannelMgr.obj
 0001:00002b40       ?ChannelChat@CChannelMgr@@QAEHKABUtagPlusSrcInfo@@PBUCHAT_CHANNELCHAT_CMD@@@Z 00403b40 f   ChannelMgr.obj
 0001:000033d0       ?IsNeedRelegate@CChannelMgr@@AAEHABV?$basic_string@DU?$char_traits@D@std@@V?$allocator@D@2@@std@@H@Z 004043d0 f   ChannelMgr.obj
 0001:00003420       ?QueryChannelID@CChannelMgr@@QAEHABV?$basic_string@DU?$char_traits@D@std@@V?$allocator@D@2@@std@@KKK@Z 00404420 f   ChannelMgr.obj
 0001:00003430       ?Subscribe@CChannelMgr@@QAEHKKK@Z 00404430 f   ChannelMgr.obj
 0001:00003440       ?Unsubscribe@CChannelMgr@@QAEHKKK@Z 00404440 f   ChannelMgr.obj
 0001:00003450       ?FreeChannID@CChannelMgr@@QAEHKKK@Z 00404450 f   ChannelMgr.obj
 0001:00003460       ?ClearPlayer@CChannelMgr@@QAEHKK@Z 00404460 f   ChannelMgr.obj
 0001:00003470       ?DoBlockOp@CChannelMgr@@QAEKK@Z 00404470 f   ChannelMgr.obj
 0001:00003480       ?Block_QueryChannelID@CChannelMgr@@AAEHABV?$basic_string@DU?$char_traits@D@std@@V?$allocator@D@2@@std@@KKK@Z 00404480 f   ChannelMgr.obj
 0001:00003980       ?Block_Subscribe@CChannelMgr@@AAEHKKK@Z 00404980 f   ChannelMgr.obj
 0001:00003a80       ?Block_Unsubscribe@CChannelMgr@@AAEHKKK@Z 00404a80 f   ChannelMgr.obj
 0001:00003b80       ?Block_FreeChannID@CChannelMgr@@AAEHKKK@Z 00404b80 f   ChannelMgr.obj
 0001:00003d30       ?Block_ClearPlayer@CChannelMgr@@AAEHKK@Z 00404d30 f   ChannelMgr.obj
 0001:00003eb0       ?B_QueryChannelID@CChannelMgr@@QAEHABV?$basic_string@DU?$char_traits@D@std@@V?$allocator@D@2@@std@@KKK@Z 00404eb0 f   ChannelMgr.obj
 0001:00003ed0       ?B_Subscribe@CChannelMgr@@QAEHKKK@Z 00404ed0 f   ChannelMgr.obj
 0001:00003ef0       ?B_Unsubscribe@CChannelMgr@@QAEHKKK@Z 00404ef0 f   ChannelMgr.obj
 0001:00003f10       ?B_FreeChannID@CChannelMgr@@QAEHKKK@Z 00404f10 f   ChannelMgr.obj
 0001:00003f30       ?B_ClearPlayer@CChannelMgr@@QAEHKK@Z 00404f30 f   ChannelMgr.obj
 0001:00003f50       ?GetChannelCount@CChannelMgr@@QAEIXZ 00404f50 f   ChannelMgr.obj
 0001:00003f60       ?SayOnSomeone@CChannelMgr@@QAEHKKKABV?$basic_string@DU?$char_traits@D@std@@V?$allocator@D@2@@std@@0@Z 00404f60 f   ChannelMgr.obj
 0001:000040c0       ?SayOnChannel@CChannelMgr@@QAEHKHABV?$basic_string@DU?$char_traits@D@std@@V?$allocator@D@2@@std@@00@Z 004050c0 f   ChannelMgr.obj
 0001:00004810       ??0?$basic_string@DU?$char_traits@D@std@@V?$allocator@D@2@@std@@QAE@ABV?$allocator@D@1@@Z 00405810 f i ChannelMgr.obj
 0001:00004830       ??0?$basic_string@DU?$char_traits@D@std@@V?$allocator@D@2@@std@@QAE@ABV01@@Z 00405830 f i ChannelMgr.obj
 0001:00004950       ??1?$basic_string@DU?$char_traits@D@std@@V?$allocator@D@2@@std@@QAE@XZ 00405950 f i ChannelMgr.obj
 0001:00004990       ??A?$map@KV?$map@KUPLAYERINFO@CChannelMgr@@U?$less@K@std@@V?$allocator@UPLAYERINFO@CChannelMgr@@@4@@std@@U?$less@K@2@V?$allocator@V?$map@KUPLAYERINFO@CChannelMgr@@U?$less@K@std@@V?$allocator@UPLAYERINFO@CChannelMgr@@@4@@std@@@2@@std@@QAEAAV?$map@KUPLAYERINFO@CChannelMgr@@U?$less@K@std@@V?$allocator@UPLAYERINFO@CChannelMgr@@@4@@1@ABK@Z 00405990 f i ChannelMgr.obj
 0001:00004b20       ??A?$map@KUCHANNINFO@CChannelMgr@@U?$less@K@std@@V?$allocator@UCHANNINFO@CChannelMgr@@@4@@std@@QAEAAUCHANNINFO@CChannelMgr@@ABK@Z 00405b20 f i ChannelMgr.obj
 0001:00004c80       ??A?$map@V?$basic_string@DU?$char_traits@D@std@@V?$allocator@D@2@@std@@KU_tstring_less@@V?$allocator@K@2@@std@@QAEAAKABV?$basic_string@DU?$char_traits@D@std@@V?$allocator@D@2@@1@@Z 00405c80 f i ChannelMgr.obj
 0001:00004d30       ??1?$list@UtagPlusSrcInfo@@V?$allocator@UtagPlusSrcInfo@@@std@@@std@@QAE@XZ 00405d30 f i ChannelMgr.obj
 0001:00004d80       ??1?$map@KUPLAYERINFO@CChannelMgr@@U?$less@K@std@@V?$allocator@UPLAYERINFO@CChannelMgr@@@4@@std@@QAE@XZ 00405d80 f i ChannelMgr.obj
 0001:00004df0       ??1?$pair@$$CBKV?$map@KUPLAYERINFO@CChannelMgr@@U?$less@K@std@@V?$allocator@UPLAYERINFO@CChannelMgr@@@4@@std@@@std@@QAE@XZ 00405df0 f i ChannelMgr.obj
 0001:00004e60       ??0CHANNINFO@CChannelMgr@@QAE@XZ 00405e60 f i ChannelMgr.obj
 0001:00004f40       ??1CHANNINFO@CChannelMgr@@QAE@XZ 00405f40 f i ChannelMgr.obj
 0001:00005010       ??1?$pair@$$CBKUCHANNINFO@CChannelMgr@@@std@@QAE@XZ 00406010 f i ChannelMgr.obj
 0001:000050e0       ??1?$pair@$$CBV?$basic_string@DU?$char_traits@D@std@@V?$allocator@D@2@@std@@K@std@@QAE@XZ 004060e0 f i ChannelMgr.obj
 0001:00005120       ?append@?$basic_string@DU?$char_traits@D@std@@V?$allocator@D@2@@std@@QAEAAV12@ID@Z 00406120 f i ChannelMgr.obj
 0001:000051f0       ?assign@?$basic_string@DU?$char_traits@D@std@@V?$allocator@D@2@@std@@QAEAAV12@ABV12@II@Z 004061f0 f i ChannelMgr.obj
 0001:000053f0       ?assign@?$basic_string@DU?$char_traits@D@std@@V?$allocator@D@2@@std@@QAEAAV12@PBDI@Z 004063f0 f i ChannelMgr.obj
 0001:00005490       ?rfind@?$basic_string@DU?$char_traits@D@std@@V?$allocator@D@2@@std@@QBEIPBDII@Z 00406490 f i ChannelMgr.obj
 0001:00005510       ?find_last_not_of@?$basic_string@DU?$char_traits@D@std@@V?$allocator@D@2@@std@@QBEIPBDII@Z 00406510 f i ChannelMgr.obj
 0001:00005580       ?_Freeze@?$basic_string@DU?$char_traits@D@std@@V?$allocator@D@2@@std@@AAEXXZ 00406580 f i ChannelMgr.obj
 0001:00005600       ?_Tidy@?$basic_string@DU?$char_traits@D@std@@V?$allocator@D@2@@std@@AAEX_N@Z 00406600 f i ChannelMgr.obj
 0001:00005650       ??0?$map@KV?$map@KUPLAYERINFO@CChannelMgr@@U?$less@K@std@@V?$allocator@UPLAYERINFO@CChannelMgr@@@4@@std@@U?$less@K@2@V?$allocator@V?$map@KUPLAYERINFO@CChannelMgr@@U?$less@K@std@@V?$allocator@UPLAYERINFO@CChannelMgr@@@4@@std@@@2@@std@@QAE@ABU?$less@K@1@ABV?$allocator@V?$map@KUPLAYERINFO@CChannelMgr@@U?$less@K@std@@V?$allocator@UPLAYERINFO@CChannelMgr@@@4@@std@@@1@@Z 00406650 f i ChannelMgr.obj
 0001:00005720       ?insert@?$map@KV?$map@KUPLAYERINFO@CChannelMgr@@U?$less@K@std@@V?$allocator@UPLAYERINFO@CChannelMgr@@@4@@std@@U?$less@K@2@V?$allocator@V?$map@KUPLAYERINFO@CChannelMgr@@U?$less@K@std@@V?$allocator@UPLAYERINFO@CChannelMgr@@@4@@std@@@2@@std@@QAE?AU?$pair@Viterator@?$_Tree@KU?$pair@$$CBKV?$map@KUPLAYERINFO@CChannelMgr@@U?$less@K@std@@V?$allocator@UPLAYERINFO@CChannelMgr@@@4@@std@@@std@@U_Kfn@?$map@KV?$map@KUPLAYERINFO@CChannelMgr@@U?$less@K@std@@V?$allocator@UPLAYERINFO@CChannelMgr@@@4@@std@@U?$less@K@2@V?$allocator@V?$map@KUPLAYERINFO@CChannelMgr@@U?$less@K@std@@V?$allocator@UPLAYERINFO@CChannelMgr@@@4@@std@@@2@@2@U?$less@K@2@V?$allocator@V?$map@KUPLAYERINFO@CChannelMgr@@U?$less@K@std@@V?$allocator@UPLAYERINFO@CChannelMgr@@@4@@std@@@2@@std@@_N@2@ABU?$pair@$$CBKV?$map@KUPLAYERINFO@CChannelMgr@@U?$less@K@std@@V?$allocator@UPLAYERINFO@CChannelMgr@@@4@@std@@@2@@Z 00406720 f i ChannelMgr.obj
 0001:00005750       ??1?$_Tree@KU?$pair@$$CBKV?$map@KUPLAYERINFO@CChannelMgr@@U?$less@K@std@@V?$allocator@UPLAYERINFO@CChannelMgr@@@4@@std@@@std@@U_Kfn@?$map@KV?$map@KUPLAYERINFO@CChannelMgr@@U?$less@K@std@@V?$allocator@UPLAYERINFO@CChannelMgr@@@4@@std@@U?$less@K@2@V?$allocator@V?$map@KUPLAYERINFO@CChannelMgr@@U?$less@K@std@@V?$allocator@UPLAYERINFO@CChannelMgr@@@4@@std@@@2@@2@U?$less@K@2@V?$allocator@V?$map@KUPLAYERINFO@CChannelMgr@@U?$less@K@std@@V?$allocator@UPLAYERINFO@CChannelMgr@@@4@@std@@@2@@std@@QAE@XZ 00406750 f i ChannelMgr.obj
 0001:000057c0       ?erase@?$_Tree@KU?$pair@$$CBKV?$map@KUPLAYERINFO@CChannelMgr@@U?$less@K@std@@V?$allocator@UPLAYERINFO@CChannelMgr@@@4@@std@@@std@@U_Kfn@?$map@KV?$map@KUPLAYERINFO@CChannelMgr@@U?$less@K@std@@V?$allocator@UPLAYERINFO@CChannelMgr@@@4@@std@@U?$less@K@2@V?$allocator@V?$map@KUPLAYERINFO@CChannelMgr@@U?$less@K@std@@V?$allocator@UPLAYERINFO@CChannelMgr@@@4@@std@@@2@@2@U?$less@K@2@V?$allocator@V?$map@KUPLAYERINFO@CChannelMgr@@U?$less@K@std@@V?$allocator@UPLAYERINFO@CChannelMgr@@@4@@std@@@2@@std@@QAE?AViterator@12@V312@@Z 004067c0 f i ChannelMgr.obj
 0001:00005d40       ?find@?$_Tree@KU?$pair@$$CBKV?$map@KUPLAYERINFO@CChannelMgr@@U?$less@K@std@@V?$allocator@UPLAYERINFO@CChannelMgr@@@4@@std@@@std@@U_Kfn@?$map@KV?$map@KUPLAYERINFO@CChannelMgr@@U?$less@K@std@@V?$allocator@UPLAYERINFO@CChannelMgr@@@4@@std@@U?$less@K@2@V?$allocator@V?$map@KUPLAYERINFO@CChannelMgr@@U?$less@K@std@@V?$allocator@UPLAYERINFO@CChannelMgr@@@4@@std@@@2@@2@U?$less@K@2@V?$allocator@V?$map@KUPLAYERINFO@CChannelMgr@@U?$less@K@std@@V?$allocator@UPLAYERINFO@CChannelMgr@@@4@@std@@@2@@std@@QAE?AViterator@12@ABK@Z 00406d40 f i ChannelMgr.obj
 0001:00005d90       ??0?$pair@$$CBKV?$map@KUPLAYERINFO@CChannelMgr@@U?$less@K@std@@V?$allocator@UPLAYERINFO@CChannelMgr@@@4@@std@@@std@@QAE@ABKABV?$map@KUPLAYERINFO@CChannelMgr@@U?$less@K@std@@V?$allocator@UPLAYERINFO@CChannelMgr@@@4@@1@@Z 00406d90 f i ChannelMgr.obj
 0001:00005fa0       ??1?$_Tree@KU?$pair@$$CBKUPLAYERINFO@CChannelMgr@@@std@@U_Kfn@?$map@KUPLAYERINFO@CChannelMgr@@U?$less@K@std@@V?$allocator@UPLAYERINFO@CChannelMgr@@@4@@2@U?$less@K@2@V?$allocator@UPLAYERINFO@CChannelMgr@@@2@@std@@QAE@XZ 00406fa0 f i ChannelMgr.obj
 0001:00006010       ?begin@?$_Tree@KU?$pair@$$CBKUPLAYERINFO@CChannelMgr@@@std@@U_Kfn@?$map@KUPLAYERINFO@CChannelMgr@@U?$less@K@std@@V?$allocator@UPLAYERINFO@CChannelMgr@@@4@@2@U?$less@K@2@V?$allocator@UPLAYERINFO@CChannelMgr@@@2@@std@@QAE?AViterator@12@XZ 00407010 f i ChannelMgr.obj
 0001:00006020       ?insert@?$map@KUCHANNINFO@CChannelMgr@@U?$less@K@std@@V?$allocator@UCHANNINFO@CChannelMgr@@@4@@std@@QAE?AU?$pair@Viterator@?$_Tree@KU?$pair@$$CBKUCHANNINFO@CChannelMgr@@@std@@U_Kfn@?$map@KUCHANNINFO@CChannelMgr@@U?$less@K@std@@V?$allocator@UCHANNINFO@CChannelMgr@@@4@@2@U?$less@K@2@V?$allocator@UCHANNINFO@CChannelMgr@@@2@@std@@_N@2@ABU?$pair@$$CBKUCHANNINFO@CChannelMgr@@@2@@Z 00407020 f i ChannelMgr.obj
 0001:00006050       ?erase@?$_Tree@KU?$pair@$$CBKUCHANNINFO@CChannelMgr@@@std@@U_Kfn@?$map@KUCHANNINFO@CChannelMgr@@U?$less@K@std@@V?$allocator@UCHANNINFO@CChannelMgr@@@4@@2@U?$less@K@2@V?$allocator@UCHANNINFO@CChannelMgr@@@2@@std@@QAE?AViterator@12@V312@@Z 00407050 f i ChannelMgr.obj
 0001:00006640       ?erase@?$_Tree@KU?$pair@$$CBKUCHANNINFO@CChannelMgr@@@std@@U_Kfn@?$map@KUCHANNINFO@CChannelMgr@@U?$less@K@std@@V?$allocator@UCHANNINFO@CChannelMgr@@@4@@2@U?$less@K@2@V?$allocator@UCHANNINFO@CChannelMgr@@@2@@std@@QAE?AViterator@12@V312@0@Z 00407640 f i ChannelMgr.obj
 0001:00006780       ?find@?$_Tree@KU?$pair@$$CBKUCHANNINFO@CChannelMgr@@@std@@U_Kfn@?$map@KUCHANNINFO@CChannelMgr@@U?$less@K@std@@V?$allocator@UCHANNINFO@CChannelMgr@@@4@@2@U?$less@K@2@V?$allocator@UCHANNINFO@CChannelMgr@@@2@@std@@QAE?AViterator@12@ABK@Z 00407780 f i ChannelMgr.obj
 0001:000067d0       ??0?$pair@$$CBKUCHANNINFO@CChannelMgr@@@std@@QAE@ABKABUCHANNINFO@CChannelMgr@@@Z 004077d0 f i ChannelMgr.obj
 0001:00006970       ?insert@?$map@V?$basic_string@DU?$char_traits@D@std@@V?$allocator@D@2@@std@@KU_tstring_less@@V?$allocator@K@2@@std@@QAE?AU?$pair@Viterator@?$_Tree@V?$basic_string@DU?$char_traits@D@std@@V?$allocator@D@2@@std@@U?$pair@$$CBV?$basic_string@DU?$char_traits@D@std@@V?$allocator@D@2@@std@@K@2@U_Kfn@?$map@V?$basic_string@DU?$char_traits@D@std@@V?$allocator@D@2@@std@@KU_tstring_less@@V?$allocator@K@2@@2@U_tstring_less@@V?$allocator@K@2@@std@@_N@2@ABU?$pair@$$CBV?$basic_string@DU?$char_traits@D@std@@V?$allocator@D@2@@std@@K@2@@Z 00407970 f i ChannelMgr.obj
 0001:000069a0       ?erase@?$_Tree@V?$basic_string@DU?$char_traits@D@std@@V?$allocator@D@2@@std@@U?$pair@$$CBV?$basic_string@DU?$char_traits@D@std@@V?$allocator@D@2@@std@@K@2@U_Kfn@?$map@V?$basic_string@DU?$char_traits@D@std@@V?$allocator@D@2@@std@@KU_tstring_less@@V?$allocator@K@2@@2@U_tstring_less@@V?$allocator@K@2@@std@@QAE?AViterator@12@V312@0@Z 004079a0 f i ChannelMgr.obj
 0001:00006ae0       ?find@?$_Tree@V?$basic_string@DU?$char_traits@D@std@@V?$allocator@D@2@@std@@U?$pair@$$CBV?$basic_string@DU?$char_traits@D@std@@V?$allocator@D@2@@std@@K@2@U_Kfn@?$map@V?$basic_string@DU?$char_traits@D@std@@V?$allocator@D@2@@std@@KU_tstring_less@@V?$allocator@K@2@@2@U_tstring_less@@V?$allocator@K@2@@std@@QAE?AViterator@12@ABV?$basic_string@DU?$char_traits@D@std@@V?$allocator@D@2@@2@@Z 00407ae0 f i ChannelMgr.obj
 0001:00006b60       ?erase@?$_Tree@KU?$pair@$$CBKV?$list@PAU_BLOCKCHANNELOP@CChannelMgr@@V?$allocator@PAU_BLOCKCHANNELOP@CChannelMgr@@@std@@@std@@@std@@U_Kfn@?$map@KV?$list@PAU_BLOCKCHANNELOP@CChannelMgr@@V?$allocator@PAU_BLOCKCHANNELOP@CChannelMgr@@@std@@@std@@U?$less@K@2@V?$allocator@V?$list@PAU_BLOCKCHANNELOP@CChannelMgr@@V?$allocator@PAU_BLOCKCHANNELOP@CChannelMgr@@@std@@@std@@@2@@2@U?$less@K@2@V?$allocator@V?$list@PAU_BLOCKCHANNELOP@CChannelMgr@@V?$allocator@PAU_BLOCKCHANNELOP@CChannelMgr@@@std@@@std@@@2@@std@@QAE?AViterator@12@V312@0@Z 00407b60 f i ChannelMgr.obj
 0001:00006ca0       ??1?$list@PAU_BLOCKCHANNELOP@CChannelMgr@@V?$allocator@PAU_BLOCKCHANNELOP@CChannelMgr@@@std@@@std@@QAE@XZ 00407ca0 f i ChannelMgr.obj
 0001:00006cf0       ??0CHANNINFO@CChannelMgr@@QAE@ABU01@@Z 00407cf0 f i ChannelMgr.obj
 0001:00006ec0       ??0?$map@KV?$map@KUPLAYERINFO@CChannelMgr@@U?$less@K@std@@V?$allocator@UPLAYERINFO@CChannelMgr@@@4@@std@@U?$less@K@2@V?$allocator@V?$map@KUPLAYERINFO@CChannelMgr@@U?$less@K@std@@V?$allocator@UPLAYERINFO@CChannelMgr@@@4@@std@@@2@@std@@QAE@ABV01@@Z 00407ec0 f i ChannelMgr.obj
 0001:000070c0       ?append@?$basic_string@DU?$char_traits@D@std@@V?$allocator@D@2@@std@@QAEAAV12@PBDI@Z 004080c0 f i ChannelMgr.obj
 0001:00007180       ?erase@?$basic_string@DU?$char_traits@D@std@@V?$allocator@D@2@@std@@QAEAAV12@II@Z 00408180 f i ChannelMgr.obj
 0001:000072a0       ?_Eos@?$basic_string@DU?$char_traits@D@std@@V?$allocator@D@2@@std@@AAEXI@Z 004082a0 f i ChannelMgr.obj
 0001:000072c0       ?_Grow@?$basic_string@DU?$char_traits@D@std@@V?$allocator@D@2@@std@@AAE_NI_N@Z 004082c0 f i ChannelMgr.obj
 0001:000073e0       ??0?$_Tree@KU?$pair@$$CBKV?$map@KUPLAYERINFO@CChannelMgr@@U?$less@K@std@@V?$allocator@UPLAYERINFO@CChannelMgr@@@4@@std@@@std@@U_Kfn@?$map@KV?$map@KUPLAYERINFO@CChannelMgr@@U?$less@K@std@@V?$allocator@UPLAYERINFO@CChannelMgr@@@4@@std@@U?$less@K@2@V?$allocator@V?$map@KUPLAYERINFO@CChannelMgr@@U?$less@K@std@@V?$allocator@UPLAYERINFO@CChannelMgr@@@4@@std@@@2@@2@U?$less@K@2@V?$allocator@V?$map@KUPLAYERINFO@CChannelMgr@@U?$less@K@std@@V?$allocator@UPLAYERINFO@CChannelMgr@@@4@@std@@@2@@std@@QAE@ABU?$less@K@1@_NABV?$allocator@V?$map@KUPLAYERINFO@CChannelMgr@@U?$less@K@std@@V?$allocator@UPLAYERINFO@CChannelMgr@@@4@@std@@@1@@Z 004083e0 f i ChannelMgr.obj
 0001:00007410       ?insert@?$_Tree@KU?$pair@$$CBKV?$map@KUPLAYERINFO@CChannelMgr@@U?$less@K@std@@V?$allocator@UPLAYERINFO@CChannelMgr@@@4@@std@@@std@@U_Kfn@?$map@KV?$map@KUPLAYERINFO@CChannelMgr@@U?$less@K@std@@V?$allocator@UPLAYERINFO@CChannelMgr@@@4@@std@@U?$less@K@2@V?$allocator@V?$map@KUPLAYERINFO@CChannelMgr@@U?$less@K@std@@V?$allocator@UPLAYERINFO@CChannelMgr@@@4@@std@@@2@@2@U?$less@K@2@V?$allocator@V?$map@KUPLAYERINFO@CChannelMgr@@U?$less@K@std@@V?$allocator@UPLAYERINFO@CChannelMgr@@@4@@std@@@2@@std@@QAE?AU?$pair@Viterator@?$_Tree@KU?$pair@$$CBKV?$map@KUPLAYERINFO@CChannelMgr@@U?$less@K@std@@V?$allocator@UPLAYERINFO@CChannelMgr@@@4@@std@@@std@@U_Kfn@?$map@KV?$map@KUPLAYERINFO@CChannelMgr@@U?$less@K@std@@V?$allocator@UPLAYERINFO@CChannelMgr@@@4@@std@@U?$less@K@2@V?$allocator@V?$map@KUPLAYERINFO@CChannelMgr@@U?$less@K@std@@V?$allocator@UPLAYERINFO@CChannelMgr@@@4@@std@@@2@@2@U?$less@K@2@V?$allocator@V?$map@KUPLAYERINFO@CChannelMgr@@U?$less@K@std@@V?$allocator@UPLAYERINFO@CChannelMgr@@@4@@std@@@2@@std@@_N@2@ABU?$pair@$$CBKV?$map@KUPLAYERINFO@CChannelMgr@@U?$less@K@std@@V?$allocator@UPLAYERINFO@CChannelMgr@@@4@@std@@@2@@Z 00408410 f i ChannelMgr.obj
 0001:00007540       ?erase@?$_Tree@KU?$pair@$$CBKV?$map@KUPLAYERINFO@CChannelMgr@@U?$less@K@std@@V?$allocator@UPLAYERINFO@CChannelMgr@@@4@@std@@@std@@U_Kfn@?$map@KV?$map@KUPLAYERINFO@CChannelMgr@@U?$less@K@std@@V?$allocator@UPLAYERINFO@CChannelMgr@@@4@@std@@U?$less@K@2@V?$allocator@V?$map@KUPLAYERINFO@CChannelMgr@@U?$less@K@std@@V?$allocator@UPLAYERINFO@CChannelMgr@@@4@@std@@@2@@2@U?$less@K@2@V?$allocator@V?$map@KUPLAYERINFO@CChannelMgr@@U?$less@K@std@@V?$allocator@UPLAYERINFO@CChannelMgr@@@4@@std@@@2@@std@@QAE?AViterator@12@V312@0@Z 00408540 f i ChannelMgr.obj
 0001:00007680       ?lower_bound@?$_Tree@KU?$pair@$$CBKV?$map@KUPLAYERINFO@CChannelMgr@@U?$less@K@std@@V?$allocator@UPLAYERINFO@CChannelMgr@@@4@@std@@@std@@U_Kfn@?$map@KV?$map@KUPLAYERINFO@CChannelMgr@@U?$less@K@std@@V?$allocator@UPLAYERINFO@CChannelMgr@@@4@@std@@U?$less@K@2@V?$allocator@V?$map@KUPLAYERINFO@CChannelMgr@@U?$less@K@std@@V?$allocator@UPLAYERINFO@CChannelMgr@@@4@@std@@@2@@2@U?$less@K@2@V?$allocator@V?$map@KUPLAYERINFO@CChannelMgr@@U?$less@K@std@@V?$allocator@UPLAYERINFO@CChannelMgr@@@4@@std@@@2@@std@@QAE?AViterator@12@ABK@Z 00408680 f i ChannelMgr.obj
 0001:000076a0       ?_Lmost@?$_Tree@KU?$pair@$$CBKV?$map@KUPLAYERINFO@CChannelMgr@@U?$less@K@std@@V?$allocator@UPLAYERINFO@CChannelMgr@@@4@@std@@@std@@U_Kfn@?$map@KV?$map@KUPLAYERINFO@CChannelMgr@@U?$less@K@std@@V?$allocator@UPLAYERINFO@CChannelMgr@@@4@@std@@U?$less@K@2@V?$allocator@V?$map@KUPLAYERINFO@CChannelMgr@@U?$less@K@std@@V?$allocator@UPLAYERINFO@CChannelMgr@@@4@@std@@@2@@2@U?$less@K@2@V?$allocator@V?$map@KUPLAYERINFO@CChannelMgr@@U?$less@K@std@@V?$allocator@UPLAYERINFO@CChannelMgr@@@4@@std@@@2@@std@@IAEAAPAU_Node@12@XZ 004086a0 f i ChannelMgr.obj
 0001:000076b0       ?_Max@?$_Tree@KU?$pair@$$CBKV?$map@KUPLAYERINFO@CChannelMgr@@U?$less@K@std@@V?$allocator@UPLAYERINFO@CChannelMgr@@@4@@std@@@std@@U_Kfn@?$map@KV?$map@KUPLAYERINFO@CChannelMgr@@U?$less@K@std@@V?$allocator@UPLAYERINFO@CChannelMgr@@@4@@std@@U?$less@K@2@V?$allocator@V?$map@KUPLAYERINFO@CChannelMgr@@U?$less@K@std@@V?$allocator@UPLAYERINFO@CChannelMgr@@@4@@std@@@2@@2@U?$less@K@2@V?$allocator@V?$map@KUPLAYERINFO@CChannelMgr@@U?$less@K@std@@V?$allocator@UPLAYERINFO@CChannelMgr@@@4@@std@@@2@@std@@KAPAU_Node@12@PAU312@@Z 004086b0 f i ChannelMgr.obj
 0001:000076f0       ?_Min@?$_Tree@KU?$pair@$$CBKV?$map@KUPLAYERINFO@CChannelMgr@@U?$less@K@std@@V?$allocator@UPLAYERINFO@CChannelMgr@@@4@@std@@@std@@U_Kfn@?$map@KV?$map@KUPLAYERINFO@CChannelMgr@@U?$less@K@std@@V?$allocator@UPLAYERINFO@CChannelMgr@@@4@@std@@U?$less@K@2@V?$allocator@V?$map@KUPLAYERINFO@CChannelMgr@@U?$less@K@std@@V?$allocator@UPLAYERINFO@CChannelMgr@@@4@@std@@@2@@2@U?$less@K@2@V?$allocator@V?$map@KUPLAYERINFO@CChannelMgr@@U?$less@K@std@@V?$allocator@UPLAYERINFO@CChannelMgr@@@4@@std@@@2@@std@@KAPAU_Node@12@PAU312@@Z 004086f0 f i ChannelMgr.obj
 0001:00007730       ??0?$_Tree@KU?$pair@$$CBKUPLAYERINFO@CChannelMgr@@@std@@U_Kfn@?$map@KUPLAYERINFO@CChannelMgr@@U?$less@K@std@@V?$allocator@UPLAYERINFO@CChannelMgr@@@4@@2@U?$less@K@2@V?$allocator@UPLAYERINFO@CChannelMgr@@@2@@std@@QAE@ABU?$less@K@1@_NABV?$allocator@UPLAYERINFO@CChannelMgr@@@1@@Z 00408730 f i ChannelMgr.obj
 0001:00007760       ?insert@?$_Tree@KU?$pair@$$CBKUPLAYERINFO@CChannelMgr@@@std@@U_Kfn@?$map@KUPLAYERINFO@CChannelMgr@@U?$less@K@std@@V?$allocator@UPLAYERINFO@CChannelMgr@@@4@@2@U?$less@K@2@V?$allocator@UPLAYERINFO@CChannelMgr@@@2@@std@@QAE?AU?$pair@Viterator@?$_Tree@KU?$pair@$$CBKUPLAYERINFO@CChannelMgr@@@std@@U_Kfn@?$map@KUPLAYERINFO@CChannelMgr@@U?$less@K@std@@V?$allocator@UPLAYERINFO@CChannelMgr@@@4@@2@U?$less@K@2@V?$allocator@UPLAYERINFO@CChannelMgr@@@2@@std@@_N@2@ABU?$pair@$$CBKUPLAYERINFO@CChannelMgr@@@2@@Z 00408760 f i ChannelMgr.obj
 0001:00007890       ?erase@?$_Tree@KU?$pair@$$CBKUPLAYERINFO@CChannelMgr@@@std@@U_Kfn@?$map@KUPLAYERINFO@CChannelMgr@@U?$less@K@std@@V?$allocator@UPLAYERINFO@CChannelMgr@@@4@@2@U?$less@K@2@V?$allocator@UPLAYERINFO@CChannelMgr@@@2@@std@@QAE?AViterator@12@V312@0@Z 00408890 f i ChannelMgr.obj
 0001:000079c0       ?equal_range@?$_Tree@KU?$pair@$$CBKUPLAYERINFO@CChannelMgr@@@std@@U_Kfn@?$map@KUPLAYERINFO@CChannelMgr@@U?$less@K@std@@V?$allocator@UPLAYERINFO@CChannelMgr@@@4@@2@U?$less@K@2@V?$allocator@UPLAYERINFO@CChannelMgr@@@2@@std@@QAE?AU?$pair@Viterator@?$_Tree@KU?$pair@$$CBKUPLAYERINFO@CChannelMgr@@@std@@U_Kfn@?$map@KUPLAYERINFO@CChannelMgr@@U?$less@K@std@@V?$allocator@UPLAYERINFO@CChannelMgr@@@4@@2@U?$less@K@2@V?$allocator@UPLAYERINFO@CChannelMgr@@@2@@std@@V123@@2@ABK@Z 004089c0 f i ChannelMgr.obj
 0001:000079f0       ?_Inc@const_iterator@?$_Tree@KU?$pair@$$CBKUPLAYERINFO@CChannelMgr@@@std@@U_Kfn@?$map@KUPLAYERINFO@CChannelMgr@@U?$less@K@std@@V?$allocator@UPLAYERINFO@CChannelMgr@@@4@@2@U?$less@K@2@V?$allocator@UPLAYERINFO@CChannelMgr@@@2@@std@@QAEXXZ 004089f0 f i ChannelMgr.obj
 0001:00007aa0       ?_Inc@const_iterator@?$_Tree@KU?$pair@$$CBKV?$map@KUPLAYERINFO@CChannelMgr@@U?$less@K@std@@V?$allocator@UPLAYERINFO@CChannelMgr@@@4@@std@@@std@@U_Kfn@?$map@KV?$map@KUPLAYERINFO@CChannelMgr@@U?$less@K@std@@V?$allocator@UPLAYERINFO@CChannelMgr@@@4@@std@@U?$less@K@2@V?$allocator@V?$map@KUPLAYERINFO@CChannelMgr@@U?$less@K@std@@V?$allocator@UPLAYERINFO@CChannelMgr@@@4@@std@@@2@@2@U?$less@K@2@V?$allocator@V?$map@KUPLAYERINFO@CChannelMgr@@U?$less@K@std@@V?$allocator@UPLAYERINFO@CChannelMgr@@@4@@std@@@2@@std@@QAEXXZ 00408aa0 f i ChannelMgr.obj
 0001:00007b50       ??0iterator@?$_Tree@KU?$pair@$$CBKV?$map@KUPLAYERINFO@CChannelMgr@@U?$less@K@std@@V?$allocator@UPLAYERINFO@CChannelMgr@@@4@@std@@@std@@U_Kfn@?$map@KV?$map@KUPLAYERINFO@CChannelMgr@@U?$less@K@std@@V?$allocator@UPLAYERINFO@CChannelMgr@@@4@@std@@U?$less@K@2@V?$allocator@V?$map@KUPLAYERINFO@CChannelMgr@@U?$less@K@std@@V?$allocator@UPLAYERINFO@CChannelMgr@@@4@@std@@@2@@2@U?$less@K@2@V?$allocator@V?$map@KUPLAYERINFO@CChannelMgr@@U?$less@K@std@@V?$allocator@UPLAYERINFO@CChannelMgr@@@4@@std@@@2@@std@@QAE@PAU_Node@12@@Z 00408b50 f i ChannelMgr.obj
 0001:00007b60       ?insert@?$_Tree@KU?$pair@$$CBKUCHANNINFO@CChannelMgr@@@std@@U_Kfn@?$map@KUCHANNINFO@CChannelMgr@@U?$less@K@std@@V?$allocator@UCHANNINFO@CChannelMgr@@@4@@2@U?$less@K@2@V?$allocator@UCHANNINFO@CChannelMgr@@@2@@std@@QAE?AU?$pair@Viterator@?$_Tree@KU?$pair@$$CBKUCHANNINFO@CChannelMgr@@@std@@U_Kfn@?$map@KUCHANNINFO@CChannelMgr@@U?$less@K@std@@V?$allocator@UCHANNINFO@CChannelMgr@@@4@@2@U?$less@K@2@V?$allocator@UCHANNINFO@CChannelMgr@@@2@@std@@_N@2@ABU?$pair@$$CBKUCHANNINFO@CChannelMgr@@@2@@Z 00408b60 f i ChannelMgr.obj
 0001:00007c90       ?lower_bound@?$_Tree@KU?$pair@$$CBKUCHANNINFO@CChannelMgr@@@std@@U_Kfn@?$map@KUCHANNINFO@CChannelMgr@@U?$less@K@std@@V?$allocator@UCHANNINFO@CChannelMgr@@@4@@2@U?$less@K@2@V?$allocator@UCHANNINFO@CChannelMgr@@@2@@std@@QAE?AViterator@12@ABK@Z 00408c90 f i ChannelMgr.obj
 0001:00007cb0       ?_Erase@?$_Tree@KU?$pair@$$CBKUCHANNINFO@CChannelMgr@@@std@@U_Kfn@?$map@KUCHANNINFO@CChannelMgr@@U?$less@K@std@@V?$allocator@UCHANNINFO@CChannelMgr@@@4@@2@U?$less@K@2@V?$allocator@UCHANNINFO@CChannelMgr@@@2@@std@@IAEXPAU_Node@12@@Z 00408cb0 f i ChannelMgr.obj
 0001:00007e20       ?_Inc@const_iterator@?$_Tree@KU?$pair@$$CBKUCHANNINFO@CChannelMgr@@@std@@U_Kfn@?$map@KUCHANNINFO@CChannelMgr@@U?$less@K@std@@V?$allocator@UCHANNINFO@CChannelMgr@@@4@@2@U?$less@K@2@V?$allocator@UCHANNINFO@CChannelMgr@@@2@@std@@QAEXXZ 00408e20 f i ChannelMgr.obj
 0001:00007ed0       ?insert@?$_Tree@V?$basic_string@DU?$char_traits@D@std@@V?$allocator@D@2@@std@@U?$pair@$$CBV?$basic_string@DU?$char_traits@D@std@@V?$allocator@D@2@@std@@K@2@U_Kfn@?$map@V?$basic_string@DU?$char_traits@D@std@@V?$allocator@D@2@@std@@KU_tstring_less@@V?$allocator@K@2@@2@U_tstring_less@@V?$allocator@K@2@@std@@QAE?AU?$pair@Viterator@?$_Tree@V?$basic_string@DU?$char_traits@D@std@@V?$allocator@D@2@@std@@U?$pair@$$CBV?$basic_string@DU?$char_traits@D@std@@V?$allocator@D@2@@std@@K@2@U_Kfn@?$map@V?$basic_string@DU?$char_traits@D@std@@V?$allocator@D@2@@std@@KU_tstring_less@@V?$allocator@K@2@@2@U_tstring_less@@V?$allocator@K@2@@std@@_N@2@ABU?$pair@$$CBV?$basic_string@DU?$char_traits@D@std@@V?$allocator@D@2@@std@@K@2@@Z 00408ed0 f i ChannelMgr.obj
 0001:00008050       ?erase@?$_Tree@V?$basic_string@DU?$char_traits@D@std@@V?$allocator@D@2@@std@@U?$pair@$$CBV?$basic_string@DU?$char_traits@D@std@@V?$allocator@D@2@@std@@K@2@U_Kfn@?$map@V?$basic_string@DU?$char_traits@D@std@@V?$allocator@D@2@@std@@KU_tstring_less@@V?$allocator@K@2@@2@U_tstring_less@@V?$allocator@K@2@@std@@QAE?AViterator@12@V312@@Z 00409050 f i ChannelMgr.obj
 0001:00008580       ?lower_bound@?$_Tree@V?$basic_string@DU?$char_traits@D@std@@V?$allocator@D@2@@std@@U?$pair@$$CBV?$basic_string@DU?$char_traits@D@std@@V?$allocator@D@2@@std@@K@2@U_Kfn@?$map@V?$basic_string@DU?$char_traits@D@std@@V?$allocator@D@2@@std@@KU_tstring_less@@V?$allocator@K@2@@2@U_tstring_less@@V?$allocator@K@2@@std@@QAE?AViterator@12@ABV?$basic_string@DU?$char_traits@D@std@@V?$allocator@D@2@@2@@Z 00409580 f i ChannelMgr.obj
 0001:000085a0       ?_Erase@?$_Tree@V?$basic_string@DU?$char_traits@D@std@@V?$allocator@D@2@@std@@U?$pair@$$CBV?$basic_string@DU?$char_traits@D@std@@V?$allocator@D@2@@std@@K@2@U_Kfn@?$map@V?$basic_string@DU?$char_traits@D@std@@V?$allocator@D@2@@std@@KU_tstring_less@@V?$allocator@K@2@@2@U_tstring_less@@V?$allocator@K@2@@std@@IAEXPAU_Node@12@@Z 004095a0 f i ChannelMgr.obj
 0001:00008650       ?erase@?$_Tree@KU?$pair@$$CBKV?$list@PAU_BLOCKCHANNELOP@CChannelMgr@@V?$allocator@PAU_BLOCKCHANNELOP@CChannelMgr@@@std@@@std@@@std@@U_Kfn@?$map@KV?$list@PAU_BLOCKCHANNELOP@CChannelMgr@@V?$allocator@PAU_BLOCKCHANNELOP@CChannelMgr@@@std@@@std@@U?$less@K@2@V?$allocator@V?$list@PAU_BLOCKCHANNELOP@CChannelMgr@@V?$allocator@PAU_BLOCKCHANNELOP@CChannelMgr@@@std@@@std@@@2@@2@U?$less@K@2@V?$allocator@V?$list@PAU_BLOCKCHANNELOP@CChannelMgr@@V?$allocator@PAU_BLOCKCHANNELOP@CChannelMgr@@@std@@@std@@@2@@std@@QAE?AViterator@12@V312@@Z 00409650 f i ChannelMgr.obj
 0001:00008b90       ?_Next@_Acc@?$list@PAU_BLOCKCHANNELOP@CChannelMgr@@V?$allocator@PAU_BLOCKCHANNELOP@CChannelMgr@@@std@@@std@@SAAAPAU_Node@23@PAU423@@Z 00409b90 f i ChannelMgr.obj
 0001:00008ba0       ?_Erase@?$_Tree@KU?$pair@$$CBKV?$list@PAU_BLOCKCHANNELOP@CChannelMgr@@V?$allocator@PAU_BLOCKCHANNELOP@CChannelMgr@@@std@@@std@@@std@@U_Kfn@?$map@KV?$list@PAU_BLOCKCHANNELOP@CChannelMgr@@V?$allocator@PAU_BLOCKCHANNELOP@CChannelMgr@@@std@@@std@@U?$less@K@2@V?$allocator@V?$list@PAU_BLOCKCHANNELOP@CChannelMgr@@V?$allocator@PAU_BLOCKCHANNELOP@CChannelMgr@@@std@@@std@@@2@@2@U?$less@K@2@V?$allocator@V?$list@PAU_BLOCKCHANNELOP@CChannelMgr@@V?$allocator@PAU_BLOCKCHANNELOP@CChannelMgr@@@std@@@std@@@2@@std@@IAEXPAU_Node@12@@Z 00409ba0 f i ChannelMgr.obj
 0001:00008c80       ?_Inc@const_iterator@?$_Tree@KU?$pair@$$CBKV?$list@PAU_BLOCKCHANNELOP@CChannelMgr@@V?$allocator@PAU_BLOCKCHANNELOP@CChannelMgr@@@std@@@std@@@std@@U_Kfn@?$map@KV?$list@PAU_BLOCKCHANNELOP@CChannelMgr@@V?$allocator@PAU_BLOCKCHANNELOP@CChannelMgr@@@std@@@std@@U?$less@K@2@V?$allocator@V?$list@PAU_BLOCKCHANNELOP@CChannelMgr@@V?$allocator@PAU_BLOCKCHANNELOP@CChannelMgr@@@std@@@std@@@2@@2@U?$less@K@2@V?$allocator@V?$list@PAU_BLOCKCHANNELOP@CChannelMgr@@V?$allocator@PAU_BLOCKCHANNELOP@CChannelMgr@@@std@@@std@@@2@@std@@QAEXXZ 00409c80 f i ChannelMgr.obj
 0001:00008d30       ??0?$pair@Viterator@?$_Tree@KU?$pair@$$CBKUPLAYERINFO@CChannelMgr@@@std@@U_Kfn@?$map@KUPLAYERINFO@CChannelMgr@@U?$less@K@std@@V?$allocator@UPLAYERINFO@CChannelMgr@@@4@@2@U?$less@K@2@V?$allocator@UPLAYERINFO@CChannelMgr@@@2@@std@@_N@std@@QAE@ABViterator@?$_Tree@KU?$pair@$$CBKUPLAYERINFO@CChannelMgr@@@std@@U_Kfn@?$map@KUPLAYERINFO@CChannelMgr@@U?$less@K@std@@V?$allocator@UPLAYERINFO@CChannelMgr@@@4@@2@U?$less@K@2@V?$allocator@UPLAYERINFO@CChannelMgr@@@2@@1@AB_N@Z 00409d30 f i ChannelMgr.obj
 0001:00008d50       ??0?$pair@Viterator@?$_Tree@V?$basic_string@DU?$char_traits@D@std@@V?$allocator@D@2@@std@@U?$pair@$$CBV?$basic_string@DU?$char_traits@D@std@@V?$allocator@D@2@@std@@K@2@U_Kfn@?$map@V?$basic_string@DU?$char_traits@D@std@@V?$allocator@D@2@@std@@KU_tstring_less@@V?$allocator@K@2@@2@U_tstring_less@@V?$allocator@K@2@@std@@_N@std@@QAE@ABViterator@?$_Tree@V?$basic_string@DU?$char_traits@D@std@@V?$allocator@D@2@@std@@U?$pair@$$CBV?$basic_string@DU?$char_traits@D@std@@V?$allocator@D@2@@std@@K@2@U_Kfn@?$map@V?$basic_string@DU?$char_traits@D@std@@V?$allocator@D@2@@std@@KU_tstring_less@@V?$allocator@K@2@@2@U_tstring_less@@V?$allocator@K@2@@1@AB_N@Z 00409d50 f i ChannelMgr.obj
 0001:00008d70       ?max_size@?$basic_string@DU?$char_traits@D@std@@V?$allocator@D@2@@std@@QBEIXZ 00409d70 f i ChannelMgr.obj
 0001:00008d80       ?_Copy@?$basic_string@DU?$char_traits@D@std@@V?$allocator@D@2@@std@@AAEXI@Z 00409d80 f i ChannelMgr.obj
 0001:00008e90       ?_Split@?$basic_string@DU?$char_traits@D@std@@V?$allocator@D@2@@std@@AAEXXZ 00409e90 f i ChannelMgr.obj
 0001:00008f60       ?deallocate@?$allocator@V?$map@KUPLAYERINFO@CChannelMgr@@U?$less@K@std@@V?$allocator@UPLAYERINFO@CChannelMgr@@@4@@std@@@std@@QAEXPAXI@Z 00409f60 f i ChannelMgr.obj
 0001:00008f70       ?_Copy@?$_Tree@KU?$pair@$$CBKV?$map@KUPLAYERINFO@CChannelMgr@@U?$less@K@std@@V?$allocator@UPLAYERINFO@CChannelMgr@@@4@@std@@@std@@U_Kfn@?$map@KV?$map@KUPLAYERINFO@CChannelMgr@@U?$less@K@std@@V?$allocator@UPLAYERINFO@CChannelMgr@@@4@@std@@U?$less@K@2@V?$allocator@V?$map@KUPLAYERINFO@CChannelMgr@@U?$less@K@std@@V?$allocator@UPLAYERINFO@CChannelMgr@@@4@@std@@@2@@2@U?$less@K@2@V?$allocator@V?$map@KUPLAYERINFO@CChannelMgr@@U?$less@K@std@@V?$allocator@UPLAYERINFO@CChannelMgr@@@4@@std@@@2@@std@@IAEXABV12@@Z 00409f70 f i ChannelMgr.obj
 0001:000090f0       ?_Erase@?$_Tree@KU?$pair@$$CBKV?$map@KUPLAYERINFO@CChannelMgr@@U?$less@K@std@@V?$allocator@UPLAYERINFO@CChannelMgr@@@4@@std@@@std@@U_Kfn@?$map@KV?$map@KUPLAYERINFO@CChannelMgr@@U?$less@K@std@@V?$allocator@UPLAYERINFO@CChannelMgr@@@4@@std@@U?$less@K@2@V?$allocator@V?$map@KUPLAYERINFO@CChannelMgr@@U?$less@K@std@@V?$allocator@UPLAYERINFO@CChannelMgr@@@4@@std@@@2@@2@U?$less@K@2@V?$allocator@V?$map@KUPLAYERINFO@CChannelMgr@@U?$less@K@std@@V?$allocator@UPLAYERINFO@CChannelMgr@@@4@@std@@@2@@std@@IAEXPAU_Node@12@@Z 0040a0f0 f i ChannelMgr.obj
 0001:00009210       ?_Init@?$_Tree@KU?$pair@$$CBKV?$map@KUPLAYERINFO@CChannelMgr@@U?$less@K@std@@V?$allocator@UPLAYERINFO@CChannelMgr@@@4@@std@@@std@@U_Kfn@?$map@KV?$map@KUPLAYERINFO@CChannelMgr@@U?$less@K@std@@V?$allocator@UPLAYERINFO@CChannelMgr@@@4@@std@@U?$less@K@2@V?$allocator@V?$map@KUPLAYERINFO@CChannelMgr@@U?$less@K@std@@V?$allocator@UPLAYERINFO@CChannelMgr@@@4@@std@@@2@@2@U?$less@K@2@V?$allocator@V?$map@KUPLAYERINFO@CChannelMgr@@U?$less@K@std@@V?$allocator@UPLAYERINFO@CChannelMgr@@@4@@std@@@2@@std@@IAEXXZ 0040a210 f i ChannelMgr.obj
 0001:000092c0       ?_Insert@?$_Tree@KU?$pair@$$CBKV?$map@KUPLAYERINFO@CChannelMgr@@U?$less@K@std@@V?$allocator@UPLAYERINFO@CChannelMgr@@@4@@std@@@std@@U_Kfn@?$map@KV?$map@KUPLAYERINFO@CChannelMgr@@U?$less@K@std@@V?$allocator@UPLAYERINFO@CChannelMgr@@@4@@std@@U?$less@K@2@V?$allocator@V?$map@KUPLAYERINFO@CChannelMgr@@U?$less@K@std@@V?$allocator@UPLAYERINFO@CChannelMgr@@@4@@std@@@2@@2@U?$less@K@2@V?$allocator@V?$map@KUPLAYERINFO@CChannelMgr@@U?$less@K@std@@V?$allocator@UPLAYERINFO@CChannelMgr@@@4@@std@@@2@@std@@IAE?AViterator@12@PAU_Node@12@0ABU?$pair@$$CBKV?$map@KUPLAYERINFO@CChannelMgr@@U?$less@K@std@@V?$allocator@UPLAYERINFO@CChannelMgr@@@4@@std@@@2@@Z 0040a2c0 f i ChannelMgr.obj
 0001:000095c0       ?_Lbound@?$_Tree@KU?$pair@$$CBKV?$map@KUPLAYERINFO@CChannelMgr@@U?$less@K@std@@V?$allocator@UPLAYERINFO@CChannelMgr@@@4@@std@@@std@@U_Kfn@?$map@KV?$map@KUPLAYERINFO@CChannelMgr@@U?$less@K@std@@V?$allocator@UPLAYERINFO@CChannelMgr@@@4@@std@@U?$less@K@2@V?$allocator@V?$map@KUPLAYERINFO@CChannelMgr@@U?$less@K@std@@V?$allocator@UPLAYERINFO@CChannelMgr@@@4@@std@@@2@@2@U?$less@K@2@V?$allocator@V?$map@KUPLAYERINFO@CChannelMgr@@U?$less@K@std@@V?$allocator@UPLAYERINFO@CChannelMgr@@@4@@std@@@2@@std@@IBEPAU_Node@12@ABK@Z 0040a5c0 f i ChannelMgr.obj
 0001:00009610       ?_Left@?$_Tree@KU?$pair@$$CBKUPLAYERINFO@CChannelMgr@@@std@@U_Kfn@?$map@KUPLAYERINFO@CChannelMgr@@U?$less@K@std@@V?$allocator@UPLAYERINFO@CChannelMgr@@@4@@2@U?$less@K@2@V?$allocator@UPLAYERINFO@CChannelMgr@@@2@@std@@KAAAPAU_Node@12@PAU312@@Z 0040a610 f i ChannelMgr.obj
 0001:00009620       ?erase@?$_Tree@KU?$pair@$$CBKUPLAYERINFO@CChannelMgr@@@std@@U_Kfn@?$map@KUPLAYERINFO@CChannelMgr@@U?$less@K@std@@V?$allocator@UPLAYERINFO@CChannelMgr@@@4@@2@U?$less@K@2@V?$allocator@UPLAYERINFO@CChannelMgr@@@2@@std@@QAE?AViterator@12@V312@@Z 0040a620 f i ChannelMgr.obj
 0001:00009b40       ?_Copy@?$_Tree@KU?$pair@$$CBKUPLAYERINFO@CChannelMgr@@@std@@U_Kfn@?$map@KUPLAYERINFO@CChannelMgr@@U?$less@K@std@@V?$allocator@UPLAYERINFO@CChannelMgr@@@4@@2@U?$less@K@2@V?$allocator@UPLAYERINFO@CChannelMgr@@@2@@std@@IAEXABV12@@Z 0040ab40 f i ChannelMgr.obj
 0001:00009cc0       ?_Erase@?$_Tree@KU?$pair@$$CBKUPLAYERINFO@CChannelMgr@@@std@@U_Kfn@?$map@KUPLAYERINFO@CChannelMgr@@U?$less@K@std@@V?$allocator@UPLAYERINFO@CChannelMgr@@@4@@2@U?$less@K@2@V?$allocator@UPLAYERINFO@CChannelMgr@@@2@@std@@IAEXPAU_Node@12@@Z 0040acc0 f i ChannelMgr.obj
 0001:00009d50       ?_Init@?$_Tree@KU?$pair@$$CBKUPLAYERINFO@CChannelMgr@@@std@@U_Kfn@?$map@KUPLAYERINFO@CChannelMgr@@U?$less@K@std@@V?$allocator@UPLAYERINFO@CChannelMgr@@@4@@2@U?$less@K@2@V?$allocator@UPLAYERINFO@CChannelMgr@@@2@@std@@IAEXXZ 0040ad50 f i ChannelMgr.obj
 0001:00009e00       ?_Insert@?$_Tree@KU?$pair@$$CBKUPLAYERINFO@CChannelMgr@@@std@@U_Kfn@?$map@KUPLAYERINFO@CChannelMgr@@U?$less@K@std@@V?$allocator@UPLAYERINFO@CChannelMgr@@@4@@2@U?$less@K@2@V?$allocator@UPLAYERINFO@CChannelMgr@@@2@@std@@IAE?AViterator@12@PAU_Node@12@0ABU?$pair@$$CBKUPLAYERINFO@CChannelMgr@@@2@@Z 0040ae00 f i ChannelMgr.obj
 0001:0000a100       ?_Lbound@?$_Tree@KU?$pair@$$CBKUPLAYERINFO@CChannelMgr@@@std@@U_Kfn@?$map@KUPLAYERINFO@CChannelMgr@@U?$less@K@std@@V?$allocator@UPLAYERINFO@CChannelMgr@@@4@@2@U?$less@K@2@V?$allocator@UPLAYERINFO@CChannelMgr@@@2@@std@@IBEPAU_Node@12@ABK@Z 0040b100 f i ChannelMgr.obj
 0001:0000a150       ??0const_iterator@?$_Tree@KU?$pair@$$CBKUPLAYERINFO@CChannelMgr@@@std@@U_Kfn@?$map@KUPLAYERINFO@CChannelMgr@@U?$less@K@std@@V?$allocator@UPLAYERINFO@CChannelMgr@@@4@@2@U?$less@K@2@V?$allocator@UPLAYERINFO@CChannelMgr@@@2@@std@@QAE@PAU_Node@12@@Z 0040b150 f i ChannelMgr.obj
 0001:0000a160       ?_Insert@?$_Tree@KU?$pair@$$CBKUCHANNINFO@CChannelMgr@@@std@@U_Kfn@?$map@KUCHANNINFO@CChannelMgr@@U?$less@K@std@@V?$allocator@UCHANNINFO@CChannelMgr@@@4@@2@U?$less@K@2@V?$allocator@UCHANNINFO@CChannelMgr@@@2@@std@@IAE?AViterator@12@PAU_Node@12@0ABU?$pair@$$CBKUCHANNINFO@CChannelMgr@@@2@@Z 0040b160 f i ChannelMgr.obj
 0001:0000a460       ?_Lbound@?$_Tree@KU?$pair@$$CBKUCHANNINFO@CChannelMgr@@@std@@U_Kfn@?$map@KUCHANNINFO@CChannelMgr@@U?$less@K@std@@V?$allocator@UCHANNINFO@CChannelMgr@@@4@@2@U?$less@K@2@V?$allocator@UCHANNINFO@CChannelMgr@@@2@@std@@IBEPAU_Node@12@ABK@Z 0040b460 f i ChannelMgr.obj
 0001:0000a4b0       ?_Buynode@?$_Tree@KU?$pair@$$CBKUCHANNINFO@CChannelMgr@@@std@@U_Kfn@?$map@KUCHANNINFO@CChannelMgr@@U?$less@K@std@@V?$allocator@UCHANNINFO@CChannelMgr@@@4@@2@U?$less@K@2@V?$allocator@UCHANNINFO@CChannelMgr@@@2@@std@@IAEPAU_Node@12@PAU312@W4_Redbl@12@@Z 0040b4b0 f i ChannelMgr.obj
 0001:0000a4d0       ?_Insert@?$_Tree@V?$basic_string@DU?$char_traits@D@std@@V?$allocator@D@2@@std@@U?$pair@$$CBV?$basic_string@DU?$char_traits@D@std@@V?$allocator@D@2@@std@@K@2@U_Kfn@?$map@V?$basic_string@DU?$char_traits@D@std@@V?$allocator@D@2@@std@@KU_tstring_less@@V?$allocator@K@2@@2@U_tstring_less@@V?$allocator@K@2@@std@@IAE?AViterator@12@PAU_Node@12@0ABU?$pair@$$CBV?$basic_string@DU?$char_traits@D@std@@V?$allocator@D@2@@std@@K@2@@Z 0040b4d0 f i ChannelMgr.obj
 0001:0000a800       ?_Lbound@?$_Tree@V?$basic_string@DU?$char_traits@D@std@@V?$allocator@D@2@@std@@U?$pair@$$CBV?$basic_string@DU?$char_traits@D@std@@V?$allocator@D@2@@std@@K@2@U_Kfn@?$map@V?$basic_string@DU?$char_traits@D@std@@V?$allocator@D@2@@std@@KU_tstring_less@@V?$allocator@K@2@@2@U_tstring_less@@V?$allocator@K@2@@std@@IBEPAU_Node@12@ABV?$basic_string@DU?$char_traits@D@std@@V?$allocator@D@2@@2@@Z 0040b800 f i ChannelMgr.obj
 0001:0000a880       ?_Buynode@?$_Tree@V?$basic_string@DU?$char_traits@D@std@@V?$allocator@D@2@@std@@U?$pair@$$CBV?$basic_string@DU?$char_traits@D@std@@V?$allocator@D@2@@std@@K@2@U_Kfn@?$map@V?$basic_string@DU?$char_traits@D@std@@V?$allocator@D@2@@std@@KU_tstring_less@@V?$allocator@K@2@@2@U_tstring_less@@V?$allocator@K@2@@std@@IAEPAU_Node@12@PAU312@W4_Redbl@12@@Z 0040b880 f i ChannelMgr.obj
 0001:0000a8a0       ?_Buynode@?$_Tree@KU?$pair@$$CBKV?$list@PAU_BLOCKCHANNELOP@CChannelMgr@@V?$allocator@PAU_BLOCKCHANNELOP@CChannelMgr@@@std@@@std@@@std@@U_Kfn@?$map@KV?$list@PAU_BLOCKCHANNELOP@CChannelMgr@@V?$allocator@PAU_BLOCKCHANNELOP@CChannelMgr@@@std@@@std@@U?$less@K@2@V?$allocator@V?$list@PAU_BLOCKCHANNELOP@CChannelMgr@@V?$allocator@PAU_BLOCKCHANNELOP@CChannelMgr@@@std@@@std@@@2@@2@U?$less@K@2@V?$allocator@V?$list@PAU_BLOCKCHANNELOP@CChannelMgr@@V?$allocator@PAU_BLOCKCHANNELOP@CChannelMgr@@@std@@@std@@@2@@std@@IAEPAU_Node@12@PAU312@W4_Redbl@12@@Z 0040b8a0 f i ChannelMgr.obj
 0001:0000a8c0       ?erase@?$list@PAU_BLOCKCHANNELOP@CChannelMgr@@V?$allocator@PAU_BLOCKCHANNELOP@CChannelMgr@@@std@@@std@@QAE?AViterator@12@V312@@Z 0040b8c0 f i ChannelMgr.obj
 0001:0000a900       ?_Copy@?$_Tree@KU?$pair@$$CBKV?$map@KUPLAYERINFO@CChannelMgr@@U?$less@K@std@@V?$allocator@UPLAYERINFO@CChannelMgr@@@4@@std@@@std@@U_Kfn@?$map@KV?$map@KUPLAYERINFO@CChannelMgr@@U?$less@K@std@@V?$allocator@UPLAYERINFO@CChannelMgr@@@4@@std@@U?$less@K@2@V?$allocator@V?$map@KUPLAYERINFO@CChannelMgr@@U?$less@K@std@@V?$allocator@UPLAYERINFO@CChannelMgr@@@4@@std@@@2@@2@U?$less@K@2@V?$allocator@V?$map@KUPLAYERINFO@CChannelMgr@@U?$less@K@std@@V?$allocator@UPLAYERINFO@CChannelMgr@@@4@@std@@@2@@std@@IAEPAU_Node@12@PAU312@0@Z 0040b900 f i ChannelMgr.obj
 0001:0000aa10       ??3@YAXPAX0@Z              0040ba10 f i ChannelMgr.obj
 0001:0000aa20       ?_Buynode@?$_Tree@KU?$pair@$$CBKV?$map@KUPLAYERINFO@CChannelMgr@@U?$less@K@std@@V?$allocator@UPLAYERINFO@CChannelMgr@@@4@@std@@@std@@U_Kfn@?$map@KV?$map@KUPLAYERINFO@CChannelMgr@@U?$less@K@std@@V?$allocator@UPLAYERINFO@CChannelMgr@@@4@@std@@U?$less@K@2@V?$allocator@V?$map@KUPLAYERINFO@CChannelMgr@@U?$less@K@std@@V?$allocator@UPLAYERINFO@CChannelMgr@@@4@@std@@@2@@2@U?$less@K@2@V?$allocator@V?$map@KUPLAYERINFO@CChannelMgr@@U?$less@K@std@@V?$allocator@UPLAYERINFO@CChannelMgr@@@4@@std@@@2@@std@@IAEPAU_Node@12@PAU312@W4_Redbl@12@@Z 0040ba20 f i ChannelMgr.obj
 0001:0000aa40       ?_Copy@?$_Tree@KU?$pair@$$CBKUPLAYERINFO@CChannelMgr@@@std@@U_Kfn@?$map@KUPLAYERINFO@CChannelMgr@@U?$less@K@std@@V?$allocator@UPLAYERINFO@CChannelMgr@@@4@@2@U?$less@K@2@V?$allocator@UPLAYERINFO@CChannelMgr@@@2@@std@@IAEPAU_Node@12@PAU312@0@Z 0040ba40 f i ChannelMgr.obj
 0001:0000ab20       ?_Ubound@?$_Tree@KU?$pair@$$CBKUPLAYERINFO@CChannelMgr@@@std@@U_Kfn@?$map@KUPLAYERINFO@CChannelMgr@@U?$less@K@std@@V?$allocator@UPLAYERINFO@CChannelMgr@@@4@@2@U?$less@K@2@V?$allocator@UPLAYERINFO@CChannelMgr@@@2@@std@@IBEPAU_Node@12@ABK@Z 0040bb20 f i ChannelMgr.obj
 0001:0000ab70       ?_Buynode@?$_Tree@KU?$pair@$$CBKUPLAYERINFO@CChannelMgr@@@std@@U_Kfn@?$map@KUPLAYERINFO@CChannelMgr@@U?$less@K@std@@V?$allocator@UPLAYERINFO@CChannelMgr@@@4@@2@U?$less@K@2@V?$allocator@UPLAYERINFO@CChannelMgr@@@2@@std@@IAEPAU_Node@12@PAU312@W4_Redbl@12@@Z 0040bb70 f i ChannelMgr.obj
 0001:0000ab90       ?_Dec@const_iterator@?$_Tree@KU?$pair@$$CBKUPLAYERINFO@CChannelMgr@@@std@@U_Kfn@?$map@KUPLAYERINFO@CChannelMgr@@U?$less@K@std@@V?$allocator@UPLAYERINFO@CChannelMgr@@@4@@2@U?$less@K@2@V?$allocator@UPLAYERINFO@CChannelMgr@@@2@@std@@QAEXXZ 0040bb90 f i ChannelMgr.obj
 0001:0000ac50       ?_Dec@const_iterator@?$_Tree@KU?$pair@$$CBKV?$map@KUPLAYERINFO@CChannelMgr@@U?$less@K@std@@V?$allocator@UPLAYERINFO@CChannelMgr@@@4@@std@@@std@@U_Kfn@?$map@KV?$map@KUPLAYERINFO@CChannelMgr@@U?$less@K@std@@V?$allocator@UPLAYERINFO@CChannelMgr@@@4@@std@@U?$less@K@2@V?$allocator@V?$map@KUPLAYERINFO@CChannelMgr@@U?$less@K@std@@V?$allocator@UPLAYERINFO@CChannelMgr@@@4@@std@@@2@@2@U?$less@K@2@V?$allocator@V?$map@KUPLAYERINFO@CChannelMgr@@U?$less@K@std@@V?$allocator@UPLAYERINFO@CChannelMgr@@@4@@std@@@2@@std@@QAEXXZ 0040bc50 f i ChannelMgr.obj
 0001:0000ad10       ?_Dec@const_iterator@?$_Tree@KU?$pair@$$CBKUCHANNINFO@CChannelMgr@@@std@@U_Kfn@?$map@KUCHANNINFO@CChannelMgr@@U?$less@K@std@@V?$allocator@UCHANNINFO@CChannelMgr@@@4@@2@U?$less@K@2@V?$allocator@UCHANNINFO@CChannelMgr@@@2@@std@@QAEXXZ 0040bd10 f i ChannelMgr.obj
 0001:0000add0       ?_Ubound@?$_Tree@V?$basic_string@DU?$char_traits@D@std@@V?$allocator@D@2@@std@@U?$pair@$$CBV?$basic_string@DU?$char_traits@D@std@@V?$allocator@D@2@@std@@K@2@U_Kfn@?$map@V?$basic_string@DU?$char_traits@D@std@@V?$allocator@D@2@@std@@KU_tstring_less@@V?$allocator@K@2@@2@U_tstring_less@@V?$allocator@K@2@@std@@IBEPAU_Node@12@ABV?$basic_string@DU?$char_traits@D@std@@V?$allocator@D@2@@2@@Z 0040bdd0 f i ChannelMgr.obj
 0001:0000ae50       ?_Dec@const_iterator@?$_Tree@V?$basic_string@DU?$char_traits@D@std@@V?$allocator@D@2@@std@@U?$pair@$$CBV?$basic_string@DU?$char_traits@D@std@@V?$allocator@D@2@@std@@K@2@U_Kfn@?$map@V?$basic_string@DU?$char_traits@D@std@@V?$allocator@D@2@@std@@KU_tstring_less@@V?$allocator@K@2@@2@U_tstring_less@@V?$allocator@K@2@@std@@QAEXXZ 0040be50 f i ChannelMgr.obj
 0001:0000af10       ?_Inc@const_iterator@?$_Tree@V?$basic_string@DU?$char_traits@D@std@@V?$allocator@D@2@@std@@U?$pair@$$CBV?$basic_string@DU?$char_traits@D@std@@V?$allocator@D@2@@std@@K@2@U_Kfn@?$map@V?$basic_string@DU?$char_traits@D@std@@V?$allocator@D@2@@std@@KU_tstring_less@@V?$allocator@K@2@@2@U_tstring_less@@V?$allocator@K@2@@std@@QAEXXZ 0040bf10 f i ChannelMgr.obj
 0001:0000afc0       ?_Distance@std@@YAXViterator@?$_Tree@KU?$pair@$$CBKUPLAYERINFO@CChannelMgr@@@std@@U_Kfn@?$map@KUPLAYERINFO@CChannelMgr@@U?$less@K@std@@V?$allocator@UPLAYERINFO@CChannelMgr@@@4@@2@U?$less@K@2@V?$allocator@UPLAYERINFO@CChannelMgr@@@2@@1@0AAI@Z 0040bfc0 f i ChannelMgr.obj
 0001:0000aff0       ?_Construct@std@@YAXPAU?$pair@$$CBKV?$map@KUPLAYERINFO@CChannelMgr@@U?$less@K@std@@V?$allocator@UPLAYERINFO@CChannelMgr@@@4@@std@@@1@ABU21@@Z 0040bff0 f i ChannelMgr.obj
 0001:0000b200       ?_Construct@std@@YAXPAU?$pair@$$CBKUPLAYERINFO@CChannelMgr@@@1@ABU21@@Z 0040c200 f i ChannelMgr.obj
 0001:0000b220       ?_Construct@std@@YAXPAU?$pair@$$CBKUCHANNINFO@CChannelMgr@@@1@ABU21@@Z 0040c220 f i ChannelMgr.obj
 0001:0000b360       ?_Construct@std@@YAXPAU?$pair@$$CBV?$basic_string@DU?$char_traits@D@std@@V?$allocator@D@2@@std@@K@1@ABU21@@Z 0040c360 f i ChannelMgr.obj
 0001:0000b4b0       ?_Distance@std@@YAXViterator@?$_Tree@KU?$pair@$$CBKUPLAYERINFO@CChannelMgr@@@std@@U_Kfn@?$map@KUPLAYERINFO@CChannelMgr@@U?$less@K@std@@V?$allocator@UPLAYERINFO@CChannelMgr@@@4@@2@U?$less@K@2@V?$allocator@UPLAYERINFO@CChannelMgr@@@2@@1@0AAIUbidirectional_iterator_tag@1@@Z 0040c4b0 f i ChannelMgr.obj
 0001:0000b510       ?id@?$ctype@G@std@@$E      0040c510 f i ChannelMgr.obj
 0001:0000b520       ??0CChatConnect@@QAE@PAVCChatServer@@K@Z 0040c520 f   ChatConnect.obj
 0001:0000b550       ?BeginRoute@CNetConnect@@MAEXXZ 0040c550 f i ChatConnect.obj
 0001:0000b560       ?EndRoute@CNetConnect@@MAEXXZ 0040c560 f i ChatConnect.obj
 0001:0000b570       ??_ECChatConnect@@UAEPAXI@Z 0040c570 f i ChatConnect.obj
 0001:0000b570       ??_GCChatConnect@@UAEPAXI@Z 0040c570 f i ChatConnect.obj
 0001:0000b590       ??1CChatConnect@@UAE@XZ    0040c590 f   ChatConnect.obj
 0001:0000b5b0       ?OnClientConnectCreate@CChatConnect@@MAEXXZ 0040c5b0 f   ChatConnect.obj
 0001:0000b5d0       ?OnClientConnectClose@CChatConnect@@MAEXXZ 0040c5d0 f   ChatConnect.obj
 0001:0000b5f0       ?RecvPackage@CChatConnect@@MAEXPBXI@Z 0040c5f0 f   ChatConnect.obj
 0001:0000b630       ?Proc0_SomeoneChat@CChatConnect@@AAEXPBXI@Z 0040c630 f   ChatConnect.obj
 0001:0000b650       ?Proc0_ChannelChat@CChatConnect@@AAEXPBXI@Z 0040c650 f   ChatConnect.obj
 0001:0000b670       ?Proc0_GroupMan@CChatConnect@@AAEXPBXI@Z 0040c670 f   ChatConnect.obj
 0001:0000b7b0       ??0CChatServer@@QAE@XZ     0040c7b0 f   ChatServer.obj
 0001:0000b890       ??_GCChatServer@@UAEPAXI@Z 0040c890 f i ChatServer.obj
 0001:0000b890       ??_ECChatServer@@UAEPAXI@Z 0040c890 f i ChatServer.obj
 0001:0000b8b0       ??1?$map@KPAVCChatConnect@@U?$less@K@std@@V?$allocator@PAVCChatConnect@@@3@@std@@QAE@XZ 0040c8b0 f i ChatServer.obj
 0001:0000b920       ??1CChatServer@@UAE@XZ     0040c920 f   ChatServer.obj
 0001:0000b9e0       ?CreateConnect@CChatServer@@MAEPAVCNetConnect@@PAVCNetServer@@K@Z 0040c9e0 f   ChatServer.obj
 0001:0000ba50       ?DestroyConnect@CChatServer@@MAEXPAVCNetConnect@@@Z 0040ca50 f   ChatServer.obj
 0001:0000ba70       ?OnBuildup@CChatServer@@MAEXXZ 0040ca70 f   ChatServer.obj
 0001:0000bad0       ?OnClearup@CChatServer@@MAEXXZ 0040cad0 f   ChatServer.obj
 0001:0000bb50       ?OnClientConnectCreate@CChatServer@@MAEXPAVCNetConnect@@@Z 0040cb50 f   ChatServer.obj
 0001:0000bbe0       ??1KAutoLockWrite@@QAE@XZ  0040cbe0 f i ChatServer.obj
 0001:0000bbf0       ?OnClientConnectClose@CChatServer@@MAEXPAVCNetConnect@@@Z 0040cbf0 f   ChatServer.obj
 0001:0000bca0       ?FindChatConnectByIP@CChatServer@@QAE?AVCNetConnectDup@@K@Z 0040cca0 f   ChatServer.obj
 0001:0000bd80       ??1KAutoLockRead@@QAE@XZ   0040cd80 f i ChatServer.obj
 0001:0000bd90       ?TraceInfo@CChatServer@@QAEHXZ 0040cd90 f   ChatServer.obj
 0001:0000bfe0       ?erase@?$_Tree@KU?$pair@$$CBKPAVCChatConnect@@@std@@U_Kfn@?$map@KPAVCChatConnect@@U?$less@K@std@@V?$allocator@PAVCChatConnect@@@3@@2@U?$less@K@2@V?$allocator@PAVCChatConnect@@@2@@std@@QAE?AViterator@12@V312@0@Z 0040cfe0 f i ChatServer.obj
 0001:0000c110       ?find@?$_Tree@KU?$pair@$$CBKPAVCChatConnect@@@std@@U_Kfn@?$map@KPAVCChatConnect@@U?$less@K@std@@V?$allocator@PAVCChatConnect@@@3@@2@U?$less@K@2@V?$allocator@PAVCChatConnect@@@2@@std@@QAE?AViterator@12@ABK@Z 0040d110 f i ChatServer.obj
 0001:0000c160       ?insert@?$_Tree@KU?$pair@$$CBKPAVCChatConnect@@@std@@U_Kfn@?$map@KPAVCChatConnect@@U?$less@K@std@@V?$allocator@PAVCChatConnect@@@3@@2@U?$less@K@2@V?$allocator@PAVCChatConnect@@@2@@std@@QAE?AU?$pair@Viterator@?$_Tree@KU?$pair@$$CBKPAVCChatConnect@@@std@@U_Kfn@?$map@KPAVCChatConnect@@U?$less@K@std@@V?$allocator@PAVCChatConnect@@@3@@2@U?$less@K@2@V?$allocator@PAVCChatConnect@@@2@@std@@_N@2@ABU?$pair@$$CBKPAVCChatConnect@@@2@@Z 0040d160 f i ChatServer.obj
 0001:0000c290       ?erase@?$_Tree@KU?$pair@$$CBKPAVCChatConnect@@@std@@U_Kfn@?$map@KPAVCChatConnect@@U?$less@K@std@@V?$allocator@PAVCChatConnect@@@3@@2@U?$less@K@2@V?$allocator@PAVCChatConnect@@@2@@std@@QAE?AViterator@12@V312@@Z 0040d290 f i ChatServer.obj
 0001:0000c7b0       ?_Erase@?$_Tree@KU?$pair@$$CBKPAVCChatConnect@@@std@@U_Kfn@?$map@KPAVCChatConnect@@U?$less@K@std@@V?$allocator@PAVCChatConnect@@@3@@2@U?$less@K@2@V?$allocator@PAVCChatConnect@@@2@@std@@IAEXPAU_Node@12@@Z 0040d7b0 f i ChatServer.obj
 0001:0000c840       ?_Inc@const_iterator@?$_Tree@KU?$pair@$$CBKPAVCChatConnect@@@std@@U_Kfn@?$map@KPAVCChatConnect@@U?$less@K@std@@V?$allocator@PAVCChatConnect@@@3@@2@U?$less@K@2@V?$allocator@PAVCChatConnect@@@2@@std@@QAEXXZ 0040d840 f i ChatServer.obj
 0001:0000c8f0       ?_Insert@?$_Tree@KU?$pair@$$CBKPAVCChatConnect@@@std@@U_Kfn@?$map@KPAVCChatConnect@@U?$less@K@std@@V?$allocator@PAVCChatConnect@@@3@@2@U?$less@K@2@V?$allocator@PAVCChatConnect@@@2@@std@@IAE?AViterator@12@PAU_Node@12@0ABU?$pair@$$CBKPAVCChatConnect@@@2@@Z 0040d8f0 f i ChatServer.obj
 0001:0000cbf0       ?_Lbound@?$_Tree@KU?$pair@$$CBKPAVCChatConnect@@@std@@U_Kfn@?$map@KPAVCChatConnect@@U?$less@K@std@@V?$allocator@PAVCChatConnect@@@3@@2@U?$less@K@2@V?$allocator@PAVCChatConnect@@@2@@std@@IBEPAU_Node@12@ABK@Z 0040dbf0 f i ChatServer.obj
 0001:0000cc40       ?_Ubound@?$_Tree@KU?$pair@$$CBKPAVCChatConnect@@@std@@U_Kfn@?$map@KPAVCChatConnect@@U?$less@K@std@@V?$allocator@PAVCChatConnect@@@3@@2@U?$less@K@2@V?$allocator@PAVCChatConnect@@@2@@std@@IBEPAU_Node@12@ABK@Z 0040dc40 f i ChatServer.obj
 0001:0000cc90       ?_Dec@const_iterator@?$_Tree@KU?$pair@$$CBKPAVCChatConnect@@@std@@U_Kfn@?$map@KPAVCChatConnect@@U?$less@K@std@@V?$allocator@PAVCChatConnect@@@3@@2@U?$less@K@2@V?$allocator@PAVCChatConnect@@@2@@std@@QAEXXZ 0040dc90 f i ChatServer.obj
 0001:0000cd50       ?_Construct@std@@YAXPAU?$pair@$$CBKPAVCChatConnect@@@1@ABU21@@Z 0040dd50 f i ChatServer.obj
 0001:0000cda0       ??0CDBCenter@@QAE@XZ       0040dda0 f   DBConnect.obj
 0001:0000cdc0       ?OnBuildup@CNetCenter@@MAEXXZ 0040ddc0 f i DBConnect.obj
 0001:0000cdd0       ?OnClearup@CNetCenter@@MAEXXZ 0040ddd0 f i DBConnect.obj
 0001:0000cde0       ?OnServerEventCreate@CNetCenter@@MAEXPAVCNetClient@@@Z 0040dde0 f i DBConnect.obj
 0001:0000cdf0       ?OnServerEventClose@CNetCenter@@MAEXPAVCNetClient@@@Z 0040ddf0 f i DBConnect.obj
 0001:0000ce00       ??_ECDBCenter@@UAEPAXI@Z   0040de00 f i DBConnect.obj
 0001:0000ce00       ??_GCDBCenter@@UAEPAXI@Z   0040de00 f i DBConnect.obj
 0001:0000ce20       ??1CDBCenter@@UAE@XZ       0040de20 f   DBConnect.obj
 0001:0000ce30       ?TraceInfo@CDBCenter@@QAEHXZ 0040de30 f   DBConnect.obj
 0001:0000d030       ??0CDBClient@@QAE@PAVCDBCenter@@H@Z 0040e030 f   DBConnect.obj
 0001:0000d050       ?OnStartupFail@CNetClient@@MAEXXZ 0040e050 f i DBConnect.obj
 0001:0000d060       ?OnShutdownFail@CNetClient@@MAEXXZ 0040e060 f i DBConnect.obj
 0001:0000d070       ?BeginRoute@CNetClient@@MAEXXZ 0040e070 f i DBConnect.obj
 0001:0000d080       ?EndRoute@CNetClient@@MAEXXZ 0040e080 f i DBConnect.obj
 0001:0000d090       ?DeleteThis@CNetClient@@MAEXXZ 0040e090 f i DBConnect.obj
 0001:0000d0a0       ??_GCDBClient@@UAEPAXI@Z   0040e0a0 f i DBConnect.obj
 0001:0000d0a0       ??_ECDBClient@@UAEPAXI@Z   0040e0a0 f i DBConnect.obj
 0001:0000d0c0       ??1CDBClient@@UAE@XZ       0040e0c0 f   DBConnect.obj
 0001:0000d0d0       ?OnServerEventCreate@CDBClient@@MAEXXZ 0040e0d0 f   DBConnect.obj
 0001:0000d100       ?OnServerEventClose@CDBClient@@MAEXXZ 0040e100 f   DBConnect.obj
 0001:0000d120       ?RecvPackage@CDBClient@@MAEXPBXI@Z 0040e120 f   DBConnect.obj
 0001:0000d240       ??0CDBDump@@QAE@XZ         0040e240 f   DBDumpLoad.obj
 0001:0000d270       ??_GCDBDump@@UAEPAXI@Z     0040e270 f i DBDumpLoad.obj
 0001:0000d270       ??_ECDBDump@@UAEPAXI@Z     0040e270 f i DBDumpLoad.obj
 0001:0000d290       ?Open@CDBDump@@QAE_NPAD@Z  0040e290 f   DBDumpLoad.obj
 0001:0000d340       ?Close@CDBDump@@QAE_NXZ    0040e340 f   DBDumpLoad.obj
 0001:0000d390       ?AddData@CDBDump@@QAE_NPADI0I@Z 0040e390 f   DBDumpLoad.obj
 0001:0000d4a0       ??0CDBLoad@@QAE@XZ         0040e4a0 f   DBDumpLoad.obj
 0001:0000d4d0       ??_ECDBLoad@@UAEPAXI@Z     0040e4d0 f i DBDumpLoad.obj
 0001:0000d4d0       ??_GCDBLoad@@UAEPAXI@Z     0040e4d0 f i DBDumpLoad.obj
 0001:0000d4f0       ?Open@CDBLoad@@QAE_NPAD@Z  0040e4f0 f   DBDumpLoad.obj
 0001:0000d5a0       ?Close@CDBLoad@@QAE_NXZ    0040e5a0 f   DBDumpLoad.obj
 0001:0000d5f0       ?ReadData@CDBLoad@@QAE_NPADAAI01@Z 0040e5f0 f   DBDumpLoad.obj
 0001:0000d6a0       ?GotoHead@CDBLoad@@QAEXXZ  0040e6a0 f   DBDumpLoad.obj
 0001:0000d6d0       ?SearchData@CDBLoad@@QAE_NPAD0AAI@Z 0040e6d0 f   DBDumpLoad.obj
 0001:0000d800       ??0ZDBTable@@QAE@PBD0@Z    0040e800 f   DBTable.obj
 0001:0000d910       ??_EZDBTable@@UAEPAXI@Z    0040e910 f i DBTable.obj
 0001:0000d910       ??_GZDBTable@@UAEPAXI@Z    0040e910 f i DBTable.obj
 0001:0000d930       ??1ZDBTable@@UAE@XZ        0040e930 f   DBTable.obj
 0001:0000d950       ?addIndex@ZDBTable@@QAEHP6AHPAU__db@@PBU__db_dbt@@1PAU3@@Z_N@Z 0040e950 f   DBTable.obj
 0001:0000d9a0       ?open@ZDBTable@@QAE_NXZ    0040e9a0 f   DBTable.obj
 0001:0000db20       ?close@ZDBTable@@QAEXXZ    0040eb20 f   DBTable.obj
 0001:0000db70       ?commit@ZDBTable@@QAE_NXZ  0040eb70 f   DBTable.obj
 0001:0000db80       ?add@ZDBTable@@QAE_NPBDH0H@Z 0040eb80 f   DBTable.obj
 0001:0000dbf0       ?remove@ZDBTable@@QAE_NPBDHH@Z 0040ebf0 f   DBTable.obj
 0001:0000dc40       ?_search@ZDBTable@@IAEPAD_NPBDHAAHH@Z 0040ec40 f   DBTable.obj
 0001:0000de10       ?_next@ZDBTable@@IAEPAD_NAAH@Z 0040ee10 f   DBTable.obj
 0001:0000df20       ?GetRecord@ZDBTable@@QAEPADAAHW4CursorPointer@1@H@Z 0040ef20 f   DBTable.obj
 0001:0000dff0       ?GetRecord_key@ZDBTable@@QAEPADAAHW4CursorPointer@1@H@Z 0040eff0 f   DBTable.obj
 0001:0000e0c0       ?GetRecordEx@ZDBTable@@QAE_NPADAAH01W4CursorPointer@1@H@Z 0040f0c0 f   DBTable.obj
 0001:0000e1a0       ??0CDBTableReadOnly@@QAE@PBD0@Z 0040f1a0 f   DBTable.obj
 0001:0000e2a0       ??_ECDBTableReadOnly@@UAEPAXI@Z 0040f2a0 f i DBTable.obj
 0001:0000e2a0       ??_GCDBTableReadOnly@@UAEPAXI@Z 0040f2a0 f i DBTable.obj
 0001:0000e2c0       ??1CDBTableReadOnly@@UAE@XZ 0040f2c0 f   DBTable.obj
 0001:0000e2e0       ?open@CDBTableReadOnly@@QAE_NXZ 0040f2e0 f   DBTable.obj
 0001:0000e330       ?close@CDBTableReadOnly@@QAEXXZ 0040f330 f   DBTable.obj
 0001:0000e350       ?_search@CDBTableReadOnly@@IAEPAD_NPBDHAAH@Z 0040f350 f   DBTable.obj
 0001:0000e420       ?_next@CDBTableReadOnly@@IAEPAD_NAAH@Z 0040f420 f   DBTable.obj
 0001:0000e540       ?GetRecord@CDBTableReadOnly@@QAEPADAAHW4CursorPointer@1@@Z 0040f540 f   DBTable.obj
 0001:0000e600       ?GetRecord_key@CDBTableReadOnly@@QAEPADAAHW4CursorPointer@1@@Z 0040f600 f   DBTable.obj
 0001:0000e6c0       ?GetRecordEx@CDBTableReadOnly@@QAE_NPADAAH01W4CursorPointer@1@@Z 0040f6c0 f   DBTable.obj
 0001:0000e7c0       ?_Proc2_Relay_AskWay_AccountRoleID@dealrelay@@YAXABVCNetSockDupEx@@PBXI@Z 0040f7c0 f   DealRelay.obj
 0001:0000e980       ?_Proc1_Relay_Data@dealrelay@@YAXABVCNetSockDupEx@@PBXI@Z 0040f980 f   DealRelay.obj
 0001:0000ea80       ?_Proc1_Relay_AskWay@dealrelay@@YAXABVCNetSockDupEx@@PBXI@Z 0040fa80 f   DealRelay.obj
 0001:0000eaa0       ?_Proc1_Relay_LoseWay@dealrelay@@YAXABVCNetSockDupEx@@PBXI@Z 0040faa0 f   DealRelay.obj
 0001:0000eb80       ?_Proc0_Relay@dealrelay@@YAXABVCNetSockDupEx@@PBXI@Z 0040fb80 f   DealRelay.obj
 0001:0000ebd0       ?_RecvPackage@dealrelay@@YAXABVCNetSockDupEx@@PBXI@Z 0040fbd0 f   DealRelay.obj
 0001:0000ebf0       ?DoRecvPackage@dealrelay@@YAXPAVCRelayConnect@@PBXI@Z 0040fbf0 f   DealRelay.obj
 0001:0000ec80       ?DoRecvPackage@dealrelay@@YAXPAVCRelayClient@@PBXI@Z 0040fc80 f   DealRelay.obj
 0001:0000ed10       ??1CNetClientDup@@UAE@XZ   0040fd10 f i DealRelay.obj
 0001:0000ed30       ??_ECNetClientDup@@UAEPAXI@Z 0040fd30 f i DealRelay.obj
 0001:0000ed30       ??_GCNetClientDup@@UAEPAXI@Z 0040fd30 f i DealRelay.obj
 0001:0000ed70       ?FindRelaySockByIP@dealrelay@@YA?AVCNetSockDupEx@@K@Z 0040fd70 f   DealRelay.obj
 0001:0000eed0       ?BroadPackage@dealrelay@@YAHPBXI@Z 0040fed0 f   DealRelay.obj
 0001:0000ef30       ?BroadGlobal@@YAXPBXIKK@Z  0040ff30 f   DoScript.obj
 0001:0000efc0       ?BroadGame@@YAXKPBXIKK@Z   0040ffc0 f   DoScript.obj
 0001:0000f0b0       ?RootSend@@YAXKKPBXI@Z     004100b0 f   DoScript.obj
 0001:0000f180       ?LuaGlobalExecute@@YAHPAUlua_State@@@Z 00410180 f   DoScript.obj
 0001:0000f260       ?LuaGameExecute@@YAHPAUlua_State@@@Z 00410260 f   DoScript.obj
 0001:0000f350       ?LuaMsg2IP@@YAHPAUlua_State@@@Z 00410350 f   DoScript.obj
 0001:0000f4b0       ?LuaGetIP@@YAHPAUlua_State@@@Z 004104b0 f   DoScript.obj
 0001:0000f560       ?g_GetGameScriptFunNum@@YAHXZ 00410560 f   DoScript.obj
 0001:0000f570       ?InitScript@@YAHXZ         00410570 f   DoScript.obj
 0001:0000f5b0       ?ExcuteScript@@YAHKKPBD@Z  004105b0 f   DoScript.obj
 0001:0000f600       ?UninitScript@@YAHXZ       00410600 f   DoScript.obj
 0001:0000f780       ??0CFriendMgr@@QAE@XZ      00410780 f   FriendMgr.obj
 0001:0000f890       ??_GCFriendMgr@@UAEPAXI@Z  00410890 f i FriendMgr.obj
 0001:0000f890       ??_ECFriendMgr@@UAEPAXI@Z  00410890 f i FriendMgr.obj
 0001:0000f8b0       ??1?$map@V?$basic_string@DU?$char_traits@D@std@@V?$allocator@D@2@@std@@UPLAYERINFO@CFriendMgr@@U_tstring_less@@V?$allocator@UPLAYERINFO@CFriendMgr@@@2@@std@@QAE@XZ 004108b0 f i FriendMgr.obj
 0001:0000f920       ??1?$map@UADDFRIENDKEY@CFriendMgr@@UADDFRIENDVALUE@2@U?$less@UADDFRIENDKEY@CFriendMgr@@@std@@V?$allocator@UADDFRIENDVALUE@CFriendMgr@@@5@@std@@QAE@XZ 00410920 f i FriendMgr.obj
 0001:0000f990       ??1CFriendMgr@@UAE@XZ      00410990 f   FriendMgr.obj
 0001:0000fae0       ?Initialize@CFriendMgr@@QAEHXZ 00410ae0 f   FriendMgr.obj
 0001:0000fc30       ?Uninitialize@CFriendMgr@@QAEHXZ 00410c30 f   FriendMgr.obj
 0001:0000fda0       ?SomeoneLogin@CFriendMgr@@QAEHABV?$basic_string@DU?$char_traits@D@std@@V?$allocator@D@2@@std@@@Z 00410da0 f   FriendMgr.obj
 0001:00010290       ??1?$map@KV?$list@UtagPlusSrcInfo@@V?$allocator@UtagPlusSrcInfo@@@std@@@std@@U?$less@K@2@V?$allocator@V?$list@UtagPlusSrcInfo@@V?$allocator@UtagPlusSrcInfo@@@std@@@std@@@2@@std@@QAE@XZ 00411290 f i FriendMgr.obj
 0001:00010300       ?SomeoneLogout@CFriendMgr@@QAEHABV?$basic_string@DU?$char_traits@D@std@@V?$allocator@D@2@@std@@@Z 00411300 f   FriendMgr.obj
 0001:00010560       ?SomeoneSyncFriends@CFriendMgr@@QAEHABV?$basic_string@DU?$char_traits@D@std@@V?$allocator@D@2@@std@@KKABVCNetConnectDup@@HE@Z 00411560 f   FriendMgr.obj
 0001:00010b20       ??1?$map@V?$basic_string@DU?$char_traits@D@std@@V?$allocator@D@2@@std@@V?$list@U?$pair@EV?$basic_string@DU?$char_traits@D@std@@V?$allocator@D@2@@std@@@std@@V?$allocator@U?$pair@EV?$basic_string@DU?$char_traits@D@std@@V?$allocator@D@2@@std@@@std@@@2@@2@U_tstring_less@@V?$allocator@V?$list@U?$pair@EV?$basic_string@DU?$char_traits@D@std@@V?$allocator@D@2@@std@@@std@@V?$allocator@U?$pair@EV?$basic_string@DU?$char_traits@D@std@@V?$allocator@D@2@@std@@@std@@@2@@std@@@2@@std@@QAE@XZ 00411b20 f i FriendMgr.obj
 0001:00010b90       ??1?$pair@EV?$basic_string@DU?$char_traits@D@std@@V?$allocator@D@2@@std@@@std@@QAE@XZ 00411b90 f i FriendMgr.obj
 0001:00010bd0       ?PlayerAddFriend@CFriendMgr@@QAEHABV?$basic_string@DU?$char_traits@D@std@@V?$allocator@D@2@@std@@0@Z 00411bd0 f   FriendMgr.obj
 0001:00010ed0       ??0FRIENDINFO@CFriendMgr@@QAE@XZ 00411ed0 f i FriendMgr.obj
 0001:00010f00       ?PlayerDelFriend@CFriendMgr@@QAEHABV?$basic_string@DU?$char_traits@D@std@@V?$allocator@D@2@@std@@0@Z 00411f00 f   FriendMgr.obj
 0001:000110c0       ?PlayerIsFriend@CFriendMgr@@QAEHABV?$basic_string@DU?$char_traits@D@std@@V?$allocator@D@2@@std@@0H@Z 004120c0 f   FriendMgr.obj
 0001:000111f0       ?SetFriendGroup@CFriendMgr@@QAEHABV?$basic_string@DU?$char_traits@D@std@@V?$allocator@D@2@@std@@00@Z 004121f0 f   FriendMgr.obj
 0001:00011330       ?GetFriendGroup@CFriendMgr@@QAE?AV?$basic_string@DU?$char_traits@D@std@@V?$allocator@D@2@@std@@ABV23@0@Z 00412330 f   FriendMgr.obj
 0001:000115b0       ?TrackAddFriend@CFriendMgr@@QAEHABV?$basic_string@DU?$char_traits@D@std@@V?$allocator@D@2@@std@@0E@Z 004125b0 f   FriendMgr.obj
 0001:00011720       ??1ADDFRIENDKEY@CFriendMgr@@QAE@XZ 00412720 f i FriendMgr.obj
 0001:00011760       ?ExtractAddFriend@CFriendMgr@@QAEHABV?$basic_string@DU?$char_traits@D@std@@V?$allocator@D@2@@std@@0E@Z 00412760 f   FriendMgr.obj
 0001:00011890       ?TidyAddFriend@CFriendMgr@@QAEHXZ 00412890 f   FriendMgr.obj
 0001:000118a0       ?_LoadSomeone@CFriendMgr@@AAE?AViterator@?$_Tree@V?$basic_string@DU?$char_traits@D@std@@V?$allocator@D@2@@std@@U?$pair@$$CBV?$basic_string@DU?$char_traits@D@std@@V?$allocator@D@2@@std@@UPLAYERINFO@CFriendMgr@@@2@U_Kfn@?$map@V?$basic_string@DU?$char_traits@D@std@@V?$allocator@D@2@@std@@UPLAYERINFO@CFriendMgr@@U_tstring_less@@V?$allocator@UPLAYERINFO@CFriendMgr@@@2@@2@U_tstring_less@@V?$allocator@UPLAYERINFO@CFriendMgr@@@2@@std@@ABV?$basic_string@DU?$char_traits@D@std@@V?$allocator@D@2@@4@@Z 004128a0 f   FriendMgr.obj
 0001:00011da0       ??0PLAYERINFO@CFriendMgr@@QAE@XZ 00412da0 f i FriendMgr.obj
 0001:00011e70       ??1PLAYERINFO@CFriendMgr@@QAE@XZ 00412e70 f i FriendMgr.obj
 0001:00011ee0       ??1?$pair@$$CBV?$basic_string@DU?$char_traits@D@std@@V?$allocator@D@2@@std@@UPLAYERINFO@CFriendMgr@@@std@@QAE@XZ 00412ee0 f i FriendMgr.obj
 0001:00011fb0       ??1FRIENDINFO@CFriendMgr@@QAE@XZ 00412fb0 f i FriendMgr.obj
 0001:00011ff0       ??1?$pair@$$CBV?$basic_string@DU?$char_traits@D@std@@V?$allocator@D@2@@std@@UFRIENDINFO@CFriendMgr@@@std@@QAE@XZ 00412ff0 f i FriendMgr.obj
 0001:00012060       ?_StoreSomeone@CFriendMgr@@AAEHViterator@?$_Tree@V?$basic_string@DU?$char_traits@D@std@@V?$allocator@D@2@@std@@U?$pair@$$CBV?$basic_string@DU?$char_traits@D@std@@V?$allocator@D@2@@std@@UPLAYERINFO@CFriendMgr@@@2@U_Kfn@?$map@V?$basic_string@DU?$char_traits@D@std@@V?$allocator@D@2@@std@@UPLAYERINFO@CFriendMgr@@U_tstring_less@@V?$allocator@UPLAYERINFO@CFriendMgr@@@2@@2@U_tstring_less@@V?$allocator@UPLAYERINFO@CFriendMgr@@@2@@std@@@Z 00413060 f   FriendMgr.obj
 0001:000123d0       ??1MEM_FRIENDRECORD@CFriendMgr@@QAE@XZ 004133d0 f i FriendMgr.obj
 0001:00012440       ?NameToDBKey@CFriendMgr@@AAE?AV?$basic_string@DU?$char_traits@D@std@@V?$allocator@D@2@@std@@ABV23@@Z 00413440 f   FriendMgr.obj
 0001:00012570       ?DB_AddSomeone@CFriendMgr@@AAEHABV?$basic_string@DU?$char_traits@D@std@@V?$allocator@D@2@@std@@ABV?$list@UMEM_FRIENDRECORD@CFriendMgr@@V?$allocator@UMEM_FRIENDRECORD@CFriendMgr@@@std@@@3@@Z 00413570 f   FriendMgr.obj
 0001:00012590       ?DB_DeleteSomeone@CFriendMgr@@AAEHABV?$basic_string@DU?$char_traits@D@std@@V?$allocator@D@2@@std@@@Z 00413590 f   FriendMgr.obj
 0001:00012650       ?DB_LoadSomeone@CFriendMgr@@AAEHABV?$basic_string@DU?$char_traits@D@std@@V?$allocator@D@2@@std@@PAV?$list@UMEM_FRIENDRECORD@CFriendMgr@@V?$allocator@UMEM_FRIENDRECORD@CFriendMgr@@@std@@@3@@Z 00413650 f   FriendMgr.obj
 0001:00012890       ?DB_StoreSomeone@CFriendMgr@@AAEHABV?$basic_string@DU?$char_traits@D@std@@V?$allocator@D@2@@std@@ABV?$list@UMEM_FRIENDRECORD@CFriendMgr@@V?$allocator@UMEM_FRIENDRECORD@CFriendMgr@@@std@@@3@@Z 00413890 f   FriendMgr.obj
 0001:00012a10       ?BkgrndUpdateDB@CFriendMgr@@QAEHXZ 00413a10 f   FriendMgr.obj
 0001:00013380       ??1ONEPLAYER@CFriendMgr@@QAE@XZ 00414380 f i FriendMgr.obj
 0001:00013420       ?GetPlayerCount@CFriendMgr@@QAEIXZ 00414420 f   FriendMgr.obj
 0001:00013440       ?GetAFQSize@CFriendMgr@@QAEIXZ 00414440 f   FriendMgr.obj
 0001:00013460       ?PlayerAssociate@CFriendMgr@@QAEHABV?$basic_string@DU?$char_traits@D@std@@V?$allocator@D@2@@std@@00E@Z 00414460 f   FriendMgr.obj
 0001:00013770       ?PlayerAssociateBevy@CFriendMgr@@QAEHABV?$vector@V?$basic_string@DU?$char_traits@D@std@@V?$allocator@D@2@@std@@V?$allocator@V?$basic_string@DU?$char_traits@D@std@@V?$allocator@D@2@@std@@@2@@std@@ABV?$basic_string@DU?$char_traits@D@std@@V?$allocator@D@2@@3@@Z 00414770 f   FriendMgr.obj
 0001:00013c70       ??0?$map@V?$basic_string@DU?$char_traits@D@std@@V?$allocator@D@2@@std@@UFRIENDINFO@CFriendMgr@@U_tstring_less@@V?$allocator@UFRIENDINFO@CFriendMgr@@@2@@std@@QAE@ABU_tstring_less@@ABV?$allocator@UFRIENDINFO@CFriendMgr@@@1@@Z 00414c70 f i FriendMgr.obj
 0001:00013d40       ?insert@?$map@V?$basic_string@DU?$char_traits@D@std@@V?$allocator@D@2@@std@@UFRIENDINFO@CFriendMgr@@U_tstring_less@@V?$allocator@UFRIENDINFO@CFriendMgr@@@2@@std@@QAE?AU?$pair@Viterator@?$_Tree@V?$basic_string@DU?$char_traits@D@std@@V?$allocator@D@2@@std@@U?$pair@$$CBV?$basic_string@DU?$char_traits@D@std@@V?$allocator@D@2@@std@@UFRIENDINFO@CFriendMgr@@@2@U_Kfn@?$map@V?$basic_string@DU?$char_traits@D@std@@V?$allocator@D@2@@std@@UFRIENDINFO@CFriendMgr@@U_tstring_less@@V?$allocator@UFRIENDINFO@CFriendMgr@@@2@@2@U_tstring_less@@V?$allocator@UFRIENDINFO@CFriendMgr@@@2@@std@@_N@2@ABU?$pair@$$CBV?$basic_string@DU?$char_traits@D@std@@V?$allocator@D@2@@std@@UFRIENDINFO@CFriendMgr@@@2@@Z 00414d40 f i FriendMgr.obj
 0001:00013d70       ??1?$_Tree@V?$basic_string@DU?$char_traits@D@std@@V?$allocator@D@2@@std@@U?$pair@$$CBV?$basic_string@DU?$char_traits@D@std@@V?$allocator@D@2@@std@@UFRIENDINFO@CFriendMgr@@@2@U_Kfn@?$map@V?$basic_string@DU?$char_traits@D@std@@V?$allocator@D@2@@std@@UFRIENDINFO@CFriendMgr@@U_tstring_less@@V?$allocator@UFRIENDINFO@CFriendMgr@@@2@@2@U_tstring_less@@V?$allocator@UFRIENDINFO@CFriendMgr@@@2@@std@@QAE@XZ 00414d70 f i FriendMgr.obj
 0001:00013de0       ??0?$pair@$$CBV?$basic_string@DU?$char_traits@D@std@@V?$allocator@D@2@@std@@UFRIENDINFO@CFriendMgr@@@std@@QAE@ABV?$basic_string@DU?$char_traits@D@std@@V?$allocator@D@2@@1@ABUFRIENDINFO@CFriendMgr@@@Z 00414de0 f i FriendMgr.obj
 0001:00013f20       ?insert@?$map@V?$basic_string@DU?$char_traits@D@std@@V?$allocator@D@2@@std@@UPLAYERINFO@CFriendMgr@@U_tstring_less@@V?$allocator@UPLAYERINFO@CFriendMgr@@@2@@std@@QAE?AU?$pair@Viterator@?$_Tree@V?$basic_string@DU?$char_traits@D@std@@V?$allocator@D@2@@std@@U?$pair@$$CBV?$basic_string@DU?$char_traits@D@std@@V?$allocator@D@2@@std@@UPLAYERINFO@CFriendMgr@@@2@U_Kfn@?$map@V?$basic_string@DU?$char_traits@D@std@@V?$allocator@D@2@@std@@UPLAYERINFO@CFriendMgr@@U_tstring_less@@V?$allocator@UPLAYERINFO@CFriendMgr@@@2@@2@U_tstring_less@@V?$allocator@UPLAYERINFO@CFriendMgr@@@2@@std@@_N@2@ABU?$pair@$$CBV?$basic_string@DU?$char_traits@D@std@@V?$allocator@D@2@@std@@UPLAYERINFO@CFriendMgr@@@2@@Z 00414f20 f i FriendMgr.obj
 0001:00013f50       ??0?$pair@$$CBV?$basic_string@DU?$char_traits@D@std@@V?$allocator@D@2@@std@@UPLAYERINFO@CFriendMgr@@@std@@QAE@ABV?$basic_string@DU?$char_traits@D@std@@V?$allocator@D@2@@1@ABUPLAYERINFO@CFriendMgr@@@Z 00414f50 f i FriendMgr.obj
 0001:000140f0       ??0?$list@UMEM_FRIENDRECORD@CFriendMgr@@V?$allocator@UMEM_FRIENDRECORD@CFriendMgr@@@std@@@std@@QAE@ABV?$allocator@UMEM_FRIENDRECORD@CFriendMgr@@@1@@Z 004150f0 f i FriendMgr.obj
 0001:00014120       ??1?$list@UMEM_FRIENDRECORD@CFriendMgr@@V?$allocator@UMEM_FRIENDRECORD@CFriendMgr@@@std@@@std@@QAE@XZ 00415120 f i FriendMgr.obj
 0001:00014180       ?begin@?$list@UMEM_FRIENDRECORD@CFriendMgr@@V?$allocator@UMEM_FRIENDRECORD@CFriendMgr@@@std@@@std@@QAE?AViterator@12@XZ 00415180 f i FriendMgr.obj
 0001:00014190       ??Eiterator@?$list@UMEM_FRIENDRECORD@CFriendMgr@@V?$allocator@UMEM_FRIENDRECORD@CFriendMgr@@@std@@@std@@QAE?AV012@H@Z 00415190 f i FriendMgr.obj
 0001:000141a0       ??1?$_Tree@KU?$pair@$$CBKV?$list@UtagPlusSrcInfo@@V?$allocator@UtagPlusSrcInfo@@@std@@@std@@@std@@U_Kfn@?$map@KV?$list@UtagPlusSrcInfo@@V?$allocator@UtagPlusSrcInfo@@@std@@@std@@U?$less@K@2@V?$allocator@V?$list@UtagPlusSrcInfo@@V?$allocator@UtagPlusSrcInfo@@@std@@@std@@@2@@2@U?$less@K@2@V?$allocator@V?$list@UtagPlusSrcInfo@@V?$allocator@UtagPlusSrcInfo@@@std@@@std@@@2@@std@@QAE@XZ 004151a0 f i FriendMgr.obj
 0001:00014210       ??1?$_Tree@V?$basic_string@DU?$char_traits@D@std@@V?$allocator@D@2@@std@@U?$pair@$$CBV?$basic_string@DU?$char_traits@D@std@@V?$allocator@D@2@@std@@V?$list@U?$pair@EV?$basic_string@DU?$char_traits@D@std@@V?$allocator@D@2@@std@@@std@@V?$allocator@U?$pair@EV?$basic_string@DU?$char_traits@D@std@@V?$allocator@D@2@@std@@@std@@@2@@2@@2@U_Kfn@?$map@V?$basic_string@DU?$char_traits@D@std@@V?$allocator@D@2@@std@@V?$list@U?$pair@EV?$basic_string@DU?$char_traits@D@std@@V?$allocator@D@2@@std@@@std@@V?$allocator@U?$pair@EV?$basic_string@DU?$char_traits@D@std@@V?$allocator@D@2@@std@@@std@@@2@@2@U_tstring_less@@V?$allocator@V?$list@U?$pair@EV?$basic_string@DU?$char_traits@D@std@@V?$allocator@D@2@@std@@@std@@V?$allocator@U?$pair@EV?$basic_string@DU?$char_traits@D@std@@V?$allocator@D@2@@std@@@std@@@2@@std@@@2@@2@U_tstring_less@@V?$allocator@V?$list@U?$pair@EV?$basic_string@DU?$char_traits@D@std@@V?$allocator@D@2@@std@@@std@@V?$allocator@U?$pair@EV?$basic_string@DU?$char_traits@D@std@@V?$allocator@D@2@@std@@@std@@@2@@std@@@2@@std@@QAE@XZ 00415210 f i FriendMgr.obj
 0001:00014280       ??1?$list@UONEPLAYER@CFriendMgr@@V?$allocator@UONEPLAYER@CFriendMgr@@@std@@@std@@QAE@XZ 00415280 f i FriendMgr.obj
 0001:000142e0       ?begin@?$list@UONEPLAYER@CFriendMgr@@V?$allocator@UONEPLAYER@CFriendMgr@@@std@@@std@@QAE?AViterator@12@XZ 004152e0 f i FriendMgr.obj
 0001:000142f0       ??1?$list@V?$basic_string@DU?$char_traits@D@std@@V?$allocator@D@2@@std@@V?$allocator@V?$basic_string@DU?$char_traits@D@std@@V?$allocator@D@2@@std@@@2@@std@@QAE@XZ 004152f0 f i FriendMgr.obj
 0001:00014350       ?begin@?$list@V?$basic_string@DU?$char_traits@D@std@@V?$allocator@D@2@@std@@V?$allocator@V?$basic_string@DU?$char_traits@D@std@@V?$allocator@D@2@@std@@@2@@std@@QAE?AViterator@12@XZ 00415350 f i FriendMgr.obj
 0001:00014360       ??Eiterator@?$list@V?$basic_string@DU?$char_traits@D@std@@V?$allocator@D@2@@std@@V?$allocator@V?$basic_string@DU?$char_traits@D@std@@V?$allocator@D@2@@std@@@2@@std@@QAE?AV012@H@Z 00415360 f i FriendMgr.obj
 0001:00014370       ??1?$vector@Viterator@?$_Tree@V?$basic_string@DU?$char_traits@D@std@@V?$allocator@D@2@@std@@U?$pair@$$CBV?$basic_string@DU?$char_traits@D@std@@V?$allocator@D@2@@std@@UPLAYERINFO@CFriendMgr@@@2@U_Kfn@?$map@V?$basic_string@DU?$char_traits@D@std@@V?$allocator@D@2@@std@@UPLAYERINFO@CFriendMgr@@U_tstring_less@@V?$allocator@UPLAYERINFO@CFriendMgr@@@2@@2@U_tstring_less@@V?$allocator@UPLAYERINFO@CFriendMgr@@@2@@std@@V?$allocator@Viterator@?$_Tree@V?$basic_string@DU?$char_traits@D@std@@V?$allocator@D@2@@std@@U?$pair@$$CBV?$basic_string@DU?$char_traits@D@std@@V?$allocator@D@2@@std@@UPLAYERINFO@CFriendMgr@@@2@U_Kfn@?$map@V?$basic_string@DU?$char_traits@D@std@@V?$allocator@D@2@@std@@UPLAYERINFO@CFriendMgr@@U_tstring_less@@V?$allocator@UPLAYERINFO@CFriendMgr@@@2@@2@U_tstring_less@@V?$allocator@UPLAYERINFO@CFriendMgr@@@2@@std@@@3@@std@@QAE@XZ 00415370 f i FriendMgr.obj
 0001:000143a0       ??0FRIENDINFO@CFriendMgr@@QAE@ABU01@@Z 004153a0 f i FriendMgr.obj
 0001:000144d0       ??0PLAYERINFO@CFriendMgr@@QAE@ABU01@@Z 004154d0 f i FriendMgr.obj
 0001:000146e0       ??1ADDFRIENDVALUE@CFriendMgr@@QAE@XZ 004156e0 f i FriendMgr.obj
 0001:00014720       ??1?$pair@$$CBUADDFRIENDKEY@CFriendMgr@@UADDFRIENDVALUE@2@@std@@QAE@XZ 00415720 f i FriendMgr.obj
 0001:00014790       ??1?$pair@$$CBKV?$list@UtagPlusSrcInfo@@V?$allocator@UtagPlusSrcInfo@@@std@@@std@@@std@@QAE@XZ 00415790 f i FriendMgr.obj
 0001:000147e0       ??1?$pair@$$CBV?$basic_string@DU?$char_traits@D@std@@V?$allocator@D@2@@std@@V?$list@U?$pair@EV?$basic_string@DU?$char_traits@D@std@@V?$allocator@D@2@@std@@@std@@V?$allocator@U?$pair@EV?$basic_string@DU?$char_traits@D@std@@V?$allocator@D@2@@std@@@std@@@2@@2@@std@@QAE@XZ 004157e0 f i FriendMgr.obj
 0001:00014880       ?begin@?$_Tree@V?$basic_string@DU?$char_traits@D@std@@V?$allocator@D@2@@std@@U?$pair@$$CBV?$basic_string@DU?$char_traits@D@std@@V?$allocator@D@2@@std@@UFRIENDINFO@CFriendMgr@@@2@U_Kfn@?$map@V?$basic_string@DU?$char_traits@D@std@@V?$allocator@D@2@@std@@UFRIENDINFO@CFriendMgr@@U_tstring_less@@V?$allocator@UFRIENDINFO@CFriendMgr@@@2@@2@U_tstring_less@@V?$allocator@UFRIENDINFO@CFriendMgr@@@2@@std@@QAE?AViterator@12@XZ 00415880 f i FriendMgr.obj
 0001:00014890       ?insert@?$_Tree@V?$basic_string@DU?$char_traits@D@std@@V?$allocator@D@2@@std@@U?$pair@$$CBV?$basic_string@DU?$char_traits@D@std@@V?$allocator@D@2@@std@@UFRIENDINFO@CFriendMgr@@@2@U_Kfn@?$map@V?$basic_string@DU?$char_traits@D@std@@V?$allocator@D@2@@std@@UFRIENDINFO@CFriendMgr@@U_tstring_less@@V?$allocator@UFRIENDINFO@CFriendMgr@@@2@@2@U_tstring_less@@V?$allocator@UFRIENDINFO@CFriendMgr@@@2@@std@@QAE?AU?$pair@Viterator@?$_Tree@V?$basic_string@DU?$char_traits@D@std@@V?$allocator@D@2@@std@@U?$pair@$$CBV?$basic_string@DU?$char_traits@D@std@@V?$allocator@D@2@@std@@UFRIENDINFO@CFriendMgr@@@2@U_Kfn@?$map@V?$basic_string@DU?$char_traits@D@std@@V?$allocator@D@2@@std@@UFRIENDINFO@CFriendMgr@@U_tstring_less@@V?$allocator@UFRIENDINFO@CFriendMgr@@@2@@2@U_tstring_less@@V?$allocator@UFRIENDINFO@CFriendMgr@@@2@@std@@_N@2@ABU?$pair@$$CBV?$basic_string@DU?$char_traits@D@std@@V?$allocator@D@2@@std@@UFRIENDINFO@CFriendMgr@@@2@@Z 00415890 f i FriendMgr.obj
 0001:00014a10       ?erase@?$_Tree@V?$basic_string@DU?$char_traits@D@std@@V?$allocator@D@2@@std@@U?$pair@$$CBV?$basic_string@DU?$char_traits@D@std@@V?$allocator@D@2@@std@@UFRIENDINFO@CFriendMgr@@@2@U_Kfn@?$map@V?$basic_string@DU?$char_traits@D@std@@V?$allocator@D@2@@std@@UFRIENDINFO@CFriendMgr@@U_tstring_less@@V?$allocator@UFRIENDINFO@CFriendMgr@@@2@@2@U_tstring_less@@V?$allocator@UFRIENDINFO@CFriendMgr@@@2@@std@@QAE?AViterator@12@V312@@Z 00415a10 f i FriendMgr.obj
 0001:00014f80       ?erase@?$_Tree@V?$basic_string@DU?$char_traits@D@std@@V?$allocator@D@2@@std@@U?$pair@$$CBV?$basic_string@DU?$char_traits@D@std@@V?$allocator@D@2@@std@@UFRIENDINFO@CFriendMgr@@@2@U_Kfn@?$map@V?$basic_string@DU?$char_traits@D@std@@V?$allocator@D@2@@std@@UFRIENDINFO@CFriendMgr@@U_tstring_less@@V?$allocator@UFRIENDINFO@CFriendMgr@@@2@@2@U_tstring_less@@V?$allocator@UFRIENDINFO@CFriendMgr@@@2@@std@@QAE?AViterator@12@V312@0@Z 00415f80 f i FriendMgr.obj
 0001:000150c0       ?find@?$_Tree@V?$basic_string@DU?$char_traits@D@std@@V?$allocator@D@2@@std@@U?$pair@$$CBV?$basic_string@DU?$char_traits@D@std@@V?$allocator@D@2@@std@@UFRIENDINFO@CFriendMgr@@@2@U_Kfn@?$map@V?$basic_string@DU?$char_traits@D@std@@V?$allocator@D@2@@std@@UFRIENDINFO@CFriendMgr@@U_tstring_less@@V?$allocator@UFRIENDINFO@CFriendMgr@@@2@@2@U_tstring_less@@V?$allocator@UFRIENDINFO@CFriendMgr@@@2@@std@@QAE?AViterator@12@ABV?$basic_string@DU?$char_traits@D@std@@V?$allocator@D@2@@2@@Z 004160c0 f i FriendMgr.obj
 0001:00015140       ?begin@?$_Tree@V?$basic_string@DU?$char_traits@D@std@@V?$allocator@D@2@@std@@U?$pair@$$CBV?$basic_string@DU?$char_traits@D@std@@V?$allocator@D@2@@std@@UPLAYERINFO@CFriendMgr@@@2@U_Kfn@?$map@V?$basic_string@DU?$char_traits@D@std@@V?$allocator@D@2@@std@@UPLAYERINFO@CFriendMgr@@U_tstring_less@@V?$allocator@UPLAYERINFO@CFriendMgr@@@2@@2@U_tstring_less@@V?$allocator@UPLAYERINFO@CFriendMgr@@@2@@std@@QAE?AViterator@12@XZ 00416140 f i FriendMgr.obj
 0001:00015150       ?insert@?$_Tree@V?$basic_string@DU?$char_traits@D@std@@V?$allocator@D@2@@std@@U?$pair@$$CBV?$basic_string@DU?$char_traits@D@std@@V?$allocator@D@2@@std@@UPLAYERINFO@CFriendMgr@@@2@U_Kfn@?$map@V?$basic_string@DU?$char_traits@D@std@@V?$allocator@D@2@@std@@UPLAYERINFO@CFriendMgr@@U_tstring_less@@V?$allocator@UPLAYERINFO@CFriendMgr@@@2@@2@U_tstring_less@@V?$allocator@UPLAYERINFO@CFriendMgr@@@2@@std@@QAE?AU?$pair@Viterator@?$_Tree@V?$basic_string@DU?$char_traits@D@std@@V?$allocator@D@2@@std@@U?$pair@$$CBV?$basic_string@DU?$char_traits@D@std@@V?$allocator@D@2@@std@@UPLAYERINFO@CFriendMgr@@@2@U_Kfn@?$map@V?$basic_string@DU?$char_traits@D@std@@V?$allocator@D@2@@std@@UPLAYERINFO@CFriendMgr@@U_tstring_less@@V?$allocator@UPLAYERINFO@CFriendMgr@@@2@@2@U_tstring_less@@V?$allocator@UPLAYERINFO@CFriendMgr@@@2@@std@@_N@2@ABU?$pair@$$CBV?$basic_string@DU?$char_traits@D@std@@V?$allocator@D@2@@std@@UPLAYERINFO@CFriendMgr@@@2@@Z 00416150 f i FriendMgr.obj
[...]
 0001:000403b0       ___bam_set_bt_minkey       004413b0 f   libdb41s:bt_method.obj
 0001:00040410       ___bam_set_bt_prefix       00441410 f   libdb41s:bt_method.obj
 0001:000404e0       ___ram_set_re_delim        004414e0 f   libdb41s:bt_method.obj
 0001:00040540       ___ram_set_re_len          00441540 f   libdb41s:bt_method.obj
 0001:000405a0       ___ram_set_re_pad          004415a0 f   libdb41s:bt_method.obj
 0001:00040600       ___ram_set_re_source       00441600 f   libdb41s:bt_method.obj
 0001:0003ffe0       ___ham_set_h_ffactor       00440fe0 f   libdb41s:hash_method.obj
 0001:00040030       ___ham_set_h_hash          00441030 f   libdb41s:hash_method.obj
 0001:00040080       ___ham_set_h_nelem         00441080 f   libdb41s:hash_method.obj
 0001:0003f8e0       ___qam_set_extentsize      004408e0 f   libdb41s:qam_method.obj
 0001:0003f610       ___xa_open                 00440610 f   libdb41s:xa_db.obj
 0001:0003f6a0       ___xa_cursor               004406a0 f   libdb41s:xa_db.obj
 0001:0003f6e0       ___xa_del                  004406e0 f   libdb41s:xa_db.obj
 0001:0003f720       ___xa_close                00440720 f   libdb41s:xa_db.obj
 0001:0003f750       ___xa_get                  00440750 f   libdb41s:xa_db.obj
 0001:0003f790       ___xa_put                  00440790 f   libdb41s:xa_db.obj
 0001:0003ed70       ___db_subdb_remove         0043fd70 f   libdb41s:db_remove.obj
 0001:0003eea0       ___db_dbtxn_remove         0043fea0 f   libdb41s:db_remove.obj
 0001:0003e920       ___db_subdb_rename         0043f920 f   libdb41s:db_rename.obj
 0001:0003cff0       ___dbenv_iremove           0043dff0 f   libdb41s:env_open.obj
 0001:0003d050       ___dbenv_config            0043e050 f   libdb41s:env_open.obj
 0001:0003d360       ___dbenv_refresh           0043e360 f   libdb41s:env_open.obj
 0001:0003d840       ___db_parse                0043e840 f   libdb41s:env_open.obj
 0001:0003e400       ___db_tmp_open             0043f400 f   libdb41s:env_open.obj
 0001:0003c980       ___log_set_lg_bsize        0043d980 f   libdb41s:log_method.obj
 0001:0003c9e0       ___log_set_lg_max          0043d9e0 f   libdb41s:log_method.obj
 0001:0003ca60       ___log_set_lg_regionmax    0043da60 f   libdb41s:log_method.obj
 0001:0003cab0       ___log_set_lg_dir          0043dab0 f   libdb41s:log_method.obj
 0001:0003c6f0       ___lock_set_lk_conflicts   0043d6f0 f   libdb41s:lock_method.obj
 0001:0003c770       ___lock_set_lk_detect      0043d770 f   libdb41s:lock_method.obj
 0001:0003c7c0       ___lock_set_lk_max         0043d7c0 f   libdb41s:lock_method.obj
 0001:0003c7f0       ___lock_set_lk_max_locks   0043d7f0 f   libdb41s:lock_method.obj
 0001:0003c820       ___lock_set_lk_max_lockers 0043d820 f   libdb41s:lock_method.obj
 0001:0003c850       ___lock_set_lk_max_objects 0043d850 f   libdb41s:lock_method.obj
 0001:0003c880       ___lock_set_env_timeout    0043d880 f   libdb41s:lock_method.obj
 0001:0003c530       ___memp_set_cachesize      0043d530 f   libdb41s:mp_method.obj
 0001:0003c600       ___memp_set_mp_mmapsize    0043d600 f   libdb41s:mp_method.obj
 0001:0003afe0       ___rep_start               0043bfe0 f   libdb41s:rep_method.obj
 0001:0003b340       ___rep_client_dbinit       0043c340 f   libdb41s:rep_method.obj
 0001:0003b4b0       ___rep_bt_cmp              0043c4b0 f   libdb41s:rep_method.obj
 0001:0003b520       ___rep_abort_prepared      0043c520 f   libdb41s:rep_method.obj
 0001:0003b600       ___rep_restore_prepared    0043c600 f   libdb41s:rep_method.obj
 0001:0003b9c0       ___rep_set_limit           0043c9c0 f   libdb41s:rep_method.obj
 0001:0003ba70       ___rep_set_request         0043ca70 f   libdb41s:rep_method.obj
 0001:0003bb50       ___rep_set_rep_transport   0043cb50 f   libdb41s:rep_method.obj
 0001:0003bbf0       ___rep_elect               0043cbf0 f   libdb41s:rep_method.obj
 0001:0003bee0       ___rep_elect_init          0043cee0 f   libdb41s:rep_method.obj
 0001:0003c030       ___rep_wait                0043d030 f   libdb41s:rep_method.obj
 0001:0003c100       ___rep_flush               0043d100 f   libdb41s:rep_method.obj
 0001:0003c1e0       ___rep_stat                0043d1e0 f   libdb41s:rep_method.obj
 0001:0003af00       ___txn_set_tx_max          0043bf00 f   libdb41s:txn_method.obj
 0001:0003af30       ___txn_set_tx_timestamp    0043bf30 f   libdb41s:txn_method.obj
 0001:0003a210       ___db_init                 0043b210 f   libdb41s:db_method.obj
 0001:0003a490       ___dbh_err                 0043b490 f   libdb41s:db_method.obj
 0001:0003a510       ___dbh_errx                0043b510 f   libdb41s:db_method.obj
 0001:0003a590       ___db_get_byteswapped      0043b590 f   libdb41s:db_method.obj
 0001:0003a5d0       ___db_get_type             0043b5d0 f   libdb41s:db_method.obj
 0001:0003a600       ___db_key_range            0043b600 f   libdb41s:db_method.obj
 0001:0003a640       ___db_set_append_recno     0043b640 f   libdb41s:db_method.obj
 0001:0003a680       ___db_set_cachesize        0043b680 f   libdb41s:db_method.obj
 0001:0003a6e0       ___db_set_cache_priority   0043b6e0 f   libdb41s:db_method.obj
 0001:0003a710       ___db_set_dup_compare      0043b710 f   libdb41s:db_method.obj
 0001:0003a760       ___db_set_encrypt          0043b760 f   libdb41s:db_method.obj
 0001:0003a7e0       ___db_set_errcall          0043b7e0 f   libdb41s:db_method.obj
 0001:0003a800       ___db_set_errfile          0043b800 f   libdb41s:db_method.obj
 0001:0003a820       ___db_set_errpfx           0043b820 f   libdb41s:db_method.obj
 0001:0003a840       ___db_set_feedback         0043b840 f   libdb41s:db_method.obj
 0001:0003a850       ___db_set_flags            0043b850 f   libdb41s:db_method.obj
 0001:0003a970       ___db_set_alloc            0043b970 f   libdb41s:db_method.obj
 0001:0003a9d0       ___db_set_pagesize         0043b9d0 f   libdb41s:db_method.obj
 0001:0003aa60       ___db_set_paniccall        0043ba60 f   libdb41s:db_method.obj
 0001:0003aa80       ___db_stat_fail            0043ba80 f   libdb41s:db_method.obj
 0001:000399b0       ___dbenv_init              0043a9b0 f   libdb41s:env_method.obj
 0001:00039ad0       ___dbenv_err               0043aad0 f   libdb41s:env_method.obj
 0001:00039b40       ___dbenv_errx              0043ab40 f   libdb41s:env_method.obj
 0001:00039bb0       ___dbenv_set_alloc         0043abb0 f   libdb41s:env_method.obj
 0001:00039bf0       ___dbenv_set_app_dispatch  0043abf0 f   libdb41s:env_method.obj
 0001:00039c20       ___dbenv_set_encrypt       0043ac20 f   libdb41s:env_method.obj
 0001:00039c30       ___dbenv_set_flags         0043ac30 f   libdb41s:env_method.obj
 0001:00039e70       ___dbenv_set_data_dir      0043ae70 f   libdb41s:env_method.obj
 0001:00039f00       ___dbenv_set_errcall       0043af00 f   libdb41s:env_method.obj
 0001:00039f10       ___dbenv_set_errfile       0043af10 f   libdb41s:env_method.obj
 0001:00039f20       ___dbenv_set_errpfx        0043af20 f   libdb41s:env_method.obj
 0001:00039f30       ___dbenv_set_feedback      0043af30 f   libdb41s:env_method.obj
 0001:00039f40       ___dbenv_set_paniccall     0043af40 f   libdb41s:env_method.obj
 0001:00039f50       ___dbenv_set_shm_key       0043af50 f   libdb41s:env_method.obj
 0001:00039f80       ___dbenv_set_tas_spins     0043af80 f   libdb41s:env_method.obj
 0001:00039fa0       ___dbenv_set_tmp_dir       0043afa0 f   libdb41s:env_method.obj
 0001:00039fe0       ___dbenv_set_verbose       0043afe0 f   libdb41s:env_method.obj
 0001:0003a100       ___dbenv_set_rpc_server_noclnt 0043b100 f   libdb41s:env_method.obj
 0001:000a6290       _$E24                      004a7290 f   libcpmt:string.obj
 0001:000a62ba       _$E20                      004a72ba f   libcpmt:string.obj
 0001:000a62c6       _$E23                      004a72c6 f   libcpmt:string.obj
 0001:000a5f3e       ?_CleanUp@std@@YAXXZ       004a6f3e f   libcpmt:xlock.obj
 0001:000b3617       _TranslateName             004b4617 f   LIBCMT:getqloc.obj
 0001:000b366f       _GetLcidFromLangCountry    004b466f f   LIBCMT:getqloc.obj
 0001:000b36f6       _LangCountryEnumProc@4     004b46f6 f   LIBCMT:getqloc.obj
 0001:000b38fa       _GetLcidFromLanguage       004b48fa f   LIBCMT:getqloc.obj
 0001:000b3950       _LanguageEnumProc@4        004b4950 f   LIBCMT:getqloc.obj
 0001:000b3a0d       _GetLcidFromCountry        004b4a0d f   LIBCMT:getqloc.obj
 0001:000b3a44       _CountryEnumProc@4         004b4a44 f   LIBCMT:getqloc.obj
 0001:000b3aca       _GetLcidFromDefault        004b4aca f   LIBCMT:getqloc.obj
 0001:000b3ae4       _ProcessCodePage           004b4ae4 f   LIBCMT:getqloc.obj
 0001:000b3b4a       _TestDefaultCountry        004b4b4a f   LIBCMT:getqloc.obj
 0001:000b3b69       _TestDefaultLanguage       004b4b69 f   LIBCMT:getqloc.obj
 0001:000b3bcb       _IsThisWindowsNT           004b4bcb f   LIBCMT:getqloc.obj
 0001:000b3c01       _crtGetLocaleInfoA@16      004b4c01 f   LIBCMT:getqloc.obj
 0001:000b3ce7       _LcidFromHexString         004b4ce7 f   LIBCMT:getqloc.obj
 0001:000b3d20       _GetPrimaryLen             004b4d20 f   LIBCMT:getqloc.obj
 0001:000b302c       __get_lc_lconv             004b402c f   LIBCMT:initmon.obj
 0001:000b314e       _fix_grouping              004b414e f   LIBCMT:initmon.obj
 0001:000b3185       __free_lc_lconv            004b4185 f   LIBCMT:initmon.obj
 0001:000b2f2a       _fix_grouping              004b3f2a f   LIBCMT:initnum.obj
 0001:000b2877       __get_lc_time              004b3877 f   LIBCMT:inittime.obj
 0001:000b2bc5       __free_lc_time             004b3bc5 f   LIBCMT:inittime.obj
 0001:000b22e7       _findenv                   004b32e7 f   LIBCMT:setenv.obj
 0001:000b233f       _copy_environ              004b333f f   LIBCMT:setenv.obj
 0001:000b2135       _strncnt                   004b3135 f   LIBCMT:a_cmp.obj
 0001:000b1dfe       _x_ismbbtype               004b2dfe f   LIBCMT:ismbbyte.obj
 0001:000b1407       __abstract_cw              004b2407 f   LIBCMT:ieee87.obj
 0001:000b1499       __hw_cw                    004b2499 f   LIBCMT:ieee87.obj
 0001:000b1522       __abstract_sw              004b2522 f   LIBCMT:ieee87.obj
 0001:000b0b55       _store_dt                  004b1b55 f   LIBCMT:asctime.obj
 0001:000b0658       __setlocale_set_cat        004b1658 f   LIBCMT:setlocal.obj
 0001:000b0773       __setlocale_get_all        004b1773 f   LIBCMT:setlocal.obj
 0001:000b0014       _ctrlevent_capture@4       004b1014 f   LIBCMT:winsig.obj
 0001:000b01f8       _siglookup                 004b11f8 f   LIBCMT:winsig.obj
 0001:000afe06       __hextodec                 004b0e06 f   LIBCMT:input.obj
 0001:000afe3d       __inc                      004b0e3d f   LIBCMT:input.obj
 0001:000afe57       __un_inc                   004b0e57 f   LIBCMT:input.obj
 0001:000afe6e       __whiteout                 004b0e6e f   LIBCMT:input.obj
 0001:000aed48       _parse_cmdline             004afd48 f   LIBCMT:stdargv.obj
 0001:000ae500       __tzset_lk                 004af500 f   LIBCMT:tzset.obj
 0001:000ae7a8       __isindst_lk               004af7a8 f   LIBCMT:tzset.obj
 0001:000ae954       _cvtdate                   004af954 f   LIBCMT:tzset.obj
 0001:000ae33b       _xcptlookup                004af33b f   LIBCMT:winxfltr.obj
 0001:000ae074       _strncnt                   004af074 f   LIBCMT:a_map.obj
 0001:000acb37       __cftoe2                   004adb37 f   LIBCMT:cvt.obj
 0001:000acc4e       __cftof2                   004adc4e f   LIBCMT:cvt.obj
 0001:000acdd9       __shift                    004addd9 f   LIBCMT:cvt.obj
 0001:000abbac       _write_char                004acbac f   LIBCMT:output.obj
 0001:000abbe1       _write_multi_char          004acbe1 f   LIBCMT:output.obj
 0001:000abc12       _write_string              004acc12 f   LIBCMT:output.obj
 0001:000abc4a       _get_int_arg               004acc4a f   LIBCMT:output.obj
 0001:000abc57       _get_int64_arg             004acc57 f   LIBCMT:output.obj
 0001:000abc67       _get_short_arg             004acc67 f   LIBCMT:output.obj
 0001:000ab282       _doexit                    004ac282 f   LIBCMT:crt0dat.obj
 0001:000ab339       __initterm                 004ac339 f   LIBCMT:crt0dat.obj
 0001:000aae43       _getSystemCP               004abe43 f   LIBCMT:mbctype.obj
 0001:000aae8d       _CPtoLCID                  004abe8d f   LIBCMT:mbctype.obj
 0001:000aaec0       _setSBCS                   004abec0 f   LIBCMT:mbctype.obj
 0001:000aaee9       _setSBUpLow                004abee9 f   LIBCMT:mbctype.obj
 0001:000aa140       ?FindHandler@@YAXPAUEHExceptionRecord@@PAUEHRegistrationNode@@PAU_CONTEXT@@PAXPBU_s_FuncInfo@@EH1@Z 004ab140 f   LIBCMT:frame.obj
 0001:000aa2f3       ?FindHandlerForForeignException@@YAXPAUEHExceptionRecord@@PAUEHRegistrationNode@@PAU_CONTEXT@@PAXPBU_s_FuncInfo@@HH1@Z 004ab2f3 f   LIBCMT:frame.obj
 0001:000aa39d       ?TypeMatch@@YAHPBU_s_HandlerType@@PBU_s_CatchableType@@PBU_s_ThrowInfo@@@Z 004ab39d f   LIBCMT:frame.obj
 0001:000aa498       ?FrameUnwindFilter@@YAHPAU_EXCEPTION_POINTERS@@@Z 004ab498 f   LIBCMT:frame.obj
 0001:000aa4ae       ?CatchIt@@YAXPAUEHExceptionRecord@@PAUEHRegistrationNode@@PAU_CONTEXT@@PAXPBU_s_FuncInfo@@PBU_s_HandlerType@@PBU_s_CatchableType@@PBU_s_TryBlockMapEntry@@H1E@Z 004ab4ae f   LIBCMT:frame.obj
 0001:000aa529       ?CallCatchBlock@@YAPAXPAUEHExceptionRecord@@PAUEHRegistrationNode@@PAU_CONTEXT@@PBU_s_FuncInfo@@PAXHK@Z 004ab529 f   LIBCMT:frame.obj
 0001:000aa644       ?ExFilterRethrow@@YAHPAU_EXCEPTION_POINTERS@@@Z 004ab644 f   LIBCMT:frame.obj
 0001:000aa66e       ?BuildCatchObject@@YAXPAUEHExceptionRecord@@PAUEHRegistrationNode@@PBU_s_HandlerType@@PBU_s_CatchableType@@@Z 004ab66e f   LIBCMT:frame.obj
 0001:000aa899       ?AdjustPointer@@YAPAXPAXABUPMD@@@Z 004ab899 f   LIBCMT:frame.obj
 0001:000a9de0       LeadUp1                    004aade0 f   LIBCMT:memcpy.obj
 0001:000a9e0c       LeadUp2                    004aae0c f   LIBCMT:memcpy.obj
 0001:000a9e30       LeadUp3                    004aae30 f   LIBCMT:memcpy.obj
 0001:000a9eaf       UnwindUp0                  004aaeaf f   LIBCMT:memcpy.obj
 0001:000a9e9c       UnwindUp1                  004aae9c f   LIBCMT:memcpy.obj
 0001:000a9e94       UnwindUp2                  004aae94 f   LIBCMT:memcpy.obj
 0001:000a9e8c       UnwindUp3                  004aae8c f   LIBCMT:memcpy.obj
 0001:000a9e84       UnwindUp4                  004aae84 f   LIBCMT:memcpy.obj
 0001:000a9e7c       UnwindUp5                  004aae7c f   LIBCMT:memcpy.obj
 0001:000a9e74       UnwindUp6                  004aae74 f   LIBCMT:memcpy.obj
 0001:000a9e6c       UnwindUp7                  004aae6c f   LIBCMT:memcpy.obj
 0001:000a9ec8       TrailUp0                   004aaec8 f   LIBCMT:memcpy.obj
 0001:000a9ed0       TrailUp1                   004aaed0 f   LIBCMT:memcpy.obj
 0001:000a9edc       TrailUp2                   004aaedc f   LIBCMT:memcpy.obj
 0001:000a9ef0       TrailUp3                   004aaef0 f   LIBCMT:memcpy.obj
 0001:000a9f68       LeadDown1                  004aaf68 f   LIBCMT:memcpy.obj
 0001:000a9f88       LeadDown2                  004aaf88 f   LIBCMT:memcpy.obj
 0001:000a9fb0       LeadDown3                  004aafb0 f   LIBCMT:memcpy.obj
 0001:000aa004       UnwindDown7                004ab004 f   LIBCMT:memcpy.obj
 0001:000aa00c       UnwindDown6                004ab00c f   LIBCMT:memcpy.obj
 0001:000aa014       UnwindDown5                004ab014 f   LIBCMT:memcpy.obj
 0001:000aa01c       UnwindDown4                004ab01c f   LIBCMT:memcpy.obj
 0001:000aa024       UnwindDown3                004ab024 f   LIBCMT:memcpy.obj
 0001:000aa02c       UnwindDown2                004ab02c f   LIBCMT:memcpy.obj
 0001:000aa034       UnwindDown1                004ab034 f   LIBCMT:memcpy.obj
 0001:000aa047       UnwindDown0                004ab047 f   LIBCMT:memcpy.obj
 0001:000aa060       TrailDown0                 004ab060 f   LIBCMT:memcpy.obj
 0001:000aa068       TrailDown1                 004ab068 f   LIBCMT:memcpy.obj
 0001:000aa078       TrailDown2                 004ab078 f   LIBCMT:memcpy.obj
 0001:000aa08c       TrailDown3                 004ab08c f   LIBCMT:memcpy.obj
 0001:000a91d3       __expandtime               004aa1d3 f   LIBCMT:strftime.obj
 0001:000a95c2       __store_str                004aa5c2 f   LIBCMT:strftime.obj
 0001:000a95e9       __store_num                004aa5e9 f   LIBCMT:strftime.obj
 0001:000a9658       __store_number             004aa658 f   LIBCMT:strftime.obj
 0001:000a96a1       __store_winword            004aa6a1 f   LIBCMT:strftime.obj
 0001:000a8b43       _shortsort                 004a9b43 f   LIBCMT:qsort.obj
 0001:000a8b91       _swap                      004a9b91 f   LIBCMT:qsort.obj
 0001:000a8724       _flsall                    004a9724 f   LIBCMT:fflush.obj
 0001:000a8276       _fast_error_exit           004a9276 f   LIBCMT:wincrt0.obj
 0001:000a7be6       __threadstartex@4          004a8be6 f   LIBCMT:threadex.obj
 0001:000a6b20       LeadUp1                    004a7b20 f   LIBCMT:memmove.obj
 0001:000a6b4c       LeadUp2                    004a7b4c f   LIBCMT:memmove.obj
 0001:000a6b70       LeadUp3                    004a7b70 f   LIBCMT:memmove.obj
 0001:000a6bef       UnwindUp0                  004a7bef f   LIBCMT:memmove.obj
 0001:000a6bdc       UnwindUp1                  004a7bdc f   LIBCMT:memmove.obj
 0001:000a6bd4       UnwindUp2                  004a7bd4 f   LIBCMT:memmove.obj
 0001:000a6bcc       UnwindUp3                  004a7bcc f   LIBCMT:memmove.obj
 0001:000a6bc4       UnwindUp4                  004a7bc4 f   LIBCMT:memmove.obj
 0001:000a6bbc       UnwindUp5                  004a7bbc f   LIBCMT:memmove.obj
 0001:000a6bb4       UnwindUp6                  004a7bb4 f   LIBCMT:memmove.obj
 0001:000a6bac       UnwindUp7                  004a7bac f   LIBCMT:memmove.obj
 0001:000a6c08       TrailUp0                   004a7c08 f   LIBCMT:memmove.obj
 0001:000a6c10       TrailUp1                   004a7c10 f   LIBCMT:memmove.obj
 0001:000a6c1c       TrailUp2                   004a7c1c f   LIBCMT:memmove.obj
 0001:000a6c30       TrailUp3                   004a7c30 f   LIBCMT:memmove.obj
 0001:000a6ca8       LeadDown1                  004a7ca8 f   LIBCMT:memmove.obj
 0001:000a6cc8       LeadDown2                  004a7cc8 f   LIBCMT:memmove.obj
 0001:000a6cf0       LeadDown3                  004a7cf0 f   LIBCMT:memmove.obj
 0001:000a6d44       UnwindDown7                004a7d44 f   LIBCMT:memmove.obj
 0001:000a6d4c       UnwindDown6                004a7d4c f   LIBCMT:memmove.obj
 0001:000a6d54       UnwindDown5                004a7d54 f   LIBCMT:memmove.obj
 0001:000a6d5c       UnwindDown4                004a7d5c f   LIBCMT:memmove.obj
 0001:000a6d64       UnwindDown3                004a7d64 f   LIBCMT:memmove.obj
 0001:000a6d6c       UnwindDown2                004a7d6c f   LIBCMT:memmove.obj
 0001:000a6d74       UnwindDown1                004a7d74 f   LIBCMT:memmove.obj
 0001:000a6d87       UnwindDown0                004a7d87 f   LIBCMT:memmove.obj
 0001:000a6da0       TrailDown0                 004a7da0 f   LIBCMT:memmove.obj
 0001:000a6da8       TrailDown1                 004a7da8 f   LIBCMT:memmove.obj
 0001:000a6db8       TrailDown2                 004a7db8 f   LIBCMT:memmove.obj
 0001:000a6dcc       TrailDown3                 004a7dcc f   LIBCMT:memmove.obj
 0001:000a693c       _xtoa                      004a793c f   LIBCMT:xtoa.obj
 0001:000a6a0e       _x64toa@20                 004a7a0e f   LIBCMT:xtoa.obj
 0001:000a6600       _gu_return                 004a7600 f   LIBCMT:exsup.obj
 0001:000a6608       __unwind_handler           004a7608 f   LIBCMT:exsup.obj
 0001:000a641d       ?CatchGuardHandler@@YA?AW4_EXCEPTION_DISPOSITION@@PAUEHExceptionRecord@@PAUCatchGuardRN@@PAX2@Z 004a741d f   LIBCMT:trnsctrl.obj
 0001:000a64f8       ?TranslatorGuardHandler@@YA?AW4_EXCEPTION_DISPOSITION@@PAUEHExceptionRecord@@PAUTranslatorGuardRN@@PAX2@Z 004a74f8 f   LIBCMT:trnsctrl.obj
