 Heaven

 Timestamp is 669cabf0 (Sun Jul 21 13:34:24 2024)

 Preferred load address is 10000000

 Start         Length     Name                   Class
 0001:00000000 000309a3H .text                   CODE
 0001:000309b0 00003056H .text$x                 CODE
 0002:00000000 000001f4H .idata$5                DATA
 0002:000001f8 00001858H .rdata                  DATA
 0002:00001a50 0000122cH .rdata$r                DATA
 0002:00002c80 00004b10H .xdata$x                DATA
 0002:00007790 00000064H .idata$2                DATA
 0002:000077f4 00000014H .idata$3                DATA
 0002:00007808 000001f4H .idata$4                DATA
 0002:000079fc 0000079eH .idata$6                DATA
 0002:000081a0 0000004dH .edata                  DATA
 0003:00000000 00000004H .CRT$XCA                DATA
 0003:00000004 000000b4H .CRT$XCU                DATA
 0003:000000b8 00000004H .CRT$XCZ                DATA
 0003:000000bc 00000004H .CRT$XIA                DATA
 0003:000000c0 0000000cH .CRT$XIC                DATA
 0003:000000cc 00000004H .CRT$XIY                DATA
 0003:000000d0 00000004H .CRT$XIZ                DATA
 0003:000000d4 00000004H .CRT$XPA                DATA
 0003:000000d8 00000004H .CRT$XPX                DATA
 0003:000000dc 00000004H .CRT$XPZ                DATA
 0003:000000e0 00000004H .CRT$XTA                DATA
 0003:000000e4 00000004H .CRT$XTB                DATA
 0003:000000e8 00000004H .CRT$XTZ                DATA
 0003:000000f0 000030f8H .data                   DATA
 0003:000031e8 00001e99H .bss                    DATA

  Address         Publics by Value              Rva+Base     Lib:Object

 0001:00000000       _DllMain@12                10001000 f   Heaven.obj
 0001:00000010       _CreateInterface@8         10001010 f   ServerStage.obj
 0001:00000070       ??1CTaskQueue@CIOCPServer@@QAE@XZ 10001070 f   ServerStage.obj
 0001:000001a0       ??1?$stack@PAXV?$deque@PAXV?$allocator@PAX@std@@@std@@@std@@QAE@XZ 100011a0 f i ServerStage.obj
 0001:00000250       ?Push@CTaskQueue@CIOCPServer@@QAEXPAX@Z 10001250 f   ServerStage.obj
 0001:00000440       ?Pop@CTaskQueue@CIOCPServer@@QAEPAXXZ 10001440 f   ServerStage.obj
 0001:00000670       ??0CIOCPServer@@QAE@IIIIIIII@Z 10001670 f   ServerStage.obj
 0001:00000a70       ??_ECIOCPServer@@UAEPAXI@Z 10001a70 f i ServerStage.obj
 0001:00000a70       ??_GCIOCPServer@@UAEPAXI@Z 10001a70 f i ServerStage.obj
 0001:00000aa0       ??1?$map@IPAUtagClientNode@CIOCPServer@@U?$less@I@std@@V?$allocator@PAUtagClientNode@CIOCPServer@@@4@@std@@QAE@XZ 10001aa0 f i ServerStage.obj
 0001:00000b10       ??1?$queue@IV?$deque@IV?$allocator@I@std@@@std@@@std@@QAE@XZ 10001b10 f i ServerStage.obj
 0001:00000bc0       ??1CWin32Exception@Win32@OnlineGameLib@@UAE@XZ 10001bc0 f i ServerStage.obj
 0001:00000c40       ??0CWin32Exception@Win32@OnlineGameLib@@QAE@ABV012@@Z 10001c40 f i ServerStage.obj
 0001:00000d80       ??0CException@Win32@OnlineGameLib@@QAE@ABV012@@Z 10001d80 f i ServerStage.obj
 0001:00000ec0       ??_GCWin32Exception@Win32@OnlineGameLib@@UAEPAXI@Z 10001ec0 f i ServerStage.obj
 0001:00000ec0       ??_ECWin32Exception@Win32@OnlineGameLib@@UAEPAXI@Z 10001ec0 f i ServerStage.obj
 0001:00000ee0       ??1CIOCPServer@@UAE@XZ     10001ee0 f   ServerStage.obj
 0001:000011d0       ?Startup@CIOCPServer@@UAGJXZ 100021d0 f   ServerStage.obj
 0001:000013c0       ?Cleanup@CIOCPServer@@UAGJXZ 100023c0 f   ServerStage.obj
 0001:000015b0       ?OpenServiceA@CIOCPServer@@UAGJABKABG1@Z 100025b0 f   ServerStage.obj
 0001:000017b0       ?CloseService@CIOCPServer@@UAGJXZ 100027b0 f   ServerStage.obj
 0001:000019a0       ?RegisterMsgFilter@CIOCPServer@@UAGJPAXP6GX0ABK1@Z@Z 100029a0 f   ServerStage.obj
 0001:000019c0       ?PreparePackSink@CIOCPServer@@UAGJXZ 100029c0 f   ServerStage.obj
 0001:000019d0       ?PackDataToClient@CIOCPServer@@UAGJABKQBXABI@Z 100029d0 f   ServerStage.obj
 0001:00001c50       ?SendPackToClient@CIOCPServer@@UAGJABK@Z 10002c50 f   ServerStage.obj
 0001:00001f80       ?SendData@CIOCPServer@@UAGJABKQBXABI@Z 10002f80 f   ServerStage.obj
 0001:00002230       ?_SendDataEx@CIOCPServer@@AAE_NPAUtagClientNode@1@QBXABI@Z 10003230 f   ServerStage.obj
 0001:000024e0       ?GetPackFromClient@CIOCPServer@@UAGPBXABKAAI@Z 100034e0 f   ServerStage.obj
 0001:00002600       ?ShutdownClient@CIOCPServer@@UAGJABK@Z 10003600 f   ServerStage.obj
 0001:000026e0       ?SetShutdownClient@CIOCPServer@@UAGJABK@Z 100036e0 f   ServerStage.obj
 0001:000027d0       ?GetClientCount@CIOCPServer@@UAGIXZ 100037d0 f   ServerStage.obj
 0001:000027e0       ?GetClientInfo@CIOCPServer@@UAGPBDABK@Z 100037e0 f   ServerStage.obj
 0001:00002910       ?GetConnectionDetails@CPerConnectionData@@QBE?AV?$basic_string@DU?$char_traits@D@std@@V?$allocator@D@2@@std@@XZ 10003910 f i ServerStage.obj
 0001:00002a40       ?QueryInterface@CIOCPServer@@UAGJABU_GUID@@PAPAX@Z 10003a40 f   ServerStage.obj
 0001:00002aa0       ?AddRef@CIOCPServer@@UAGKXZ 10003aa0 f   ServerStage.obj
 0001:00002ac0       ?Release@CIOCPServer@@UAGKXZ 10003ac0 f   ServerStage.obj
 0001:00002b00       ?OnConnectionEstablished@CIOCPServer@@MAEXPAVSocket@CSocketServer@Win32@OnlineGameLib@@PAVCIOBuffer@45@@Z 10003b00 f   ServerStage.obj
 0001:00002c40       ??1CSocketAddress@Win32@OnlineGameLib@@QAE@XZ 10003c40 f i ServerStage.obj
 0001:00002c80       ?OnConnectionClosing@CIOCPServer@@MAE_NPAVSocket@CSocketServer@Win32@OnlineGameLib@@@Z 10003c80 f   ServerStage.obj
 0001:00002ca0       ?OnConnectionClosed@CIOCPServer@@MAEXPAVSocket@CSocketServer@Win32@OnlineGameLib@@@Z 10003ca0 f   ServerStage.obj
 0001:00002ce0       ?ReadCompleted@CIOCPServer@@MAEXPAVSocket@CSocketServer@Win32@OnlineGameLib@@PAVCIOBuffer@45@@Z 10003ce0 f   ServerStage.obj
 0001:00002f80       ?ProcessDataStream@CIOCPServer@@IAEPAVCIOBuffer@Win32@OnlineGameLib@@PAVSocket@CSocketServer@34@PAV234@@Z 10003f80 f   ServerStage.obj
 0001:00003230       ?GetMinimumMessageSize@CIOCPServer@@IAEIXZ 10004230 f   ServerStage.obj
 0001:00003240       ?GetMessageSize@CIOCPServer@@IAEIPBVCIOBuffer@Win32@OnlineGameLib@@@Z 10004240 f   ServerStage.obj
 0001:00003250       ?ProcessCommand@CIOCPServer@@IAEXPAVSocket@CSocketServer@Win32@OnlineGameLib@@PBVCIOBuffer@45@@Z 10004250 f   ServerStage.obj
 0001:00003340       ??0CServerFactory@@QAE@XZ  10004340 f   ServerStage.obj
 0001:00003360       ??_GCServerFactory@@UAEPAXI@Z 10004360 f i ServerStage.obj
 0001:00003360       ??_ECServerFactory@@UAEPAXI@Z 10004360 f i ServerStage.obj
 0001:00003380       ??1CServerFactory@@UAE@XZ  10004380 f   ServerStage.obj
 0001:00003390       ?SetEnvironment@CServerFactory@@UAGJABI000@Z 10004390 f   ServerStage.obj
 0001:000033c0       ?CreateServerInterface@CServerFactory@@UAGJABU_GUID@@PAPAX@Z 100043c0 f   ServerStage.obj
 0001:000034d0       ?QueryInterface@CServerFactory@@UAGJABU_GUID@@PAPAX@Z 100044d0 f   ServerStage.obj
 0001:00003530       ?AddRef@CServerFactory@@UAGKXZ 10004530 f   ServerStage.obj
 0001:00003550       ?Release@CServerFactory@@UAGKXZ 10004550 f   ServerStage.obj
 0001:00003580       ?HelperThreadFunction@CIOCPServer@@CGIPAX@Z 10004580 f   ServerStage.obj
 0001:000035d0       ?_HelperThreadFunction@CIOCPServer@@AAEIXZ 100045d0 f   ServerStage.obj
 0001:00003630       ?_HelperAddClient@CIOCPServer@@AAE_NXZ 10004630 f   ServerStage.obj
 0001:00003b50       ?_HelperDelClient@CIOCPServer@@AAE_NXZ 10004b50 f   ServerStage.obj
 0001:00003ee0       ?RegisterMsgFilter@CIOCPServer@@UAGJKPAUIMessageProcess@@@Z 10004ee0 f   ServerStage.obj
 0001:00003f90       ?ProcessMessage@CIOCPServer@@IAEXPAVSocket@CSocketServer@Win32@OnlineGameLib@@PAVCIOBuffer@45@@Z 10004f90 f   ServerStage.obj
 0001:00004150       ??1?$basic_string@DU?$char_traits@D@std@@V?$allocator@D@2@@std@@QAE@XZ 10005150 f i ServerStage.obj
 0001:00004190       ??1?$list@IV?$allocator@I@std@@@std@@QAE@XZ 10005190 f i ServerStage.obj
 0001:000041e0       ?begin@?$list@IV?$allocator@I@std@@@std@@QAE?AViterator@12@XZ 100051e0 f i ServerStage.obj
 0001:000041f0       ??Eiterator@?$list@IV?$allocator@I@std@@@std@@QAE?AV012@H@Z 100051f0 f i ServerStage.obj
 0001:00004200       ?assign@?$basic_string@DU?$char_traits@D@std@@V?$allocator@D@2@@std@@QAEAAV12@ABV12@II@Z 10005200 f i ServerStage.obj
 0001:00004400       ?_Tidy@?$basic_string@DU?$char_traits@D@std@@V?$allocator@D@2@@std@@AAEX_N@Z 10005400 f i ServerStage.obj
 0001:00004450       ?insert@?$map@IPAUtagClientNode@CIOCPServer@@U?$less@I@std@@V?$allocator@PAUtagClientNode@CIOCPServer@@@4@@std@@QAE?AU?$pair@Viterator@?$_Tree@IU?$pair@$$CBIPAUtagClientNode@CIOCPServer@@@std@@U_Kfn@?$map@IPAUtagClientNode@CIOCPServer@@U?$less@I@std@@V?$allocator@PAUtagClientNode@CIOCPServer@@@4@@2@U?$less@I@2@V?$allocator@PAUtagClientNode@CIOCPServer@@@2@@std@@_N@2@ABU?$pair@$$CBIPAUtagClientNode@CIOCPServer@@@2@@Z 10005450 f i ServerStage.obj
 0001:00004480       ?erase@?$_Tree@IU?$pair@$$CBIPAUtagClientNode@CIOCPServer@@@std@@U_Kfn@?$map@IPAUtagClientNode@CIOCPServer@@U?$less@I@std@@V?$allocator@PAUtagClientNode@CIOCPServer@@@4@@2@U?$less@I@2@V?$allocator@PAUtagClientNode@CIOCPServer@@@2@@std@@QAE?AViterator@12@V312@0@Z 10005480 f i ServerStage.obj
 0001:000045b0       ?pop_front@?$deque@IV?$allocator@I@std@@@std@@QAEXXZ 100055b0 f i ServerStage.obj
 0001:00004640       ?push_back@?$deque@IV?$allocator@I@std@@@std@@QAEXABI@Z 10005640 f i ServerStage.obj
 0001:00004940       ?insert@?$list@IV?$allocator@I@std@@@std@@QAE?AViterator@12@V312@ABI@Z 10005940 f i ServerStage.obj
 0001:000049a0       ?erase@?$list@IV?$allocator@I@std@@@std@@QAE?AViterator@12@V312@@Z 100059a0 f i ServerStage.obj
 0001:000049e0       ??0?$deque@PAXV?$allocator@PAX@std@@@std@@QAE@ABV?$allocator@PAX@1@@Z 100059e0 f i ServerStage.obj
 0001:00004a10       ?assign@?$basic_string@DU?$char_traits@D@std@@V?$allocator@D@2@@std@@QAEAAV12@PBDI@Z 10005a10 f i ServerStage.obj
 0001:00004ab0       ?erase@?$basic_string@DU?$char_traits@D@std@@V?$allocator@D@2@@std@@QAEAAV12@II@Z 10005ab0 f i ServerStage.obj
 0001:00004bd0       ?_Eos@?$basic_string@DU?$char_traits@D@std@@V?$allocator@D@2@@std@@AAEXI@Z 10005bd0 f i ServerStage.obj
 0001:00004bf0       ?_Grow@?$basic_string@DU?$char_traits@D@std@@V?$allocator@D@2@@std@@AAE_NI_N@Z 10005bf0 f i ServerStage.obj
 0001:00004d10       ?insert@?$_Tree@IU?$pair@$$CBIPAUtagClientNode@CIOCPServer@@@std@@U_Kfn@?$map@IPAUtagClientNode@CIOCPServer@@U?$less@I@std@@V?$allocator@PAUtagClientNode@CIOCPServer@@@4@@2@U?$less@I@2@V?$allocator@PAUtagClientNode@CIOCPServer@@@2@@std@@QAE?AU?$pair@Viterator@?$_Tree@IU?$pair@$$CBIPAUtagClientNode@CIOCPServer@@@std@@U_Kfn@?$map@IPAUtagClientNode@CIOCPServer@@U?$less@I@std@@V?$allocator@PAUtagClientNode@CIOCPServer@@@4@@2@U?$less@I@2@V?$allocator@PAUtagClientNode@CIOCPServer@@@2@@std@@_N@2@ABU?$pair@$$CBIPAUtagClientNode@CIOCPServer@@@2@@Z 10005d10 f i ServerStage.obj
 0001:00004e40       ?erase@?$_Tree@IU?$pair@$$CBIPAUtagClientNode@CIOCPServer@@@std@@U_Kfn@?$map@IPAUtagClientNode@CIOCPServer@@U?$less@I@std@@V?$allocator@PAUtagClientNode@CIOCPServer@@@4@@2@U?$less@I@2@V?$allocator@PAUtagClientNode@CIOCPServer@@@2@@std@@QAE?AViterator@12@V312@@Z 10005e40 f i ServerStage.obj
 0001:00005360       ?_Erase@?$_Tree@IU?$pair@$$CBIPAUtagClientNode@CIOCPServer@@@std@@U_Kfn@?$map@IPAUtagClientNode@CIOCPServer@@U?$less@I@std@@V?$allocator@PAUtagClientNode@CIOCPServer@@@4@@2@U?$less@I@2@V?$allocator@PAUtagClientNode@CIOCPServer@@@2@@std@@IAEXPAU_Node@12@@Z 10006360 f i ServerStage.obj
 0001:000053f0       ?_Init@?$_Tree@IU?$pair@$$CBIPAUtagClientNode@CIOCPServer@@@std@@U_Kfn@?$map@IPAUtagClientNode@CIOCPServer@@U?$less@I@std@@V?$allocator@PAUtagClientNode@CIOCPServer@@@4@@2@U?$less@I@2@V?$allocator@PAUtagClientNode@CIOCPServer@@@2@@std@@IAEXXZ 100063f0 f i ServerStage.obj
 0001:000054a0       ?_Inc@const_iterator@?$_Tree@IU?$pair@$$CBIPAUtagClientNode@CIOCPServer@@@std@@U_Kfn@?$map@IPAUtagClientNode@CIOCPServer@@U?$less@I@std@@V?$allocator@PAUtagClientNode@CIOCPServer@@@4@@2@U?$less@I@2@V?$allocator@PAUtagClientNode@CIOCPServer@@@2@@std@@QAEXXZ 100064a0 f i ServerStage.obj
 0001:00005550       ?_Freefront@?$deque@IV?$allocator@I@std@@@std@@IAEXXZ 10006550 f i ServerStage.obj
 0001:000055d0       ?_Buyback@?$deque@PAXV?$allocator@PAX@std@@@std@@IAEXXZ 100065d0 f i ServerStage.obj
 0001:00005730       ?_Freeback@?$deque@PAXV?$allocator@PAX@std@@@std@@IAEXXZ 10006730 f i ServerStage.obj
 0001:000057c0       ??0?$pair@Viterator@?$_Tree@IU?$pair@$$CBIPAUtagClientNode@CIOCPServer@@@std@@U_Kfn@?$map@IPAUtagClientNode@CIOCPServer@@U?$less@I@std@@V?$allocator@PAUtagClientNode@CIOCPServer@@@4@@2@U?$less@I@2@V?$allocator@PAUtagClientNode@CIOCPServer@@@2@@std@@_N@std@@QAE@ABViterator@?$_Tree@IU?$pair@$$CBIPAUtagClientNode@CIOCPServer@@@std@@U_Kfn@?$map@IPAUtagClientNode@CIOCPServer@@U?$less@I@std@@V?$allocator@PAUtagClientNode@CIOCPServer@@@4@@2@U?$less@I@2@V?$allocator@PAUtagClientNode@CIOCPServer@@@2@@1@AB_N@Z 100067c0 f i ServerStage.obj
 0001:000057e0       ?max_size@?$basic_string@DU?$char_traits@D@std@@V?$allocator@D@2@@std@@QBEIXZ 100067e0 f i ServerStage.obj
 0001:000057f0       ?_Copy@?$basic_string@DU?$char_traits@D@std@@V?$allocator@D@2@@std@@AAEXI@Z 100067f0 f i ServerStage.obj
 0001:00005900       ?_Split@?$basic_string@DU?$char_traits@D@std@@V?$allocator@D@2@@std@@AAEXXZ 10006900 f i ServerStage.obj
 0001:000059d0       ?_Insert@?$_Tree@IU?$pair@$$CBIPAUtagClientNode@CIOCPServer@@@std@@U_Kfn@?$map@IPAUtagClientNode@CIOCPServer@@U?$less@I@std@@V?$allocator@PAUtagClientNode@CIOCPServer@@@4@@2@U?$less@I@2@V?$allocator@PAUtagClientNode@CIOCPServer@@@2@@std@@IAE?AViterator@12@PAU_Node@12@0ABU?$pair@$$CBIPAUtagClientNode@CIOCPServer@@@2@@Z 100069d0 f i ServerStage.obj
 0001:00005cd0       ?_Growmap@?$deque@IV?$allocator@I@std@@@std@@IAEPAPAII@Z 10006cd0 f i ServerStage.obj
 0001:00005d40       ??0const_iterator@?$deque@IV?$allocator@I@std@@@std@@QAE@XZ 10006d40 f i ServerStage.obj
 0001:00005d50       ?_Getmap@?$deque@PAXV?$allocator@PAX@std@@@std@@IAEXXZ 10006d50 f i ServerStage.obj
 0001:00005d70       ?_Growmap@?$deque@PAXV?$allocator@PAX@std@@@std@@IAEPAPAPAXI@Z 10006d70 f i ServerStage.obj
 0001:00005de0       ??0const_iterator@?$deque@PAXV?$allocator@PAX@std@@@std@@QAE@XZ 10006de0 f i ServerStage.obj
 0001:00005df0       ?_Dec@const_iterator@?$_Tree@IU?$pair@$$CBIPAUtagClientNode@CIOCPServer@@@std@@U_Kfn@?$map@IPAUtagClientNode@CIOCPServer@@U?$less@I@std@@V?$allocator@PAUtagClientNode@CIOCPServer@@@4@@2@U?$less@I@2@V?$allocator@PAUtagClientNode@CIOCPServer@@@2@@std@@QAEXXZ 10006df0 f i ServerStage.obj
 0001:00005eb0       ??0const_iterator@?$deque@IV?$allocator@I@std@@@std@@QAE@PAIPAPAI@Z 10006eb0 f i ServerStage.obj
 0001:00005ee0       ??0const_iterator@?$deque@PAXV?$allocator@PAX@std@@@std@@QAE@PAPAXPAPAPAX@Z 10006ee0 f i ServerStage.obj
 0001:00005f10       ?_Add@const_iterator@?$deque@PAXV?$allocator@PAX@std@@@std@@IAEXH@Z 10006f10 f i ServerStage.obj
 0001:00005f80       ??1CCriticalSection@Win32@OnlineGameLib@@QAE@XZ 10006f80 f i ServerStage.obj
 0001:00005f90       ??1Owner@CCriticalSection@Win32@OnlineGameLib@@QAE@XZ 10006f90 f i ServerStage.obj
 0001:00005fa0       ??Hstd@@YA?AV?$basic_string@DU?$char_traits@D@std@@V?$allocator@D@2@@0@PBDABV10@@Z 10006fa0 f i ServerStage.obj
 0001:000060f0       ??Hstd@@YA?AV?$basic_string@DU?$char_traits@D@std@@V?$allocator@D@2@@0@ABV10@PBD@Z 100070f0 f i ServerStage.obj
 0001:00006220       ??Hstd@@YA?AV?$basic_string@DU?$char_traits@D@std@@V?$allocator@D@2@@0@ABV10@0@Z 10007220 f i ServerStage.obj
 0001:00006350       ?ToString@Win32@OnlineGameLib@@YA?AV?$basic_string@DU?$char_traits@D@std@@V?$allocator@D@2@@std@@K@Z 10007350 f i ServerStage.obj
 0001:00006550       ??0ios_base@std@@IAE@XZ    10007550 f i ServerStage.obj
 0001:00006560       ??_Eios_base@std@@UAEPAXI@Z 10007560 f i ServerStage.obj
 0001:00006560       ??_Gios_base@std@@UAEPAXI@Z 10007560 f i ServerStage.obj
 0001:00006580       ?put@?$basic_ostream@DU?$char_traits@D@std@@@std@@QAEAAV12@D@Z 10007580 f i ServerStage.obj
 0001:000066f0       ??1?$basic_ios@DU?$char_traits@D@std@@@std@@UAE@XZ 100076f0 f i ServerStage.obj
 0001:00006700       ??0strstreambuf@std@@QAE@H@Z 10007700 f i ServerStage.obj
 0001:000067f0       ??_Gstrstreambuf@std@@UAEPAXI@Z 100077f0 f i ServerStage.obj
 0001:000067f0       ??_Estrstreambuf@std@@UAEPAXI@Z 100077f0 f i ServerStage.obj
 0001:00006810       ??1?$basic_streambuf@DU?$char_traits@D@std@@@std@@UAE@XZ 10007810 f i ServerStage.obj
 0001:00006860       ?overflow@?$basic_streambuf@DU?$char_traits@D@std@@@std@@MAEHH@Z 10007860 f i ServerStage.obj
 0001:00006870       ?pbackfail@?$basic_streambuf@DU?$char_traits@D@std@@@std@@MAEHH@Z 10007870 f i ServerStage.obj
 0001:00006880       ?showmanyc@?$basic_streambuf@DU?$char_traits@D@std@@@std@@MAEHXZ 10007880 f i ServerStage.obj
 0001:00006890       ?underflow@?$basic_streambuf@DU?$char_traits@D@std@@@std@@MAEHXZ 10007890 f i ServerStage.obj
 0001:000068a0       ?uflow@?$basic_streambuf@DU?$char_traits@D@std@@@std@@MAEHXZ 100078a0 f i ServerStage.obj
 0001:000068d0       ?xsgetn@?$basic_streambuf@DU?$char_traits@D@std@@@std@@MAEHPADH@Z 100078d0 f i ServerStage.obj
 0001:00006970       ?xsputn@?$basic_streambuf@DU?$char_traits@D@std@@@std@@MAEHPBDH@Z 10007970 f i ServerStage.obj
 0001:00006a10       ?seekoff@?$basic_streambuf@DU?$char_traits@D@std@@@std@@MAE?AV?$fpos@H@2@JW4seekdir@ios_base@2@H@Z 10007a10 f i ServerStage.obj
 0001:00006a40       ?seekpos@?$basic_streambuf@DU?$char_traits@D@std@@@std@@MAE?AV?$fpos@H@2@V32@H@Z 10007a40 f i ServerStage.obj
 0001:00006a70       ?setbuf@?$basic_streambuf@DU?$char_traits@D@std@@@std@@MAEPAV12@PADH@Z 10007a70 f i ServerStage.obj
 0001:00006a80       ?sync@?$basic_streambuf@DU?$char_traits@D@std@@@std@@MAEHXZ 10007a80 f i ServerStage.obj
 0001:00006a90       ?imbue@?$basic_streambuf@DU?$char_traits@D@std@@@std@@MAEXABVlocale@2@@Z 10007a90 f i ServerStage.obj
 0001:00006aa0       ??_Estrstream@std@@UAEPAXI@Z 10007aa0 f i ServerStage.obj
 0001:00006aa0       ??_Gstrstream@std@@UAEPAXI@Z 10007aa0 f i ServerStage.obj
 0001:00006ad0       ??_Dstrstream@std@@QAEXXZ  10007ad0 f i ServerStage.obj
 0001:00006af0       ??0?$basic_iostream@DU?$char_traits@D@std@@@std@@QAE@PAV?$basic_streambuf@DU?$char_traits@D@std@@@1@@Z 10007af0 f i ServerStage.obj
 0001:00006bc0       ??1?$basic_istream@DU?$char_traits@D@std@@@std@@UAE@XZ 10007bc0 f i ServerStage.obj
 0001:00006bd0       ??1?$basic_iostream@DU?$char_traits@D@std@@@std@@UAE@XZ 10007bd0 f i ServerStage.obj
 0001:00006c10       ??_E?$basic_ostream@DU?$char_traits@D@std@@@std@@UAEPAXI@Z 10007c10 f i ServerStage.obj
 0001:00006c10       ??_G?$basic_ostream@DU?$char_traits@D@std@@@std@@UAEPAXI@Z 10007c10 f i ServerStage.obj
 0001:00006c40       ??_G?$basic_ios@DU?$char_traits@D@std@@@std@@UAEPAXI@Z 10007c40 f i ServerStage.obj
 0001:00006c40       ??_E?$basic_ios@DU?$char_traits@D@std@@@std@@UAEPAXI@Z 10007c40 f i ServerStage.obj
 0001:00006c60       ??_E?$basic_istream@DU?$char_traits@D@std@@@std@@UAEPAXI@Z 10007c60 f i ServerStage.obj
 0001:00006c60       ??_G?$basic_istream@DU?$char_traits@D@std@@@std@@UAEPAXI@Z 10007c60 f i ServerStage.obj
 0001:00006c90       ??_E?$basic_streambuf@DU?$char_traits@D@std@@@std@@UAEPAXI@Z 10007c90 f i ServerStage.obj
 0001:00006c90       ??_G?$basic_streambuf@DU?$char_traits@D@std@@@std@@UAEPAXI@Z 10007c90 f i ServerStage.obj
 0001:00006cb0       ??_E?$basic_iostream@DU?$char_traits@D@std@@@std@@UAEPAXI@Z 10007cb0 f i ServerStage.obj
 0001:00006cb0       ??_G?$basic_iostream@DU?$char_traits@D@std@@@std@@UAEPAXI@Z 10007cb0 f i ServerStage.obj
 0001:00006ce0       ??1sentry@?$basic_ostream@DU?$char_traits@D@std@@@std@@QAE@XZ 10007ce0 f i ServerStage.obj
 0001:00006d50       ??0?$fpos@H@std@@QAE@J@Z   10007d50 f i ServerStage.obj
 0001:00006d90       ?opfx@?$basic_ostream@DU?$char_traits@D@std@@@std@@QAE_NXZ 10007d90 f i ServerStage.obj
 0001:00006e10       ?ToString@Win32@OnlineGameLib@@YA?AV?$basic_string@DU?$char_traits@D@std@@V?$allocator@D@2@@std@@I@Z 10007e10 f i ServerStage.obj
 0001:00007010       ?OnStartAcceptingConnections@CSocketServer@Win32@OnlineGameLib@@EAEXXZ 10008010 f i ServerStage.obj
 0001:00007020       ?OnStopAcceptingConnections@CSocketServer@Win32@OnlineGameLib@@EAEXXZ 10008020 f i ServerStage.obj
 0001:00007030       ?OnShutdownInitiated@CSocketServer@Win32@OnlineGameLib@@EAEXXZ 10008030 f i ServerStage.obj
 0001:00007040       ?OnShutdownComplete@CSocketServer@Win32@OnlineGameLib@@EAEXXZ 10008040 f i ServerStage.obj
 0001:00007050       ?OnConnectionCreated@CSocketServer@Win32@OnlineGameLib@@EAEXXZ 10008050 f i ServerStage.obj
 0001:00007060       ?OnConnectionClientClose@CSocketServer@Win32@OnlineGameLib@@EAEXPAVSocket@123@@Z 10008060 f i ServerStage.obj
 0001:00007070       ?OnConnectionReset@CSocketServer@Win32@OnlineGameLib@@EAEXPAVSocket@123@@Z 10008070 f i ServerStage.obj
 0001:00007080       ?OnConnectionDestroyed@CSocketServer@Win32@OnlineGameLib@@EAEXXZ 10008080 f i ServerStage.obj
 0001:00007090       ?OnBufferCreated@CSocketServer@Win32@OnlineGameLib@@EAEXXZ 10008090 f i ServerStage.obj
 0001:000070a0       ?OnBufferAllocated@CSocketServer@Win32@OnlineGameLib@@EAEXXZ 100080a0 f i ServerStage.obj
 0001:000070b0       ?OnBufferReleased@CSocketServer@Win32@OnlineGameLib@@EAEXXZ 100080b0 f i ServerStage.obj
 0001:000070c0       ?OnThreadCreated@CSocketServer@Win32@OnlineGameLib@@EAEXXZ 100080c0 f i ServerStage.obj
 0001:000070d0       ?OnThreadDestroyed@CSocketServer@Win32@OnlineGameLib@@EAEXXZ 100080d0 f i ServerStage.obj
 0001:000070e0       ?_Construct@std@@YAXPAPAXABQAX@Z 100080e0 f i ServerStage.obj
 0001:00007100       ?_Construct@std@@YAXPAU?$pair@$$CBIPAUtagClientNode@CIOCPServer@@@1@ABU21@@Z 10008100 f i ServerStage.obj
 0001:00007120       ??6?$basic_ostream@DU?$char_traits@D@std@@@std@@QAEAAV01@I@Z 10008120 f i ServerStage.obj
 0001:00007360       ??1bad_cast@std@@UAE@XZ    10008360 f i ServerStage.obj
 0001:00007370       ?_Doraise@bad_cast@std@@MBEXXZ 10008370 f i ServerStage.obj
 0001:00007390       ??_Ebad_cast@std@@UAEPAXI@Z 10008390 f i ServerStage.obj
 0001:00007390       ??_Gbad_cast@std@@UAEPAXI@Z 10008390 f i ServerStage.obj
 0001:000073b0       ??0bad_cast@std@@QAE@ABV01@@Z 100083b0 f i ServerStage.obj
 0001:000073d0       ??Bid@locale@std@@QAEIXZ   100083d0 f i ServerStage.obj
 0001:00007400       ?_Decref@facet@locale@std@@QAEPAV123@XZ 10008400 f i ServerStage.obj
 0001:00007440       ??1locale@std@@QAE@XZ      10008440 f i ServerStage.obj
 0001:00007460       ?getloc@ios_base@std@@QBE?AVlocale@2@XZ 10008460 f i ServerStage.obj
 0001:000074a0       ??6?$basic_ostream@DU?$char_traits@D@std@@@std@@QAEAAV01@K@Z 100084a0 f i ServerStage.obj
 0001:000076e0       ??_ECException@Win32@OnlineGameLib@@UAEPAXI@Z 100086e0 f i ServerStage.obj
 0001:000076e0       ??_GCException@Win32@OnlineGameLib@@UAEPAXI@Z 100086e0 f i ServerStage.obj
 0001:00007700       ??1CException@Win32@OnlineGameLib@@UAE@XZ 10008700 f i ServerStage.obj
 0001:000077b0       ?id@?$ctype@G@std@@$E      100087b0 f i ServerStage.obj
 0001:000077c0       ??0?$num_put@DV?$ostreambuf_iterator@DU?$char_traits@D@std@@@std@@@std@@QAE@I@Z 100087c0 f i ServerStage.obj
 0001:00007820       ??1facet@locale@std@@UAE@XZ 10008820 f i ServerStage.obj
 0001:00007830       ??_Efacet@locale@std@@UAEPAXI@Z 10008830 f i ServerStage.obj
 0001:00007830       ??_Gfacet@locale@std@@UAEPAXI@Z 10008830 f i ServerStage.obj
 0001:00007850       ?do_put@?$num_put@DV?$ostreambuf_iterator@DU?$char_traits@D@std@@@std@@@std@@MBE?AV?$ostreambuf_iterator@DU?$char_traits@D@std@@@2@V32@AAVios_base@2@D_N@Z 10008850 f i ServerStage.obj
 0001:00007b20       ??0bad_cast@std@@QAE@PBD@Z 10008b20 f i ServerStage.obj
 0001:00007b40       ?sputc@?$basic_streambuf@DU?$char_traits@D@std@@@std@@QAEHD@Z 10008b40 f i ServerStage.obj
 0001:00007b90       ?do_put@?$num_put@DV?$ostreambuf_iterator@DU?$char_traits@D@std@@@std@@@std@@MBE?AV?$ostreambuf_iterator@DU?$char_traits@D@std@@@2@V32@AAVios_base@2@DJ@Z 10008b90 f i ServerStage.obj
 0001:00007c40       ?do_put@?$num_put@DV?$ostreambuf_iterator@DU?$char_traits@D@std@@@std@@@std@@MBE?AV?$ostreambuf_iterator@DU?$char_traits@D@std@@@2@V32@AAVios_base@2@DK@Z 10008c40 f i ServerStage.obj
 0001:00007cf0       ?do_put@?$num_put@DV?$ostreambuf_iterator@DU?$char_traits@D@std@@@std@@@std@@MBE?AV?$ostreambuf_iterator@DU?$char_traits@D@std@@@2@V32@AAVios_base@2@DN@Z 10008cf0 f i ServerStage.obj
 0001:00007de0       ?do_put@?$num_put@DV?$ostreambuf_iterator@DU?$char_traits@D@std@@@std@@@std@@MBE?AV?$ostreambuf_iterator@DU?$char_traits@D@std@@@2@V32@AAVios_base@2@DO@Z 10008de0 f i ServerStage.obj
 0001:00007ed0       ?do_put@?$num_put@DV?$ostreambuf_iterator@DU?$char_traits@D@std@@@std@@@std@@MBE?AV?$ostreambuf_iterator@DU?$char_traits@D@std@@@2@V32@AAVios_base@2@DPBX@Z 10008ed0 f i ServerStage.obj
 0001:00008090       ??_G?$num_put@DV?$ostreambuf_iterator@DU?$char_traits@D@std@@@std@@@std@@UAEPAXI@Z 10009090 f i ServerStage.obj
 0001:00008090       ??_E?$num_put@DV?$ostreambuf_iterator@DU?$char_traits@D@std@@@std@@@std@@UAEPAXI@Z 10009090 f i ServerStage.obj
 0001:000080b0       ??1?$num_put@DV?$ostreambuf_iterator@DU?$char_traits@D@std@@@std@@@std@@UAE@XZ 100090b0 f i ServerStage.obj
 0001:000080c0       ?_Fput@?$num_put@DV?$ostreambuf_iterator@DU?$char_traits@D@std@@@std@@@std@@KA?AV?$ostreambuf_iterator@DU?$char_traits@D@std@@@2@V32@AAVios_base@2@DPBDII@Z 100090c0 f i ServerStage.obj
 0001:000084d0       ?_Iput@?$num_put@DV?$ostreambuf_iterator@DU?$char_traits@D@std@@@std@@@std@@KA?AV?$ostreambuf_iterator@DU?$char_traits@D@std@@@2@V32@AAVios_base@2@DPADI@Z 100094d0 f i ServerStage.obj
 0001:00008920       ?_Rep@?$num_put@DV?$ostreambuf_iterator@DU?$char_traits@D@std@@@std@@@std@@KA?AV?$ostreambuf_iterator@DU?$char_traits@D@std@@@2@V32@DI@Z 10009920 f i ServerStage.obj
 0001:000089a0       ?falsename@?$numpunct@D@std@@QBE?AV?$basic_string@DU?$char_traits@D@std@@V?$allocator@D@2@@2@XZ 100099a0 f i ServerStage.obj
 0001:000089c0       ?truename@?$numpunct@D@std@@QBE?AV?$basic_string@DU?$char_traits@D@std@@V?$allocator@D@2@@2@XZ 100099c0 f i ServerStage.obj
 0001:000089e0       ??4?$ostreambuf_iterator@DU?$char_traits@D@std@@@std@@QAEAAV01@D@Z 100099e0 f i ServerStage.obj
 0001:00008a40       ?grouping@?$numpunct@D@std@@QBE?AV?$basic_string@DU?$char_traits@D@std@@V?$allocator@D@2@@2@XZ 10009a40 f i ServerStage.obj
 0001:00008a60       ??0?$numpunct@D@std@@QAE@I@Z 10009a60 f i ServerStage.obj
 0001:00008b80       ?do_decimal_point@?$numpunct@D@std@@MBEDXZ 10009b80 f i ServerStage.obj
 0001:00008b90       ?do_thousands_sep@?$numpunct@D@std@@MBEDXZ 10009b90 f i ServerStage.obj
 0001:00008ba0       ?do_grouping@?$numpunct@D@std@@MBE?AV?$basic_string@DU?$char_traits@D@std@@V?$allocator@D@2@@2@XZ 10009ba0 f i ServerStage.obj
 0001:00008c70       ?do_falsename@?$numpunct@D@std@@MBE?AV?$basic_string@DU?$char_traits@D@std@@V?$allocator@D@2@@2@XZ 10009c70 f i ServerStage.obj
 0001:00008d40       ?do_truename@?$numpunct@D@std@@MBE?AV?$basic_string@DU?$char_traits@D@std@@V?$allocator@D@2@@2@XZ 10009d40 f i ServerStage.obj
 0001:00008e10       ??_G?$numpunct@D@std@@UAEPAXI@Z 10009e10 f i ServerStage.obj
 0001:00008e10       ??_E?$numpunct@D@std@@UAEPAXI@Z 10009e10 f i ServerStage.obj
 0001:00008e30       ??1?$numpunct@D@std@@UAE@XZ 10009e30 f i ServerStage.obj
 0001:00008e60       ?_Save@?$_Tidyfac@V?$num_put@DV?$ostreambuf_iterator@DU?$char_traits@D@std@@@std@@@std@@@std@@SAPAV?$num_put@DV?$ostreambuf_iterator@DU?$char_traits@D@std@@@std@@@2@PAV32@@Z 10009e60 f i ServerStage.obj
 0001:00008ee0       ?_Save@?$_Tidyfac@V?$numpunct@D@std@@@std@@SAPAV?$numpunct@D@2@PAV32@@Z 10009ee0 f i ServerStage.obj
 0001:00008f60       ?_Tidy@?$_Tidyfac@V?$num_put@DV?$ostreambuf_iterator@DU?$char_traits@D@std@@@std@@@std@@@std@@SAXXZ 10009f60 f i ServerStage.obj
 0001:00009000       ?_Tidy@?$_Tidyfac@V?$numpunct@D@std@@@std@@SAXXZ 1000a000 f i ServerStage.obj
 0001:000090f0       ?id@?$numpunct@D@std@@$E   1000a0f0 f i ServerStage.obj
 0001:00009100       ?id@?$num_put@DV?$ostreambuf_iterator@DU?$char_traits@D@std@@@$E 1000a100 f i ServerStage.obj
 0001:00009110       ??_ECIOCPServer@@WM@AEPAXI@Z 1000a110 f i ServerStage.obj
 0001:00009118       _DeleteCriticalSection@4   1000a118 f   kernel32:KERNEL32.dll
 0001:0000911e       _LeaveCriticalSection@4    1000a11e f   kernel32:KERNEL32.dll
 0001:00009124       _EnterCriticalSection@4    1000a124 f   kernel32:KERNEL32.dll
 0001:0000912a       _GetLastError@0            1000a12a f   kernel32:KERNEL32.dll
 0001:00009130       _InitializeCriticalSection@4 1000a130 f   kernel32:KERNEL32.dll
 0001:00009136       _TerminateThread@8         1000a136 f   kernel32:KERNEL32.dll
 0001:0000913c       _WaitForSingleObject@8     1000a13c f   kernel32:KERNEL32.dll
 0001:00009142       _InterlockedExchange@8     1000a142 f   kernel32:KERNEL32.dll
 0001:00009148       _InterlockedIncrement@4    1000a148 f   kernel32:KERNEL32.dll
 0001:0000914e       _InterlockedDecrement@4    1000a14e f   kernel32:KERNEL32.dll
 0001:00009154       _Sleep@4                   1000a154 f   kernel32:KERNEL32.dll
 0001:00009160       ??0CSocketServer@Win32@OnlineGameLib@@IAE@IIII_N0@Z 1000a160 f   common:SocketServer.obj
 0001:00009270       ?OnConnectionClosing@CSocketServer@Win32@OnlineGameLib@@EAE_NPAVSocket@123@@Z 1000a270 f i common:SocketServer.obj
 0001:00009280       ?OnConnectionClosed@CSocketServer@Win32@OnlineGameLib@@EAEXPAVSocket@123@@Z 1000a280 f i common:SocketServer.obj
 0001:000092c0       ??_ECSocketServer@Win32@OnlineGameLib@@UAEPAXI@Z 1000a2c0 f i common:SocketServer.obj
 0001:000092c0       ??_GCSocketServer@Win32@OnlineGameLib@@UAEPAXI@Z 1000a2c0 f i common:SocketServer.obj
 0001:000092e0       ??1CManualResetEvent@Win32@OnlineGameLib@@UAE@XZ 1000a2e0 f i common:SocketServer.obj
 0001:000092f0       ??1CSocketServer@Win32@OnlineGameLib@@UAE@XZ 1000a2f0 f   common:SocketServer.obj
 0001:000093b0       ?Open@CSocketServer@Win32@OnlineGameLib@@IAEXKGG@Z 1000a3b0 f   common:SocketServer.obj
 0001:000093e0       ?ReleaseSockets@CSocketServer@Win32@OnlineGameLib@@AAEXXZ 1000a3e0 f   common:SocketServer.obj
 0001:00009520       ?StartAcceptingConnections@CSocketServer@Win32@OnlineGameLib@@QAEXXZ 1000a520 f   common:SocketServer.obj
 0001:000095d0       ?StopAcceptingConnections@CSocketServer@Win32@OnlineGameLib@@QAEXXZ 1000a5d0 f   common:SocketServer.obj
 0001:00009850       ?InitiateShutdown@CSocketServer@Win32@OnlineGameLib@@QAEXXZ 1000a850 f   common:SocketServer.obj
 0001:000098e0       ?WaitForShutdownToComplete@CSocketServer@Win32@OnlineGameLib@@QAEXXZ 1000a8e0 f   common:SocketServer.obj
 0001:00009900       ?CreateListeningSocket@CSocketServer@Win32@OnlineGameLib@@EAEIKG@Z 1000a900 f   common:SocketServer.obj
 0001:00009a30       ?CreateWorkerThread@CSocketServer@Win32@OnlineGameLib@@EAEPAVWorkerThread@123@AAVCIOCompletionPort@23@@Z 1000aa30 f   common:SocketServer.obj
 0001:00009aa0       ?Run@CSocketServer@Win32@OnlineGameLib@@MAEHXZ 1000aaa0 f   common:SocketServer.obj
 0001:00009f70       ?Run1@CSocketServer@Win32@OnlineGameLib@@MAEHXZ 1000af70 f   common:SocketServer.obj
 0001:0000a2c0       ?AllocateSocket@CSocketServer@Win32@OnlineGameLib@@AAEPAVSocket@123@I@Z 1000b2c0 f   common:SocketServer.obj
 0001:0000a3a0       ?ReleaseSocket@CSocketServer@Win32@OnlineGameLib@@AAEXPAVSocket@123@@Z 1000b3a0 f   common:SocketServer.obj
 0001:0000a510       ?DestroySocket@CSocketServer@Win32@OnlineGameLib@@AAEXPAVSocket@123@@Z 1000b510 f   common:SocketServer.obj
 0001:0000a540       ?OnError@CSocketServer@Win32@OnlineGameLib@@EAEXABV?$basic_string@DU?$char_traits@D@std@@V?$allocator@D@2@@std@@@Z 1000b540 f   common:SocketServer.obj
 0001:0000a550       ?WriteCompleted@CSocketServer@Win32@OnlineGameLib@@EAEXPAVSocket@123@PAVCIOBuffer@23@@Z 1000b550 f   common:SocketServer.obj
 0001:0000a640       ?SetServerDataPtr@CSocketServer@Win32@OnlineGameLib@@KAXPAVSocket@123@PAX@Z 1000b640 f   common:SocketServer.obj
 0001:0000a660       ?GetServerDataPtr@CSocketServer@Win32@OnlineGameLib@@KAPAXPBVSocket@123@@Z 1000b660 f   common:SocketServer.obj
 0001:0000a680       ?WriteCompleted@CSocketServer@Win32@OnlineGameLib@@KAXPAVSocket@123@@Z 1000b680 f   common:SocketServer.obj
 0001:0000a690       ?FilterSocketShutdown@CSocketServer@Win32@OnlineGameLib@@EAE_NPAVSocket@123@H@Z 1000b690 f   common:SocketServer.obj
 0001:0000a6a0       ?FilterSocketClose@CSocketServer@Win32@OnlineGameLib@@EAE_NPAVSocket@123@@Z 1000b6a0 f   common:SocketServer.obj
 0001:0000a6b0       ?PostIoOperation@CSocketServer@Win32@OnlineGameLib@@AAEXPAVSocket@123@PAVCIOBuffer@23@W4enumIO_Operation@123@@Z 1000b6b0 f   common:SocketServer.obj
 0001:0000a6f0       ?GetServer@CSocketServer@Win32@OnlineGameLib@@KAAAV123@PAVSocket@123@@Z 1000b6f0 f   common:SocketServer.obj
 0001:0000a700       ?OnConnectionError@CSocketServer@Win32@OnlineGameLib@@EAEXW4enumConnectionErrorSource@123@PAVSocket@123@PAVCIOBuffer@23@K@Z 1000b700 f   common:SocketServer.obj
 0001:0000a750       ??0Socket@CSocketServer@Win32@OnlineGameLib@@AAE@AAV123@I_N@Z 1000b750 f   common:SocketServer.obj
 0001:0000a8b0       ??1UserData@CSocketServer@Win32@OnlineGameLib@@QAE@XZ 1000b8b0 f i common:SocketServer.obj
 0001:0000a8c0       ??1ServerData@CSocketServer@Win32@OnlineGameLib@@QAE@XZ 1000b8c0 f i common:SocketServer.obj
 0001:0000a8d0       ??1Socket@CSocketServer@Win32@OnlineGameLib@@AAE@XZ 1000b8d0 f   common:SocketServer.obj
 0001:0000a9e0       ?Attach@Socket@CSocketServer@Win32@OnlineGameLib@@AAEXI@Z 1000b9e0 f   common:SocketServer.obj
 0001:0000aae0       ?AddRef@Socket@CSocketServer@Win32@OnlineGameLib@@QAEXXZ 1000bae0 f   common:SocketServer.obj
 0001:0000aaf0       ?Release@Socket@CSocketServer@Win32@OnlineGameLib@@QAEXXZ 1000baf0 f   common:SocketServer.obj
 0001:0000ab50       ?Shutdown@Socket@CSocketServer@Win32@OnlineGameLib@@QAEXH@Z 1000bb50 f   common:SocketServer.obj
 0001:0000aca0       ?IsConnected@Socket@CSocketServer@Win32@OnlineGameLib@@QBE_NH@Z 1000bca0 f   common:SocketServer.obj
 0001:0000acf0       ?Close@Socket@CSocketServer@Win32@OnlineGameLib@@QAEXXZ 1000bcf0 f   common:SocketServer.obj
 0001:0000ad60       ?WritePending@Socket@CSocketServer@Win32@OnlineGameLib@@AAE_NXZ 1000bd60 f   common:SocketServer.obj
 0001:0000ad80       ?WriteCompleted@Socket@CSocketServer@Win32@OnlineGameLib@@AAEXXZ 1000bd80 f   common:SocketServer.obj
 0001:0000adb0       ?AbortiveClose@Socket@CSocketServer@Win32@OnlineGameLib@@QAEXXZ 1000bdb0 f   common:SocketServer.obj
 0001:0000aec0       ?OnClientClose@Socket@CSocketServer@Win32@OnlineGameLib@@AAEXXZ 1000bec0 f   common:SocketServer.obj
 0001:0000aef0       ?OnConnectionReset@Socket@CSocketServer@Win32@OnlineGameLib@@AAEXXZ 1000bef0 f   common:SocketServer.obj
 0001:0000af60       ?InternalClose@Socket@CSocketServer@Win32@OnlineGameLib@@AAEXXZ 1000bf60 f   common:SocketServer.obj
 0001:0000b080       ?Read@Socket@CSocketServer@Win32@OnlineGameLib@@QAE_NPAVCIOBuffer@34@_N@Z 1000c080 f   common:SocketServer.obj
 0001:0000b1c0       ?Write@Socket@CSocketServer@Win32@OnlineGameLib@@QAE_NPBDI_N@Z 1000c1c0 f   common:SocketServer.obj
 0001:0000b1e0       ?Write@Socket@CSocketServer@Win32@OnlineGameLib@@QAE_NPBEI_N@Z 1000c1e0 f   common:SocketServer.obj
 0001:0000b470       ?Write@Socket@CSocketServer@Win32@OnlineGameLib@@QAE_NPAVCIOBuffer@34@_N@Z 1000c470 f   common:SocketServer.obj
 0001:0000b6e0       ?GetSequenceNumber@Socket@CSocketServer@Win32@OnlineGameLib@@AAEJW4enumSequenceType@1234@@Z 1000c6e0 f   common:SocketServer.obj
 0001:0000b700       ?GetNextBuffer@Socket@CSocketServer@Win32@OnlineGameLib@@AAEPAVCIOBuffer@34@PAV534@@Z 1000c700 f   common:SocketServer.obj
 0001:0000b730       ?IsValid@Socket@CSocketServer@Win32@OnlineGameLib@@AAE_NXZ 1000c730 f   common:SocketServer.obj
 0001:0000b760       ?OnConnectionError@Socket@CSocketServer@Win32@OnlineGameLib@@AAEXW4enumConnectionErrorSource@234@PAVCIOBuffer@34@K@Z 1000c760 f   common:SocketServer.obj
 0001:0000b7d0       ??0SequenceData@Socket@CSocketServer@Win32@OnlineGameLib@@QAE@AAVCCriticalSection@34@@Z 1000c7d0 f   common:SocketServer.obj
 0001:0000b800       ?Reset@SequenceData@Socket@CSocketServer@Win32@OnlineGameLib@@QAEXXZ 1000c800 f   common:SocketServer.obj
 0001:0000b820       ??0WorkerThread@CSocketServer@Win32@OnlineGameLib@@QAE@AAV123@AAVCIOCompletionPort@23@@Z 1000c820 f   common:SocketServer.obj
 0001:0000b880       ??_GWorkerThread@CSocketServer@Win32@OnlineGameLib@@UAEPAXI@Z 1000c880 f i common:SocketServer.obj
 0001:0000b880       ??_EWorkerThread@CSocketServer@Win32@OnlineGameLib@@UAEPAXI@Z 1000c880 f i common:SocketServer.obj
 0001:0000b8a0       ??1WorkerThread@CSocketServer@Win32@OnlineGameLib@@UAE@XZ 1000c8a0 f   common:SocketServer.obj
 0001:0000b910       ?Run@WorkerThread@CSocketServer@Win32@OnlineGameLib@@MAEHXZ 1000c910 f   common:SocketServer.obj
 0001:0000bbb0       ?Run1@WorkerThread@CSocketServer@Win32@OnlineGameLib@@MAEHXZ 1000cbb0 f   common:SocketServer.obj
 0001:0000bbc0       ?InitiateShutdown@WorkerThread@CSocketServer@Win32@OnlineGameLib@@QAEXXZ 1000cbc0 f   common:SocketServer.obj
 0001:0000bbd0       ?WaitForShutdownToComplete@WorkerThread@CSocketServer@Win32@OnlineGameLib@@QAEXXZ 1000cbd0 f   common:SocketServer.obj
 0001:0000bbf0       ?HandleOperation@WorkerThread@CSocketServer@Win32@OnlineGameLib@@MAEXPAVSocket@234@PAVCIOBuffer@34@K_N@Z 1000cbf0 f   common:SocketServer.obj
 0001:0000be70       ?ZeroByteRead@WorkerThread@CSocketServer@Win32@OnlineGameLib@@ABEXPAVSocket@234@PAVCIOBuffer@34@@Z 1000ce70 f   common:SocketServer.obj
 0001:0000bf00       ?Read@WorkerThread@CSocketServer@Win32@OnlineGameLib@@ABEXPAVSocket@234@PAVCIOBuffer@34@@Z 1000cf00 f   common:SocketServer.obj
 0001:0000bff0       ?Write@WorkerThread@CSocketServer@Win32@OnlineGameLib@@ABEXPAVSocket@234@PAVCIOBuffer@34@@Z 1000cff0 f   common:SocketServer.obj
 0001:0000c0e0       ??1?$vector@PAVWorkerThread@CSocketServer@Win32@OnlineGameLib@@V?$allocator@PAVWorkerThread@CSocketServer@Win32@OnlineGameLib@@@std@@@std@@QAE@XZ 1000d0e0 f i common:SocketServer.obj
 0001:0000c110       ?begin@?$_Tree@IU?$pair@$$CBIPAVCIOBuffer@Win32@OnlineGameLib@@@std@@U_Kfn@?$map@IPAVCIOBuffer@Win32@OnlineGameLib@@U?$less@I@std@@V?$allocator@PAVCIOBuffer@Win32@OnlineGameLib@@@5@@2@U?$less@I@2@V?$allocator@PAVCIOBuffer@Win32@OnlineGameLib@@@2@@std@@QAE?AViterator@12@XZ 1000d110 f i common:SocketServer.obj
 0001:0000c120       ?erase@?$_Tree@IU?$pair@$$CBIPAVCIOBuffer@Win32@OnlineGameLib@@@std@@U_Kfn@?$map@IPAVCIOBuffer@Win32@OnlineGameLib@@U?$less@I@std@@V?$allocator@PAVCIOBuffer@Win32@OnlineGameLib@@@5@@2@U?$less@I@2@V?$allocator@PAVCIOBuffer@Win32@OnlineGameLib@@@2@@std@@QAE?AViterator@12@V312@0@Z 1000d120 f i common:SocketServer.obj
 0001:0000c250       ?size@?$vector@PAVWorkerThread@CSocketServer@Win32@OnlineGameLib@@V?$allocator@PAVWorkerThread@CSocketServer@Win32@OnlineGameLib@@@std@@@std@@QBEIXZ 1000d250 f i common:SocketServer.obj
 0001:0000c270       ?insert@?$vector@PAVWorkerThread@CSocketServer@Win32@OnlineGameLib@@V?$allocator@PAVWorkerThread@CSocketServer@Win32@OnlineGameLib@@@std@@@std@@QAEPAPAVWorkerThread@CSocketServer@Win32@OnlineGameLib@@PAPAV3456@ABQAV3456@@Z 1000d270 f i common:SocketServer.obj
 0001:0000c410       ?_Destroy@?$vector@PAVWorkerThread@CSocketServer@Win32@OnlineGameLib@@V?$allocator@PAVWorkerThread@CSocketServer@Win32@OnlineGameLib@@@std@@@std@@IAEXPAPAVWorkerThread@CSocketServer@Win32@OnlineGameLib@@0@Z 1000d410 f i common:SocketServer.obj
 0001:0000c420       ?_Ucopy@?$vector@PAVWorkerThread@CSocketServer@Win32@OnlineGameLib@@V?$allocator@PAVWorkerThread@CSocketServer@Win32@OnlineGameLib@@@std@@@std@@IAEPAPAVWorkerThread@CSocketServer@Win32@OnlineGameLib@@PBQAV3456@0PAPAV3456@@Z 1000d420 f i common:SocketServer.obj
 0001:0000c450       ?erase@?$_Tree@IU?$pair@$$CBIPAVCIOBuffer@Win32@OnlineGameLib@@@std@@U_Kfn@?$map@IPAVCIOBuffer@Win32@OnlineGameLib@@U?$less@I@std@@V?$allocator@PAVCIOBuffer@Win32@OnlineGameLib@@@5@@2@U?$less@I@2@V?$allocator@PAVCIOBuffer@Win32@OnlineGameLib@@@2@@std@@QAE?AViterator@12@V312@@Z 1000d450 f i common:SocketServer.obj
 0001:0000c970       ?_Erase@?$_Tree@IU?$pair@$$CBIPAVCIOBuffer@Win32@OnlineGameLib@@@std@@U_Kfn@?$map@IPAVCIOBuffer@Win32@OnlineGameLib@@U?$less@I@std@@V?$allocator@PAVCIOBuffer@Win32@OnlineGameLib@@@5@@2@U?$less@I@2@V?$allocator@PAVCIOBuffer@Win32@OnlineGameLib@@@2@@std@@IAEXPAU_Node@12@@Z 1000d970 f i common:SocketServer.obj
 0001:0000ca00       ?_Ufill@?$vector@PAVWorkerThread@CSocketServer@Win32@OnlineGameLib@@V?$allocator@PAVWorkerThread@CSocketServer@Win32@OnlineGameLib@@@std@@@std@@IAEXPAPAVWorkerThread@CSocketServer@Win32@OnlineGameLib@@IABQAV3456@@Z 1000da00 f i common:SocketServer.obj
 0001:0000ca30       ?_Inc@const_iterator@?$_Tree@IU?$pair@$$CBIPAVCIOBuffer@Win32@OnlineGameLib@@@std@@U_Kfn@?$map@IPAVCIOBuffer@Win32@OnlineGameLib@@U?$less@I@std@@V?$allocator@PAVCIOBuffer@Win32@OnlineGameLib@@@5@@2@U?$less@I@2@V?$allocator@PAVCIOBuffer@Win32@OnlineGameLib@@@2@@std@@QAEXXZ 1000da30 f i common:SocketServer.obj
 0001:0000cae0       ?_Construct@std@@YAXPAPAVWorkerThread@CSocketServer@Win32@OnlineGameLib@@ABQAV2345@@Z 1000dae0 f i common:SocketServer.obj
 0001:0000cb30       ??_ECSocketServer@Win32@OnlineGameLib@@WM@AEPAXI@Z 1000db30 f i common:SocketServer.obj
 0001:0000cb40       ??0CEvent@Win32@OnlineGameLib@@QAE@PAU_SECURITY_ATTRIBUTES@@_N1@Z 1000db40 f   common:Event.obj
 0001:0000cc50       ??_GCEvent@Win32@OnlineGameLib@@UAEPAXI@Z 1000dc50 f i common:Event.obj
 0001:0000cc50       ??_ECEvent@Win32@OnlineGameLib@@UAEPAXI@Z 1000dc50 f i common:Event.obj
 0001:0000cc70       ??0CEvent@Win32@OnlineGameLib@@QAE@PAU_SECURITY_ATTRIBUTES@@_N1PBD@Z 1000dc70 f   common:Event.obj
 0001:0000cca0       ??1CEvent@Win32@OnlineGameLib@@UAE@XZ 1000dca0 f   common:Event.obj
 0001:0000ccc0       ?Wait@CEvent@Win32@OnlineGameLib@@QBEXXZ 1000dcc0 f   common:Event.obj
 0001:0000cdc0       ?Wait@CEvent@Win32@OnlineGameLib@@QBE_NK@Z 1000ddc0 f   common:Event.obj
 0001:0000ceb0       ?Reset@CEvent@Win32@OnlineGameLib@@QAEXXZ 1000deb0 f   common:Event.obj
 0001:0000cf80       ?Set@CEvent@Win32@OnlineGameLib@@QAEXXZ 1000df80 f   common:Event.obj
 0001:0000d050       ?Pulse@CEvent@Win32@OnlineGameLib@@QAEXXZ 1000e050 f   common:Event.obj
 0001:0000d150       ??0CIOBuffer@Win32@OnlineGameLib@@AAE@AAVAllocator@012@I@Z 1000e150 f   common:IOBuffer.obj
 0001:0000d1e0       ??1COpaqueUserData@OnlineGameLib@@IAE@XZ 1000e1e0 f i common:IOBuffer.obj
 0001:0000d1f0       ??1CIOBuffer@Win32@OnlineGameLib@@AAE@XZ 1000e1f0 f   common:IOBuffer.obj
 0001:0000d260       ?Empty@CIOBuffer@Win32@OnlineGameLib@@QAEXXZ 1000e260 f   common:IOBuffer.obj
 0001:0000d280       ??2CIOBuffer@Win32@OnlineGameLib@@CAPAXII@Z 1000e280 f   common:IOBuffer.obj
 0001:0000d290       ??3CIOBuffer@Win32@OnlineGameLib@@CAXPAXI@Z 1000e290 f   common:IOBuffer.obj
 0001:0000d2a0       ?SplitBuffer@CIOBuffer@Win32@OnlineGameLib@@QAEPAV123@I@Z 1000e2a0 f   common:IOBuffer.obj
 0001:0000d2f0       ?RemoveBuffer@CIOBuffer@Win32@OnlineGameLib@@QAEXI@Z 1000e2f0 f   common:IOBuffer.obj
 0001:0000d320       ?AllocateNewBuffer@CIOBuffer@Win32@OnlineGameLib@@QBEPAV123@XZ 1000e320 f   common:IOBuffer.obj
 0001:0000d330       ?AddData@CIOBuffer@Win32@OnlineGameLib@@QAEXQBDI@Z 1000e330 f   common:IOBuffer.obj
 0001:0000d450       ?AddData@CIOBuffer@Win32@OnlineGameLib@@QAEXQBEI@Z 1000e450 f   common:IOBuffer.obj
 0001:0000d470       ?AddData@CIOBuffer@Win32@OnlineGameLib@@QAEXE@Z 1000e470 f   common:IOBuffer.obj
 0001:0000d480       ?Release@CIOBuffer@Win32@OnlineGameLib@@QAEXXZ 1000e480 f   common:IOBuffer.obj
 0001:0000d5a0       ??0Allocator@CIOBuffer@Win32@OnlineGameLib@@QAE@II@Z 1000e5a0 f   common:IOBuffer.obj
 0001:0000d5e0       ?OnBufferCreated@Allocator@CIOBuffer@Win32@OnlineGameLib@@EAEXXZ 1000e5e0 f i common:IOBuffer.obj
 0001:0000d5f0       ?OnBufferAllocated@Allocator@CIOBuffer@Win32@OnlineGameLib@@EAEXXZ 1000e5f0 f i common:IOBuffer.obj
 0001:0000d600       ?OnBufferReleased@Allocator@CIOBuffer@Win32@OnlineGameLib@@EAEXXZ 1000e600 f i common:IOBuffer.obj
 0001:0000d610       ??_GAllocator@CIOBuffer@Win32@OnlineGameLib@@UAEPAXI@Z 1000e610 f i common:IOBuffer.obj
 0001:0000d610       ??_EAllocator@CIOBuffer@Win32@OnlineGameLib@@UAEPAXI@Z 1000e610 f i common:IOBuffer.obj
 0001:0000d630       ??1Allocator@CIOBuffer@Win32@OnlineGameLib@@UAE@XZ 1000e630 f   common:IOBuffer.obj
 0001:0000d6a0       ?Allocate@Allocator@CIOBuffer@Win32@OnlineGameLib@@QAEPAV234@XZ 1000e6a0 f   common:IOBuffer.obj
 0001:0000d810       ?Release@Allocator@CIOBuffer@Win32@OnlineGameLib@@AAEXPAV234@@Z 1000e810 f   common:IOBuffer.obj
 0001:0000d990       ?DestroyBuffer@Allocator@CIOBuffer@Win32@OnlineGameLib@@AAEXPAV234@@Z 1000e990 f   common:IOBuffer.obj
 0001:0000d9f0       ?Flush@Allocator@CIOBuffer@Win32@OnlineGameLib@@IAEXXZ 1000e9f0 f   common:IOBuffer.obj
 0001:0000daa0       ??0InOrderBufferList@CIOBuffer@Win32@OnlineGameLib@@QAE@AAVCCriticalSection@23@@Z 1000eaa0 f   common:IOBuffer.obj
 0001:0000db70       ?AddBuffer@InOrderBufferList@CIOBuffer@Win32@OnlineGameLib@@QAEXPAV234@@Z 1000eb70 f   common:IOBuffer.obj
 0001:0000dbe0       ?ProcessAndGetNext@InOrderBufferList@CIOBuffer@Win32@OnlineGameLib@@QAEPAV234@XZ 1000ebe0 f   common:IOBuffer.obj
 0001:0000dc60       ?GetNext@InOrderBufferList@CIOBuffer@Win32@OnlineGameLib@@QAEPAV234@XZ 1000ec60 f   common:IOBuffer.obj
 0001:0000dcd0       ?GetNext@InOrderBufferList@CIOBuffer@Win32@OnlineGameLib@@QAEPAV234@PAV234@@Z 1000ecd0 f   common:IOBuffer.obj
 0001:0000dd80       ?ProcessBuffer@InOrderBufferList@CIOBuffer@Win32@OnlineGameLib@@QAEXXZ 1000ed80 f   common:IOBuffer.obj
 0001:0000dda0       ?Reset@InOrderBufferList@CIOBuffer@Win32@OnlineGameLib@@QAEXXZ 1000eda0 f   common:IOBuffer.obj
 0001:0000ddb0       ?insert@?$_Tree@IU?$pair@$$CBIPAVCIOBuffer@Win32@OnlineGameLib@@@std@@U_Kfn@?$map@IPAVCIOBuffer@Win32@OnlineGameLib@@U?$less@I@std@@V?$allocator@PAVCIOBuffer@Win32@OnlineGameLib@@@5@@2@U?$less@I@2@V?$allocator@PAVCIOBuffer@Win32@OnlineGameLib@@@2@@std@@QAE?AU?$pair@Viterator@?$_Tree@IU?$pair@$$CBIPAVCIOBuffer@Win32@OnlineGameLib@@@std@@U_Kfn@?$map@IPAVCIOBuffer@Win32@OnlineGameLib@@U?$less@I@std@@V?$allocator@PAVCIOBuffer@Win32@OnlineGameLib@@@5@@2@U?$less@I@2@V?$allocator@PAVCIOBuffer@Win32@OnlineGameLib@@@2@@std@@_N@2@ABU?$pair@$$CBIPAVCIOBuffer@Win32@OnlineGameLib@@@2@@Z 1000edb0 f i common:IOBuffer.obj
 0001:0000dee0       ?_Insert@?$_Tree@IU?$pair@$$CBIPAVCIOBuffer@Win32@OnlineGameLib@@@std@@U_Kfn@?$map@IPAVCIOBuffer@Win32@OnlineGameLib@@U?$less@I@std@@V?$allocator@PAVCIOBuffer@Win32@OnlineGameLib@@@5@@2@U?$less@I@2@V?$allocator@PAVCIOBuffer@Win32@OnlineGameLib@@@2@@std@@IAE?AViterator@12@PAU_Node@12@0ABU?$pair@$$CBIPAVCIOBuffer@Win32@OnlineGameLib@@@2@@Z 1000eee0 f i common:IOBuffer.obj
 0001:0000e1e0       ?_Dec@const_iterator@?$_Tree@IU?$pair@$$CBIPAVCIOBuffer@Win32@OnlineGameLib@@@std@@U_Kfn@?$map@IPAVCIOBuffer@Win32@OnlineGameLib@@U?$less@I@std@@V?$allocator@PAVCIOBuffer@Win32@OnlineGameLib@@@5@@2@U?$less@I@2@V?$allocator@PAVCIOBuffer@Win32@OnlineGameLib@@@2@@std@@QAEXXZ 1000f1e0 f i common:IOBuffer.obj
 0001:0000e2a0       ?_Construct@std@@YAXPAU?$pair@$$CBIPAVCIOBuffer@Win32@OnlineGameLib@@@1@ABU21@@Z 1000f2a0 f i common:IOBuffer.obj
 0001:0000e2f0       ??0CWin32Exception@Win32@OnlineGameLib@@QAE@ABV?$basic_string@DU?$char_traits@D@std@@V?$allocator@D@2@@std@@K@Z 1000f2f0 f   common:Win32Exception.obj
 0001:0000e3b0       ??0CException@Win32@OnlineGameLib@@QAE@ABV?$basic_string@DU?$char_traits@D@std@@V?$allocator@D@2@@std@@0@Z 1000f3b0 f   common:Exception.obj
 0001:0000e4e0       ?GetWhere@CException@Win32@OnlineGameLib@@UBE?AV?$basic_string@DU?$char_traits@D@std@@V?$allocator@D@2@@std@@XZ 1000f4e0 f   common:Exception.obj
 0001:0000e610       ?GetMessageA@CException@Win32@OnlineGameLib@@UBE?AV?$basic_string@DU?$char_traits@D@std@@V?$allocator@D@2@@std@@XZ 1000f610 f   common:Exception.obj
 0001:0000e740       ?MessageBoxA@CException@Win32@OnlineGameLib@@QBEXPAUHWND__@@@Z 1000f740 f   common:Exception.obj
 0001:0000eab0       ?SetLogFileName@Win32@OnlineGameLib@@YAXABV?$basic_string@DU?$char_traits@D@std@@V?$allocator@D@2@@std@@@Z 1000fab0 f   common:Utils.obj
 0001:0000ebc0       ?Message@Win32@OnlineGameLib@@YAXQBD@Z 1000fbc0 f   common:Utils.obj
 0001:0000ebf0       ?Output@Win32@OnlineGameLib@@YAXABV?$basic_string@DU?$char_traits@D@std@@V?$allocator@D@2@@std@@@Z 1000fbf0 f   common:Utils.obj
 0001:0000ec00       ?Trace@Win32@OnlineGameLib@@YAXABV?$basic_string@DU?$char_traits@D@std@@V?$allocator@D@2@@std@@0@Z 1000fc00 f   common:Utils.obj
 0001:0000ec10       ?GetLastErrorMessage@Win32@OnlineGameLib@@YA?AV?$basic_string@DU?$char_traits@D@std@@V?$allocator@D@2@@std@@K@Z 1000fc10 f   common:Utils.obj
 0001:0000ed30       ?HexToString@Win32@OnlineGameLib@@YA?AV?$basic_string@DU?$char_traits@D@std@@V?$allocator@D@2@@std@@PBEI@Z 1000fd30 f   common:Utils.obj
 0001:0000eec0       ?StringToHex@Win32@OnlineGameLib@@YAXABV?$basic_string@DU?$char_traits@D@std@@V?$allocator@D@2@@std@@PAEI@Z 1000fec0 f   common:Utils.obj
 0001:0000f000       ?HexStringToDWORD@Win32@OnlineGameLib@@YAKPBD@Z 10010000 f   common:Utils.obj
 0001:0000f060       ?HashStr2ID@Win32@OnlineGameLib@@YAKQBD@Z 10010060 f   common:Utils.obj
 0001:0000f0b0       ?net_aton@Win32@OnlineGameLib@@YAKPBD@Z 100100b0 f   common:Utils.obj
 0001:0000f140       ?net_ntoa@Win32@OnlineGameLib@@YAPBDK@Z 10010140 f   common:Utils.obj
 0001:0000f180       ?GetCurrentDirectoryA@Win32@OnlineGameLib@@YA?AV?$basic_string@DU?$char_traits@D@std@@V?$allocator@D@2@@std@@XZ 10010180 f   common:Utils.obj
 0001:0000f300       ?GetAppFullPath@Win32@OnlineGameLib@@YA?AV?$basic_string@DU?$char_traits@D@std@@V?$allocator@D@2@@std@@PAUHINSTANCE__@@@Z 10010300 f   common:Utils.obj
 0001:0000f4e0       ?GetDateStamp@Win32@OnlineGameLib@@YA?AV?$basic_string@DU?$char_traits@D@std@@V?$allocator@D@2@@std@@XZ 100104e0 f   common:Utils.obj
 0001:0000f600       ?GetTimeStamp@Win32@OnlineGameLib@@YA?AV?$basic_string@DU?$char_traits@D@std@@V?$allocator@D@2@@std@@XZ 10010600 f   common:Utils.obj
 0001:0000f710       ?ToHex@Win32@OnlineGameLib@@YA?AV?$basic_string@DU?$char_traits@D@std@@V?$allocator@D@2@@std@@E@Z 10010710 f   common:Utils.obj
 0001:0000f7f0       ?DumpData@Win32@OnlineGameLib@@YA?AV?$basic_string@DU?$char_traits@D@std@@V?$allocator@D@2@@std@@QBEII@Z 100107f0 f   common:Utils.obj
 0001:0000fb90       ?GetComputerNameA@Win32@OnlineGameLib@@YA?AV?$basic_string@DU?$char_traits@D@std@@V?$allocator@D@2@@std@@XZ 10010b90 f   common:Utils.obj
 0001:0000fde0       ?GetModuleFileNameA@Win32@OnlineGameLib@@YA?AV?$basic_string@DU?$char_traits@D@std@@V?$allocator@D@2@@std@@PAUHINSTANCE__@@@Z 10010de0 f   common:Utils.obj
 0001:00010040       ?GetUserNameA@Win32@OnlineGameLib@@YA?AV?$basic_string@DU?$char_traits@D@std@@V?$allocator@D@2@@std@@XZ 10011040 f   common:Utils.obj
 0001:000102a0       ?StripLeading@Win32@OnlineGameLib@@YA?AV?$basic_string@DU?$char_traits@D@std@@V?$allocator@D@2@@std@@ABV34@D@Z 100112a0 f   common:Utils.obj
 0001:00010380       ?StripTrailing@Win32@OnlineGameLib@@YA?AV?$basic_string@DU?$char_traits@D@std@@V?$allocator@D@2@@std@@ABV34@D@Z 10011380 f   common:Utils.obj
 0001:000103d0       ?GetFileVersion@Win32@OnlineGameLib@@YA?AV?$basic_string@DU?$char_traits@D@std@@V?$allocator@D@2@@std@@XZ 100113d0 f   common:Utils.obj
 0001:000106b0       ?GetLocalName@Win32@OnlineGameLib@@YA_NPADI@Z 100116b0 f   common:Utils.obj
 0001:000107b0       ?GetLocalAddress@Win32@OnlineGameLib@@YA_NPADIH@Z 100117b0 f   common:Utils.obj
 0001:000108e0       ?substr@?$basic_string@DU?$char_traits@D@std@@V?$allocator@D@2@@std@@QBE?AV12@II@Z 100118e0 f i common:Utils.obj
 0001:00010a70       ??0?$basic_fstream@DU?$char_traits@D@std@@@std@@QAE@XZ 10011a70 f i common:Utils.obj
 0001:00010bd0       ?_Incref@facet@locale@std@@QAEXXZ 10011bd0 f i common:Utils.obj
 0001:00010c00       ??0?$basic_ostream@DU?$char_traits@D@std@@@std@@QAE@PAV?$basic_streambuf@DU?$char_traits@D@std@@@1@_N1@Z 10011c00 f i common:Utils.obj
 0001:00010cc0       ??1?$basic_fstream@DU?$char_traits@D@std@@@std@@UAE@XZ 10011cc0 f i common:Utils.obj
 0001:00010e00       ?overflow@?$basic_filebuf@DU?$char_traits@D@std@@@std@@MAEHH@Z 10011e00 f i common:Utils.obj
 0001:00010fe0       ?pbackfail@?$basic_filebuf@DU?$char_traits@D@std@@@std@@MAEHH@Z 10011fe0 f i common:Utils.obj
 0001:00011180       ?underflow@?$basic_filebuf@DU?$char_traits@D@std@@@std@@MAEHXZ 10012180 f i common:Utils.obj
 0001:000111b0       ?uflow@?$basic_filebuf@DU?$char_traits@D@std@@@std@@MAEHXZ 100121b0 f i common:Utils.obj
 0001:000113a0       ?seekoff@?$basic_filebuf@DU?$char_traits@D@std@@@std@@MAE?AV?$fpos@H@2@JW4seekdir@ios_base@2@H@Z 100123a0 f i common:Utils.obj
 0001:00011430       ?seekpos@?$basic_filebuf@DU?$char_traits@D@std@@@std@@MAE?AV?$fpos@H@2@V32@H@Z 10012430 f i common:Utils.obj
 0001:000115c0       ?setbuf@?$basic_filebuf@DU?$char_traits@D@std@@@std@@MAEPAV?$basic_streambuf@DU?$char_traits@D@std@@@2@PADH@Z 100125c0 f i common:Utils.obj
 0001:000115f0       ?sync@?$basic_filebuf@DU?$char_traits@D@std@@@std@@MAEHXZ 100125f0 f i common:Utils.obj
 0001:00011610       ??1?$auto_ptr@D@std@@QAE@XZ 10012610 f i common:Utils.obj
 0001:00011620       ??1?$auto_ptr@E@std@@QAE@XZ 10012620 f i common:Utils.obj
 0001:00011630       ??_G?$basic_fstream@DU?$char_traits@D@std@@@std@@UAEPAXI@Z 10012630 f i common:Utils.obj
 0001:00011630       ??_E?$basic_fstream@DU?$char_traits@D@std@@@std@@UAEPAXI@Z 10012630 f i common:Utils.obj
 0001:00011660       ??_G?$basic_filebuf@DU?$char_traits@D@std@@@std@@UAEPAXI@Z 10012660 f i common:Utils.obj
 0001:00011660       ??_E?$basic_filebuf@DU?$char_traits@D@std@@@std@@UAEPAXI@Z 10012660 f i common:Utils.obj
 0001:00011680       ??1?$basic_filebuf@DU?$char_traits@D@std@@@std@@UAE@XZ 10012680 f i common:Utils.obj
 0001:000117d0       ?append@?$basic_string@DU?$char_traits@D@std@@V?$allocator@D@2@@std@@QAEAAV12@ID@Z 100127d0 f i common:Utils.obj
 0001:000118a0       ?init@?$basic_ios@DU?$char_traits@D@std@@@std@@IAEXPAV?$basic_streambuf@DU?$char_traits@D@std@@@2@_N@Z 100128a0 f i common:Utils.obj
 0001:000118f0       ?_Init@?$basic_streambuf@DU?$char_traits@D@std@@@std@@IAEXXZ 100128f0 f i common:Utils.obj
 0001:00011950       ?append@?$basic_string@DU?$char_traits@D@std@@V?$allocator@D@2@@std@@QAEAAV12@ABV12@II@Z 10012950 f i common:Utils.obj
 0001:00011a30       ?append@?$basic_string@DU?$char_traits@D@std@@V?$allocator@D@2@@std@@QAEAAV12@PBDI@Z 10012a30 f i common:Utils.obj
 0001:00011af0       ?_Freeze@?$basic_string@DU?$char_traits@D@std@@V?$allocator@D@2@@std@@AAEXXZ 10012af0 f i common:Utils.obj
 0001:00011b70       ?_Init@?$basic_filebuf@DU?$char_traits@D@std@@@std@@IAEXPAU_iobuf@@W4_Initfl@12@@Z 10012b70 f i common:Utils.obj
 0001:00011c50       ??0locale@std@@QAE@XZ      10012c50 f i common:Utils.obj
 0001:00011cd0       ??0CThread@Win32@OnlineGameLib@@QAE@XZ 10012cd0 f   common:Thread.obj
 0001:00011cf0       ??_GCThread@Win32@OnlineGameLib@@UAEPAXI@Z 10012cf0 f i common:Thread.obj
 0001:00011cf0       ??_ECThread@Win32@OnlineGameLib@@UAEPAXI@Z 10012cf0 f i common:Thread.obj
 0001:00011d10       ??1CThread@Win32@OnlineGameLib@@UAE@XZ 10012d10 f   common:Thread.obj
 0001:00011d50       ?GetHandle@CThread@Win32@OnlineGameLib@@QBEPAXXZ 10012d50 f   common:Thread.obj
 0001:00011d60       ?Start@CThread@Win32@OnlineGameLib@@QAEXXZ 10012d60 f   common:Thread.obj
 0001:00011f40       ?Wait@CThread@Win32@OnlineGameLib@@QBEXXZ 10012f40 f   common:Thread.obj
 0001:00012040       ?Wait@CThread@Win32@OnlineGameLib@@QBE_NK@Z 10013040 f   common:Thread.obj
 0001:00012130       ?ThreadFunction@CThread@Win32@OnlineGameLib@@CGIPAX@Z 10013130 f   common:Thread.obj
 0001:000121a0       ?ThreadFunction1@CThread@Win32@OnlineGameLib@@CGIPAX@Z 100131a0 f   common:Thread.obj
 0001:00012210       ?Terminate@CThread@Win32@OnlineGameLib@@QAEXK@Z 10013210 f   common:Thread.obj
 0001:000122a0       ?KSG_DecodeEncode@@YAHIPAEPAI@Z 100132a0 f   common:KSG_EncodeDecode.obj
 0001:00012300       ?KSG_DecodeEncode_ASM@@YAHIPAEPAI@Z 10013300 f   common:KSG_EncodeDecode.obj
 0001:00012360       ??0CSocketAddress@Win32@OnlineGameLib@@QAE@PBUsockaddr@@@Z 10013360 f   common:SocketAddress.obj
 0001:00012540       ?GetAsString@CSocketAddress@Win32@OnlineGameLib@@QBE?AV?$basic_string@DU?$char_traits@D@std@@V?$allocator@D@2@@std@@XZ 10013540 f   common:SocketAddress.obj
 0001:00012670       ?ToString@Win32@OnlineGameLib@@YA?AV?$basic_string@DU?$char_traits@D@std@@V?$allocator@D@2@@std@@G@Z 10013670 f i common:SocketAddress.obj
 0001:00012870       ??6?$basic_ostream@DU?$char_traits@D@std@@@std@@QAEAAV01@G@Z 10013870 f i common:SocketAddress.obj
 0001:00012b30       ??0CIOCompletionPort@Win32@OnlineGameLib@@QAE@I@Z 10013b30 f   common:IOCompletionPort.obj
 0001:00012c10       ??1CIOCompletionPort@Win32@OnlineGameLib@@QAE@XZ 10013c10 f   common:IOCompletionPort.obj
 0001:00012c30       ?AssociateDevice@CIOCompletionPort@Win32@OnlineGameLib@@QAEXPAXK@Z 10013c30 f   common:IOCompletionPort.obj
 0001:00012d10       ?PostStatus@CIOCompletionPort@Win32@OnlineGameLib@@QAEXKKPAU_OVERLAPPED@@@Z 10013d10 f   common:IOCompletionPort.obj
 0001:00012df0       ?GetStatus@CIOCompletionPort@Win32@OnlineGameLib@@QAEKPAK0PAPAU_OVERLAPPED@@@Z 10013df0 f   common:IOCompletionPort.obj
 0001:00012e20       ?GetStatus@CIOCompletionPort@Win32@OnlineGameLib@@QAEKPAK0PAPAU_OVERLAPPED@@K@Z 10013e20 f   common:IOCompletionPort.obj
 0001:00012e90       ??0CUsesWinsock@Win32@OnlineGameLib@@QAE@XZ 10013e90 f   common:UsesWinsock.obj
 0001:00012f60       ??1CUsesWinsock@Win32@OnlineGameLib@@QAE@XZ 10013f60 f   common:UsesWinsock.obj
 0001:00012fa0       ??0CManualResetEvent@Win32@OnlineGameLib@@QAE@_N@Z 10013fa0 f   common:ManualResetEvent.obj
 0001:00012fc0       ??_GCManualResetEvent@Win32@OnlineGameLib@@UAEPAXI@Z 10013fc0 f i common:ManualResetEvent.obj
 0001:00012fc0       ??_ECManualResetEvent@Win32@OnlineGameLib@@UAEPAXI@Z 10013fc0 f i common:ManualResetEvent.obj
 0001:00012fe0       ??0CManualResetEvent@Win32@OnlineGameLib@@QAE@PBD_N@Z 10013fe0 f   common:ManualResetEvent.obj
 0001:00013010       ??0CNodeList@OnlineGameLib@@QAE@XZ 10014010 f   common:NodeList.obj
 0001:00013020       ?PushNode@CNodeList@OnlineGameLib@@QAEXPAVNode@12@@Z 10014020 f   common:NodeList.obj
 0001:00013050       ?PopNode@CNodeList@OnlineGameLib@@QAEPAVNode@12@XZ 10014050 f   common:NodeList.obj
 0001:00013070       ?RemoveNode@CNodeList@OnlineGameLib@@AAEXPAVNode@12@@Z 10014070 f   common:NodeList.obj
 0001:00013090       ??0Node@CNodeList@OnlineGameLib@@IAE@XZ 10014090 f   common:NodeList.obj
 0001:000130a0       ??1Node@CNodeList@OnlineGameLib@@IAE@XZ 100140a0 f   common:NodeList.obj
 0001:00013100       ?AddToList@Node@CNodeList@OnlineGameLib@@QAEXPAV23@@Z 10014100 f   common:NodeList.obj
 0001:00013110       ?RemoveFromList@Node@CNodeList@OnlineGameLib@@QAEXXZ 10014110 f   common:NodeList.obj
 0001:00013120       ?Unlink@Node@CNodeList@OnlineGameLib@@AAEXXZ 10014120 f   common:NodeList.obj
 0001:00013150       ??0CSocket@Win32@OnlineGameLib@@QAE@XZ 10014150 f   common:Socket.obj
 0001:00013160       ??0CSocket@Win32@OnlineGameLib@@QAE@I@Z 10014160 f   common:Socket.obj
 0001:00013230       ??1Exception@CSocket@Win32@OnlineGameLib@@UAE@XZ 10014230 f i common:Socket.obj
 0001:000132b0       ??0Exception@CSocket@Win32@OnlineGameLib@@QAE@ABV0123@@Z 100142b0 f i common:Socket.obj
 0001:000133f0       ??_EException@CSocket@Win32@OnlineGameLib@@UAEPAXI@Z 100143f0 f i common:Socket.obj
 0001:000133f0       ??_GException@CSocket@Win32@OnlineGameLib@@UAEPAXI@Z 100143f0 f i common:Socket.obj
 0001:00013410       ??1CSocket@Win32@OnlineGameLib@@QAE@XZ 10014410 f   common:Socket.obj
 0001:00013460       ?Attach@CSocket@Win32@OnlineGameLib@@QAEXI@Z 10014460 f   common:Socket.obj
 0001:00013480       ?Detatch@CSocket@Win32@OnlineGameLib@@QAEIXZ 10014480 f   common:Socket.obj
 0001:00013490       ?Close@CSocket@Win32@OnlineGameLib@@QAEXXZ 10014490 f   common:Socket.obj
 0001:00013560       ?AbortiveClose@CSocket@Win32@OnlineGameLib@@QAEXXZ 10014560 f   common:Socket.obj
 0001:00013650       ?Shutdown@CSocket@Win32@OnlineGameLib@@QAEXH@Z 10014650 f   common:Socket.obj
 0001:00013720       ?Listen@CSocket@Win32@OnlineGameLib@@QAEXH@Z 10014720 f   common:Socket.obj
 0001:000137f0       ?Bind@CSocket@Win32@OnlineGameLib@@QAEXABUsockaddr_in@@@Z 100147f0 f   common:Socket.obj
 0001:000138c0       ?Bind@CSocket@Win32@OnlineGameLib@@QAEXABUsockaddr@@I@Z 100148c0 f   common:Socket.obj
 0001:00013990       ?Connect@CSocket@Win32@OnlineGameLib@@QAEXABUsockaddr_in@@@Z 10014990 f   common:Socket.obj
 0001:00013a60       ?Connect@CSocket@Win32@OnlineGameLib@@QAEXABUsockaddr@@I@Z 10014a60 f   common:Socket.obj
 0001:00013b30       ??0InternetAddress@CSocket@Win32@OnlineGameLib@@QAE@KG@Z 10014b30 f   common:Socket.obj
 0001:00013b60       ??0InternetAddress@CSocket@Win32@OnlineGameLib@@QAE@ABV?$basic_string@DU?$char_traits@D@std@@V?$allocator@D@2@@std@@G@Z 10014b60 f   common:Socket.obj
 0001:00013ba0       ??0Exception@CSocket@Win32@OnlineGameLib@@AAE@ABV?$basic_string@DU?$char_traits@D@std@@V?$allocator@D@2@@std@@K@Z 10014ba0 f   common:Socket.obj
 0001:00013bf0       ??2@YAPAXI@Z               10014bf0 f   LIBCMT:new.obj
 0001:00013bfe       ??3@YAXPAX@Z               10014bfe f   LIBCMT:delete.obj
 0001:00013c09       ?_JumpToContinuation@@YGXPAXPAUEHRegistrationNode@@@Z 10014c09 f   LIBCMT:trnsctrl.obj
 0001:00013c3d       ?_CallMemberFunction0@@YGXPAX0@Z 10014c3d f   LIBCMT:trnsctrl.obj
 0001:00013c44       ?_CallMemberFunction1@@YGXPAX00@Z 10014c44 f   LIBCMT:trnsctrl.obj
 0001:00013c4b       ?_CallMemberFunction2@@YGXPAX00H@Z 10014c4b f   LIBCMT:trnsctrl.obj
 0001:00013c52       ?_UnwindNestedFrames@@YGXPAUEHRegistrationNode@@PAUEHExceptionRecord@@@Z 10014c52 f   LIBCMT:trnsctrl.obj
 0001:00013ca1       ___CxxFrameHandler         10014ca1 f   LIBCMT:trnsctrl.obj
 0001:00013cd7       ___CxxLongjmpUnwind@4      10014cd7 f   LIBCMT:trnsctrl.obj
 0001:00013cf1       ?_CallCatchBlock2@@YAPAXPAUEHRegistrationNode@@PBU_s_FuncInfo@@PAXHK@Z 10014cf1 f   LIBCMT:trnsctrl.obj
 0001:00013d6a       ?_CallSETranslator@@YAHPAUEHExceptionRecord@@PAUEHRegistrationNode@@PAX2PBU_s_FuncInfo@@H1@Z 10014d6a f   LIBCMT:trnsctrl.obj
 0001:00013e95       ?_GetRangeOfTrysToCheck@@YAPBU_s_TryBlockMapEntry@@PBU_s_FuncInfo@@HHPAI1@Z 10014e95 f   LIBCMT:trnsctrl.obj
 0001:00013f10       __global_unwind2           10014f10 f   LIBCMT:exsup.obj
 0001:00013f52       __local_unwind2            10014f52 f   LIBCMT:exsup.obj
 0001:00013faa       __NLG_Return2              10014faa f   LIBCMT:exsup.obj
 0001:00013fba       __abnormal_termination     10014fba f   LIBCMT:exsup.obj
 0001:00013fdd       __NLG_Notify1              10014fdd f   LIBCMT:exsup.obj
 0001:00013fe6       __NLG_Notify               10014fe6 f   LIBCMT:exsup.obj
 0001:00013ff9       __NLG_Dispatch             10014ff9 f   LIBCMT:exsup.obj
 0001:00013ffe       _time                      10014ffe f   LIBCMT:time.obj
 0001:000140da       __purecall                 100150da f   LIBCMT:purevirt.obj
 0001:000140e3       ??1type_info@@UAE@XZ       100150e3 f   LIBCMT:typinfo.obj
 0001:0001410c       ??_Gtype_info@@UAEPAXI@Z   1001510c f i LIBCMT:typinfo.obj
 0001:0001410c       ??_Etype_info@@UAEPAXI@Z   1001510c f i LIBCMT:typinfo.obj
 0001:00014128       ??8type_info@@QBEHABV0@@Z  10015128 f   LIBCMT:typinfo.obj
 0001:00014143       ??9type_info@@QBEHABV0@@Z  10015143 f   LIBCMT:typinfo.obj
 0001:0001415f       ?before@type_info@@QBEHABV1@@Z 1001515f f   LIBCMT:typinfo.obj
 0001:0001417e       ?raw_name@type_info@@QBEPBDXZ 1001517e f   LIBCMT:typinfo.obj
 0001:00014182       ??0type_info@@AAE@ABV0@@Z  10015182 f   LIBCMT:typinfo.obj
 0001:0001418d       ??4type_info@@AAEAAV0@ABV0@@Z 1001518d f   LIBCMT:typinfo.obj
 0001:00014192       __beginthreadex            10015192 f   LIBCMT:threadex.obj
 0001:00014299       __endthreadex              10015299 f   LIBCMT:threadex.obj
 0001:000142cb       __CxxThrowException@8      100152cb f   LIBCMT:throw.obj
 0001:00014310       _memmove                   10015310 f   LIBCMT:memmove.obj
 0001:00014645       _printf                    10015645 f   LIBCMT:printf.obj
 0001:00014686       ??0exception@@QAE@XZ       10015686 f   LIBCMT:stdexcpt.obj
 0001:00014697       ??_Eexception@@UAEPAXI@Z   10015697 f i LIBCMT:stdexcpt.obj
 0001:00014697       ??_Gexception@@UAEPAXI@Z   10015697 f i LIBCMT:stdexcpt.obj
 0001:000146b3       ??0exception@@QAE@ABQBD@Z  100156b3 f   LIBCMT:stdexcpt.obj
 0001:000146f0       ??0exception@@QAE@ABV0@@Z  100156f0 f   LIBCMT:stdexcpt.obj
 0001:0001473a       ??4exception@@QAEAAV0@ABV0@@Z 1001573a f   LIBCMT:stdexcpt.obj
 0001:00014759       ??1exception@@UAE@XZ       10015759 f   LIBCMT:stdexcpt.obj
 0001:0001476f       ?what@exception@@UBEPBDXZ  1001576f f   LIBCMT:stdexcpt.obj
 0001:0001477c       __onexit                   1001577c f   LIBCMT:onexit.obj
 0001:000147fa       _atexit                    100157fa f   LIBCMT:onexit.obj
 0001:0001480c       ___onexitinit              1001580c f   LIBCMT:onexit.obj
 0001:0001483b       _sprintf                   1001583b f   LIBCMT:sprintf.obj
 0001:0001488d       __fpmath                   1001588d f   LIBCMT:fpinit.obj
 0001:000148a4       __fpclear                  100158a4 f   LIBCMT:fpinit.obj
 0001:000148a5       __cfltcvt_init             100158a5 f   LIBCMT:fpinit.obj
 0001:000148dd       ___setfflag                100158dd f   LIBCMT:fpinit.obj
 0001:000148f0       _memchr                    100158f0 f   LIBCMT:memchr.obj
 0001:00014995       _localeconv                10015995 f   LIBCMT:lconv.obj
 0001:000149a0       _strcspn                   100159a0 f   LIBCMT:strcspn.obj
 0001:000149de       __CRT_INIT@12              100159de f   LIBCMT:dllcrt0.obj
 0001:00014ab7       __DllMainCRTStartup@12     10015ab7 f   LIBCMT:dllcrt0.obj
 0001:00014b54       __amsg_exit                10015b54 f   LIBCMT:dllcrt0.obj
 0001:00014b87       _fclose                    10015b87 f   LIBCMT:fclose.obj
 0001:00014bb8       __fclose_lk                10015bb8 f   LIBCMT:fclose.obj
 0001:00014c04       __toupper                  10015c04 f   LIBCMT:toupper.obj
 0001:00014c0c       _toupper                   10015c0c f   LIBCMT:toupper.obj
 0001:00014c7b       __toupper_lk               10015c7b f   LIBCMT:toupper.obj
 0001:00014d47       _isalpha                   10015d47 f   LIBCMT:_ctype.obj
 0001:00014d75       _isupper                   10015d75 f   LIBCMT:_ctype.obj
 0001:00014d9d       _islower                   10015d9d f   LIBCMT:_ctype.obj
 0001:00014dc5       _isdigit                   10015dc5 f   LIBCMT:_ctype.obj
 0001:00014ded       _isxdigit                  10015ded f   LIBCMT:_ctype.obj
 0001:00014e1a       _isspace                   10015e1a f   LIBCMT:_ctype.obj
 0001:00014e42       _ispunct                   10015e42 f   LIBCMT:_ctype.obj
 0001:00014e6a       _isalnum                   10015e6a f   LIBCMT:_ctype.obj
 0001:00014e98       _isprint                   10015e98 f   LIBCMT:_ctype.obj
 0001:00014ec6       _isgraph                   10015ec6 f   LIBCMT:_ctype.obj
 0001:00014ef4       _iscntrl                   10015ef4 f   LIBCMT:_ctype.obj
 0001:00014f1c       ___isascii                 10015f1c f   LIBCMT:_ctype.obj
 0001:00014f29       ___toascii                 10015f29 f   LIBCMT:_ctype.obj
 0001:00014f31       ___iscsymf                 10015f31 f   LIBCMT:_ctype.obj
 0001:00014f6e       ___iscsym                  10015f6e f   LIBCMT:_ctype.obj
 0001:00014fab       _atol                      10015fab f   LIBCMT:atox.obj
 0001:00015036       _atoi                      10016036 f   LIBCMT:atox.obj
 0001:00015041       __atoi64                   10016041 f   LIBCMT:atox.obj
 0001:000150fb       _strtok                    100160fb f   LIBCMT:strtok.obj
 0001:0001519f       _fwrite                    1001619f f   LIBCMT:fwrite.obj
 0001:000151ce       __fwrite_lk                100161ce f   LIBCMT:fwrite.obj
 0001:000152d8       _fputc                     100162d8 f   LIBCMT:fputc.obj
 0001:00015313       _putc                      10016313 f   LIBCMT:fputc.obj
 0001:00015323       _fgetc                     10016323 f   LIBCMT:fgetc.obj
 0001:00015354       _getc                      10016354 f   LIBCMT:fgetc.obj
 0001:0001535f       _ungetc                    1001635f f   LIBCMT:ungetc.obj
 0001:00015388       __ungetc_lk                10016388 f   LIBCMT:ungetc.obj
 0001:000153f6       _fgetpos                   100163f6 f   LIBCMT:fgetpos.obj
 0001:00015418       _fseek                     10016418 f   LIBCMT:fseek.obj
 0001:00015444       __fseek_lk                 10016444 f   LIBCMT:fseek.obj
 0001:000154d1       _fsetpos                   100164d1 f   LIBCMT:fsetpos.obj
 0001:000154e9       _setvbuf                   100164e9 f   LIBCMT:setvbuf.obj
 0001:00015598       _fflush                    10016598 f   LIBCMT:fflush.obj
 0001:000155c7       __fflush_lk                100165c7 f   LIBCMT:fflush.obj
 0001:000155f5       __flush                    100165f5 f   LIBCMT:fflush.obj
 0001:00015651       __flushall                 10016651 f   LIBCMT:fflush.obj
 0001:000156fe       _malloc                    100166fe f   LIBCMT:malloc.obj
 0001:00015710       __nh_malloc                10016710 f   LIBCMT:malloc.obj
 0001:0001573c       __heap_alloc               1001673c f   LIBCMT:malloc.obj
 0001:0001578a       _free                      1001678a f   LIBCMT:free.obj
 0001:000157d2       ___InternalCxxFrameHandler 100167d2 f   LIBCMT:frame.obj
 0001:00015b27       ___FrameUnwindToState      10016b27 f   LIBCMT:frame.obj
 0001:00015f5f       ?_DestructExceptionObject@@YAXPAUEHExceptionRecord@@E@Z 10016f5f f   LIBCMT:frame.obj
 0001:00015ff0       __CallSettingFrame@12      10016ff0 f   LIBCMT:lowhelpr.obj
 0001:00016017       __NLG_Return               10017017 f   LIBCMT:lowhelpr.obj
 0001:0001603c       __mtinit                   1001703c f   LIBCMT:tidtable.obj
 0001:00016090       __mtterm                   10017090 f   LIBCMT:tidtable.obj
 0001:000160ae       __initptd                  100170ae f   LIBCMT:tidtable.obj
 0001:000160c1       __getptd                   100170c1 f   LIBCMT:tidtable.obj
 0001:00016128       __freeptd                  10017128 f   LIBCMT:tidtable.obj
 0001:000161c8       ___threadid                100171c8 f   LIBCMT:tidtable.obj
 0001:000161ce       ___threadhandle            100171ce f   LIBCMT:tidtable.obj
 0001:000161d4       ?terminate@@YAXXZ          100171d4 f   LIBCMT:hooks.obj
 0001:00016235       ?unexpected@@YAXXZ         10017235 f   LIBCMT:hooks.obj
 0001:0001624d       ?_inconsistency@@YAXXZ     1001724d f   LIBCMT:hooks.obj
 0001:000162a3       ___loctotime_t             100172a3 f   LIBCMT:dtoxtime.obj
 0001:00016365       __mtinitlocks              10017365 f   LIBCMT:mlock.obj
 0001:0001638e       __mtdeletelocks            1001738e f   LIBCMT:mlock.obj
 0001:000163fa       __lock                     100173fa f   LIBCMT:mlock.obj
 0001:0001645b       __unlock                   1001745b f   LIBCMT:mlock.obj
 0001:00016470       __lockerr_exit             10017470 f   LIBCMT:mlock.obj
 0001:00016490       _strcmp                    10017490 f   LIBCMT:strcmp.obj
 0001:00016514       __dosmaperr                10017514 f   LIBCMT:dosmap.obj
 0001:00016587       __errno                    10017587 f   LIBCMT:dosmap.obj
 0001:00016590       ___doserrno                10017590 f   LIBCMT:dosmap.obj
 0001:00016599       _calloc                    10017599 f   LIBCMT:calloc.obj
 0001:00016626       __cinit                    10017626 f   LIBCMT:crt0dat.obj
 0001:00016653       _exit                      10017653 f   LIBCMT:crt0dat.obj
 0001:00016664       __exit                     10017664 f   LIBCMT:crt0dat.obj
 0001:00016675       __cexit                    10017675 f   LIBCMT:crt0dat.obj
 0001:00016684       __c_exit                   10017684 f   LIBCMT:crt0dat.obj
 0001:00016738       __lockexit                 10017738 f   LIBCMT:crt0dat.obj
 0001:00016741       __unlockexit               10017741 f   LIBCMT:crt0dat.obj
 0001:00016764       __XcptFilter               10017764 f   LIBCMT:winxfltr.obj
 0001:000168e4       __except_handler3          100178e4 f   LIBCMT:exsup3.obj
 0001:000169a1       __seh_longjmp_unwind@4     100179a1 f   LIBCMT:exsup3.obj
 0001:000169bc       ?__CxxUnhandledExceptionFilter@@YGJPAU_EXCEPTION_POINTERS@@@Z 100179bc f   LIBCMT:unhandld.obj
 0001:00016a02       ?__CxxSetUnhandledExceptionFilter@@YAXXZ 10017a02 f   LIBCMT:unhandld.obj
 0001:00016a13       ?__CxxRestoreUnhandledExceptionFilter@@YAXXZ 10017a13 f   LIBCMT:unhandld.obj
 0001:00016a20       ___initstdio               10017a20 f   LIBCMT:_file.obj
 0001:00016ac8       ___endstdio                10017ac8 f   LIBCMT:_file.obj
 0001:00016adc       __lock_file                10017adc f   LIBCMT:_file.obj
 0001:00016b0b       __lock_file2               10017b0b f   LIBCMT:_file.obj
 0001:00016b2e       __unlock_file              10017b2e f   LIBCMT:_file.obj
 0001:00016b5d       __unlock_file2             10017b5d f   LIBCMT:_file.obj
 0001:00016b80       __stbuf                    10017b80 f   LIBCMT:_sftbuf.obj
 0001:00016c0d       __ftbuf                    10017c0d f   LIBCMT:_sftbuf.obj
 0001:00016c37       __output                   10017c37 f   LIBCMT:output.obj
 0001:00017450       _strcpy                    10018450 f   LIBCMT:strcat.obj
 0001:00017460       _strcat                    10018460 f   LIBCMT:strcat.obj
 0001:00017540       _strlen                    10018540 f   LIBCMT:strlen.obj
 0001:000175bb       _realloc                   100185bb f   LIBCMT:realloc.obj
 0001:000176f3       __msize                    100186f3 f   LIBCMT:msize.obj
 0001:00017738       __flsbuf                   10018738 f   LIBCMT:_flsbuf.obj
 0001:00017850       __setdefaultprecision      10018850 f   LIBCMT:fp8.obj
 0001:00017862       __ms_p5_test_fdiv          10018862 f   LIBCMT:testfdiv.obj
 0001:000178a0       __ms_p5_mp_test_fdiv       100188a0 f   LIBCMT:testfdiv.obj
 0001:000178c9       __forcdecpt                100188c9 f   LIBCMT:cvt.obj
 0001:00017923       __cropzeros                10018923 f   LIBCMT:cvt.obj
 0001:00017971       __positive                 10018971 f   LIBCMT:cvt.obj
 0001:00017989       __fassign                  10018989 f   LIBCMT:cvt.obj
 0001:000179c7       __cftoe                    100189c7 f   LIBCMT:cvt.obj
 0001:00017aea       __cftof                    10018aea f   LIBCMT:cvt.obj
 0001:00017be6       __cftog                    10018be6 f   LIBCMT:cvt.obj
 0001:00017c79       __cfltcvt                  10018c79 f   LIBCMT:cvt.obj
 0001:00017cef       __ioinit                   10018cef f   LIBCMT:ioinit.obj
 0001:00017eab       __ioterm                   10018eab f   LIBCMT:ioinit.obj
 0001:00017eff       __setenvp                  10018eff f   LIBCMT:stdenvp.obj
 0001:00017fb8       __setargv                  10018fb8 f   LIBCMT:stdargv.obj
 0001:00018205       ___crtGetEnvironmentStringsA 10019205 f   LIBCMT:a_env.obj
 0001:00018337       __heap_init                10019337 f   LIBCMT:heapinit.obj
 0001:00018373       __heap_term                10019373 f   LIBCMT:heapinit.obj
 0001:000183e8       __FF_MSGBANNER             100193e8 f   LIBCMT:crt0msg.obj
 0001:00018421       __NMSG_WRITE               10019421 f   LIBCMT:crt0msg.obj
 0001:00018574       __GET_RTERRMSG             10019574 f   LIBCMT:crt0msg.obj
 0001:000185a5       __close                    100195a5 f   LIBCMT:close.obj
 0001:00018602       __close_lk                 10019602 f   LIBCMT:close.obj
 0001:00018685       __freebuf                  10019685 f   LIBCMT:_freebuf.obj
 0001:000186b0       _setlocale                 100196b0 f   LIBCMT:setlocal.obj
 0001:00018aca       __expandlocale             10019aca f   LIBCMT:setlocal.obj
 0001:00018be2       ___init_dummy              10019be2 f   LIBCMT:setlocal.obj
 0001:00018be5       __strcats                  10019be5 f   LIBCMT:setlocal.obj
 0001:00018c0a       ___lc_strtolc              10019c0a f   LIBCMT:setlocal.obj
 0001:00018cd6       ___lc_lctostr              10019cd6 f   LIBCMT:setlocal.obj
 0001:00018d29       ___crtLCMapStringA         10019d29 f   LIBCMT:a_map.obj
 0001:00018f78       __isctype                  10019f78 f   LIBCMT:isctype.obj
 0001:00018ff0       __allmul                   10019ff0 f   LIBCMT:llmul.obj
 0001:00019024       __write                    1001a024 f   LIBCMT:write.obj
 0001:00019089       __write_lk                 1001a089 f   LIBCMT:write.obj
 0001:00019220       _memcpy                    1001a220 f   LIBCMT:memcpy.obj
 0001:00019555       __filbuf                   1001a555 f   LIBCMT:_filbuf.obj
 0001:00019631       __getbuf                   1001a631 f   LIBCMT:_getbuf.obj
 0001:00019675       __ftelli64                 1001a675 f   LIBCMT:ftelli64.obj
 0001:0001969d       __ftelli64_lk              1001a69d f   LIBCMT:ftelli64.obj
 0001:0001982d       __lseek                    1001a82d f   LIBCMT:lseek.obj
 0001:00019892       __lseek_lk                 1001a892 f   LIBCMT:lseek.obj
 0001:00019905       _ftell                     1001a905 f   LIBCMT:ftell.obj
 0001:00019927       __ftell_lk                 1001a927 f   LIBCMT:ftell.obj
 0001:00019a88       __fseeki64                 1001aa88 f   LIBCMT:fseeki64.obj
 0001:00019ab7       __fseeki64_lk              1001aab7 f   LIBCMT:fseeki64.obj
 0001:00019b48       __commit                   1001ab48 f   LIBCMT:commit.obj
 0001:00019bdb       ?_set_new_handler@@YAP6AHI@ZP6AHI@Z@Z 1001abdb f   LIBCMT:handler.obj
 0001:00019bff       ?_query_new_handler@@YAP6AHI@ZXZ 1001abff f   LIBCMT:handler.obj
 0001:00019c05       __callnewh                 1001ac05 f   LIBCMT:handler.obj
 0001:00019c20       __get_sbh_threshold        1001ac20 f   LIBCMT:sbheap.obj
 0001:00019c26       __set_sbh_threshold        1001ac26 f   LIBCMT:sbheap.obj
 0001:00019c3d       ___sbh_heap_init           1001ac3d f   LIBCMT:sbheap.obj
 0001:00019c7b       ___sbh_find_block          1001ac7b f   LIBCMT:sbheap.obj
 0001:00019ca6       ___sbh_free_block          1001aca6 f   LIBCMT:sbheap.obj
 0001:00019fd1       ___sbh_alloc_block         1001afd1 f   LIBCMT:sbheap.obj
 0001:0001a2da       ___sbh_alloc_new_region    1001b2da f   LIBCMT:sbheap.obj
 0001:0001a38b       ___sbh_alloc_new_group     1001b38b f   LIBCMT:sbheap.obj
 0001:0001a486       ___sbh_resize_block        1001b486 f   LIBCMT:sbheap.obj
 0001:0001a77c       ___sbh_heapmin             1001b77c f   LIBCMT:sbheap.obj
 0001:0001a84d       ___sbh_heap_check          1001b84d f   LIBCMT:sbheap.obj
 0001:0001ab7c       ?_ValidateRead@@YAHPBXI@Z  1001bb7c f   LIBCMT:validate.obj
 0001:0001ab98       ?_ValidateWrite@@YAHPAXI@Z 1001bb98 f   LIBCMT:validate.obj
 0001:0001abb4       ?_ValidateExecute@@YAHP6GHXZ@Z 1001bbb4 f   LIBCMT:validate.obj
 0001:0001abcc       _abort                     1001bbcc f   LIBCMT:abort.obj
 0001:0001abe3       ___tzset                   1001bbe3 f   LIBCMT:tzset.obj
 0001:0001ac11       __tzset                    1001bc11 f   LIBCMT:tzset.obj
 0001:0001aeae       __isindst                  1001beae f   LIBCMT:tzset.obj
 0001:0001b1c0       _memset                    1001c1c0 f   LIBCMT:memset.obj
 0001:0001b218       __fcloseall                1001c218 f   LIBCMT:closeall.obj
 0001:0001b299       __isatty                   1001c299 f   LIBCMT:isatty.obj
 0001:0001b2c2       _wctomb                    1001c2c2 f   LIBCMT:wctomb.obj
 0001:0001b31b       __wctomb_lk                1001c31b f   LIBCMT:wctomb.obj
 0001:0001b390       __aulldiv                  1001c390 f   LIBCMT:ulldiv.obj
 0001:0001b400       __aullrem                  1001c400 f   LIBCMT:ullrem.obj
 0001:0001b475       __statusfp                 1001c475 f   LIBCMT:ieee87.obj
[...]
 0001:0000e840       _$E18                      1000f840 f   common:Exception.obj
 0001:0000e380       _$E21                      1000f380 f   common:Win32Exception.obj
 0001:0000e3a0       _$E20                      1000f3a0 f   common:Win32Exception.obj
 0001:0000e2c0       _$E23                      1000f2c0 f   common:IOBuffer.obj
 0001:0000e2e0       _$E22                      1000f2e0 f   common:IOBuffer.obj
 0001:0000cb70       ?Create@Win32@OnlineGameLib@@YAPAXPAU_SECURITY_ATTRIBUTES@@_N1PBD@Z 1000db70 f   common:Event.obj
 0001:0000d120       _$E19                      1000e120 f   common:Event.obj
 0001:0000d140       _$E18                      1000e140 f   common:Event.obj
 0001:00009290       ?CalculateNumberOfThreads@Win32@OnlineGameLib@@YAII@Z 1000a290 f   common:SocketServer.obj
 0001:0000cb00       _$E25                      1000db00 f   common:SocketServer.obj
 0001:0000cb20       _$E24                      1000db20 f   common:SocketServer.obj
 0001:0002ffa3       _strtoxl                   10030fa3 f   LIBCMT:strtol.obj
 0001:00020aba       _findenv                   10021aba f   LIBCMT:setenv.obj
 0001:00020b12       _copy_environ              10021b12 f   LIBCMT:setenv.obj
 0001:00020908       _strncnt                   10021908 f   LIBCMT:a_cmp.obj
 0001:0001fdc2       _xtoa                      10020dc2 f   LIBCMT:xtoa.obj
 0001:0001fe94       _x64toa@20                 10020e94 f   LIBCMT:xtoa.obj
 0001:0001f2fb       __expandtime               100202fb f   LIBCMT:strftime.obj
 0001:0001f6ea       __store_str                100206ea f   LIBCMT:strftime.obj
 0001:0001f711       __store_num                10020711 f   LIBCMT:strftime.obj
 0001:0001f780       __store_number             10020780 f   LIBCMT:strftime.obj
 0001:0001f7c9       __store_winword            100207c9 f   LIBCMT:strftime.obj
 0001:0001e27e       _ctrlevent_capture@4       1001f27e f   LIBCMT:winsig.obj
 0001:0001e462       _siglookup                 1001f462 f   LIBCMT:winsig.obj
 0001:0001d517       _TranslateName             1001e517 f   LIBCMT:getqloc.obj
 0001:0001d56f       _GetLcidFromLangCountry    1001e56f f   LIBCMT:getqloc.obj
 0001:0001d5f6       _LangCountryEnumProc@4     1001e5f6 f   LIBCMT:getqloc.obj
 0001:0001d7fa       _GetLcidFromLanguage       1001e7fa f   LIBCMT:getqloc.obj
 0001:0001d850       _LanguageEnumProc@4        1001e850 f   LIBCMT:getqloc.obj
 0001:0001d90d       _GetLcidFromCountry        1001e90d f   LIBCMT:getqloc.obj
 0001:0001d944       _CountryEnumProc@4         1001e944 f   LIBCMT:getqloc.obj
 0001:0001d9ca       _GetLcidFromDefault        1001e9ca f   LIBCMT:getqloc.obj
 0001:0001d9e4       _ProcessCodePage           1001e9e4 f   LIBCMT:getqloc.obj
 0001:0001da4a       _TestDefaultCountry        1001ea4a f   LIBCMT:getqloc.obj
 0001:0001da69       _TestDefaultLanguage       1001ea69 f   LIBCMT:getqloc.obj
 0001:0001dacb       _IsThisWindowsNT           1001eacb f   LIBCMT:getqloc.obj
 0001:0001db01       _crtGetLocaleInfoA@16      1001eb01 f   LIBCMT:getqloc.obj
 0001:0001dbe7       _LcidFromHexString         1001ebe7 f   LIBCMT:getqloc.obj
 0001:0001dc20       _GetPrimaryLen             1001ec20 f   LIBCMT:getqloc.obj
 0001:0001cf2c       __get_lc_lconv             1001df2c f   LIBCMT:initmon.obj
 0001:0001d04e       _fix_grouping              1001e04e f   LIBCMT:initmon.obj
 0001:0001d085       __free_lc_lconv            1001e085 f   LIBCMT:initmon.obj
 0001:0001ce2a       _fix_grouping              1001de2a f   LIBCMT:initnum.obj
 0001:0001c777       __get_lc_time              1001d777 f   LIBCMT:inittime.obj
 0001:0001cac5       __free_lc_time             1001dac5 f   LIBCMT:inittime.obj
 0001:0001bf77       _getSystemCP               1001cf77 f   LIBCMT:mbctype.obj
 0001:0001bfc1       _CPtoLCID                  1001cfc1 f   LIBCMT:mbctype.obj
 0001:0001bff4       _setSBCS                   1001cff4 f   LIBCMT:mbctype.obj
 0001:0001c01d       _setSBUpLow                1001d01d f   LIBCMT:mbctype.obj
 0001:0001b512       __abstract_cw              1001c512 f   LIBCMT:ieee87.obj
 0001:0001b5a4       __hw_cw                    1001c5a4 f   LIBCMT:ieee87.obj
 0001:0001b62d       __abstract_sw              1001c62d f   LIBCMT:ieee87.obj
 0001:0001ac27       __tzset_lk                 1001bc27 f   LIBCMT:tzset.obj
 0001:0001aecf       __isindst_lk               1001becf f   LIBCMT:tzset.obj
 0001:0001b07b       _cvtdate                   1001c07b f   LIBCMT:tzset.obj
 0001:00019290       LeadUp1                    1001a290 f   LIBCMT:memcpy.obj
 0001:000192bc       LeadUp2                    1001a2bc f   LIBCMT:memcpy.obj
 0001:000192e0       LeadUp3                    1001a2e0 f   LIBCMT:memcpy.obj
 0001:0001935f       UnwindUp0                  1001a35f f   LIBCMT:memcpy.obj
 0001:0001934c       UnwindUp1                  1001a34c f   LIBCMT:memcpy.obj
 0001:00019344       UnwindUp2                  1001a344 f   LIBCMT:memcpy.obj
 0001:0001933c       UnwindUp3                  1001a33c f   LIBCMT:memcpy.obj
 0001:00019334       UnwindUp4                  1001a334 f   LIBCMT:memcpy.obj
 0001:0001932c       UnwindUp5                  1001a32c f   LIBCMT:memcpy.obj
 0001:00019324       UnwindUp6                  1001a324 f   LIBCMT:memcpy.obj
 0001:0001931c       UnwindUp7                  1001a31c f   LIBCMT:memcpy.obj
 0001:00019378       TrailUp0                   1001a378 f   LIBCMT:memcpy.obj
 0001:00019380       TrailUp1                   1001a380 f   LIBCMT:memcpy.obj
 0001:0001938c       TrailUp2                   1001a38c f   LIBCMT:memcpy.obj
 0001:000193a0       TrailUp3                   1001a3a0 f   LIBCMT:memcpy.obj
 0001:00019418       LeadDown1                  1001a418 f   LIBCMT:memcpy.obj
 0001:00019438       LeadDown2                  1001a438 f   LIBCMT:memcpy.obj
 0001:00019460       LeadDown3                  1001a460 f   LIBCMT:memcpy.obj
 0001:000194b4       UnwindDown7                1001a4b4 f   LIBCMT:memcpy.obj
 0001:000194bc       UnwindDown6                1001a4bc f   LIBCMT:memcpy.obj
 0001:000194c4       UnwindDown5                1001a4c4 f   LIBCMT:memcpy.obj
 0001:000194cc       UnwindDown4                1001a4cc f   LIBCMT:memcpy.obj
 0001:000194d4       UnwindDown3                1001a4d4 f   LIBCMT:memcpy.obj
 0001:000194dc       UnwindDown2                1001a4dc f   LIBCMT:memcpy.obj
 0001:000194e4       UnwindDown1                1001a4e4 f   LIBCMT:memcpy.obj
 0001:000194f7       UnwindDown0                1001a4f7 f   LIBCMT:memcpy.obj
 0001:00019510       TrailDown0                 1001a510 f   LIBCMT:memcpy.obj
 0001:00019518       TrailDown1                 1001a518 f   LIBCMT:memcpy.obj
 0001:00019528       TrailDown2                 1001a528 f   LIBCMT:memcpy.obj
 0001:0001953c       TrailDown3                 1001a53c f   LIBCMT:memcpy.obj
 0001:00018f4d       _strncnt                   10019f4d f   LIBCMT:a_map.obj
 0001:000188f6       __setlocale_set_cat        100198f6 f   LIBCMT:setlocal.obj
 0001:00018a11       __setlocale_get_all        10019a11 f   LIBCMT:setlocal.obj
 0001:00018051       _parse_cmdline             10019051 f   LIBCMT:stdargv.obj
 0001:00017a28       __cftoe2                   10018a28 f   LIBCMT:cvt.obj
 0001:00017b3f       __cftof2                   10018b3f f   LIBCMT:cvt.obj
 0001:00017cca       __shift                    10018cca f   LIBCMT:cvt.obj
 0001:00017378       _write_char                10018378 f   LIBCMT:output.obj
 0001:000173ad       _write_multi_char          100183ad f   LIBCMT:output.obj
 0001:000173de       _write_string              100183de f   LIBCMT:output.obj
 0001:00017416       _get_int_arg               10018416 f   LIBCMT:output.obj
 0001:00017423       _get_int64_arg             10018423 f   LIBCMT:output.obj
 0001:00017433       _get_short_arg             10018433 f   LIBCMT:output.obj
 0001:000168a2       _xcptlookup                100178a2 f   LIBCMT:winxfltr.obj
 0001:00016693       _doexit                    10017693 f   LIBCMT:crt0dat.obj
 0001:0001674a       __initterm                 1001774a f   LIBCMT:crt0dat.obj
 0001:0001586d       ?FindHandler@@YAXPAUEHExceptionRecord@@PAUEHRegistrationNode@@PAU_CONTEXT@@PAXPBU_s_FuncInfo@@EH1@Z 1001686d f   LIBCMT:frame.obj
 0001:00015a20       ?FindHandlerForForeignException@@YAXPAUEHExceptionRecord@@PAUEHRegistrationNode@@PAU_CONTEXT@@PAXPBU_s_FuncInfo@@HH1@Z 10016a20 f   LIBCMT:frame.obj
 0001:00015aca       ?TypeMatch@@YAHPBU_s_HandlerType@@PBU_s_CatchableType@@PBU_s_ThrowInfo@@@Z 10016aca f   LIBCMT:frame.obj
 0001:00015bc5       ?FrameUnwindFilter@@YAHPAU_EXCEPTION_POINTERS@@@Z 10016bc5 f   LIBCMT:frame.obj
 0001:00015bdb       ?CatchIt@@YAXPAUEHExceptionRecord@@PAUEHRegistrationNode@@PAU_CONTEXT@@PAXPBU_s_FuncInfo@@PBU_s_HandlerType@@PBU_s_CatchableType@@PBU_s_TryBlockMapEntry@@H1E@Z 10016bdb f   LIBCMT:frame.obj
 0001:00015c56       ?CallCatchBlock@@YAPAXPAUEHExceptionRecord@@PAUEHRegistrationNode@@PAU_CONTEXT@@PBU_s_FuncInfo@@PAXHK@Z 10016c56 f   LIBCMT:frame.obj
 0001:00015d71       ?ExFilterRethrow@@YAHPAU_EXCEPTION_POINTERS@@@Z 10016d71 f   LIBCMT:frame.obj
 0001:00015d9b       ?BuildCatchObject@@YAXPAUEHExceptionRecord@@PAUEHRegistrationNode@@PBU_s_HandlerType@@PBU_s_CatchableType@@@Z 10016d9b f   LIBCMT:frame.obj
 0001:00015fc6       ?AdjustPointer@@YAPAXPAXABUPMD@@@Z 10016fc6 f   LIBCMT:frame.obj
 0001:0001565a       _flsall                    1001665a f   LIBCMT:fflush.obj
 0001:00014380       LeadUp1                    10015380 f   LIBCMT:memmove.obj
 0001:000143ac       LeadUp2                    100153ac f   LIBCMT:memmove.obj
 0001:000143d0       LeadUp3                    100153d0 f   LIBCMT:memmove.obj
 0001:0001444f       UnwindUp0                  1001544f f   LIBCMT:memmove.obj
 0001:0001443c       UnwindUp1                  1001543c f   LIBCMT:memmove.obj
 0001:00014434       UnwindUp2                  10015434 f   LIBCMT:memmove.obj
 0001:0001442c       UnwindUp3                  1001542c f   LIBCMT:memmove.obj
 0001:00014424       UnwindUp4                  10015424 f   LIBCMT:memmove.obj
 0001:0001441c       UnwindUp5                  1001541c f   LIBCMT:memmove.obj
 0001:00014414       UnwindUp6                  10015414 f   LIBCMT:memmove.obj
 0001:0001440c       UnwindUp7                  1001540c f   LIBCMT:memmove.obj
 0001:00014468       TrailUp0                   10015468 f   LIBCMT:memmove.obj
 0001:00014470       TrailUp1                   10015470 f   LIBCMT:memmove.obj
 0001:0001447c       TrailUp2                   1001547c f   LIBCMT:memmove.obj
 0001:00014490       TrailUp3                   10015490 f   LIBCMT:memmove.obj
 0001:00014508       LeadDown1                  10015508 f   LIBCMT:memmove.obj
 0001:00014528       LeadDown2                  10015528 f   LIBCMT:memmove.obj
 0001:00014550       LeadDown3                  10015550 f   LIBCMT:memmove.obj
 0001:000145a4       UnwindDown7                100155a4 f   LIBCMT:memmove.obj
 0001:000145ac       UnwindDown6                100155ac f   LIBCMT:memmove.obj
 0001:000145b4       UnwindDown5                100155b4 f   LIBCMT:memmove.obj
 0001:000145bc       UnwindDown4                100155bc f   LIBCMT:memmove.obj
 0001:000145c4       UnwindDown3                100155c4 f   LIBCMT:memmove.obj
 0001:000145cc       UnwindDown2                100155cc f   LIBCMT:memmove.obj
 0001:000145d4       UnwindDown1                100155d4 f   LIBCMT:memmove.obj
 0001:000145e7       UnwindDown0                100155e7 f   LIBCMT:memmove.obj
 0001:00014600       TrailDown0                 10015600 f   LIBCMT:memmove.obj
 0001:00014608       TrailDown1                 10015608 f   LIBCMT:memmove.obj
 0001:00014618       TrailDown2                 10015618 f   LIBCMT:memmove.obj
 0001:0001462c       TrailDown3                 1001562c f   LIBCMT:memmove.obj
 0001:000141fd       __threadstartex@4          100151fd f   LIBCMT:threadex.obj
 0001:00013f28       _gu_return                 10014f28 f   LIBCMT:exsup.obj
 0001:00013f30       __unwind_handler           10014f30 f   LIBCMT:exsup.obj
 0001:00013d45       ?CatchGuardHandler@@YA?AW4_EXCEPTION_DISPOSITION@@PAUEHExceptionRecord@@PAUCatchGuardRN@@PAX2@Z 10014d45 f   LIBCMT:trnsctrl.obj
 0001:00013e20       ?TranslatorGuardHandler@@YA?AW4_EXCEPTION_DISPOSITION@@PAUEHExceptionRecord@@PAUTranslatorGuardRN@@PAX2@Z 10014e20 f   LIBCMT:trnsctrl.obj
 0001:0002f804       __Mbrtowc_lk               10030804 f   libcpmt:xmbtowc.obj
 0001:0002f0d0       _$E37                      100300d0 f   libcpmt:xlocale.obj
 0001:0002f0e5       _$E36                      100300e5 f   libcpmt:xlocale.obj
 0001:0002c207       _$E47                      1002d207 f   libcpmt:wlocale.obj
 0001:0002c21c       _$E46                      1002d21c f   libcpmt:wlocale.obj
 0001:00026019       _$E2                       10027019 f   libcpmt:nomemory.obj
 0001:00025092       _$E18                      10026092 f   libcpmt:wiostrea.obj
 0001:0002509c       _$E15                      1002609c f   libcpmt:wiostrea.obj
 0001:000250a6       _$E17                      100260a6 f   libcpmt:wiostrea.obj
 0001:000250b2       _$E16                      100260b2 f   libcpmt:wiostrea.obj
 0001:000250bc       _$E24                      100260bc f   libcpmt:wiostrea.obj
 0001:000250c6       _$E21                      100260c6 f   libcpmt:wiostrea.obj
 0001:000250d0       _$E23                      100260d0 f   libcpmt:wiostrea.obj
 0001:000250dc       _$E22                      100260dc f   libcpmt:wiostrea.obj
 0001:000250e6       _$E29                      100260e6 f   libcpmt:wiostrea.obj
 0001:000250f0       _$E26                      100260f0 f   libcpmt:wiostrea.obj
 0001:000250fd       _$E28                      100260fd f   libcpmt:wiostrea.obj
 0001:00025109       _$E27                      10026109 f   libcpmt:wiostrea.obj
 0001:00025113       _$E34                      10026113 f   libcpmt:wiostrea.obj
 0001:0002511d       _$E31                      1002611d f   libcpmt:wiostrea.obj
 0001:0002512a       _$E33                      1002612a f   libcpmt:wiostrea.obj
 0001:00025136       _$E32                      10026136 f   libcpmt:wiostrea.obj
 0001:00025140       _$E39                      10026140 f   libcpmt:wiostrea.obj
 0001:0002514a       _$E36                      1002614a f   libcpmt:wiostrea.obj
 0001:00025157       _$E38                      10026157 f   libcpmt:wiostrea.obj
 0001:00025163       _$E37                      10026163 f   libcpmt:wiostrea.obj
 0001:0002516d       _$E44                      1002616d f   libcpmt:wiostrea.obj
 0001:00025177       _$E41                      10026177 f   libcpmt:wiostrea.obj
 0001:00025186       _$E43                      10026186 f   libcpmt:wiostrea.obj
 0001:00025192       _$E42                      10026192 f   libcpmt:wiostrea.obj
 0001:000251b1       _$E49                      100261b1 f   libcpmt:wiostrea.obj
 0001:000251bb       _$E46                      100261bb f   libcpmt:wiostrea.obj
 0001:000251ca       _$E48                      100261ca f   libcpmt:wiostrea.obj
 0001:000251d6       _$E47                      100261d6 f   libcpmt:wiostrea.obj
 0001:000251f5       _$E54                      100261f5 f   libcpmt:wiostrea.obj
 0001:000251ff       _$E51                      100261ff f   libcpmt:wiostrea.obj
 0001:0002520e       _$E53                      1002620e f   libcpmt:wiostrea.obj
 0001:0002521a       _$E52                      1002621a f   libcpmt:wiostrea.obj
 0001:00025224       _$E59                      10026224 f   libcpmt:wiostrea.obj
 0001:0002522e       _$E56                      1002622e f   libcpmt:wiostrea.obj
 0001:0002523d       _$E58                      1002623d f   libcpmt:wiostrea.obj
 0001:00025249       _$E57                      10026249 f   libcpmt:wiostrea.obj
 0001:00025f17       _$E70                      10026f17 f   libcpmt:wiostrea.obj
 0001:00025f41       _$E66                      10026f41 f   libcpmt:wiostrea.obj
 0001:00025f4d       _$E69                      10026f4d f   libcpmt:wiostrea.obj
 0001:00024b53       _$E18                      10025b53 f   libcpmt:iostream.obj
 0001:00024b5d       _$E15                      10025b5d f   libcpmt:iostream.obj
 0001:00024b6a       _$E17                      10025b6a f   libcpmt:iostream.obj
 0001:00024b76       _$E16                      10025b76 f   libcpmt:iostream.obj
 0001:00024b80       _$E23                      10025b80 f   libcpmt:iostream.obj
 0001:00024b8a       _$E20                      10025b8a f   libcpmt:iostream.obj
 0001:00024b97       _$E22                      10025b97 f   libcpmt:iostream.obj
 0001:00024ba3       _$E21                      10025ba3 f   libcpmt:iostream.obj
 0001:00024bad       _$E28                      10025bad f   libcpmt:iostream.obj
 0001:00024bb7       _$E25                      10025bb7 f   libcpmt:iostream.obj
 0001:00024bc6       _$E27                      10025bc6 f   libcpmt:iostream.obj
 0001:00024bd2       _$E26                      10025bd2 f   libcpmt:iostream.obj
 0001:00024bdc       _$E33                      10025bdc f   libcpmt:iostream.obj
 0001:00024be6       _$E30                      10025be6 f   libcpmt:iostream.obj
 0001:00024bf5       _$E32                      10025bf5 f   libcpmt:iostream.obj
 0001:00024c01       _$E31                      10025c01 f   libcpmt:iostream.obj
 0001:00024c0b       _$E38                      10025c0b f   libcpmt:iostream.obj
 0001:00024c15       _$E35                      10025c15 f   libcpmt:iostream.obj
 0001:00024c22       _$E37                      10025c22 f   libcpmt:iostream.obj
 0001:00024c2e       _$E36                      10025c2e f   libcpmt:iostream.obj
 0001:00024c38       _$E43                      10025c38 f   libcpmt:iostream.obj
 0001:00024c42       _$E40                      10025c42 f   libcpmt:iostream.obj
 0001:00024c51       _$E42                      10025c51 f   libcpmt:iostream.obj
 0001:00024c5d       _$E41                      10025c5d f   libcpmt:iostream.obj
 0001:00024c67       _$E48                      10025c67 f   libcpmt:iostream.obj
 0001:00024c71       _$E45                      10025c71 f   libcpmt:iostream.obj
 0001:00024c80       _$E47                      10025c80 f   libcpmt:iostream.obj
 0001:00024c8c       _$E46                      10025c8c f   libcpmt:iostream.obj
 0001:00025050       _$E60                      10026050 f   libcpmt:iostream.obj
 0001:0002507a       _$E56                      1002607a f   libcpmt:iostream.obj
 0001:00025086       _$E59                      10026086 f   libcpmt:iostream.obj
 0001:00024b11       _$E32                      10025b11 f   libcpmt:locale.obj
 0001:00024b3b       _$E28                      10025b3b f   libcpmt:locale.obj
 0001:00024b47       _$E31                      10025b47 f   libcpmt:locale.obj
 0001:0002206d       _$E18                      1002306d f   libcpmt:locale0.obj
 0001:00022077       _$E15                      10023077 f   libcpmt:locale0.obj
 0001:00022078       _$E17                      10023078 f   libcpmt:locale0.obj
 0001:00022084       _$E16                      10023084 f   libcpmt:locale0.obj
 0001:0002253b       _$E29                      1002353b f   libcpmt:locale0.obj
 0001:00022565       _$E25                      10023565 f   libcpmt:locale0.obj
 0001:00022571       _$E28                      10023571 f   libcpmt:locale0.obj
 0001:00022028       _$E24                      10023028 f   libcpmt:strstrea.obj
 0001:00022052       _$E20                      10023052 f   libcpmt:strstrea.obj
 0001:0002205e       _$E23                      1002305e f   libcpmt:strstrea.obj
 0001:00021143       _$E24                      10022143 f   libcpmt:string.obj
 0001:0002116d       _$E20                      1002216d f   libcpmt:string.obj
 0001:00021179       _$E23                      10022179 f   libcpmt:string.obj
 0001:00020dfc       ?_CleanUp@std@@YAXXZ       10021dfc f   libcpmt:xlock.obj
