 FilterText

 Timestamp is 669cabe7 (Sun Jul 21 13:34:15 2024)

 Preferred load address is 10000000

 Start         Length     Name                   Class
 0001:00000000 0000399eH .text                   CODE
 0001:000039a0 0000019cH .text$x                 CODE
 0002:00000000 0000009cH .idata$5                DATA
 0002:000000a0 000000b4H .rdata                  DATA
 0002:00000158 000002b8H .xdata$x                DATA
 0002:00000410 0000003cH .idata$2                DATA
 0002:0000044c 00000014H .idata$3                DATA
 0002:00000460 0000009cH .idata$4                DATA
 0002:000004fc 0000046cH .idata$6                DATA
 0002:00000970 00000052H .edata                  DATA
 0003:00000000 00000004H .CRT$XCA                DATA
 0003:00000004 00000004H .CRT$XCZ                DATA
 0003:00000008 00000004H .CRT$XIA                DATA
 0003:0000000c 00000004H .CRT$XIZ                DATA
 0003:00000010 000002e0H .data                   DATA
 0003:000002f0 00000018H .bss                    DATA

  Address         Publics by Value              Rva+Base     Lib:Object

 0001:00000000       ?AddExpression@CTextFilter@@MAEHPBD@Z 10001000 f   FilterText.obj
 0001:00000340       ?Clearup@CTextFilter@@MAEHXZ 10001340 f   FilterText.obj
 0001:00000450       ?IsTextPass@CTextFilter@@MAEHPBD@Z 10001450 f   FilterText.obj
 0001:00000630       _CreateTextFilter          10001630 f   FilterText.obj
 0001:00000660       ?CreateInstance@CTextFilter@@SAPAV1@XZ 10001660 f i FilterText.obj
 0001:00000710       ?AddRef@CTextFilter@@MAGKXZ 10001710 f i FilterText.obj
 0001:00000720       ?Release@CTextFilter@@MAGKXZ 10001720 f i FilterText.obj
 0001:00000750       ??1CTextFilter@@IAE@XZ     10001750 f i FilterText.obj
 0001:000007f0       ?QueryInterface@CTextFilter@@MAGJABU_GUID@@PAPAX@Z 100017f0 f i FilterText.obj
 0001:00000800       ??_F?$vector@VRegexp@@V?$allocator@VRegexp@@@std@@@std@@QAEXXZ 10001800 f i FilterText.obj
 0001:00000820       ??1?$vector@VRegexp@@V?$allocator@VRegexp@@@std@@@std@@QAE@XZ 10001820 f i FilterText.obj
 0001:00000860       ?size@?$vector@VRegexp@@V?$allocator@VRegexp@@@std@@@std@@QBEIXZ 10001860 f i FilterText.obj
 0001:00000890       ?_Destroy@?$vector@VRegexp@@V?$allocator@VRegexp@@@std@@@std@@IAEXPAVRegexp@@0@Z 10001890 f i FilterText.obj
 0001:000008c0       ?insert@?$vector@VRegexp@@V?$allocator@VRegexp@@@std@@@std@@QAEXPAVRegexp@@IABV3@@Z 100018c0 f i FilterText.obj
 0001:00000ba0       ?_Ucopy@?$vector@VRegexp@@V?$allocator@VRegexp@@@std@@@std@@IAEPAVRegexp@@PBV3@0PAV3@@Z 10001ba0 f i FilterText.obj
 0001:00000be0       ?_Ufill@?$vector@VRegexp@@V?$allocator@VRegexp@@@std@@@std@@IAEXPAVRegexp@@IABV3@@Z 10001be0 f i FilterText.obj
 0001:00000c10       ?fill@std@@YAXPAVRegexp@@0ABV2@@Z 10001c10 f i FilterText.obj
 0001:00000c40       ?copy_backward@std@@YAPAVRegexp@@PAV2@00@Z 10001c40 f i FilterText.obj
 0001:00000c80       ?_Construct@std@@YAXPAVRegexp@@ABV2@@Z 10001c80 f i FilterText.obj
 0001:00000cd0       ??3@YAXPAX0@Z              10001cd0 f i FilterText.obj
 0001:00000ce0       ?regerror@CRegErrorHandler@@IBEXPBD@Z 10001ce0 f   Regexp.obj
 0001:00000d90       ?regerror@CRegErrorHandler@@IBEXH@Z 10001d90 f   Regexp.obj
 0001:00000db0       ?GetErrorString@CRegErrorHandler@@QBEABV?$basic_string@DU?$char_traits@D@std@@V?$allocator@D@2@@std@@XZ 10001db0 f   Regexp.obj
 0001:00000dc0       ?ClearErrorString@CRegErrorHandler@@IBEXXZ 10001dc0 f   Regexp.obj
 0001:00000e70       ?FindErr@CRegErrorHandler@@CAPBDH@Z 10001e70 f   Regexp.obj
 0001:00000ea0       ?regnode@CRegCompiler@@MAEPADH@Z 10001ea0 f   Regexp.obj
 0001:00000ec0       ?reginsert@CRegCompiler@@MAEXDPAD@Z 10001ec0 f   Regexp.obj
 0001:00000f00       ?regtail@CRegCompiler@@MAEXPAD0@Z 10001f00 f   Regexp.obj
 0001:00000f50       ?regoptail@CRegCompiler@@MAEXPAD0@Z 10001f50 f   Regexp.obj
 0001:00000f70       ??0CRegCompilerBase@@QAE@PBD@Z 10001f70 f   Regexp.obj
 0001:00000fa0       ??0CRegValidator@@QAE@PBD@Z 10001fa0 f   Regexp.obj
 0001:00000fd0       ?regnode@CRegValidator@@MAEPADH@Z 10001fd0 f i Regexp.obj
 0001:00000fe0       ?regc@CRegValidator@@MAEXH@Z 10001fe0 f i Regexp.obj
 0001:00000ff0       ?reginsert@CRegValidator@@MAEXDPAD@Z 10001ff0 f i Regexp.obj
 0001:00001000       ?regtail@CRegValidator@@MAEXPAD0@Z 10002000 f i Regexp.obj
 0001:00001010       ?regoptail@CRegValidator@@MAEXPAD0@Z 10002010 f i Regexp.obj
 0001:00001020       ??0CRegCompiler@@QAE@PBDPAD@Z 10002020 f   Regexp.obj
 0001:00001050       ?regc@CRegCompiler@@MAEXH@Z 10002050 f i Regexp.obj
 0001:00001070       ??0regexp@@QAE@PBDH@Z      10002070 f   Regexp.obj
 0001:00001130       ??1CRegProgramAccessor@@QAE@XZ 10002130 f i Regexp.obj
 0001:00001170       ??0regexp@@QAE@ABV0@@Z     10002170 f   Regexp.obj
 0001:00001250       ??1regexp@@QAE@XZ          10002250 f   Regexp.obj
 0001:000012a0       ?regcomp@regexp@@QAE_NPBD@Z 100022a0 f   Regexp.obj
 0001:00001510       ??1CRegValidator@@QAE@XZ   10002510 f i Regexp.obj
 0001:00001560       ??1CRegCompiler@@QAE@XZ    10002560 f i Regexp.obj
 0001:000015b0       ?getCopy@regexp@@QAEPAV1@XZ 100025b0 f   Regexp.obj
 0001:00001610       ?reg@CRegCompilerBase@@QAEPADHPAH@Z 10002610 f   Regexp.obj
 0001:000017a0       ?regbranch@CRegCompilerBase@@IAEPADPAH@Z 100027a0 f   Regexp.obj
 0001:00001840       ?regpiece@CRegCompilerBase@@IAEPADPAH@Z 10002840 f   Regexp.obj
 0001:00001a00       ?regatom@CRegCompilerBase@@IAEPADPAH@Z 10002a00 f   Regexp.obj
 0001:00001df0       ??0CRegExecutor@@QAE@PAVregexp@@PAD@Z 10002df0 f   Regexp.obj
 0001:00001e20       ?regexec@regexp@@QAE_NPBD@Z 10002e20 f   Regexp.obj
 0001:00001ff0       ??1CRegExecutor@@QAE@XZ    10002ff0 f i Regexp.obj
 0001:00002030       ?regtry@CRegExecutor@@IAE_NPAD@Z 10003030 f   Regexp.obj
 0001:00002090       ?regmatch@CRegExecutor@@IAE_NPAD@Z 10003090 f   Regexp.obj
 0001:000023e0       ?regrepeat@CRegExecutor@@IAEIPAD@Z 100033e0 f   Regexp.obj
 0001:00002470       ??0Regexp@@QAE@XZ          10003470 f   Regexp.obj
 0001:00002490       ??0Regexp@@QAE@PBDH@Z      10003490 f   Regexp.obj
 0001:00002510       ??0Regexp@@QAE@ABV0@@Z     10003510 f   Regexp.obj
 0001:00002660       ??4Regexp@@QAEABV0@ABV0@@Z 10003660 f   Regexp.obj
 0001:00002800       ??1Regexp@@QAE@XZ          10003800 f   Regexp.obj
 0001:00002870       ?Match@Regexp@@QAE_NPBD@Z  10003870 f   Regexp.obj
 0001:00002990       ?GetReplaceString@Regexp@@QBE?AV?$basic_string@DU?$char_traits@D@std@@V?$allocator@D@2@@std@@PBD@Z 10003990 f   Regexp.obj
 0001:00002ad0       ?SubStrings@Regexp@@QBEHXZ 10003ad0 f   Regexp.obj
 0001:00002ba0       ?SubStart@Regexp@@QBEHI@Z  10003ba0 f   Regexp.obj
 0001:00002c90       ?SubLength@Regexp@@QBEHI@Z 10003c90 f   Regexp.obj
 0001:00002d80       ?CompiledOK@Regexp@@QBE_NXZ 10003d80 f   Regexp.obj
 0001:00002d90       ?safeIndex@Regexp@@ABEHI@Z 10003d90 f   Regexp.obj
 0001:00002db0       ??ARegexp@@QBE?BV?$basic_string@DU?$char_traits@D@std@@V?$allocator@D@2@@std@@I@Z 10003db0 f   Regexp.obj
 0001:00002f20       ?ignoreCase@regexp@@QAEXPBDPAD@Z 10003f20 f   Regexp.obj
 0001:00002fb0       ?GetReplaceString@regexp@@QBE?AV?$basic_string@DU?$char_traits@D@std@@V?$allocator@D@2@@std@@PBD@Z 10003fb0 f   Regexp.obj
 0001:00003360       ?GetErrorString@Regexp@@QBE?AV?$basic_string@DU?$char_traits@D@std@@V?$allocator@D@2@@std@@XZ 10004360 f   Regexp.obj
 0001:000034b0       ?ClearErrorString@Regexp@@ABEXXZ 100044b0 f   Regexp.obj
 0001:00003570       ??3@YAXPAX@Z               10004570 f   msvcprt:delop_s.obj
 0001:0000357c       ?_Copy@?$basic_string@DU?$char_traits@D@std@@V?$allocator@D@2@@std@@AAEXI@Z 1000457c f   msvcprt:MSVCP60.dll
 0001:00003582       ?_Tidy@?$basic_string@DU?$char_traits@D@std@@V?$allocator@D@2@@std@@AAEX_N@Z 10004582 f   msvcprt:MSVCP60.dll
 0001:00003588       ?_Xlen@std@@YAXXZ          10004588 f   msvcprt:MSVCP60.dll
 0001:0000358e       ?_Eos@?$basic_string@DU?$char_traits@D@std@@V?$allocator@D@2@@std@@AAEXI@Z 1000458e f   msvcprt:MSVCP60.dll
 0001:00003594       ?_Grow@?$basic_string@DU?$char_traits@D@std@@V?$allocator@D@2@@std@@AAE_NI_N@Z 10004594 f   msvcprt:MSVCP60.dll
 0001:0000359a       ??1?$basic_string@DU?$char_traits@D@std@@V?$allocator@D@2@@std@@QAE@XZ 1000459a f   msvcprt:MSVCP60.dll
 0001:000035a0       ?_Split@?$basic_string@DU?$char_traits@D@std@@V?$allocator@D@2@@std@@AAEXXZ 100045a0 f   msvcprt:MSVCP60.dll
 0001:000035a6       ?_Xran@std@@YAXXZ          100045a6 f   msvcprt:MSVCP60.dll
 0001:000035ac       ?assign@?$basic_string@DU?$char_traits@D@std@@V?$allocator@D@2@@std@@QAEAAV12@ABV12@II@Z 100045ac f   msvcprt:MSVCP60.dll
 0001:000035b2       ??2@YAPAXI@Z               100045b2 f   MSVCRT:MSVCRT.dll
 0001:000035b8       __ismbcalpha               100045b8 f   MSVCRT:MSVCRT.dll
 0001:000035be       ___CxxFrameHandler         100045be f   MSVCRT:MSVCRT.dll
 0001:000035d0       __purecall                 100045d0 f   MSVCRT:MSVCRT.dll
 0001:000035d6       ??_L@YGXPAXIHP6EX0@Z1@Z    100045d6 f   MSVCRT:ehvecctr.obj
 0001:00003658       ??_M@YGXPAXIHP6EX0@Z@Z     10004658 f   MSVCRT:ehvecdtr.obj
 0001:000036d8       ?__ArrayUnwind@@YGXPAXIHP6EX0@Z@Z 100046d8 f   MSVCRT:ehvecdtr.obj
 0001:0000374c       _memmove                   1000474c f   MSVCRT:MSVCRT.dll
 0001:00003752       __mbschr                   10004752 f   MSVCRT:MSVCRT.dll
 0001:00003758       __mbsstr                   10004758 f   MSVCRT:MSVCRT.dll
 0001:0000375e       __mbsnbcmp                 1000475e f   MSVCRT:MSVCRT.dll
 0001:00003764       _isalnum                   10004764 f   MSVCRT:MSVCRT.dll
 0001:0000376a       __mbscspn                  1000476a f   MSVCRT:MSVCRT.dll
 0001:00003770       __mbsspn                   10004770 f   MSVCRT:MSVCRT.dll
 0001:00003780       __alloca_probe             10004780 f   MSVCRT:chkstk.obj
 0001:00003780       __chkstk                   10004780 f   MSVCRT:chkstk.obj
 0001:000037b0       _tolower                   100047b0 f   MSVCRT:MSVCRT.dll
 0001:000037b6       _isalpha                   100047b6 f   MSVCRT:MSVCRT.dll
 0001:000037bc       _toupper                   100047bc f   MSVCRT:MSVCRT.dll
 0001:000037c2       __mbsnbcpy                 100047c2 f   MSVCRT:MSVCRT.dll
 0001:000037c8       _isdigit                   100047c8 f   MSVCRT:MSVCRT.dll
 0001:000037ce       __CRT_INIT@12              100047ce f   MSVCRT:crtdll.obj
 0001:00003879       __DllMainCRTStartup@12     10004879 f   MSVCRT:crtdll.obj
 0001:00003916       _free                      10004916 f   MSVCRT:MSVCRT.dll
 0001:0000391c       __except_handler3          1000491c f   MSVCRT:MSVCRT.dll
 0001:00003922       ?terminate@@YAXXZ          10004922 f   MSVCRT:MSVCRT.dll
 0001:00003928       __initterm                 10004928 f   MSVCRT:MSVCRT.dll
 0001:0000392e       __onexit                   1000492e f   MSVCRT:atonexit.obj
 0001:0000395a       _atexit                    1000495a f   MSVCRT:atonexit.obj
 0001:0000396c       _malloc                    1000496c f   MSVCRT:MSVCRT.dll
 0001:00003972       _DllMain@12                10004972 f   MSVCRT:dllmain.obj
 0001:00003992       ___dllonexit               10004992 f   MSVCRT:MSVCRT.dll
 0001:00003998       _DisableThreadLibraryCalls@4 10004998 f   kernel32:KERNEL32.dll
 0002:00000000       __imp__DisableThreadLibraryCalls@4 10005000     kernel32:KERNEL32.dll
 0002:00000004       \177KERNEL32_NULL_THUNK_DATA 10005004     kernel32:KERNEL32.dll
 0002:00000008       __imp_?_Xlen@std@@YAXXZ    10005008     msvcprt:MSVCP60.dll
 0002:0000000c       __imp_?_Eos@?$basic_string@DU?$char_traits@D@std@@V?$allocator@D@2@@std@@AAEXI@Z 1000500c     msvcprt:MSVCP60.dll
 0002:00000010       __imp_?_Grow@?$basic_string@DU?$char_traits@D@std@@V?$allocator@D@2@@std@@AAE_NI_N@Z 10005010     msvcprt:MSVCP60.dll
 0002:00000014       __imp_?npos@?$basic_string@DU?$char_traits@D@std@@V?$allocator@D@2@@std@@2IB 10005014     msvcprt:MSVCP60.dll
 0002:00000018       __imp_?_Tidy@?$basic_string@DU?$char_traits@D@std@@V?$allocator@D@2@@std@@AAEX_N@Z 10005018     msvcprt:MSVCP60.dll
 0002:0000001c       __imp_?_C@?1??_Nullstr@?$basic_string@DU?$char_traits@D@std@@V?$allocator@D@2@@std@@CAPBDXZ@4DB 1000501c     msvcprt:MSVCP60.dll
 0002:00000020       __imp_?_Split@?$basic_string@DU?$char_traits@D@std@@V?$allocator@D@2@@std@@AAEXXZ 10005020     msvcprt:MSVCP60.dll
 0002:00000024       __imp_?_Xran@std@@YAXXZ    10005024     msvcprt:MSVCP60.dll
 0002:00000028       __imp_?assign@?$basic_string@DU?$char_traits@D@std@@V?$allocator@D@2@@std@@QAEAAV12@ABV12@II@Z 10005028     msvcprt:MSVCP60.dll
 0002:0000002c       __imp_??1?$basic_string@DU?$char_traits@D@std@@V?$allocator@D@2@@std@@QAE@XZ 1000502c     msvcprt:MSVCP60.dll
 0002:00000030       __imp_?_Copy@?$basic_string@DU?$char_traits@D@std@@V?$allocator@D@2@@std@@AAEXI@Z 10005030     msvcprt:MSVCP60.dll
 0002:00000034       \177MSVCP60_NULL_THUNK_DATA 10005034     msvcprt:MSVCP60.dll
 0002:00000038       __imp____CxxFrameHandler   10005038     MSVCRT:MSVCRT.dll
 0002:0000003c       __imp___purecall           1000503c     MSVCRT:MSVCRT.dll
 0002:00000040       __imp__memmove             10005040     MSVCRT:MSVCRT.dll
 0002:00000044       __imp___mbschr             10005044     MSVCRT:MSVCRT.dll
 0002:00000048       __imp___mbsstr             10005048     MSVCRT:MSVCRT.dll
 0002:0000004c       __imp___ismbcalpha         1000504c     MSVCRT:MSVCRT.dll
 0002:00000050       __imp__isalnum             10005050     MSVCRT:MSVCRT.dll
 0002:00000054       __imp___mbscspn            10005054     MSVCRT:MSVCRT.dll
 0002:00000058       __imp___mbsspn             10005058     MSVCRT:MSVCRT.dll
 0002:0000005c       __imp__tolower             1000505c     MSVCRT:MSVCRT.dll
 0002:00000060       __imp__isalpha             10005060     MSVCRT:MSVCRT.dll
 0002:00000064       __imp__toupper             10005064     MSVCRT:MSVCRT.dll
 0002:00000068       __imp___mbsnbcpy           10005068     MSVCRT:MSVCRT.dll
 0002:0000006c       __imp__isdigit             1000506c     MSVCRT:MSVCRT.dll
 0002:00000070       __imp__free                10005070     MSVCRT:MSVCRT.dll
 0002:00000074       __imp___except_handler3    10005074     MSVCRT:MSVCRT.dll
 0002:00000078       __imp_?terminate@@YAXXZ    10005078     MSVCRT:MSVCRT.dll
 0002:0000007c       __imp___initterm           1000507c     MSVCRT:MSVCRT.dll
 0002:00000080       __imp__malloc              10005080     MSVCRT:MSVCRT.dll
 0002:00000084       __imp___adjust_fdiv        10005084     MSVCRT:MSVCRT.dll
 0002:00000088       __imp____dllonexit         10005088     MSVCRT:MSVCRT.dll
 0002:0000008c       __imp___onexit             1000508c     MSVCRT:MSVCRT.dll
 0002:00000090       __imp_??2@YAPAXI@Z         10005090     MSVCRT:MSVCRT.dll
 0002:00000094       __imp___mbsnbcmp           10005094     MSVCRT:MSVCRT.dll
 0002:00000098       \177MSVCRT_NULL_THUNK_DATA 10005098     MSVCRT:MSVCRT.dll
 0002:000000bc       ??_7CTextFilter@@6B@       100050bc     FilterText.obj
 0002:000000d4       ??_7ITextFilter@@6B@       100050d4     FilterText.obj
 0002:000000ec       ??_7CRegCompilerBase@@6B@  100050ec     Regexp.obj
 0002:00000100       ??_7CRegValidator@@6B@     10005100     Regexp.obj
 0002:00000114       ??_7CRegCompiler@@6B@      10005114     Regexp.obj
 0002:00000410       __IMPORT_DESCRIPTOR_MSVCP60 10005410     msvcprt:MSVCP60.dll
 0002:00000424       __IMPORT_DESCRIPTOR_MSVCRT 10005424     MSVCRT:MSVCRT.dll
 0002:00000438       __IMPORT_DESCRIPTOR_KERNEL32 10005438     kernel32:KERNEL32.dll
 0002:0000044c       __NULL_IMPORT_DESCRIPTOR   1000544c     msvcprt:MSVCP60.dll
 0003:00000000       ___xc_a                    10006000     MSVCRT:cinitexe.obj
 0003:00000004       ___xc_z                    10006004     MSVCRT:cinitexe.obj
 0003:00000008       ___xi_a                    10006008     MSVCRT:cinitexe.obj
 0003:0000000c       ___xi_z                    1000600c     MSVCRT:cinitexe.obj
 0003:00000010       ?errors@@3PAUregErr@@A     10006010     Regexp.obj
 0003:000000d8       ??_C@_0O@NOFB@Unknown?5error?$AA@ 100060d8     Regexp.obj
 0003:000000e8       ??_C@_0M@KCHH@NULL?5regexp?$AA@ 100060e8     Regexp.obj
 0003:000000f4       ??_C@_0BK@BPJE@internal?5error?3?5strcspn?50?$AA@ 100060f4     Regexp.obj
 0003:00000110       ??_C@_0L@FIJ@trailing?5?2?$AA@ 10006110     Regexp.obj
 0003:0000011c       ??_C@_0BE@LCBL@?$DP?$CL?$CK?5follows?5nothing?$AA@ 1000611c     Regexp.obj
 0003:00000130       ??_C@_0CA@PHPB@internal?5error?3?5?20?$HM?$CJ?5unexpected?$AA@ 10006130     Regexp.obj
 0003:00000150       ??_C@_0N@ODC@unmatched?5?$FL?$FN?$AA@ 10006150     Regexp.obj
 0003:00000160       ??_C@_0BB@BPGK@invalid?5?$FL?$FN?5range?$AA@ 10006160     Regexp.obj
 0003:00000174       ??_C@_0L@OKEN@nested?5?$CK?$DP?$CL?$AA@ 10006174     Regexp.obj
 0003:00000180       ??_C@_0BK@OENN@?$CK?$CL?5operand?5could?5be?5empty?$AA@ 10006180     Regexp.obj
 0003:0000019c       ??_C@_0BM@OKCI@internal?5error?3?5junk?5on?5end?$AA@ 1000619c     Regexp.obj
 0003:000001b8       ??_C@_0N@NEJP@unmatched?5?$CI?$CJ?$AA@ 100061b8     Regexp.obj
 0003:000001c8       ??_C@_0BA@HCN@unterminated?5?$CI?$CJ?$AA@ 100061c8     Regexp.obj
 0003:000001d8       ??_C@_0M@JCAE@too?5many?5?$CI?$CJ?$AA@ 100061d8     Regexp.obj
 0003:000001e4       ??_C@_0P@FLPN@regexp?5too?5big?$AA@ 100061e4     Regexp.obj
 0003:000001f4       ??_C@_0BJ@EOEN@NULL?5argument?5to?5regcomp?$AA@ 100061f4     Regexp.obj
 0003:00000210       ??_C@_0BF@KGCJ@damaged?5match?5string?$AA@ 10006210     Regexp.obj
 0003:00000228       ??_C@_0BN@JMBG@damaged?5regexp?5fed?5to?5regsub?$AA@ 10006228     Regexp.obj
 0003:00000248       ??_C@_0BE@NJJK@NULL?5parm?5to?5regsub?$AA@ 10006248     Regexp.obj
 0003:0000025c       ??_C@_0BB@JFCK@corrupted?5opcode?$AA@ 1000625c     Regexp.obj
 0003:00000270       ??_C@_0CG@LCPC@internal?5error?3?5bad?5call?5of?5regr@ 10006270     Regexp.obj
 0003:00000298       ??_C@_0BD@HEBG@corrupted?5pointers?$AA@ 10006298     Regexp.obj
 0003:000002ac       ??_C@_0BC@KCEE@regexp?5corruption?$AA@ 100062ac     Regexp.obj
 0003:000002c0       ??_C@_0BB@ONA@corrupted?5regexp?$AA@ 100062c0     Regexp.obj
 0003:000002d4       ??_C@_0BJ@ONDH@NULL?5argument?5to?5regexec?$AA@ 100062d4     Regexp.obj
 0003:000002f0       ??_C@_00A@?$AA@            100062f0     Regexp.obj
 0003:000002f8       __adjust_fdiv              100062f8     <common>
 0003:000002fc       ___onexitend               100062fc     <common>
 0003:00000300       ___onexitbegin             10006300     <common>
 0003:00000304       __pRawDllMain              10006304     <common>

 entry point at        0001:00003879

 Static symbols

 0001:00003736       ?ArrayUnwindFilter@@YAHPAU_EXCEPTION_POINTERS@@@Z 10004736 f   MSVCRT:ehvecdtr.obj
